npm warn Unknown cli config "--run". This will stop working in the next major version of npm.

> dronego-backend@1.0.0 test
> vitest


[7m[1m[34m DEV [39m[22m[27m [34mv1.6.1[39m [90mC:/Users/miked/Downloads/DroneGo/backend[39m

[90mstdout[2m | tests/unit/services/geospatial-service.test.ts[2m > [22m[2mGeospatialService - SAFETY CRITICAL[22m[39m
2026-02-18 22:05:49 [[32minfo[39m]: [32mDatabase connection pool initialized[39m
{
  "host": "localhost",
  "database": "dronego",
  "maxConnections": 20,
  "level": "\u001b[32minfo\u001b[39m",
  "message": "\u001b[32mDatabase connection pool initialized\u001b[39m",
  "timestamp": "2026-02-18 22:05:49"
}

[90mstdout[2m | tests/unit/services/location-service.test.ts[2m > [22m[2mLocationService - SAFETY CRITICAL[22m[39m
2026-02-18 22:05:49 [[32minfo[39m]: [32mDatabase connection pool initialized[39m
{
  "host": "localhost",
  "database": "dronego",
  "maxConnections": 20,
  "level": "\u001b[32minfo\u001b[39m",
  "message": "\u001b[32mDatabase connection pool initialized\u001b[39m",
  "timestamp": "2026-02-18 22:05:49"
}

 [33mÔØ»[39m tests/unit/services/geospatial-service.test.ts [2m ([22m[2m23 tests[22m[2m)[22m[90m 31[2mms[22m[39m
 [33mÔØ»[39m tests/unit/services/location-service.test.ts [2m ([22m[2m16 tests[22m[2m)[22m[90m 32[2mms[22m[39m
[90mstdout[2m | unknown test[22m[39m
2026-02-18 22:05:49 [[32minfo[39m]: [32mDatabase connection pool initialized[39m
{
  "host": "localhost",
  "database": "dronego",
  "maxConnections": 20,
  "level": "\u001b[32minfo\u001b[39m",
  "message": "\u001b[32mDatabase connection pool initialized\u001b[39m",
  "timestamp": "2026-02-18 22:05:49"
}

[90mstdout[2m | unknown test[22m[39m
2026-02-18 22:05:49 [[32minfo[39m]: [32mDatabase connection pool initialized[39m
{
  "host": "localhost",
  "database": "dronego",
  "maxConnections": 20,
  "level": "\u001b[32minfo\u001b[39m",
  "message": "\u001b[32mDatabase connection pool initialized\u001b[39m",
  "timestamp": "2026-02-18 22:05:49"
}

 [33mÔØ»[39m tests/contract/zones.test.ts [2m ([22m[2m14 tests[22m[2m)[22m[90m 59[2mms[22m[39m
 [33mÔØ»[39m tests/contract/location.test.ts [2m ([22m[2m14 tests[22m[2m)[22m[90m 43[2mms[22m[39m
[90mstdout[2m | tests/unit/models/RestrictionZone.test.ts[2m > [22m[2mRestrictionZone Model[22m[39m
2026-02-18 22:05:49 [[32minfo[39m]: [32mDatabase connection pool initialized[39m
{
  "host": "localhost",
  "database": "dronego",
  "maxConnections": 20,
  "level": "\u001b[32minfo\u001b[39m",
  "message": "\u001b[32mDatabase connection pool initialized\u001b[39m",
  "timestamp": "2026-02-18 22:05:49"
}

[90mstdout[2m | tests/unit/models/DataSource.test.ts[2m > [22m[2mDataSource Model[22m[39m
2026-02-18 22:05:49 [[32minfo[39m]: [32mDatabase connection pool initialized[39m
{
  "host": "localhost",
  "database": "dronego",
  "maxConnections": 20,
  "level": "\u001b[32minfo\u001b[39m",
  "message": "\u001b[32mDatabase connection pool initialized\u001b[39m",
  "timestamp": "2026-02-18 22:05:49"
}

[90mstdout[2m | tests/unit/models/DataSource.test.ts[2m > [22m[2mDataSource Model[2m > [22m[2mCRUD Operations[2m > [22m[2mshould create a new data source[22m[39m
2026-02-18 22:05:49 [[32minfo[39m]: [32mCreated data_sources record[39m
{
  "id": "ff6c4cd9-9c03-49f9-95ea-af646ab992b1",
  "level": "\u001b[32minfo\u001b[39m",
  "message": "\u001b[32mCreated data_sources record\u001b[39m",
  "timestamp": "2026-02-18 22:05:49"
}

[90mstdout[2m | tests/unit/models/DataSource.test.ts[2m > [22m[2mDataSource Model[2m > [22m[2mCRUD Operations[2m > [22m[2mshould delete a data source[22m[39m
2026-02-18 22:05:49 [[32minfo[39m]: [32mDeleted data_sources record[39m
{
  "id": "ff6c4cd9-9c03-49f9-95ea-af646ab992b1",
  "deleted": 1,
  "level": "\u001b[32minfo\u001b[39m",
  "message": "\u001b[32mDeleted data_sources record\u001b[39m",
  "timestamp": "2026-02-18 22:05:49"
}

[90mstdout[2m | tests/unit/models/RestrictionZone.test.ts[2m > [22m[2mRestrictionZone Model[2m > [22m[2mCRUD Operations[2m > [22m[2mshould delete a restriction zone[22m[39m
2026-02-18 22:05:49 [[32minfo[39m]: [32mDeleted restriction_zones record[39m
{
  "deleted": 0,
  "level": "\u001b[32minfo\u001b[39m",
  "message": "\u001b[32mDeleted restriction_zones record\u001b[39m",
  "timestamp": "2026-02-18 22:05:49"
}

[90mstdout[2m | tests/unit/models/DataSource.test.ts[2m > [22m[2mDataSource Model[2m > [22m[2mData Validation[2m > [22m[2mshould enforce unique authority_name[22m[39m
2026-02-18 22:05:49 [[32minfo[39m]: [32mCreated data_sources record[39m
{
  "id": "732989fa-07f3-4a58-8952-9f51e3c72adc",
  "level": "\u001b[32minfo\u001b[39m",
  "message": "\u001b[32mCreated data_sources record\u001b[39m",
  "timestamp": "2026-02-18 22:05:49"
}

[90mstdout[2m | tests/unit/models/DataSource.test.ts[2m > [22m[2mDataSource Model[2m > [22m[2mData Validation[2m > [22m[2mshould require primary fields[22m[39m
2026-02-18 22:05:49 [[32minfo[39m]: [32mCreated data_sources record[39m
{
  "id": "691c5d37-99a2-4b03-90ab-713c793a2164",
  "level": "\u001b[32minfo\u001b[39m",
  "message": "\u001b[32mCreated data_sources record\u001b[39m",
  "timestamp": "2026-02-18 22:05:49"
}

 [33mÔØ»[39m tests/unit/models/DataSource.test.ts [2m ([22m[2m24 tests[22m [2m|[22m [31m9 failed[39m[2m)[22m[90m 139[2mms[22m[39m
[31m   [33mÔØ»[31m tests/unit/models/DataSource.test.ts[2m > [22mDataSource Model[2m > [22mCRUD Operations[2m > [22mshould update a data source[39m
[31m     ÔåÆ column "last_updated" of relation "data_sources" does not exist[39m
[31m   [33mÔØ»[31m tests/unit/models/DataSource.test.ts[2m > [22mDataSource Model[2m > [22mData Validation[2m > [22mshould enforce unique authority_name[39m
[31m     ÔåÆ promise resolved "{ ÔÇª(11) }" instead of rejecting[39m
[31m   [33mÔØ»[31m tests/unit/models/DataSource.test.ts[2m > [22mDataSource Model[2m > [22mData Validation[2m > [22mshould require primary fields[39m
[31m     ÔåÆ promise resolved "{ ÔÇª(11) }" instead of rejecting[39m
[31m   [33mÔØ»[31m tests/unit/models/DataSource.test.ts[2m > [22mDataSource Model[2m > [22mQuery Methods[2m > [22mshould find stale data sources (not synced recently)[39m
[31m     ÔåÆ invalid input syntax for type uuid: ""[39m
[31m   [33mÔØ»[31m tests/unit/models/DataSource.test.ts[2m > [22mDataSource Model[2m > [22mQuery Methods[2m > [22mshould get all pre-seeded sources[39m
[31m     ÔåÆ expected [ 'NATS', 'DfT', 'NATS AIS', ÔÇª(9) ] to include 'UK NOTAM Service'[39m
[31m   [33mÔØ»[31m tests/unit/models/DataSource.test.ts[2m > [22mDataSource Model[2m > [22mSync Timestamp Operations[2m > [22mshould update last_sync_timestamp[39m
[31m     ÔåÆ column "last_updated" of relation "data_sources" does not exist[39m
[31m   [33mÔØ»[31m tests/unit/models/DataSource.test.ts[2m > [22mDataSource Model[2m > [22mSync Timestamp Operations[2m > [22mshould get time since last sync[39m
[31m     ÔåÆ invalid input syntax for type uuid: ""[39m
[31m   [33mÔØ»[31m tests/unit/models/DataSource.test.ts[2m > [22mDataSource Model[2m > [22mBusiness Logic[2m > [22mshould have correct data types for CAA[39m
[31m     ÔåÆ expected [ 'test' ] to include 'geographic_zones'[39m
[31m   [33mÔØ»[31m tests/unit/models/DataSource.test.ts[2m > [22mDataSource Model[2m > [22mBusiness Logic[2m > [22mshould have appropriate sync frequency[39m
[31m     ÔåÆ expected 'object' to be 'string' // Object.is equality[39m
 [33mÔØ»[39m tests/unit/models/RestrictionZone.test.ts [2m ([22m[2m21 tests[22m [2m|[22m [31m4 failed[39m[2m)[22m[90m 184[2mms[22m[39m
[31m   [33mÔØ»[31m tests/unit/models/RestrictionZone.test.ts[2m > [22mRestrictionZone Model[2m > [22mCRUD Operations[2m > [22mshould create a new restriction zone[39m
[31m     ÔåÆ Geometry type (Polygon) does not match column type (MultiPolygon)[39m
[31m   [33mÔØ»[31m tests/unit/models/RestrictionZone.test.ts[2m > [22mRestrictionZone Model[2m > [22mCRUD Operations[2m > [22mshould find restriction zone by ID[39m
[31m     ÔåÆ expected undefined to be 'no-fly' // Object.is equality[39m
[31m   [33mÔØ»[31m tests/unit/models/RestrictionZone.test.ts[2m > [22mRestrictionZone Model[2m > [22mCRUD Operations[2m > [22mshould update a restriction zone[39m
[31m     ÔåÆ expected undefined to be 'Updated test description' // Object.is equality[39m
[31m   [33mÔØ»[31m tests/unit/models/RestrictionZone.test.ts[2m > [22mRestrictionZone Model[2m > [22mCRUD Operations[2m > [22mshould delete a restriction zone[39m
[31m     ÔåÆ expected false to be true // Object.is equality[39m

ÔÄ»ÔÄ»ÔÄ»ÔÄ»ÔÄ»ÔÄ» Failed Suites 4 ÔÄ»ÔÄ»ÔÄ»ÔÄ»ÔÄ»ÔÄ»ÔÄ»

 FAIL  tests/contract/location.test.ts > GET /location/check - HTTP Contract
error: column "data_type" of relation "data_sources" does not exist
 ÔØ» node_modules/pg-pool/index.js:45:11
 ÔØ» tests/contract/location.test.ts:40:23
     38| 
     39|     // Create test data sources
     40|     const caaResult = await pool.query(
       |                       ^
     41|       `INSERT INTO data_sources (authority_name, data_type, confidenceÔÇª
     42|        VALUES ('CAA', 'geographic_zones', 'primary-authority')

ÔÄ»ÔÄ»ÔÄ»ÔÄ»ÔÄ»ÔÄ»ÔÄ»ÔÄ»ÔÄ»ÔÄ»ÔÄ»ÔÄ»ÔÄ»ÔÄ»ÔÄ»ÔÄ»ÔÄ»ÔÄ»ÔÄ»ÔÄ»ÔÄ»ÔÄ»ÔÄ»ÔÄ»ÔÄ»ÔÄ»ÔÄ»ÔÄ»ÔÄ»ÔÄ»
Serialized Error: { length: 134, severity: 'ERROR', code: '42703', detail: undefined, hint: undefined, position: '43', internalPosition: undefined, internalQuery: undefined, where: undefined, schema: undefined, table: undefined, column: undefined, dataType: undefined, constraint: undefined, file: 'parse_target.c', line: '1061', routine: 'checkInsertTargets' }
ÔÄ»ÔÄ»ÔÄ»ÔÄ»ÔÄ»ÔÄ»ÔÄ»ÔÄ»ÔÄ»ÔÄ»ÔÄ»ÔÄ»ÔÄ»ÔÄ»ÔÄ»ÔÄ»ÔÄ»ÔÄ»ÔÄ»ÔÄ»ÔÄ»ÔÄ»ÔÄ»[1/17]ÔÄ»

 FAIL  tests/contract/zones.test.ts > GET /zones - HTTP Contract
error: column "data_type" of relation "data_sources" does not exist
 ÔØ» node_modules/pg-pool/index.js:45:11
 ÔØ» tests/contract/zones.test.ts:37:23
     35| 
     36|     // Create test data sources
     37|     const caaResult = await pool.query(
       |                       ^
     38|       `INSERT INTO data_sources (authority_name, data_type, confidenceÔÇª
     39|        VALUES ('CAA', 'geographic_zones', 'primary-authority')

ÔÄ»ÔÄ»ÔÄ»ÔÄ»ÔÄ»ÔÄ»ÔÄ»ÔÄ»ÔÄ»ÔÄ»ÔÄ»ÔÄ»ÔÄ»ÔÄ»ÔÄ»ÔÄ»ÔÄ»ÔÄ»ÔÄ»ÔÄ»ÔÄ»ÔÄ»ÔÄ»ÔÄ»ÔÄ»ÔÄ»ÔÄ»ÔÄ»ÔÄ»ÔÄ»
Serialized Error: { length: 134, severity: 'ERROR', code: '42703', detail: undefined, hint: undefined, position: '43', internalPosition: undefined, internalQuery: undefined, where: undefined, schema: undefined, table: undefined, column: undefined, dataType: undefined, constraint: undefined, file: 'parse_target.c', line: '1061', routine: 'checkInsertTargets' }
ÔÄ»ÔÄ»ÔÄ»ÔÄ»ÔÄ»ÔÄ»ÔÄ»ÔÄ»ÔÄ»ÔÄ»ÔÄ»ÔÄ»ÔÄ»ÔÄ»ÔÄ»ÔÄ»ÔÄ»ÔÄ»ÔÄ»ÔÄ»ÔÄ»ÔÄ»ÔÄ»[2/17]ÔÄ»

 FAIL  tests/unit/services/geospatial-service.test.ts > GeospatialService - SAFETY CRITICAL
error: column "data_type" of relation "data_sources" does not exist
 ÔØ» node_modules/pg-pool/index.js:45:11
 ÔØ» tests/unit/services/geospatial-service.test.ts:35:23
     33|     
     34|     // Create test data sources for restriction zones
     35|     const caaResult = await pool.query(
       |                       ^
     36|       `INSERT INTO data_sources (authority_name, data_type, confidenceÔÇª
     37|        VALUES ('CAA', 'geographic_zones', 'primary-authority')

ÔÄ»ÔÄ»ÔÄ»ÔÄ»ÔÄ»ÔÄ»ÔÄ»ÔÄ»ÔÄ»ÔÄ»ÔÄ»ÔÄ»ÔÄ»ÔÄ»ÔÄ»ÔÄ»ÔÄ»ÔÄ»ÔÄ»ÔÄ»ÔÄ»ÔÄ»ÔÄ»ÔÄ»ÔÄ»ÔÄ»ÔÄ»ÔÄ»ÔÄ»ÔÄ»
Serialized Error: { length: 134, severity: 'ERROR', code: '42703', detail: undefined, hint: undefined, position: '43', internalPosition: undefined, internalQuery: undefined, where: undefined, schema: undefined, table: undefined, column: undefined, dataType: undefined, constraint: undefined, file: 'parse_target.c', line: '1061', routine: 'checkInsertTargets' }
ÔÄ»ÔÄ»ÔÄ»ÔÄ»ÔÄ»ÔÄ»ÔÄ»ÔÄ»ÔÄ»ÔÄ»ÔÄ»ÔÄ»ÔÄ»ÔÄ»ÔÄ»ÔÄ»ÔÄ»ÔÄ»ÔÄ»ÔÄ»ÔÄ»ÔÄ»ÔÄ»[3/17]ÔÄ»

 FAIL  tests/unit/services/location-service.test.ts > LocationService - SAFETY CRITICAL
error: column "data_type" of relation "data_sources" does not exist
 ÔØ» node_modules/pg-pool/index.js:45:11
 ÔØ» tests/unit/services/location-service.test.ts:43:23
     41| 
     42|     // Create test data sources
     43|     const caaResult = await pool.query(
       |                       ^
     44|       `INSERT INTO data_sources (authority_name, data_type, confidenceÔÇª
     45|        VALUES ('CAA', 'geographic_zones', 'primary-authority')

ÔÄ»ÔÄ»ÔÄ»ÔÄ»ÔÄ»ÔÄ»ÔÄ»ÔÄ»ÔÄ»ÔÄ»ÔÄ»ÔÄ»ÔÄ»ÔÄ»ÔÄ»ÔÄ»ÔÄ»ÔÄ»ÔÄ»ÔÄ»ÔÄ»ÔÄ»ÔÄ»ÔÄ»ÔÄ»ÔÄ»ÔÄ»ÔÄ»ÔÄ»ÔÄ»
Serialized Error: { length: 134, severity: 'ERROR', code: '42703', detail: undefined, hint: undefined, position: '43', internalPosition: undefined, internalQuery: undefined, where: undefined, schema: undefined, table: undefined, column: undefined, dataType: undefined, constraint: undefined, file: 'parse_target.c', line: '1061', routine: 'checkInsertTargets' }
ÔÄ»ÔÄ»ÔÄ»ÔÄ»ÔÄ»ÔÄ»ÔÄ»ÔÄ»ÔÄ»ÔÄ»ÔÄ»ÔÄ»ÔÄ»ÔÄ»ÔÄ»ÔÄ»ÔÄ»ÔÄ»ÔÄ»ÔÄ»ÔÄ»ÔÄ»ÔÄ»[4/17]ÔÄ»

ÔÄ»ÔÄ»ÔÄ»ÔÄ»ÔÄ»ÔÄ» Failed Tests 13 ÔÄ»ÔÄ»ÔÄ»ÔÄ»ÔÄ»ÔÄ»ÔÄ»

 FAIL  tests/unit/models/DataSource.test.ts > DataSource Model > CRUD Operations > should update a data source
error: column "last_updated" of relation "data_sources" does not exist
 ÔØ» node_modules/pg-pool/index.js:45:11
 ÔØ» DataSource.update src/models/BaseModel.ts:121:20
    119|     `;
    120| 
    121|     const result = await this.pool.query(query, [...values, id]);
       |                    ^
    122|     
    123|     if (result.rows.length === 0) {
 ÔØ» tests/unit/models/DataSource.test.ts:85:23

ÔÄ»ÔÄ»ÔÄ»ÔÄ»ÔÄ»ÔÄ»ÔÄ»ÔÄ»ÔÄ»ÔÄ»ÔÄ»ÔÄ»ÔÄ»ÔÄ»ÔÄ»ÔÄ»ÔÄ»ÔÄ»ÔÄ»ÔÄ»ÔÄ»ÔÄ»ÔÄ»ÔÄ»ÔÄ»ÔÄ»ÔÄ»ÔÄ»ÔÄ»ÔÄ»
Serialized Error: { length: 139, severity: 'ERROR', code: '42703', detail: undefined, hint: undefined, position: '79', internalPosition: undefined, internalQuery: undefined, where: undefined, schema: undefined, table: undefined, column: undefined, dataType: undefined, constraint: undefined, file: 'analyze.c', line: '2466', routine: 'transformUpdateTargetList' }
ÔÄ»ÔÄ»ÔÄ»ÔÄ»ÔÄ»ÔÄ»ÔÄ»ÔÄ»ÔÄ»ÔÄ»ÔÄ»ÔÄ»ÔÄ»ÔÄ»ÔÄ»ÔÄ»ÔÄ»ÔÄ»ÔÄ»ÔÄ»ÔÄ»ÔÄ»ÔÄ»[5/17]ÔÄ»

 FAIL  tests/unit/models/DataSource.test.ts > DataSource Model > Data Validation > should enforce unique authority_name
AssertionError: promise resolved "{ ÔÇª(11) }" instead of rejecting

- Expected
+ Received

- [Error: rejected promise]
+ Object {
+   "attribution": "Test",
+   "authority_name": "UK Civil Aviation Authority",
+   "contact_email": null,
+   "created_at": 2026-02-18T22:05:49.853Z,
+   "data_type_provided": Array [
+     "test",
+   ],
+   "data_url": null,
+   "last_sync_timestamp": 2026-02-18T22:05:49.853Z,
+   "license": "Test",
+   "reliability_level": "primary-authority",
+   "source_id": "732989fa-07f3-4a58-8952-9f51e3c72adc",
+   "sync_frequency": "daily",
+ }

 ÔØ» tests/unit/models/DataSource.test.ts:124:49
    122|       };
    123| 
    124|       await expect(dataSource.create(sourceData)).rejects.toThrow();
       |                                                 ^
    125|     });
    126| 

ÔÄ»ÔÄ»ÔÄ»ÔÄ»ÔÄ»ÔÄ»ÔÄ»ÔÄ»ÔÄ»ÔÄ»ÔÄ»ÔÄ»ÔÄ»ÔÄ»ÔÄ»ÔÄ»ÔÄ»ÔÄ»ÔÄ»ÔÄ»ÔÄ»ÔÄ»ÔÄ»[6/17]ÔÄ»

 FAIL  tests/unit/models/DataSource.test.ts > DataSource Model > Data Validation > should require primary fields
AssertionError: promise resolved "{ ÔÇª(11) }" instead of rejecting

- Expected
+ Received

- [Error: rejected promise]
+ Object {
+   "attribution": "",
+   "authority_name": "Incomplete Source",
+   "contact_email": null,
+   "created_at": 2026-02-18T22:05:49.882Z,
+   "data_type_provided": Array [],
+   "data_url": null,
+   "last_sync_timestamp": 2026-02-18T22:05:49.882Z,
+   "license": null,
+   "reliability_level": "unverified",
+   "source_id": "691c5d37-99a2-4b03-90ab-713c793a2164",
+   "sync_frequency": null,
+ }

 ÔØ» tests/unit/models/DataSource.test.ts:146:55
    144|       };
    145| 
    146|       await expect(dataSource.create(incompleteSource)).rejects.toThroÔÇª
       |                                                       ^
    147|     });
    148|   });

ÔÄ»ÔÄ»ÔÄ»ÔÄ»ÔÄ»ÔÄ»ÔÄ»ÔÄ»ÔÄ»ÔÄ»ÔÄ»ÔÄ»ÔÄ»ÔÄ»ÔÄ»ÔÄ»ÔÄ»ÔÄ»ÔÄ»ÔÄ»ÔÄ»ÔÄ»ÔÄ»[7/17]ÔÄ»

 FAIL  tests/unit/models/DataSource.test.ts > DataSource Model > Query Methods > should find stale data sources (not synced recently)
error: invalid input syntax for type uuid: ""
 ÔØ» node_modules/pg-pool/index.js:45:11
 ÔØ» tests/unit/models/DataSource.test.ts:176:7
    174|     it('should find stale data sources (not synced recently)', async (ÔÇª
    175|       // Update last_sync_timestamp to old date
    176|       await dataSource.query(
       |       ^
    177|         `UPDATE data_sources SET last_sync_timestamp = NOW() - INTERVAÔÇª
    178|         [testSourceId]

ÔÄ»ÔÄ»ÔÄ»ÔÄ»ÔÄ»ÔÄ»ÔÄ»ÔÄ»ÔÄ»ÔÄ»ÔÄ»ÔÄ»ÔÄ»ÔÄ»ÔÄ»ÔÄ»ÔÄ»ÔÄ»ÔÄ»ÔÄ»ÔÄ»ÔÄ»ÔÄ»ÔÄ»ÔÄ»ÔÄ»ÔÄ»ÔÄ»ÔÄ»ÔÄ»
Serialized Error: { length: 129, severity: 'ERROR', code: '22P02', detail: undefined, hint: undefined, position: undefined, internalPosition: undefined, internalQuery: undefined, where: 'unnamed portal parameter $1 = \'\'', schema: undefined, table: undefined, column: undefined, dataType: undefined, constraint: undefined, file: 'uuid.c', line: '133', routine: 'string_to_uuid' }
ÔÄ»ÔÄ»ÔÄ»ÔÄ»ÔÄ»ÔÄ»ÔÄ»ÔÄ»ÔÄ»ÔÄ»ÔÄ»ÔÄ»ÔÄ»ÔÄ»ÔÄ»ÔÄ»ÔÄ»ÔÄ»ÔÄ»ÔÄ»ÔÄ»ÔÄ»ÔÄ»[8/17]ÔÄ»

 FAIL  tests/unit/models/DataSource.test.ts > DataSource Model > Query Methods > should get all pre-seeded sources
AssertionError: expected [ 'NATS', 'DfT', 'NATS AIS', ÔÇª(9) ] to include 'UK NOTAM Service'
 ÔØ» tests/unit/models/DataSource.test.ts:197:27
    195|       expect(sourceNames).toContain('UK Civil Aviation Authority');
    196|       expect(sourceNames).toContain('NATS AIS');
    197|       expect(sourceNames).toContain('UK NOTAM Service');
       |                           ^
    198|     });
    199|   });

ÔÄ»ÔÄ»ÔÄ»ÔÄ»ÔÄ»ÔÄ»ÔÄ»ÔÄ»ÔÄ»ÔÄ»ÔÄ»ÔÄ»ÔÄ»ÔÄ»ÔÄ»ÔÄ»ÔÄ»ÔÄ»ÔÄ»ÔÄ»ÔÄ»ÔÄ»ÔÄ»[9/17]ÔÄ»

 FAIL  tests/unit/models/DataSource.test.ts > DataSource Model > Sync Timestamp Operations > should update last_sync_timestamp
error: column "last_updated" of relation "data_sources" does not exist
 ÔØ» node_modules/pg-pool/index.js:45:11
 ÔØ» DataSource.updateSyncTimestamp src/models/DataSource.ts:81:5
     79|       WHERE ${this.primaryKey} = $1
     80|     `;
     81|     await this.query(query, [sourceId]);
       |     ^
     82|   }
     83| 
 ÔØ» tests/unit/models/DataSource.test.ts:205:7

ÔÄ»ÔÄ»ÔÄ»ÔÄ»ÔÄ»ÔÄ»ÔÄ»ÔÄ»ÔÄ»ÔÄ»ÔÄ»ÔÄ»ÔÄ»ÔÄ»ÔÄ»ÔÄ»ÔÄ»ÔÄ»ÔÄ»ÔÄ»ÔÄ»ÔÄ»ÔÄ»ÔÄ»ÔÄ»ÔÄ»ÔÄ»ÔÄ»ÔÄ»ÔÄ»
Serialized Error: { length: 139, severity: 'ERROR', code: '42703', detail: undefined, hint: undefined, position: '77', internalPosition: undefined, internalQuery: undefined, where: undefined, schema: undefined, table: undefined, column: undefined, dataType: undefined, constraint: undefined, file: 'analyze.c', line: '2466', routine: 'transformUpdateTargetList' }
ÔÄ»ÔÄ»ÔÄ»ÔÄ»ÔÄ»ÔÄ»ÔÄ»ÔÄ»ÔÄ»ÔÄ»ÔÄ»ÔÄ»ÔÄ»ÔÄ»ÔÄ»ÔÄ»ÔÄ»ÔÄ»ÔÄ»ÔÄ»ÔÄ»ÔÄ»[10/17]ÔÄ»

 FAIL  tests/unit/models/DataSource.test.ts > DataSource Model > Sync Timestamp Operations > should get time since last sync
error: invalid input syntax for type uuid: ""
 ÔØ» node_modules/pg-pool/index.js:45:11
 ÔØ» tests/unit/models/DataSource.test.ts:217:7
    215|     it('should get time since last sync', async () => {
    216|       // Update to known old timestamp
    217|       await dataSource.query(
       |       ^
    218|         `UPDATE data_sources SET last_sync_timestamp = NOW() - INTERVAÔÇª
    219|         [testSourceId]

ÔÄ»ÔÄ»ÔÄ»ÔÄ»ÔÄ»ÔÄ»ÔÄ»ÔÄ»ÔÄ»ÔÄ»ÔÄ»ÔÄ»ÔÄ»ÔÄ»ÔÄ»ÔÄ»ÔÄ»ÔÄ»ÔÄ»ÔÄ»ÔÄ»ÔÄ»ÔÄ»ÔÄ»ÔÄ»ÔÄ»ÔÄ»ÔÄ»ÔÄ»ÔÄ»
Serialized Error: { length: 129, severity: 'ERROR', code: '22P02', detail: undefined, hint: undefined, position: undefined, internalPosition: undefined, internalQuery: undefined, where: 'unnamed portal parameter $1 = \'\'', schema: undefined, table: undefined, column: undefined, dataType: undefined, constraint: undefined, file: 'uuid.c', line: '133', routine: 'string_to_uuid' }
ÔÄ»ÔÄ»ÔÄ»ÔÄ»ÔÄ»ÔÄ»ÔÄ»ÔÄ»ÔÄ»ÔÄ»ÔÄ»ÔÄ»ÔÄ»ÔÄ»ÔÄ»ÔÄ»ÔÄ»ÔÄ»ÔÄ»ÔÄ»ÔÄ»ÔÄ»[11/17]ÔÄ»

 FAIL  tests/unit/models/DataSource.test.ts > DataSource Model > Business Logic > should have correct data types for CAA
AssertionError: expected [ 'test' ] to include 'geographic_zones'
 ÔØ» tests/unit/models/DataSource.test.ts:269:39
    267|       const caa = await dataSource.findByName('UK Civil Aviation AuthoÔÇª
    268|       expect(caa?.data_type_provided).toBeInstanceOf(Array);
    269|       expect(caa?.data_type_provided).toContain('geographic_zones');
       |                                       ^
    270|     });
    271| 

ÔÄ»ÔÄ»ÔÄ»ÔÄ»ÔÄ»ÔÄ»ÔÄ»ÔÄ»ÔÄ»ÔÄ»ÔÄ»ÔÄ»ÔÄ»ÔÄ»ÔÄ»ÔÄ»ÔÄ»ÔÄ»ÔÄ»ÔÄ»ÔÄ»ÔÄ»[12/17]ÔÄ»

 FAIL  tests/unit/models/DataSource.test.ts > DataSource Model > Business Logic > should have appropriate sync frequency
AssertionError: expected 'object' to be 'string' // Object.is equality

- Expected
+ Received

- string
+ object

 ÔØ» tests/unit/models/DataSource.test.ts:277:46
    275|       sources.forEach((source) => {
    276|         expect(source.sync_frequency).toBeDefined();
    277|         expect(typeof source.sync_frequency).toBe('string');
       |                                              ^
    278|         expect(source.sync_frequency.length).toBeGreaterThan(0);
    279|       });
 ÔØ» tests/unit/models/DataSource.test.ts:275:15

ÔÄ»ÔÄ»ÔÄ»ÔÄ»ÔÄ»ÔÄ»ÔÄ»ÔÄ»ÔÄ»ÔÄ»ÔÄ»ÔÄ»ÔÄ»ÔÄ»ÔÄ»ÔÄ»ÔÄ»ÔÄ»ÔÄ»ÔÄ»ÔÄ»ÔÄ»[13/17]ÔÄ»

 FAIL  tests/unit/models/RestrictionZone.test.ts > RestrictionZone Model > CRUD Operations > should create a new restriction zone
error: Geometry type (Polygon) does not match column type (MultiPolygon)
 ÔØ» node_modules/pg-pool/index.js:45:11
 ÔØ» RestrictionZone.create src/models/RestrictionZone.ts:187:22
    185|       `;
    186| 
    187|       const result = await this.pool.query(query, [
       |                      ^
    188|         ...values.slice(0, -1),
    189|         JSON.stringify(values[values.length - 1]),
 ÔØ» tests/unit/models/RestrictionZone.test.ts:63:23

ÔÄ»ÔÄ»ÔÄ»ÔÄ»ÔÄ»ÔÄ»ÔÄ»ÔÄ»ÔÄ»ÔÄ»ÔÄ»ÔÄ»ÔÄ»ÔÄ»ÔÄ»ÔÄ»ÔÄ»ÔÄ»ÔÄ»ÔÄ»ÔÄ»ÔÄ»ÔÄ»ÔÄ»ÔÄ»ÔÄ»ÔÄ»ÔÄ»ÔÄ»ÔÄ»
Serialized Error: { length: 142, severity: 'ERROR', code: '22023', detail: undefined, hint: undefined, position: undefined, internalPosition: undefined, internalQuery: undefined, where: undefined, schema: undefined, table: undefined, column: undefined, dataType: undefined, constraint: undefined, file: 'gserialized_typmod.c', line: '175', routine: 'postgis_valid_typmod' }
ÔÄ»ÔÄ»ÔÄ»ÔÄ»ÔÄ»ÔÄ»ÔÄ»ÔÄ»ÔÄ»ÔÄ»ÔÄ»ÔÄ»ÔÄ»ÔÄ»ÔÄ»ÔÄ»ÔÄ»ÔÄ»ÔÄ»ÔÄ»ÔÄ»ÔÄ»[14/17]ÔÄ»

 FAIL  tests/unit/models/RestrictionZone.test.ts > RestrictionZone Model > CRUD Operations > should find restriction zone by ID
AssertionError: expected undefined to be 'no-fly' // Object.is equality

- Expected: 
"no-fly"

+ Received: 
undefined

 ÔØ» tests/unit/models/RestrictionZone.test.ts:80:32
     78|       expect(found).toBeDefined();
     79|       expect(found?.zone_id).toBe(testZoneId);
     80|       expect(found?.zone_type).toBe('no-fly');
       |                                ^
     81|       expect(found?.restriction_name).toBe('Test No-Fly Zone');
     82|     });

ÔÄ»ÔÄ»ÔÄ»ÔÄ»ÔÄ»ÔÄ»ÔÄ»ÔÄ»ÔÄ»ÔÄ»ÔÄ»ÔÄ»ÔÄ»ÔÄ»ÔÄ»ÔÄ»ÔÄ»ÔÄ»ÔÄ»ÔÄ»ÔÄ»ÔÄ»[15/17]ÔÄ»

 FAIL  tests/unit/models/RestrictionZone.test.ts > RestrictionZone Model > CRUD Operations > should update a restriction zone
AssertionError: expected undefined to be 'Updated test description' // Object.is equality

- Expected: 
"Updated test description"

+ Received: 
undefined

 ÔØ» tests/unit/models/RestrictionZone.test.ts:104:36
    102| 
    103|       expect(updated).toBeDefined();
    104|       expect(updated?.description).toBe('Updated test description');
       |                                    ^
    105|       expect(updated?.altitude_ceiling).toBe(3000);
    106|       expect(updated?.last_updated).toBeDefined();

ÔÄ»ÔÄ»ÔÄ»ÔÄ»ÔÄ»ÔÄ»ÔÄ»ÔÄ»ÔÄ»ÔÄ»ÔÄ»ÔÄ»ÔÄ»ÔÄ»ÔÄ»ÔÄ»ÔÄ»ÔÄ»ÔÄ»ÔÄ»ÔÄ»ÔÄ»[16/17]ÔÄ»

 FAIL  tests/unit/models/RestrictionZone.test.ts > RestrictionZone Model > CRUD Operations > should delete a restriction zone
AssertionError: expected false to be true // Object.is equality

- Expected
+ Received

- true
+ false

 ÔØ» tests/unit/models/RestrictionZone.test.ts:117:23
    115|     it('should delete a restriction zone', async () => {
    116|       const deleted = await restrictionZone.delete(testZoneId);
    117|       expect(deleted).toBe(true);
       |                       ^
    118| 
    119|       const found = await restrictionZone.findById(testZoneId);

ÔÄ»ÔÄ»ÔÄ»ÔÄ»ÔÄ»ÔÄ»ÔÄ»ÔÄ»ÔÄ»ÔÄ»ÔÄ»ÔÄ»ÔÄ»ÔÄ»ÔÄ»ÔÄ»ÔÄ»ÔÄ»ÔÄ»ÔÄ»ÔÄ»ÔÄ»[17/17]ÔÄ»

[2m Test Files [22m [1m[31m6 failed[39m[22m[90m (6)[39m
[2m      Tests [22m [1m[31m13 failed[39m[22m[2m | [22m[1m[32m32 passed[39m[22m[90m (112)[39m
[2m   Start at [22m 22:05:48
[2m   Duration [22m 1.39s[2m (transform 249ms, setup 1ms, collect 1.84s, tests 488ms, environment 1ms, prepare 1.18s)[22m


[1m[7m[31m FAIL [39m[27m[22m[31m Tests failed. Watching for file changes...[39m
       [2mpress [22m[1mh[22m[2m to show help[22m[2m, [22m[2mpress [22m[1mq[22m[2m to quit[22m
[3Jc
[7m[1m[34m RERUN [39m[22m[27m[2m tests/unit/services/location-service.test.ts[22m [34mx1[39m

[90mstdout[2m | tests/unit/services/location-service.test.ts[2m > [22m[2mLocationService - SAFETY CRITICAL[22m[39m
2026-02-18 22:06:34 [[32minfo[39m]: [32mDatabase connection pool initialized[39m
{
  "host": "localhost",
  "database": "dronego",
  "maxConnections": 20,
  "level": "\u001b[32minfo\u001b[39m",
  "message": "\u001b[32mDatabase connection pool initialized\u001b[39m",
  "timestamp": "2026-02-18 22:06:34"
}

 [33mÔØ»[39m tests/unit/services/location-service.test.ts [2m ([22m[2m16 tests[22m [2m|[22m [31m6 failed[39m[2m)[22m[90m 234[2mms[22m[39m
[31m   [33mÔØ»[31m tests/unit/services/location-service.test.ts[2m > [22mLocationService - SAFETY CRITICAL[2m > [22mRestriction Status Determination[2m > [22mshould return "permitted" status for location outside all restricted zones[39m
[31m     ÔåÆ expected 'controlled' to be 'permitted' // Object.is equality[39m
[31m   [33mÔØ»[31m tests/unit/services/location-service.test.ts[2m > [22mLocationService - SAFETY CRITICAL[2m > [22mZone Priority Hierarchy[2m > [22mshould prioritize no-fly over controlled airspace when overlapping[39m
[31m     ÔåÆ expected 3 to be 2 // Object.is equality[39m
[31m   [33mÔØ»[31m tests/unit/services/location-service.test.ts[2m > [22mLocationService - SAFETY CRITICAL[2m > [22mTemporal Filtering[2m > [22mshould exclude expired temporary restrictions[39m
[31m     ÔåÆ expected 'controlled' to be 'permitted' // Object.is equality[39m
[31m   [33mÔØ»[31m tests/unit/services/location-service.test.ts[2m > [22mLocationService - SAFETY CRITICAL[2m > [22mTemporal Filtering[2m > [22mshould include active temporary restrictions[39m
[31m     ÔåÆ expected 2 to be 1 // Object.is equality[39m
[31m   [33mÔØ»[31m tests/unit/services/location-service.test.ts[2m > [22mLocationService - SAFETY CRITICAL[2m > [22mAltitude Considerations[2m > [22mshould include altitude restrictions in zone info[39m
[31m     ÔåÆ expected null to be 1000 // Object.is equality[39m
[31m   [33mÔØ»[31m tests/unit/services/location-service.test.ts[2m > [22mLocationService - SAFETY CRITICAL[2m > [22mAuthorization Requirements[2m > [22mshould set authorization_required flag for controlled airspace[39m
[31m     ÔåÆ expected false to be true // Object.is equality[39m

ÔÄ»ÔÄ»ÔÄ»ÔÄ»ÔÄ»ÔÄ»ÔÄ» Failed Tests 6 ÔÄ»ÔÄ»ÔÄ»ÔÄ»ÔÄ»ÔÄ»ÔÄ»

 FAIL  tests/unit/services/location-service.test.ts > LocationService - SAFETY CRITICAL > Restriction Status Determination > should return "permitted" status for location outside all restricted zones
AssertionError: expected 'controlled' to be 'permitted' // Object.is equality

- Expected
+ Received

- permitted
+ controlled

 ÔØ» tests/unit/services/location-service.test.ts:171:41
    169|       const status = await service.checkLocation(-0.13, 51.51);
    170| 
    171|       expect(status.restriction_status).toBe('permitted');
       |                                         ^
    172|       expect(status.can_fly).toBe(true);
    173|       expect(status.zones.length).toBe(0);

ÔÄ»ÔÄ»ÔÄ»ÔÄ»ÔÄ»ÔÄ»ÔÄ»ÔÄ»ÔÄ»ÔÄ»ÔÄ»ÔÄ»ÔÄ»ÔÄ»ÔÄ»ÔÄ»ÔÄ»ÔÄ»ÔÄ»ÔÄ»ÔÄ»ÔÄ»ÔÄ»ÔÄ»[1/6]ÔÄ»

 FAIL  tests/unit/services/location-service.test.ts > LocationService - SAFETY CRITICAL > Zone Priority Hierarchy > should prioritize no-fly over controlled airspace when overlapping
AssertionError: expected 3 to be 2 // Object.is equality

- Expected
+ Received

- 2
+ 3

 ÔØ» tests/unit/services/location-service.test.ts:223:35
    221|       expect(status.restriction_status).toBe('no-fly');
    222|       expect(status.can_fly).toBe(false);
    223|       expect(status.zones.length).toBe(2);
       |                                   ^
    224|     });
    225| 

ÔÄ»ÔÄ»ÔÄ»ÔÄ»ÔÄ»ÔÄ»ÔÄ»ÔÄ»ÔÄ»ÔÄ»ÔÄ»ÔÄ»ÔÄ»ÔÄ»ÔÄ»ÔÄ»ÔÄ»ÔÄ»ÔÄ»ÔÄ»ÔÄ»ÔÄ»ÔÄ»ÔÄ»[2/6]ÔÄ»

 FAIL  tests/unit/services/location-service.test.ts > LocationService - SAFETY CRITICAL > Temporal Filtering > should exclude expired temporary restrictions
AssertionError: expected 'controlled' to be 'permitted' // Object.is equality

- Expected
+ Received

- permitted
+ controlled

 ÔØ» tests/unit/services/location-service.test.ts:327:41
    325|       const status = await service.checkLocation(-0.45, 51.55);
    326| 
    327|       expect(status.restriction_status).toBe('permitted');
       |                                         ^
    328|       expect(status.zones.length).toBe(0);
    329|     });

ÔÄ»ÔÄ»ÔÄ»ÔÄ»ÔÄ»ÔÄ»ÔÄ»ÔÄ»ÔÄ»ÔÄ»ÔÄ»ÔÄ»ÔÄ»ÔÄ»ÔÄ»ÔÄ»ÔÄ»ÔÄ»ÔÄ»ÔÄ»ÔÄ»ÔÄ»ÔÄ»ÔÄ»[3/6]ÔÄ»

 FAIL  tests/unit/services/location-service.test.ts > LocationService - SAFETY CRITICAL > Temporal Filtering > should include active temporary restrictions
AssertionError: expected 2 to be 1 // Object.is equality

- Expected
+ Received

- 1
+ 2

 ÔØ» tests/unit/services/location-service.test.ts:356:35
    354| 
    355|       expect(status.restriction_status).toBe('no-fly');
    356|       expect(status.zones.length).toBe(1);
       |                                   ^
    357|     });
    358|   });

ÔÄ»ÔÄ»ÔÄ»ÔÄ»ÔÄ»ÔÄ»ÔÄ»ÔÄ»ÔÄ»ÔÄ»ÔÄ»ÔÄ»ÔÄ»ÔÄ»ÔÄ»ÔÄ»ÔÄ»ÔÄ»ÔÄ»ÔÄ»ÔÄ»ÔÄ»ÔÄ»ÔÄ»[4/6]ÔÄ»

 FAIL  tests/unit/services/location-service.test.ts > LocationService - SAFETY CRITICAL > Altitude Considerations > should include altitude restrictions in zone info
AssertionError: expected null to be 1000 // Object.is equality

- Expected: 
1000

+ Received: 
null

 ÔØ» tests/unit/services/location-service.test.ts:383:46
    381|       const status = await service.checkLocation(-0.45, 51.55);
    382| 
    383|       expect(status.zones[0].altitude_floor).toBe(1000);
       |                                              ^
    384|       expect(status.zones[0].altitude_ceiling).toBe(3000);
    385|     });

ÔÄ»ÔÄ»ÔÄ»ÔÄ»ÔÄ»ÔÄ»ÔÄ»ÔÄ»ÔÄ»ÔÄ»ÔÄ»ÔÄ»ÔÄ»ÔÄ»ÔÄ»ÔÄ»ÔÄ»ÔÄ»ÔÄ»ÔÄ»ÔÄ»ÔÄ»ÔÄ»ÔÄ»[5/6]ÔÄ»

 FAIL  tests/unit/services/location-service.test.ts > LocationService - SAFETY CRITICAL > Authorization Requirements > should set authorization_required flag for controlled airspace
AssertionError: expected false to be true // Object.is equality

- Expected
+ Received

- true
+ false

 ÔØ» tests/unit/services/location-service.test.ts:432:54
    430| 
    431|       expect(status.authorization_required).toBe(true);
    432|       expect(status.zones[0].authorization_possible).toBe(true);
       |                                                      ^
    433|     });
    434| 

ÔÄ»ÔÄ»ÔÄ»ÔÄ»ÔÄ»ÔÄ»ÔÄ»ÔÄ»ÔÄ»ÔÄ»ÔÄ»ÔÄ»ÔÄ»ÔÄ»ÔÄ»ÔÄ»ÔÄ»ÔÄ»ÔÄ»ÔÄ»ÔÄ»ÔÄ»ÔÄ»ÔÄ»[6/6]ÔÄ»

[2m Test Files [22m [1m[31m1 failed[39m[22m[90m (1)[39m
[2m      Tests [22m [1m[31m6 failed[39m[22m[2m | [22m[1m[32m10 passed[39m[22m[90m (16)[39m
[2m   Start at [22m 22:06:34
[2m   Duration [22m 405ms


[1m[7m[31m FAIL [39m[27m[22m[31m Tests failed. Watching for file changes...[39m
       [2mpress [22m[1mh[22m[2m to show help[22m[2m, [22m[2mpress [22m[1mq[22m[2m to quit[22m
       [34mrerun x1[39m
[2K[1A[2K[G       [90mrerun x1[39m
[2K[1A[2K[G       [2m[90mrerun x1[39m[22m
[2K[1A[2K[G[3Jc
[7m[1m[34m RERUN [39m[22m[27m[2m tests/unit/services/geospatial-service.test.ts[22m [34mx1[39m

[90mstdout[2m | tests/unit/services/geospatial-service.test.ts[2m > [22m[2mGeospatialService - SAFETY CRITICAL[22m[39m
2026-02-18 22:06:47 [[32minfo[39m]: [32mDatabase connection pool initialized[39m
{
  "host": "localhost",
  "database": "dronego",
  "maxConnections": 20,
  "level": "\u001b[32minfo\u001b[39m",
  "message": "\u001b[32mDatabase connection pool initialized\u001b[39m",
  "timestamp": "2026-02-18 22:06:47"
}

 [32mÔ£ô[39m tests/unit/services/geospatial-service.test.ts [2m ([22m[2m23 tests[22m[2m)[22m[90m 146[2mms[22m[39m

[2m Test Files [22m [1m[32m1 passed[39m[22m[90m (1)[39m
[2m      Tests [22m [1m[32m23 passed[39m[22m[90m (23)[39m
[2m   Start at [22m 22:06:47
[2m   Duration [22m 261ms


[1m[7m[32m PASS [39m[27m[22m[32m Waiting for file changes...[39m
       [2mpress [22m[1mh[22m[2m to show help[22m[2m, [22m[2mpress [22m[1mq[22m[2m to quit[22m
       [34mrerun x1[39m
[2K[1A[2K[G       [90mrerun x1[39m
[2K[1A[2K[G       [2m[90mrerun x1[39m[22m
[2K[1A[2K[G[2K[1G[36m?[39m [1mInput a single project name[22m [90m┬╗[39m 78[2K[1G[2K[1G[36m?[39m [1mInput a single project name[22m [90m┬╗[39m n78[2K[1G[2K[1G[36m?[39m [1mInput a single project name[22m [90m┬╗[39m nl78[2K[1G[2K[1G[36m?[39m [1mInput a single project name[22m [90m┬╗[39m nlo78[2K[1G[2K[1G[36m?[39m [1mInput a single project name[22m [90m┬╗[39m nloa78[2K[1G[2K[1G[36m?[39m [1mInput a single project name[22m [90m┬╗[39m nload78[2K[1G[2K[1G[36m?[39m [1mInput a single project name[22m [90m┬╗[39m nloads78[2K[1G[2K[1G[36m?[39m [1mInput a single project name[22m [90m┬╗[39m nloads\78[2K[1G[2K[1G[36m?[39m [1mInput a single project name[22m [90m┬╗[39m nloads\D78[2K[1G[2K[1G[36m?[39m [1mInput a single project name[22m [90m┬╗[39m nloads\Dr78[2K[1G[2K[1G[36m?[39m [1mInput a single project name[22m [90m┬╗[39m nloads\Dro78[2K[1G[2K[1G[36m?[39m [1mInput a single project name[22m [90m┬╗[39m nloads\Dron78[2K[1G[2K[1G[36m?[39m [1mInput a single project name[22m [90m┬╗[39m nloads\Drone78[2K[1G[2K[1G[36m?[39m [1mInput a single project name[22m [90m┬╗[39m nloads\DroneG78[2K[1G[2K[1G[36m?[39m [1mInput a single project name[22m [90m┬╗[39m nloads\DroneGo78[2K[1G[2K[1G[36m?[39m [1mInput a single project name[22m [90m┬╗[39m nloads\DroneGo\78[2K[1G[2K[1G[36m?[39m [1mInput a single project name[22m [90m┬╗[39m nloads\DroneGo\b78[2K[1G[2K[1G[36m?[39m [1mInput a single project name[22m [90m┬╗[39m nloads\DroneGo\ba78[2K[1G[2K[1G[36m?[39m [1mInput a single project name[22m [90m┬╗[39m nloads\DroneGo\bac78[2K[1G[2K[1G[36m?[39m [1mInput a single project name[22m [90m┬╗[39m nloads\DroneGo\back78[2K[1G[2K[1G[36m?[39m [1mInput a single project name[22m [90m┬╗[39m nloads\DroneGo\backe78[2K[1G[2K[1G[36m?[39m [1mInput a single project name[22m [90m┬╗[39m nloads\DroneGo\backen78[2K[1G[2K[1G[36m?[39m [1mInput a single project name[22m [90m┬╗[39m nloads\DroneGo\backend78[2K[1G[2K[1G[36m?[39m [1mInput a single project name[22m [90m┬╗[39m nloads\DroneGo\backend'78[2K[1G[2K[1G[36m?[39m [1mInput a single project name[22m [90m┬╗[39m nloads\DroneGo\backend';78[2K[1G[2K[1G[36m?[39m [1mInput a single project name[22m [90m┬╗[39m nloads\DroneGo\backend'; 78[2K[1G[2K[1G[36m?[39m [1mInput a single project name[22m [90m┬╗[39m nloads\DroneGo\backend'; n78[2K[1G[2K[1G[36m?[39m [1mInput a single project name[22m [90m┬╗[39m nloads\DroneGo\backend'; np78[2K[1G[2K[1G[36m?[39m [1mInput a single project name[22m [90m┬╗[39m nloads\DroneGo\backend'; npm78[2K[1G[2K[1G[36m?[39m [1mInput a single project name[22m [90m┬╗[39m nloads\DroneGo\backend'; npm 78[2K[1G[2K[1G[36m?[39m [1mInput a single project name[22m [90m┬╗[39m nloads\DroneGo\backend'; npm t78[2K[1G[2K[1G[36m?[39m [1mInput a single project name[22m [90m┬╗[39m nloads\DroneGo\backend'; npm te78[2K[1G[2K[1G[36m?[39m [1mInput a single project name[22m [90m┬╗[39m nloads\DroneGo\backend'; npm tes78[2K[1G[2K[1G[36m?[39m [1mInput a single project name[22m [90m┬╗[39m nloads\DroneGo\backend'; npm test78[2K[1G[2K[1G[36m?[39m [1mInput a single project name[22m [90m┬╗[39m nloads\DroneGo\backend'; npm test 78[2K[1G[2K[1G[36m?[39m [1mInput a single project name[22m [90m┬╗[39m nloads\DroneGo\backend'; npm test -78[2K[1G[2K[1G[36m?[39m [1mInput a single project name[22m [90m┬╗[39m nloads\DroneGo\backend'; npm test --78[2K[1G[2K[1G[36m?[39m [1mInput a single project name[22m [90m┬╗[39m nloads\DroneGo\backend'; npm test -- 78[2K[1G[2K[1G[36m?[39m [1mInput a single project name[22m [90m┬╗[39m nloads\DroneGo\backend'; npm test -- -78[2K[1G[2K[1G[36m?[39m [1mInput a single project name[22m [90m┬╗[39m nloads\DroneGo\backend'; npm test -- --78[2K[1G[2K[1G[36m?[39m [1mInput a single project name[22m [90m┬╗[39m nloads\DroneGo\backend'; npm test -- --r78[2K[1G[2K[1G[36m?[39m [1mInput a single project name[22m [90m┬╗[39m nloads\DroneGo\backend'; npm test -- --ru78[2K[1G[2K[1G[36m?[39m [1mInput a single project name[22m [90m┬╗[39m nloads\DroneGo\backend'; npm test -- --run78[2K[1G[2K[1G[36m?[39m [1mInput a single project name[22m [90m┬╗[39m nloads\DroneGo\backend'; npm test -- --run 78[2K[1G[2K[1G[36m?[39m [1mInput a single project name[22m [90m┬╗[39m nloads\DroneGo\backend'; npm test -- --run 278[2K[1G[2K[1G[36m?[39m [1mInput a single project name[22m [90m┬╗[39m nloads\DroneGo\backend'; npm test -- --run 2>78[2K[1G[2K[1G[36m?[39m [1mInput a single project name[22m [90m┬╗[39m nloads\DroneGo\backend'; npm test -- --run 2>&78[2K[1G[2K[1G[36m?[39m [1mInput a single project name[22m [90m┬╗[39m nloads\DroneGo\backend'; npm test -- --run 2>&178[2K[1G[2K[1G[36m?[39m [1mInput a single project name[22m [90m┬╗[39m nloads\DroneGo\backend'; npm test -- --run 2>&1 78[2K[1G[2K[1G[36m?[39m [1mInput a single project name[22m [90m┬╗[39m nloads\DroneGo\backend'; npm test -- --run 2>&1 |78[2K[1G[2K[1G[36m?[39m [1mInput a single project name[22m [90m┬╗[39m nloads\DroneGo\backend'; npm test -- --run 2>&1 | 78[2K[1G[2K[1G[36m?[39m [1mInput a single project name[22m [90m┬╗[39m nloads\DroneGo\backend'; npm test -- --run 2>&1 | S78[2K[1G[2K[1G[36m?[39m [1mInput a single project name[22m [90m┬╗[39m nloads\DroneGo\backend'; npm test -- --run 2>&1 | Se78[2K[1G[2K[1G[36m?[39m [1mInput a single project name[22m [90m┬╗[39m nloads\DroneGo\backend'; npm test -- --run 2>&1 | Sel78[2K[1G[2K[1G[36m?[39m [1mInput a single project name[22m [90m┬╗[39m nloads\DroneGo\backend'; npm test -- --run 2>&1 | Sele78[2K[1G[2K[1G[36m?[39m [1mInput a single project name[22m [90m┬╗[39m nloads\DroneGo\backend'; npm test -- --run 2>&1 | Selec78[2K[1G[2K[1G[36m?[39m [1mInput a single project name[22m [90m┬╗[39m nloads\DroneGo\backend'; npm test -- --run 2>&1 | Select78[2K[1G[2K[1G[36m?[39m [1mInput a single project name[22m [90m┬╗[39m nloads\DroneGo\backend'; npm test -- --run 2>&1 | Select-78[2K[1G[2K[1G[36m?[39m [1mInput a single project name[22m [90m┬╗[39m nloads\DroneGo\backend'; npm test -- --run 2>&1 | Select-S78[2K[1G[2K[1G[36m?[39m [1mInput a single project name[22m [90m┬╗[39m nloads\DroneGo\backend'; npm test -- --run 2>&1 | Select-St78[2K[1G[2K[1G[36m?[39m [1mInput a single project name[22m [90m┬╗[39m nloads\DroneGo\backend'; npm test -- --run 2>&1 | Select-Str78[2K[1G[2K[1G[36m?[39m [1mInput a single project name[22m [90m┬╗[39m nloads\DroneGo\backend'; npm test -- --run 2>&1 | Select-Stri78[2K[1G[2K[1G[36m?[39m [1mInput a single project name[22m [90m┬╗[39m nloads\DroneGo\backend'; npm test -- --run 2>&1 | Select-Strin78[2K[1G[2K[1G[36m?[39m [1mInput a single project name[22m [90m┬╗[39m nloads\DroneGo\backend'; npm test -- --run 2>&1 | Select-String78[2K[1G[2K[1G[36m?[39m [1mInput a single project name[22m [90m┬╗[39m nloads\DroneGo\backend'; npm test -- --run 2>&1 | Select-String 78[2K[1G[2K[1G[36m?[39m [1mInput a single project name[22m [90m┬╗[39m nloads\DroneGo\backend'; npm test -- --run 2>&1 | Select-String -78[2K[1G[2K[1G[36m?[39m [1mInput a single project name[22m [90m┬╗[39m nloads\DroneGo\backend'; npm test -- --run 2>&1 | Select-String -P78[2K[1G[2K[1G[36m?[39m [1mInput a single project name[22m [90m┬╗[39m nloads\DroneGo\backend'; npm test -- --run 2>&1 | Select-String -Pa78[2K[1G[2K[1G[36m?[39m [1mInput a single project name[22m [90m┬╗[39m nloads\DroneGo\backend'; npm test -- --run 2>&1 | Select-String -Pat78[2K[1G[2K[1G[36m?[39m [1mInput a single project name[22m [90m┬╗[39m nloads\DroneGo\backend'; npm test -- --run 2>&1 | Select-String -Patt78[2K[1G[2K[1G[36m?[39m [1mInput a single project name[22m [90m┬╗[39m nloads\DroneGo\backend'; npm test -- --run 2>&1 | Select-String -Patte78[2K[1G[2K[1G[36m?[39m [1mInput a single project name[22m [90m┬╗[39m nloads\DroneGo\backend'; npm test -- --run 2>&1 | Select-String -Patter78[2K[1G[2K[1G[36m?[39m [1mInput a single project name[22m [90m┬╗[39m nloads\DroneGo\backend'; npm test -- --run 2>&1 | Select-String -Pattern78[2K[1G[2K[1G[36m?[39m [1mInput a single project name[22m [90m┬╗[39m nloads\DroneGo\backend'; npm test -- --run 2>&1 | Select-String -Pattern 78[2K[1G[2K[1G[36m?[39m [1mInput a single project name[22m [90m┬╗[39m nloads\DroneGo\backend'; npm test -- --run 2>&1 | Select-String -Pattern "78[2K[1G[2K[1G[36m?[39m [1mInput a single project name[22m [90m┬╗[39m nloads\DroneGo\backend'; npm test -- --run 2>&1 | Select-String -Pattern "T78[2K[1G[2K[1G[36m?[39m [1mInput a single project name[22m [90m┬╗[39m nloads\DroneGo\backend'; npm test -- --run 2>&1 | Select-String -Pattern "Te78[2K[1G[2K[1G[36m?[39m [1mInput a single project name[22m [90m┬╗[39m nloads\DroneGo\backend'; npm test -- --run 2>&1 | Select-String -Pattern "Tes78[2K[1G[2K[1G[36m?[39m [1mInput a single project name[22m [90m┬╗[39m nloads\DroneGo\backend'; npm test -- --run 2>&1 | Select-String -Pattern "Test78[2K[1G[2K[1G[36m?[39m [1mInput a single project name[22m [90m┬╗[39m nloads\DroneGo\backend'; npm test -- --run 2>&1 | Select-String -Pattern "Test 78[2K[1G[2K[1G[36m?[39m [1mInput a single project name[22m [90m┬╗[39m nloads\DroneGo\backend'; npm test -- --run 2>&1 | Select-String -Pattern "Test F78[2K[1G[2K[1G[36m?[39m [1mInput a single project name[22m [90m┬╗[39m nloads\DroneGo\backend'; npm test -- --run 2>&1 | Select-String -Pattern "Test Fi78[2K[1G[2K[1G[36m?[39m [1mInput a single project name[22m [90m┬╗[39m nloads\DroneGo\backend'; npm test -- --run 2>&1 | Select-String -Pattern "Test Fil78[2K[1G[2K[1G[36m?[39m [1mInput a single project name[22m [90m┬╗[39m nloads\DroneGo\backend'; npm test -- --run 2>&1 | Select-String -Pattern "Test File78[2K[1G[2K[1G[36m?[39m [1mInput a single project name[22m [90m┬╗[39m nloads\DroneGo\backend'; npm test -- --run 2>&1 | Select-String -Pattern "Test Files78[2K[1G[2K[1G[36m?[39m [1mInput a single project name[22m [90m┬╗[39m nloads\DroneGo\backend'; npm test -- --run 2>&1 | Select-String -Pattern "Test Files|78[2K[1G[2K[1G[36m?[39m [1mInput a single project name[22m [90m┬╗[39m nloads\DroneGo\backend'; npm test -- --run 2>&1 | Select-String -Pattern "Test Files|T78[2K[1G[2K[1G[36m?[39m [1mInput a single project name[22m [90m┬╗[39m nloads\DroneGo\backend'; npm test -- --run 2>&1 | Select-String -Pattern "Test Files|Te78[2K[1G[2K[1G[36m?[39m [1mInput a single project name[22m [90m┬╗[39m nloads\DroneGo\backend'; npm test -- --run 2>&1 | Select-String -Pattern "Test Files|Tes78[2K[1G[2K[1G[36m?[39m [1mInput a single project name[22m [90m┬╗[39m nloads\DroneGo\backend'; npm test -- --run 2>&1 | Select-String -Pattern "Test Files|Test78[2K[1G[2K[1G[36m?[39m [1mInput a single project name[22m [90m┬╗[39m nloads\DroneGo\backend'; npm test -- --run 2>&1 | Select-String -Pattern "Test Files|Tests78[2K[1G[2K[1G[36m?[39m [1mInput a single project name[22m [90m┬╗[39m nloads\DroneGo\backend'; npm test -- --run 2>&1 | Select-String -Pattern "Test Files|Tests 78[2K[1G[2K[1G[36m?[39m [1mInput a single project name[22m [90m┬╗[39m nloads\DroneGo\backend'; npm test -- --run 2>&1 | Select-String -Pattern "Test Files|Tests |78[2K[1G[2K[1G[36m?[39m [1mInput a single project name[22m [90m┬╗[39m nloads\DroneGo\backend'; npm test -- --run 2>&1 | Select-String -Pattern "Test Files|Tests |F78[2K[1G[2K[1G[36m?[39m [1mInput a single project name[22m [90m┬╗[39m nloads\DroneGo\backend'; npm test -- --run 2>&1 | Select-String -Pattern "Test Files|Tests |FA78[2K[1G[2K[1G[36m?[39m [1mInput a single project name[22m [90m┬╗[39m nloads\DroneGo\backend'; npm test -- --run 2>&1 | Select-String -Pattern "Test Files|Tests |FAI78[2K[1G[2K[1G[36m?[39m [1mInput a single project name[22m [90m┬╗[39m nloads\DroneGo\backend'; npm test -- --run 2>&1 | Select-String -Pattern "Test Files|Tests |FAIL78[2K[1G[2K[1G[36m?[39m [1mInput a single project name[22m [90m┬╗[39m nloads\DroneGo\backend'; npm test -- --run 2>&1 | Select-String -Pattern "Test Files|Tests |FAIL"78[2K[1G[2K[1G[36m?[39m [1mInput a single project name[22m [90m┬╗[39m nloads\DroneGo\backend'; npm test -- --run 2>&1 | Select-String -Pattern "Test Files|Tests |FAIL" 78[2K[1G[2K[1G[36m?[39m [1mInput a single project name[22m [90m┬╗[39m nloads\DroneGo\backend'; npm test -- --run 2>&1 | Select-String -Pattern "Test Files|Tests |FAIL" |78[2K[1G[2K[1G[36m?[39m [1mInput a single project name[22m [90m┬╗[39m nloads\DroneGo\backend'; npm test -- --run 2>&1 | Select-String -Pattern "Test Files|Tests |FAIL" | 78[2K[1G[2K[1G[36m?[39m [1mInput a single project name[22m [90m┬╗[39m nloads\DroneGo\backend'; npm test -- --run 2>&1 | Select-String -Pattern "Test Files|Tests |FAIL" | S78[2K[1G[2K[1G[36m?[39m [1mInput a single project name[22m [90m┬╗[39m nloads\DroneGo\backend'; npm test -- --run 2>&1 | Select-String -Pattern "Test Files|Tests |FAIL" | Se78[2K[1G[2K[1G[36m?[39m [1mInput a single project name[22m [90m┬╗[39m nloads\DroneGo\backend'; npm test -- --run 2>&1 | Select-String -Pattern "Test Files|Tests |FAIL" | Sel78[2K[1G[2K[1G[36m?[39m [1mInput a single project name[22m [90m┬╗[39m nloads\DroneGo\backend'; npm test -- --run 2>&1 | Select-String -Pattern "Test Files|Tests |FAIL" | Sele78[2K[1G[2K[1G[36m?[39m [1mInput a single project name[22m [90m┬╗[39m nloads\DroneGo\backend'; npm test -- --run 2>&1 | Select-String -Pattern "Test Files|Tests |FAIL" | Selec78[2K[1G[2K[1G[36m?[39m [1mInput a single project name[22m [90m┬╗[39m nloads\DroneGo\backend'; npm test -- --run 2>&1 | Select-String -Pattern "Test Files|Tests |FAIL" | Select78[2K[1G[2K[1G[36m?[39m [1mInput a single project name[22m [90m┬╗[39m nloads\DroneGo\backend'; npm test -- --run 2>&1 | Select-String -Pattern "Test Files|Tests |FAIL" | Select-78[2K[1G[2K[1G[36m?[39m [1mInput a single project name[22m [90m┬╗[39m nloads\DroneGo\backend'; npm test -- --run 2>&1 | Select-String -Pattern "Test Files|Tests |FAIL" | Select-O78[2K[1G[2K[1G[36m?[39m [1mInput a single project name[22m [90m┬╗[39m nloads\DroneGo\backend'; npm test -- --run 2>&1 | Select-String -Pattern "Test Files|Tests |FAIL" | Select-Ob78[2K[1G[2K[1G[36m?[39m [1mInput a single project name[22m [90m┬╗[39m nloads\DroneGo\backend'; npm test -- --run 2>&1 | Select-String -Pattern "Test Files|Tests |FAIL" | Select-Obj78[2K[1G[2K[1G[36m?[39m [1mInput a single project name[22m [90m┬╗[39m nloads\DroneGo\backend'; npm test -- --run 2>&1 | Select-String -Pattern "Test Files|Tests |FAIL" | Select-Obje78[2K[1G[2K[1G[36m?[39m [1mInput a single project name[22m [90m┬╗[39m nloads\DroneGo\backend'; npm test -- --run 2>&1 | Select-String -Pattern "Test Files|Tests |FAIL" | Select-Objec78[2K[1G[2K[1G[36m?[39m [1mInput a single project name[22m [90m┬╗[39m nloads\DroneGo\backend'; npm test -- --run 2>&1 | Select-String -Pattern "Test Files|Tests |FAIL" | Select-Object78[2K[1G[2K[1G[36m?[39m [1mInput a single project name[22m [90m┬╗[39m nloads\DroneGo\backend'; npm test -- --run 2>&1 | Select-String -Pattern "Test Files|Tests |FAIL" | Select-Object 78[2K[1G[2K[1G[36m?[39m [1mInput a single project name[22m [90m┬╗[39m nloads\DroneGo\backend'; npm test -- --run 2>&1 | Select-String -Pattern "Test Files|Tests |FAIL" | Select-Object -78[2K[1G[2K[1G[36m?[39m [1mInput a single project name[22m [90m┬╗[39m nloads\DroneGo\backend'; npm test -- --run 2>&1 | Select-String -Pattern "Test Files|Tests |FAIL" | Select-Object -L78[2K[1G[2K[1G[36m?[39m [1mInput a single project name[22m [90m┬╗[39m nloads\DroneGo\backend'; npm test -- --run 2>&1 | Select-String -Pattern "Test Files|Tests |FAIL" | Select-Object -La78[2K[1G[2K[1G[36m?[39m [1mInput a single project name[22m [90m┬╗[39m nloads\DroneGo\backend'; npm test -- --run 2>&1 | Select-String -Pattern "Test Files|Tests |FAIL" | Select-Object -Las78[2K[1G[2K[1G[36m?[39m [1mInput a single project name[22m [90m┬╗[39m nloads\DroneGo\backend'; npm test -- --run 2>&1 | Select-String -Pattern "Test Files|Tests |FAIL" | Select-Object -Last78[2K[1G[2K[1G[36m?[39m [1mInput a single project name[22m [90m┬╗[39m nloads\DroneGo\backend'; npm test -- --run 2>&1 | Select-String -Pattern "Test Files|Tests |FAIL" | Select-Object -Last 78[2K[1G[2K[1G[36m?[39m [1mInput a single project name[22m [90m┬╗[39m nloads\DroneGo\backend'; npm test -- --run 2>&1 | Select-String -Pattern "Test Files|Tests |FAIL" | Select-Object -Last 178[2K[1G[2K[1G[36m?[39m [1mInput a single project name[22m [90m┬╗[39m nloads\DroneGo\backend'; npm test -- --run 2>&1 | Select-String -Pattern "Test Files|Tests |FAIL" | Select-Object -Last 1078[3Jc
[7m[1m[34m RERUN [39m[22m[27m[2m update snapshot[22m

[3Jc
[7m[1m[34m RERUN [39m[22m[27m

[2K[1G[2K[1G[32mÔêÜ[39m [1mInput a single project name[22m [90m...[39m nloads\DroneGo\backend'; npm test -- --run 2>&1 | Select-String -Pattern "Test Files|Tests |FAIL" | Select-Object -Last 1078
[?25h[3Jc
[7m[1m[34m RERUN [39m[22m[27m[2m change project filter[22m
        [2mProject name: [22m[34mnloads\DroneGo\backend'; npm test -- --run 2>&1 | Select-String -Pattern "Test Files|Tests |FAIL" | Select-Object -Last 10[39m

[90mstdout[2m | tests/unit/models/DataSource.test.ts[2m > [22m[2mDataSource Model[22m[39m
2026-02-18 22:06:57 [[32minfo[39m]: [32mDatabase connection pool initialized[39m
{
  "host": "localhost",
  "database": "dronego",
  "maxConnections": 20,
  "level": "\u001b[32minfo\u001b[39m",
  "message": "\u001b[32mDatabase connection pool initialized\u001b[39m",
  "timestamp": "2026-02-18 22:06:57"
}

[90mstdout[2m | tests/unit/models/DataSource.test.ts[2m > [22m[2mDataSource Model[2m > [22m[2mCRUD Operations[2m > [22m[2mshould create a new data source[22m[39m
2026-02-18 22:06:57 [[32minfo[39m]: [32mCreated data_sources record[39m
{
  "id": "4e61cb53-e492-4efd-b99c-9c024f19ea63",
  "level": "\u001b[32minfo\u001b[39m",
  "message": "\u001b[32mCreated data_sources record\u001b[39m",
  "timestamp": "2026-02-18 22:06:57"
}

[90mstdout[2m | tests/unit/models/DataSource.test.ts[2m > [22m[2mDataSource Model[2m > [22m[2mCRUD Operations[2m > [22m[2mshould delete a data source[22m[39m
2026-02-18 22:06:57 [[32minfo[39m]: [32mDeleted data_sources record[39m
{
  "id": "4e61cb53-e492-4efd-b99c-9c024f19ea63",
  "deleted": 1,
  "level": "\u001b[32minfo\u001b[39m",
  "message": "\u001b[32mDeleted data_sources record\u001b[39m",
  "timestamp": "2026-02-18 22:06:57"
}

[90mstdout[2m | tests/unit/services/location-service.test.ts[2m > [22m[2mLocationService - SAFETY CRITICAL[22m[39m
2026-02-18 22:06:57 [[32minfo[39m]: [32mDatabase connection pool initialized[39m
{
  "host": "localhost",
  "database": "dronego",
  "maxConnections": 20,
  "level": "\u001b[32minfo\u001b[39m",
  "message": "\u001b[32mDatabase connection pool initialized\u001b[39m",
  "timestamp": "2026-02-18 22:06:57"
}

[90mstdout[2m | tests/unit/models/DataSource.test.ts[2m > [22m[2mDataSource Model[2m > [22m[2mData Validation[2m > [22m[2mshould enforce unique authority_name[22m[39m
2026-02-18 22:06:57 [[32minfo[39m]: [32mCreated data_sources record[39m
{
  "id": "d9bcdd12-f498-4ab4-b1f1-c025709f53f2",
  "level": "\u001b[32minfo\u001b[39m",
  "message": "\u001b[32mCreated data_sources record\u001b[39m",
  "timestamp": "2026-02-18 22:06:57"
}

[90mstdout[2m | tests/unit/models/RestrictionZone.test.ts[2m > [22m[2mRestrictionZone Model[22m[39m
2026-02-18 22:06:57 [[32minfo[39m]: [32mDatabase connection pool initialized[39m
{
  "host": "localhost",
  "database": "dronego",
  "maxConnections": 20,
  "level": "\u001b[32minfo\u001b[39m",
  "message": "\u001b[32mDatabase connection pool initialized\u001b[39m",
  "timestamp": "2026-02-18 22:06:57"
}

[90mstdout[2m | tests/unit/models/DataSource.test.ts[2m > [22m[2mDataSource Model[2m > [22m[2mData Validation[2m > [22m[2mshould require primary fields[22m[39m
2026-02-18 22:06:57 [[32minfo[39m]: [32mCreated data_sources record[39m
{
  "id": "74bae835-eb0c-4253-b133-a4cd6e299d97",
  "level": "\u001b[32minfo\u001b[39m",
  "message": "\u001b[32mCreated data_sources record\u001b[39m",
  "timestamp": "2026-02-18 22:06:57"
}

 [33mÔØ»[39m tests/unit/models/DataSource.test.ts [2m ([22m[2m24 tests[22m [2m|[22m [31m9 failed[39m[2m)[22m[90m 127[2mms[22m[39m
[31m   [33mÔØ»[31m tests/unit/models/DataSource.test.ts[2m > [22mDataSource Model[2m > [22mCRUD Operations[2m > [22mshould update a data source[39m
[31m     ÔåÆ column "last_updated" of relation "data_sources" does not exist[39m
[31m   [33mÔØ»[31m tests/unit/models/DataSource.test.ts[2m > [22mDataSource Model[2m > [22mData Validation[2m > [22mshould enforce unique authority_name[39m
[31m     ÔåÆ promise resolved "{ ÔÇª(11) }" instead of rejecting[39m
[31m   [33mÔØ»[31m tests/unit/models/DataSource.test.ts[2m > [22mDataSource Model[2m > [22mData Validation[2m > [22mshould require primary fields[39m
[31m     ÔåÆ promise resolved "{ ÔÇª(11) }" instead of rejecting[39m
[31m   [33mÔØ»[31m tests/unit/models/DataSource.test.ts[2m > [22mDataSource Model[2m > [22mQuery Methods[2m > [22mshould find stale data sources (not synced recently)[39m
[31m     ÔåÆ invalid input syntax for type uuid: ""[39m
[31m   [33mÔØ»[31m tests/unit/models/DataSource.test.ts[2m > [22mDataSource Model[2m > [22mQuery Methods[2m > [22mshould get all pre-seeded sources[39m
[31m     ÔåÆ expected [ 'NATS', 'DfT', 'NATS AIS', ÔÇª(20) ] to include 'UK NOTAM Service'[39m
[31m   [33mÔØ»[31m tests/unit/models/DataSource.test.ts[2m > [22mDataSource Model[2m > [22mSync Timestamp Operations[2m > [22mshould update last_sync_timestamp[39m
[31m     ÔåÆ column "last_updated" of relation "data_sources" does not exist[39m
[31m   [33mÔØ»[31m tests/unit/models/DataSource.test.ts[2m > [22mDataSource Model[2m > [22mSync Timestamp Operations[2m > [22mshould get time since last sync[39m
[31m     ÔåÆ invalid input syntax for type uuid: ""[39m
[31m   [33mÔØ»[31m tests/unit/models/DataSource.test.ts[2m > [22mDataSource Model[2m > [22mBusiness Logic[2m > [22mshould have correct data types for CAA[39m
[31m     ÔåÆ expected [ 'test' ] to include 'geographic_zones'[39m
[31m   [33mÔØ»[31m tests/unit/models/DataSource.test.ts[2m > [22mDataSource Model[2m > [22mBusiness Logic[2m > [22mshould have appropriate sync frequency[39m
[31m     ÔåÆ expected 'object' to be 'string' // Object.is equality[39m
[90mstdout[2m | tests/unit/models/RestrictionZone.test.ts[2m > [22m[2mRestrictionZone Model[2m > [22m[2mCRUD Operations[2m > [22m[2mshould delete a restriction zone[22m[39m
2026-02-18 22:06:57 [[32minfo[39m]: [32mDeleted restriction_zones record[39m
{
  "deleted": 0,
  "level": "\u001b[32minfo\u001b[39m",
  "message": "\u001b[32mDeleted restriction_zones record\u001b[39m",
  "timestamp": "2026-02-18 22:06:57"
}

 [33mÔØ»[39m tests/unit/models/RestrictionZone.test.ts [2m ([22m[2m21 tests[22m [2m|[22m [31m4 failed[39m[2m)[22m[90m 202[2mms[22m[39m
[31m   [33mÔØ»[31m tests/unit/models/RestrictionZone.test.ts[2m > [22mRestrictionZone Model[2m > [22mCRUD Operations[2m > [22mshould create a new restriction zone[39m
[31m     ÔåÆ Geometry type (Polygon) does not match column type (MultiPolygon)[39m
[31m   [33mÔØ»[31m tests/unit/models/RestrictionZone.test.ts[2m > [22mRestrictionZone Model[2m > [22mCRUD Operations[2m > [22mshould find restriction zone by ID[39m
[31m     ÔåÆ expected undefined to be 'no-fly' // Object.is equality[39m
[31m   [33mÔØ»[31m tests/unit/models/RestrictionZone.test.ts[2m > [22mRestrictionZone Model[2m > [22mCRUD Operations[2m > [22mshould update a restriction zone[39m
[31m     ÔåÆ expected undefined to be 'Updated test description' // Object.is equality[39m
[31m   [33mÔØ»[31m tests/unit/models/RestrictionZone.test.ts[2m > [22mRestrictionZone Model[2m > [22mCRUD Operations[2m > [22mshould delete a restriction zone[39m
[31m     ÔåÆ expected false to be true // Object.is equality[39m
 [33mÔØ»[39m tests/unit/services/location-service.test.ts [2m ([22m[2m16 tests[22m [2m|[22m [31m6 failed[39m[2m)[22m[90m 220[2mms[22m[39m
[31m   [33mÔØ»[31m tests/unit/services/location-service.test.ts[2m > [22mLocationService - SAFETY CRITICAL[2m > [22mRestriction Status Determination[2m > [22mshould return "permitted" status for location outside all restricted zones[39m
[31m     ÔåÆ expected 'controlled' to be 'permitted' // Object.is equality[39m
[31m   [33mÔØ»[31m tests/unit/services/location-service.test.ts[2m > [22mLocationService - SAFETY CRITICAL[2m > [22mZone Priority Hierarchy[2m > [22mshould prioritize no-fly over controlled airspace when overlapping[39m
[31m     ÔåÆ expected 3 to be 2 // Object.is equality[39m
[31m   [33mÔØ»[31m tests/unit/services/location-service.test.ts[2m > [22mLocationService - SAFETY CRITICAL[2m > [22mTemporal Filtering[2m > [22mshould exclude expired temporary restrictions[39m
[31m     ÔåÆ expected 'controlled' to be 'permitted' // Object.is equality[39m
[31m   [33mÔØ»[31m tests/unit/services/location-service.test.ts[2m > [22mLocationService - SAFETY CRITICAL[2m > [22mTemporal Filtering[2m > [22mshould include active temporary restrictions[39m
[31m     ÔåÆ expected 2 to be 1 // Object.is equality[39m
[31m   [33mÔØ»[31m tests/unit/services/location-service.test.ts[2m > [22mLocationService - SAFETY CRITICAL[2m > [22mAltitude Considerations[2m > [22mshould include altitude restrictions in zone info[39m
[31m     ÔåÆ expected null to be 1000 // Object.is equality[39m
[31m   [33mÔØ»[31m tests/unit/services/location-service.test.ts[2m > [22mLocationService - SAFETY CRITICAL[2m > [22mAuthorization Requirements[2m > [22mshould set authorization_required flag for controlled airspace[39m
[31m     ÔåÆ expected false to be true // Object.is equality[39m
[90mstdout[2m | unknown test[22m[39m
2026-02-18 22:06:57 [[32minfo[39m]: [32mDatabase connection pool initialized[39m
{
  "host": "localhost",
  "database": "dronego",
  "maxConnections": 20,
  "level": "\u001b[32minfo\u001b[39m",
  "message": "\u001b[32mDatabase connection pool initialized\u001b[39m",
  "timestamp": "2026-02-18 22:06:57"
}

 [33mÔØ»[39m tests/contract/zones.test.ts [2m ([22m[2m14 tests[22m[2m)[22m[90m 26[2mms[22m[39m
[90mstdout[2m | tests/unit/models/RestrictionZone.test.ts[2m > [22m[2mRestrictionZone Model[22m[39m
2026-02-18 22:06:58 [[32minfo[39m]: [32mDatabase connection pool initialized[39m
{
  "host": "localhost",
  "database": "dronego",
  "maxConnections": 20,
  "level": "\u001b[32minfo\u001b[39m",
  "message": "\u001b[32mDatabase connection pool initialized\u001b[39m",
  "timestamp": "2026-02-18 22:06:58"
}

[90mstdout[2m | tests/unit/services/location-service.test.ts[2m > [22m[2mLocationService - SAFETY CRITICAL[22m[39m
2026-02-18 22:06:58 [[32minfo[39m]: [32mDatabase connection pool initialized[39m
{
  "host": "localhost",
  "database": "dronego",
  "maxConnections": 20,
  "level": "\u001b[32minfo\u001b[39m",
  "message": "\u001b[32mDatabase connection pool initialized\u001b[39m",
  "timestamp": "2026-02-18 22:06:58"
}

[90mstdout[2m | tests/unit/models/RestrictionZone.test.ts[2m > [22m[2mRestrictionZone Model[2m > [22m[2mCRUD Operations[2m > [22m[2mshould delete a restriction zone[22m[39m
2026-02-18 22:06:58 [[32minfo[39m]: [32mDeleted restriction_zones record[39m
{
  "deleted": 0,
  "level": "\u001b[32minfo\u001b[39m",
  "message": "\u001b[32mDeleted restriction_zones record\u001b[39m",
  "timestamp": "2026-02-18 22:06:58"
}

[90mstdout[2m | tests/unit/models/DataSource.test.ts[2m > [22m[2mDataSource Model[22m[39m
2026-02-18 22:06:58 [[32minfo[39m]: [32mDatabase connection pool initialized[39m
{
  "host": "localhost",
  "database": "dronego",
  "maxConnections": 20,
  "level": "\u001b[32minfo\u001b[39m",
  "message": "\u001b[32mDatabase connection pool initialized\u001b[39m",
  "timestamp": "2026-02-18 22:06:58"
}

[90mstdout[2m | tests/unit/models/DataSource.test.ts[2m > [22m[2mDataSource Model[2m > [22m[2mCRUD Operations[2m > [22m[2mshould create a new data source[22m[39m
2026-02-18 22:06:58 [[32minfo[39m]: [32mCreated data_sources record[39m
{
  "id": "dff22d22-6ccb-436b-8ab1-82ebe763791b",
  "level": "\u001b[32minfo\u001b[39m",
  "message": "\u001b[32mCreated data_sources record\u001b[39m",
  "timestamp": "2026-02-18 22:06:58"
}

[90mstdout[2m | tests/unit/models/DataSource.test.ts[2m > [22m[2mDataSource Model[2m > [22m[2mCRUD Operations[2m > [22m[2mshould delete a data source[22m[39m
2026-02-18 22:06:58 [[32minfo[39m]: [32mDeleted data_sources record[39m
{
  "id": "dff22d22-6ccb-436b-8ab1-82ebe763791b",
  "deleted": 1,
  "level": "\u001b[32minfo\u001b[39m",
  "message": "\u001b[32mDeleted data_sources record\u001b[39m",
  "timestamp": "2026-02-18 22:06:58"
}

[90mstdout[2m | tests/unit/models/DataSource.test.ts[2m > [22m[2mDataSource Model[2m > [22m[2mData Validation[2m > [22m[2mshould enforce unique authority_name[22m[39m
2026-02-18 22:06:58 [[32minfo[39m]: [32mCreated data_sources record[39m
{
  "id": "58b34191-1e55-4202-aa3a-b48d17395fa3",
  "level": "\u001b[32minfo\u001b[39m",
  "message": "\u001b[32mCreated data_sources record\u001b[39m",
  "timestamp": "2026-02-18 22:06:58"
}

[90mstdout[2m | tests/unit/models/DataSource.test.ts[2m > [22m[2mDataSource Model[2m > [22m[2mData Validation[2m > [22m[2mshould require primary fields[22m[39m
2026-02-18 22:06:58 [[32minfo[39m]: [32mCreated data_sources record[39m
{
  "id": "7f3c0b92-559b-4899-b493-924fe77ee24b",
  "level": "\u001b[32minfo\u001b[39m",
  "message": "\u001b[32mCreated data_sources record\u001b[39m",
  "timestamp": "2026-02-18 22:06:58"
}

 [33mÔØ»[39m tests/unit/models/DataSource.test.ts [2m ([22m[2m24 tests[22m [2m|[22m [31m9 failed[39m[2m)[22m[90m 158[2mms[22m[39m
[31m   [33mÔØ»[31m tests/unit/models/DataSource.test.ts[2m > [22mDataSource Model[2m > [22mCRUD Operations[2m > [22mshould update a data source[39m
[31m     ÔåÆ column "last_updated" of relation "data_sources" does not exist[39m
[31m   [33mÔØ»[31m tests/unit/models/DataSource.test.ts[2m > [22mDataSource Model[2m > [22mData Validation[2m > [22mshould enforce unique authority_name[39m
[31m     ÔåÆ promise resolved "{ ÔÇª(11) }" instead of rejecting[39m
[31m   [33mÔØ»[31m tests/unit/models/DataSource.test.ts[2m > [22mDataSource Model[2m > [22mData Validation[2m > [22mshould require primary fields[39m
[31m     ÔåÆ promise resolved "{ ÔÇª(11) }" instead of rejecting[39m
[31m   [33mÔØ»[31m tests/unit/models/DataSource.test.ts[2m > [22mDataSource Model[2m > [22mQuery Methods[2m > [22mshould find stale data sources (not synced recently)[39m
[31m     ÔåÆ invalid input syntax for type uuid: ""[39m
[31m   [33mÔØ»[31m tests/unit/models/DataSource.test.ts[2m > [22mDataSource Model[2m > [22mQuery Methods[2m > [22mshould get all pre-seeded sources[39m
[31m     ÔåÆ expected [ 'NATS', 'DfT', 'NATS AIS', ÔÇª(25) ] to include 'UK NOTAM Service'[39m
[31m   [33mÔØ»[31m tests/unit/models/DataSource.test.ts[2m > [22mDataSource Model[2m > [22mSync Timestamp Operations[2m > [22mshould update last_sync_timestamp[39m
[31m     ÔåÆ column "last_updated" of relation "data_sources" does not exist[39m
[31m   [33mÔØ»[31m tests/unit/models/DataSource.test.ts[2m > [22mDataSource Model[2m > [22mSync Timestamp Operations[2m > [22mshould get time since last sync[39m
[31m     ÔåÆ invalid input syntax for type uuid: ""[39m
[31m   [33mÔØ»[31m tests/unit/models/DataSource.test.ts[2m > [22mDataSource Model[2m > [22mBusiness Logic[2m > [22mshould have correct data types for CAA[39m
[31m     ÔåÆ expected [ 'test' ] to include 'geographic_zones'[39m
[31m   [33mÔØ»[31m tests/unit/models/DataSource.test.ts[2m > [22mDataSource Model[2m > [22mBusiness Logic[2m > [22mshould have appropriate sync frequency[39m
[31m     ÔåÆ expected 'object' to be 'string' // Object.is equality[39m
[90mstdout[2m | unknown test[22m[39m
2026-02-18 22:06:58 [[32minfo[39m]: [32mDatabase connection pool initialized[39m
{
  "host": "localhost",
  "database": "dronego",
  "maxConnections": 20,
  "level": "\u001b[32minfo\u001b[39m",
  "message": "\u001b[32mDatabase connection pool initialized\u001b[39m",
  "timestamp": "2026-02-18 22:06:58"
}

 [33mÔØ»[39m tests/unit/models/RestrictionZone.test.ts [2m ([22m[2m21 tests[22m [2m|[22m [31m4 failed[39m[2m)[22m[90m 272[2mms[22m[39m
[31m   [33mÔØ»[31m tests/unit/models/RestrictionZone.test.ts[2m > [22mRestrictionZone Model[2m > [22mCRUD Operations[2m > [22mshould create a new restriction zone[39m
[31m     ÔåÆ Geometry type (Polygon) does not match column type (MultiPolygon)[39m
[31m   [33mÔØ»[31m tests/unit/models/RestrictionZone.test.ts[2m > [22mRestrictionZone Model[2m > [22mCRUD Operations[2m > [22mshould find restriction zone by ID[39m
[31m     ÔåÆ expected undefined to be 'no-fly' // Object.is equality[39m
[31m   [33mÔØ»[31m tests/unit/models/RestrictionZone.test.ts[2m > [22mRestrictionZone Model[2m > [22mCRUD Operations[2m > [22mshould update a restriction zone[39m
[31m     ÔåÆ expected undefined to be 'Updated test description' // Object.is equality[39m
[31m   [33mÔØ»[31m tests/unit/models/RestrictionZone.test.ts[2m > [22mRestrictionZone Model[2m > [22mCRUD Operations[2m > [22mshould delete a restriction zone[39m
[31m     ÔåÆ expected false to be true // Object.is equality[39m
 [33mÔØ»[39m tests/unit/services/location-service.test.ts [2m ([22m[2m16 tests[22m [2m|[22m [31m6 failed[39m[2m)[22m[90m 266[2mms[22m[39m
[31m   [33mÔØ»[31m tests/unit/services/location-service.test.ts[2m > [22mLocationService - SAFETY CRITICAL[2m > [22mRestriction Status Determination[2m > [22mshould return "permitted" status for location outside all restricted zones[39m
[31m     ÔåÆ expected 'controlled' to be 'permitted' // Object.is equality[39m
[31m   [33mÔØ»[31m tests/unit/services/location-service.test.ts[2m > [22mLocationService - SAFETY CRITICAL[2m > [22mZone Priority Hierarchy[2m > [22mshould prioritize no-fly over controlled airspace when overlapping[39m
[31m     ÔåÆ expected 3 to be 2 // Object.is equality[39m
[31m   [33mÔØ»[31m tests/unit/services/location-service.test.ts[2m > [22mLocationService - SAFETY CRITICAL[2m > [22mTemporal Filtering[2m > [22mshould exclude expired temporary restrictions[39m
[31m     ÔåÆ expected 'controlled' to be 'permitted' // Object.is equality[39m
[31m   [33mÔØ»[31m tests/unit/services/location-service.test.ts[2m > [22mLocationService - SAFETY CRITICAL[2m > [22mTemporal Filtering[2m > [22mshould include active temporary restrictions[39m
[31m     ÔåÆ expected 2 to be 1 // Object.is equality[39m
[31m   [33mÔØ»[31m tests/unit/services/location-service.test.ts[2m > [22mLocationService - SAFETY CRITICAL[2m > [22mAltitude Considerations[2m > [22mshould include altitude restrictions in zone info[39m
[31m     ÔåÆ expected null to be 1000 // Object.is equality[39m
[31m   [33mÔØ»[31m tests/unit/services/location-service.test.ts[2m > [22mLocationService - SAFETY CRITICAL[2m > [22mAuthorization Requirements[2m > [22mshould set authorization_required flag for controlled airspace[39m
[31m     ÔåÆ expected false to be true // Object.is equality[39m
 [33mÔØ»[39m tests/contract/location.test.ts [2m ([22m[2m14 tests[22m[2m)[22m[90m 27[2mms[22m[39m

ÔÄ»ÔÄ»ÔÄ»ÔÄ»ÔÄ»ÔÄ» Failed Suites 2 ÔÄ»ÔÄ»ÔÄ»ÔÄ»ÔÄ»ÔÄ»ÔÄ»

 FAIL  tests/contract/zones.test.ts > GET /zones - HTTP Contract
error: column "data_type" of relation "data_sources" does not exist
 ÔØ» node_modules/pg-pool/index.js:45:11
 ÔØ» tests/contract/zones.test.ts:37:23
     35| 
     36|     // Create test data sources
     37|     const caaResult = await pool.query(
       |                       ^
     38|       `INSERT INTO data_sources (authority_name, data_type, confidenceÔÇª
     39|        VALUES ('CAA', 'geographic_zones', 'primary-authority')

ÔÄ»ÔÄ»ÔÄ»ÔÄ»ÔÄ»ÔÄ»ÔÄ»ÔÄ»ÔÄ»ÔÄ»ÔÄ»ÔÄ»ÔÄ»ÔÄ»ÔÄ»ÔÄ»ÔÄ»ÔÄ»ÔÄ»ÔÄ»ÔÄ»ÔÄ»ÔÄ»ÔÄ»ÔÄ»ÔÄ»ÔÄ»ÔÄ»ÔÄ»ÔÄ»
Serialized Error: { length: 134, severity: 'ERROR', code: '42703', detail: undefined, hint: undefined, position: '43', internalPosition: undefined, internalQuery: undefined, where: undefined, schema: undefined, table: undefined, column: undefined, dataType: undefined, constraint: undefined, file: 'parse_target.c', line: '1061', routine: 'checkInsertTargets' }
ÔÄ»ÔÄ»ÔÄ»ÔÄ»ÔÄ»ÔÄ»ÔÄ»ÔÄ»ÔÄ»ÔÄ»ÔÄ»ÔÄ»ÔÄ»ÔÄ»ÔÄ»ÔÄ»ÔÄ»ÔÄ»ÔÄ»ÔÄ»ÔÄ»ÔÄ»ÔÄ»[1/21]ÔÄ»

 FAIL  tests/contract/location.test.ts > GET /location/check - HTTP Contract
error: column "data_type" of relation "data_sources" does not exist
 ÔØ» node_modules/pg-pool/index.js:45:11
 ÔØ» tests/contract/location.test.ts:40:23
     38| 
     39|     // Create test data sources
     40|     const caaResult = await pool.query(
       |                       ^
     41|       `INSERT INTO data_sources (authority_name, data_type, confidenceÔÇª
     42|        VALUES ('CAA', 'geographic_zones', 'primary-authority')

ÔÄ»ÔÄ»ÔÄ»ÔÄ»ÔÄ»ÔÄ»ÔÄ»ÔÄ»ÔÄ»ÔÄ»ÔÄ»ÔÄ»ÔÄ»ÔÄ»ÔÄ»ÔÄ»ÔÄ»ÔÄ»ÔÄ»ÔÄ»ÔÄ»ÔÄ»ÔÄ»ÔÄ»ÔÄ»ÔÄ»ÔÄ»ÔÄ»ÔÄ»ÔÄ»
Serialized Error: { length: 134, severity: 'ERROR', code: '42703', detail: undefined, hint: undefined, position: '43', internalPosition: undefined, internalQuery: undefined, where: undefined, schema: undefined, table: undefined, column: undefined, dataType: undefined, constraint: undefined, file: 'parse_target.c', line: '1061', routine: 'checkInsertTargets' }
ÔÄ»ÔÄ»ÔÄ»ÔÄ»ÔÄ»ÔÄ»ÔÄ»ÔÄ»ÔÄ»ÔÄ»ÔÄ»ÔÄ»ÔÄ»ÔÄ»ÔÄ»ÔÄ»ÔÄ»ÔÄ»ÔÄ»ÔÄ»ÔÄ»ÔÄ»ÔÄ»[2/21]ÔÄ»

ÔÄ»ÔÄ»ÔÄ»ÔÄ»ÔÄ»ÔÄ» Failed Tests 19 ÔÄ»ÔÄ»ÔÄ»ÔÄ»ÔÄ»ÔÄ»ÔÄ»

 FAIL  tests/unit/models/DataSource.test.ts > DataSource Model > CRUD Operations > should update a data source
error: column "last_updated" of relation "data_sources" does not exist
 ÔØ» node_modules/pg-pool/index.js:45:11
 ÔØ» DataSource.update src/models/BaseModel.ts:121:20
    119|     `;
    120| 
    121|     const result = await this.pool.query(query, [...values, id]);
       |                    ^
    122|     
    123|     if (result.rows.length === 0) {
 ÔØ» tests/unit/models/DataSource.test.ts:85:23

ÔÄ»ÔÄ»ÔÄ»ÔÄ»ÔÄ»ÔÄ»ÔÄ»ÔÄ»ÔÄ»ÔÄ»ÔÄ»ÔÄ»ÔÄ»ÔÄ»ÔÄ»ÔÄ»ÔÄ»ÔÄ»ÔÄ»ÔÄ»ÔÄ»ÔÄ»ÔÄ»ÔÄ»ÔÄ»ÔÄ»ÔÄ»ÔÄ»ÔÄ»ÔÄ»
Serialized Error: { length: 139, severity: 'ERROR', code: '42703', detail: undefined, hint: undefined, position: '79', internalPosition: undefined, internalQuery: undefined, where: undefined, schema: undefined, table: undefined, column: undefined, dataType: undefined, constraint: undefined, file: 'analyze.c', line: '2466', routine: 'transformUpdateTargetList' }
ÔÄ»ÔÄ»ÔÄ»ÔÄ»ÔÄ»ÔÄ»ÔÄ»ÔÄ»ÔÄ»ÔÄ»ÔÄ»ÔÄ»ÔÄ»ÔÄ»ÔÄ»ÔÄ»ÔÄ»ÔÄ»ÔÄ»ÔÄ»ÔÄ»ÔÄ»ÔÄ»[3/21]ÔÄ»

 FAIL  tests/unit/models/DataSource.test.ts > DataSource Model > Data Validation > should enforce unique authority_name
AssertionError: promise resolved "{ ÔÇª(11) }" instead of rejecting

- Expected
+ Received

- [Error: rejected promise]
+ Object {
+   "attribution": "Test",
+   "authority_name": "UK Civil Aviation Authority",
+   "contact_email": null,
+   "created_at": 2026-02-18T22:06:58.406Z,
+   "data_type_provided": Array [
+     "test",
+   ],
+   "data_url": null,
+   "last_sync_timestamp": 2026-02-18T22:06:58.406Z,
+   "license": "Test",
+   "reliability_level": "primary-authority",
+   "source_id": "58b34191-1e55-4202-aa3a-b48d17395fa3",
+   "sync_frequency": "daily",
+ }

 ÔØ» tests/unit/models/DataSource.test.ts:124:49
    122|       };
    123| 
    124|       await expect(dataSource.create(sourceData)).rejects.toThrow();
       |                                                 ^
    125|     });
    126| 

ÔÄ»ÔÄ»ÔÄ»ÔÄ»ÔÄ»ÔÄ»ÔÄ»ÔÄ»ÔÄ»ÔÄ»ÔÄ»ÔÄ»ÔÄ»ÔÄ»ÔÄ»ÔÄ»ÔÄ»ÔÄ»ÔÄ»ÔÄ»ÔÄ»ÔÄ»ÔÄ»[4/21]ÔÄ»

 FAIL  tests/unit/models/DataSource.test.ts > DataSource Model > Data Validation > should require primary fields
AssertionError: promise resolved "{ ÔÇª(11) }" instead of rejecting

- Expected
+ Received

- [Error: rejected promise]
+ Object {
+   "attribution": "",
+   "authority_name": "Incomplete Source",
+   "contact_email": null,
+   "created_at": 2026-02-18T22:06:58.432Z,
+   "data_type_provided": Array [],
+   "data_url": null,
+   "last_sync_timestamp": 2026-02-18T22:06:58.432Z,
+   "license": null,
+   "reliability_level": "unverified",
+   "source_id": "7f3c0b92-559b-4899-b493-924fe77ee24b",
+   "sync_frequency": null,
+ }

 ÔØ» tests/unit/models/DataSource.test.ts:146:55
    144|       };
    145| 
    146|       await expect(dataSource.create(incompleteSource)).rejects.toThroÔÇª
       |                                                       ^
    147|     });
    148|   });

ÔÄ»ÔÄ»ÔÄ»ÔÄ»ÔÄ»ÔÄ»ÔÄ»ÔÄ»ÔÄ»ÔÄ»ÔÄ»ÔÄ»ÔÄ»ÔÄ»ÔÄ»ÔÄ»ÔÄ»ÔÄ»ÔÄ»ÔÄ»ÔÄ»ÔÄ»ÔÄ»[5/21]ÔÄ»

 FAIL  tests/unit/models/DataSource.test.ts > DataSource Model > Query Methods > should find stale data sources (not synced recently)
error: invalid input syntax for type uuid: ""
 ÔØ» node_modules/pg-pool/index.js:45:11
 ÔØ» tests/unit/models/DataSource.test.ts:176:7
    174|     it('should find stale data sources (not synced recently)', async (ÔÇª
    175|       // Update last_sync_timestamp to old date
    176|       await dataSource.query(
       |       ^
    177|         `UPDATE data_sources SET last_sync_timestamp = NOW() - INTERVAÔÇª
    178|         [testSourceId]

ÔÄ»ÔÄ»ÔÄ»ÔÄ»ÔÄ»ÔÄ»ÔÄ»ÔÄ»ÔÄ»ÔÄ»ÔÄ»ÔÄ»ÔÄ»ÔÄ»ÔÄ»ÔÄ»ÔÄ»ÔÄ»ÔÄ»ÔÄ»ÔÄ»ÔÄ»ÔÄ»ÔÄ»ÔÄ»ÔÄ»ÔÄ»ÔÄ»ÔÄ»ÔÄ»
Serialized Error: { length: 129, severity: 'ERROR', code: '22P02', detail: undefined, hint: undefined, position: undefined, internalPosition: undefined, internalQuery: undefined, where: 'unnamed portal parameter $1 = \'\'', schema: undefined, table: undefined, column: undefined, dataType: undefined, constraint: undefined, file: 'uuid.c', line: '133', routine: 'string_to_uuid' }
ÔÄ»ÔÄ»ÔÄ»ÔÄ»ÔÄ»ÔÄ»ÔÄ»ÔÄ»ÔÄ»ÔÄ»ÔÄ»ÔÄ»ÔÄ»ÔÄ»ÔÄ»ÔÄ»ÔÄ»ÔÄ»ÔÄ»ÔÄ»ÔÄ»ÔÄ»ÔÄ»[6/21]ÔÄ»

 FAIL  tests/unit/models/DataSource.test.ts > DataSource Model > Query Methods > should get all pre-seeded sources
AssertionError: expected [ 'NATS', 'DfT', 'NATS AIS', ÔÇª(25) ] to include 'UK NOTAM Service'
 ÔØ» tests/unit/models/DataSource.test.ts:197:27
    195|       expect(sourceNames).toContain('UK Civil Aviation Authority');
    196|       expect(sourceNames).toContain('NATS AIS');
    197|       expect(sourceNames).toContain('UK NOTAM Service');
       |                           ^
    198|     });
    199|   });

ÔÄ»ÔÄ»ÔÄ»ÔÄ»ÔÄ»ÔÄ»ÔÄ»ÔÄ»ÔÄ»ÔÄ»ÔÄ»ÔÄ»ÔÄ»ÔÄ»ÔÄ»ÔÄ»ÔÄ»ÔÄ»ÔÄ»ÔÄ»ÔÄ»ÔÄ»ÔÄ»[7/21]ÔÄ»

 FAIL  tests/unit/models/DataSource.test.ts > DataSource Model > Sync Timestamp Operations > should update last_sync_timestamp
error: column "last_updated" of relation "data_sources" does not exist
 ÔØ» node_modules/pg-pool/index.js:45:11
 ÔØ» DataSource.updateSyncTimestamp src/models/DataSource.ts:81:5
     79|       WHERE ${this.primaryKey} = $1
     80|     `;
     81|     await this.query(query, [sourceId]);
       |     ^
     82|   }
     83| 
 ÔØ» tests/unit/models/DataSource.test.ts:205:7

ÔÄ»ÔÄ»ÔÄ»ÔÄ»ÔÄ»ÔÄ»ÔÄ»ÔÄ»ÔÄ»ÔÄ»ÔÄ»ÔÄ»ÔÄ»ÔÄ»ÔÄ»ÔÄ»ÔÄ»ÔÄ»ÔÄ»ÔÄ»ÔÄ»ÔÄ»ÔÄ»ÔÄ»ÔÄ»ÔÄ»ÔÄ»ÔÄ»ÔÄ»ÔÄ»
Serialized Error: { length: 139, severity: 'ERROR', code: '42703', detail: undefined, hint: undefined, position: '77', internalPosition: undefined, internalQuery: undefined, where: undefined, schema: undefined, table: undefined, column: undefined, dataType: undefined, constraint: undefined, file: 'analyze.c', line: '2466', routine: 'transformUpdateTargetList' }
ÔÄ»ÔÄ»ÔÄ»ÔÄ»ÔÄ»ÔÄ»ÔÄ»ÔÄ»ÔÄ»ÔÄ»ÔÄ»ÔÄ»ÔÄ»ÔÄ»ÔÄ»ÔÄ»ÔÄ»ÔÄ»ÔÄ»ÔÄ»ÔÄ»ÔÄ»ÔÄ»[8/21]ÔÄ»

 FAIL  tests/unit/models/DataSource.test.ts > DataSource Model > Sync Timestamp Operations > should get time since last sync
error: invalid input syntax for type uuid: ""
 ÔØ» node_modules/pg-pool/index.js:45:11
 ÔØ» tests/unit/models/DataSource.test.ts:217:7
    215|     it('should get time since last sync', async () => {
    216|       // Update to known old timestamp
    217|       await dataSource.query(
       |       ^
    218|         `UPDATE data_sources SET last_sync_timestamp = NOW() - INTERVAÔÇª
    219|         [testSourceId]

ÔÄ»ÔÄ»ÔÄ»ÔÄ»ÔÄ»ÔÄ»ÔÄ»ÔÄ»ÔÄ»ÔÄ»ÔÄ»ÔÄ»ÔÄ»ÔÄ»ÔÄ»ÔÄ»ÔÄ»ÔÄ»ÔÄ»ÔÄ»ÔÄ»ÔÄ»ÔÄ»ÔÄ»ÔÄ»ÔÄ»ÔÄ»ÔÄ»ÔÄ»ÔÄ»
Serialized Error: { length: 129, severity: 'ERROR', code: '22P02', detail: undefined, hint: undefined, position: undefined, internalPosition: undefined, internalQuery: undefined, where: 'unnamed portal parameter $1 = \'\'', schema: undefined, table: undefined, column: undefined, dataType: undefined, constraint: undefined, file: 'uuid.c', line: '133', routine: 'string_to_uuid' }
ÔÄ»ÔÄ»ÔÄ»ÔÄ»ÔÄ»ÔÄ»ÔÄ»ÔÄ»ÔÄ»ÔÄ»ÔÄ»ÔÄ»ÔÄ»ÔÄ»ÔÄ»ÔÄ»ÔÄ»ÔÄ»ÔÄ»ÔÄ»ÔÄ»ÔÄ»ÔÄ»[9/21]ÔÄ»

 FAIL  tests/unit/models/DataSource.test.ts > DataSource Model > Business Logic > should have correct data types for CAA
AssertionError: expected [ 'test' ] to include 'geographic_zones'
 ÔØ» tests/unit/models/DataSource.test.ts:269:39
    267|       const caa = await dataSource.findByName('UK Civil Aviation AuthoÔÇª
    268|       expect(caa?.data_type_provided).toBeInstanceOf(Array);
    269|       expect(caa?.data_type_provided).toContain('geographic_zones');
       |                                       ^
    270|     });
    271| 

ÔÄ»ÔÄ»ÔÄ»ÔÄ»ÔÄ»ÔÄ»ÔÄ»ÔÄ»ÔÄ»ÔÄ»ÔÄ»ÔÄ»ÔÄ»ÔÄ»ÔÄ»ÔÄ»ÔÄ»ÔÄ»ÔÄ»ÔÄ»ÔÄ»ÔÄ»[10/21]ÔÄ»

 FAIL  tests/unit/models/DataSource.test.ts > DataSource Model > Business Logic > should have appropriate sync frequency
AssertionError: expected 'object' to be 'string' // Object.is equality

- Expected
+ Received

- string
+ object

 ÔØ» tests/unit/models/DataSource.test.ts:277:46
    275|       sources.forEach((source) => {
    276|         expect(source.sync_frequency).toBeDefined();
    277|         expect(typeof source.sync_frequency).toBe('string');
       |                                              ^
    278|         expect(source.sync_frequency.length).toBeGreaterThan(0);
    279|       });
 ÔØ» tests/unit/models/DataSource.test.ts:275:15

ÔÄ»ÔÄ»ÔÄ»ÔÄ»ÔÄ»ÔÄ»ÔÄ»ÔÄ»ÔÄ»ÔÄ»ÔÄ»ÔÄ»ÔÄ»ÔÄ»ÔÄ»ÔÄ»ÔÄ»ÔÄ»ÔÄ»ÔÄ»ÔÄ»ÔÄ»[11/21]ÔÄ»

 FAIL  tests/unit/models/RestrictionZone.test.ts > RestrictionZone Model > CRUD Operations > should create a new restriction zone
error: Geometry type (Polygon) does not match column type (MultiPolygon)
 ÔØ» node_modules/pg-pool/index.js:45:11
 ÔØ» RestrictionZone.create src/models/RestrictionZone.ts:187:22
    185|       `;
    186| 
    187|       const result = await this.pool.query(query, [
       |                      ^
    188|         ...values.slice(0, -1),
    189|         JSON.stringify(values[values.length - 1]),
 ÔØ» tests/unit/models/RestrictionZone.test.ts:63:23

ÔÄ»ÔÄ»ÔÄ»ÔÄ»ÔÄ»ÔÄ»ÔÄ»ÔÄ»ÔÄ»ÔÄ»ÔÄ»ÔÄ»ÔÄ»ÔÄ»ÔÄ»ÔÄ»ÔÄ»ÔÄ»ÔÄ»ÔÄ»ÔÄ»ÔÄ»ÔÄ»ÔÄ»ÔÄ»ÔÄ»ÔÄ»ÔÄ»ÔÄ»ÔÄ»
Serialized Error: { length: 142, severity: 'ERROR', code: '22023', detail: undefined, hint: undefined, position: undefined, internalPosition: undefined, internalQuery: undefined, where: undefined, schema: undefined, table: undefined, column: undefined, dataType: undefined, constraint: undefined, file: 'gserialized_typmod.c', line: '175', routine: 'postgis_valid_typmod' }
ÔÄ»ÔÄ»ÔÄ»ÔÄ»ÔÄ»ÔÄ»ÔÄ»ÔÄ»ÔÄ»ÔÄ»ÔÄ»ÔÄ»ÔÄ»ÔÄ»ÔÄ»ÔÄ»ÔÄ»ÔÄ»ÔÄ»ÔÄ»ÔÄ»ÔÄ»[12/21]ÔÄ»

 FAIL  tests/unit/models/RestrictionZone.test.ts > RestrictionZone Model > CRUD Operations > should find restriction zone by ID
AssertionError: expected undefined to be 'no-fly' // Object.is equality

- Expected: 
"no-fly"

+ Received: 
undefined

 ÔØ» tests/unit/models/RestrictionZone.test.ts:80:32
     78|       expect(found).toBeDefined();
     79|       expect(found?.zone_id).toBe(testZoneId);
     80|       expect(found?.zone_type).toBe('no-fly');
       |                                ^
     81|       expect(found?.restriction_name).toBe('Test No-Fly Zone');
     82|     });

ÔÄ»ÔÄ»ÔÄ»ÔÄ»ÔÄ»ÔÄ»ÔÄ»ÔÄ»ÔÄ»ÔÄ»ÔÄ»ÔÄ»ÔÄ»ÔÄ»ÔÄ»ÔÄ»ÔÄ»ÔÄ»ÔÄ»ÔÄ»ÔÄ»ÔÄ»[13/21]ÔÄ»

 FAIL  tests/unit/models/RestrictionZone.test.ts > RestrictionZone Model > CRUD Operations > should update a restriction zone
AssertionError: expected undefined to be 'Updated test description' // Object.is equality

- Expected: 
"Updated test description"

+ Received: 
undefined

 ÔØ» tests/unit/models/RestrictionZone.test.ts:104:36
    102| 
    103|       expect(updated).toBeDefined();
    104|       expect(updated?.description).toBe('Updated test description');
       |                                    ^
    105|       expect(updated?.altitude_ceiling).toBe(3000);
    106|       expect(updated?.last_updated).toBeDefined();

ÔÄ»ÔÄ»ÔÄ»ÔÄ»ÔÄ»ÔÄ»ÔÄ»ÔÄ»ÔÄ»ÔÄ»ÔÄ»ÔÄ»ÔÄ»ÔÄ»ÔÄ»ÔÄ»ÔÄ»ÔÄ»ÔÄ»ÔÄ»ÔÄ»ÔÄ»[14/21]ÔÄ»

 FAIL  tests/unit/models/RestrictionZone.test.ts > RestrictionZone Model > CRUD Operations > should delete a restriction zone
AssertionError: expected false to be true // Object.is equality

- Expected
+ Received

- true
+ false

 ÔØ» tests/unit/models/RestrictionZone.test.ts:117:23
    115|     it('should delete a restriction zone', async () => {
    116|       const deleted = await restrictionZone.delete(testZoneId);
    117|       expect(deleted).toBe(true);
       |                       ^
    118| 
    119|       const found = await restrictionZone.findById(testZoneId);

ÔÄ»ÔÄ»ÔÄ»ÔÄ»ÔÄ»ÔÄ»ÔÄ»ÔÄ»ÔÄ»ÔÄ»ÔÄ»ÔÄ»ÔÄ»ÔÄ»ÔÄ»ÔÄ»ÔÄ»ÔÄ»ÔÄ»ÔÄ»ÔÄ»ÔÄ»[15/21]ÔÄ»

 FAIL  tests/unit/services/location-service.test.ts > LocationService - SAFETY CRITICAL > Restriction Status Determination > should return "permitted" status for location outside all restricted zones
AssertionError: expected 'controlled' to be 'permitted' // Object.is equality

- Expected
+ Received

- permitted
+ controlled

 ÔØ» tests/unit/services/location-service.test.ts:171:41
    169|       const status = await service.checkLocation(-0.13, 51.51);
    170| 
    171|       expect(status.restriction_status).toBe('permitted');
       |                                         ^
    172|       expect(status.can_fly).toBe(true);
    173|       expect(status.zones.length).toBe(0);

ÔÄ»ÔÄ»ÔÄ»ÔÄ»ÔÄ»ÔÄ»ÔÄ»ÔÄ»ÔÄ»ÔÄ»ÔÄ»ÔÄ»ÔÄ»ÔÄ»ÔÄ»ÔÄ»ÔÄ»ÔÄ»ÔÄ»ÔÄ»ÔÄ»ÔÄ»[16/21]ÔÄ»

 FAIL  tests/unit/services/location-service.test.ts > LocationService - SAFETY CRITICAL > Zone Priority Hierarchy > should prioritize no-fly over controlled airspace when overlapping
AssertionError: expected 3 to be 2 // Object.is equality

- Expected
+ Received

- 2
+ 3

 ÔØ» tests/unit/services/location-service.test.ts:223:35
    221|       expect(status.restriction_status).toBe('no-fly');
    222|       expect(status.can_fly).toBe(false);
    223|       expect(status.zones.length).toBe(2);
       |                                   ^
    224|     });
    225| 

ÔÄ»ÔÄ»ÔÄ»ÔÄ»ÔÄ»ÔÄ»ÔÄ»ÔÄ»ÔÄ»ÔÄ»ÔÄ»ÔÄ»ÔÄ»ÔÄ»ÔÄ»ÔÄ»ÔÄ»ÔÄ»ÔÄ»ÔÄ»ÔÄ»ÔÄ»[17/21]ÔÄ»

 FAIL  tests/unit/services/location-service.test.ts > LocationService - SAFETY CRITICAL > Temporal Filtering > should exclude expired temporary restrictions
AssertionError: expected 'controlled' to be 'permitted' // Object.is equality

- Expected
+ Received

- permitted
+ controlled

 ÔØ» tests/unit/services/location-service.test.ts:327:41
    325|       const status = await service.checkLocation(-0.45, 51.55);
    326| 
    327|       expect(status.restriction_status).toBe('permitted');
       |                                         ^
    328|       expect(status.zones.length).toBe(0);
    329|     });

ÔÄ»ÔÄ»ÔÄ»ÔÄ»ÔÄ»ÔÄ»ÔÄ»ÔÄ»ÔÄ»ÔÄ»ÔÄ»ÔÄ»ÔÄ»ÔÄ»ÔÄ»ÔÄ»ÔÄ»ÔÄ»ÔÄ»ÔÄ»ÔÄ»ÔÄ»[18/21]ÔÄ»

 FAIL  tests/unit/services/location-service.test.ts > LocationService - SAFETY CRITICAL > Temporal Filtering > should include active temporary restrictions
AssertionError: expected 2 to be 1 // Object.is equality

- Expected
+ Received

- 1
+ 2

 ÔØ» tests/unit/services/location-service.test.ts:356:35
    354| 
    355|       expect(status.restriction_status).toBe('no-fly');
    356|       expect(status.zones.length).toBe(1);
       |                                   ^
    357|     });
    358|   });

ÔÄ»ÔÄ»ÔÄ»ÔÄ»ÔÄ»ÔÄ»ÔÄ»ÔÄ»ÔÄ»ÔÄ»ÔÄ»ÔÄ»ÔÄ»ÔÄ»ÔÄ»ÔÄ»ÔÄ»ÔÄ»ÔÄ»ÔÄ»ÔÄ»ÔÄ»[19/21]ÔÄ»

 FAIL  tests/unit/services/location-service.test.ts > LocationService - SAFETY CRITICAL > Altitude Considerations > should include altitude restrictions in zone info
AssertionError: expected null to be 1000 // Object.is equality

- Expected: 
1000

+ Received: 
null

 ÔØ» tests/unit/services/location-service.test.ts:383:46
    381|       const status = await service.checkLocation(-0.45, 51.55);
    382| 
    383|       expect(status.zones[0].altitude_floor).toBe(1000);
       |                                              ^
    384|       expect(status.zones[0].altitude_ceiling).toBe(3000);
    385|     });

ÔÄ»ÔÄ»ÔÄ»ÔÄ»ÔÄ»ÔÄ»ÔÄ»ÔÄ»ÔÄ»ÔÄ»ÔÄ»ÔÄ»ÔÄ»ÔÄ»ÔÄ»ÔÄ»ÔÄ»ÔÄ»ÔÄ»ÔÄ»ÔÄ»ÔÄ»[20/21]ÔÄ»

 FAIL  tests/unit/services/location-service.test.ts > LocationService - SAFETY CRITICAL > Authorization Requirements > should set authorization_required flag for controlled airspace
AssertionError: expected false to be true // Object.is equality

- Expected
+ Received

- true
+ false

 ÔØ» tests/unit/services/location-service.test.ts:432:54
    430| 
    431|       expect(status.authorization_required).toBe(true);
    432|       expect(status.zones[0].authorization_possible).toBe(true);
       |                                                      ^
    433|     });
    434| 

ÔÄ»ÔÄ»ÔÄ»ÔÄ»ÔÄ»ÔÄ»ÔÄ»ÔÄ»ÔÄ»ÔÄ»ÔÄ»ÔÄ»ÔÄ»ÔÄ»ÔÄ»ÔÄ»ÔÄ»ÔÄ»ÔÄ»ÔÄ»ÔÄ»ÔÄ»[21/21]ÔÄ»

[2m Test Files [22m [1m[31m5 failed[39m[22m[90m (5)[39m
[2m      Tests [22m [1m[31m19 failed[39m[22m[2m | [22m[1m[32m42 passed[39m[22m[90m (89)[39m
[2m   Start at [22m 22:06:57
[2m   Duration [22m 2.01s


[1m[7m[31m FAIL [39m[27m[22m[31m Tests failed. Watching for file changes...[39m
       [2mpress [22m[1mh[22m[2m to show help[22m[2m, [22m[2mpress [22m[1mq[22m[2m to quit[22m
[90mstdout[2m | tests/unit/services/geospatial-service.test.ts[2m > [22m[2mGeospatialService - SAFETY CRITICAL[22m[39m
2026-02-18 22:06:58 [[32minfo[39m]: [32mDatabase connection pool initialized[39m
{
  "host": "localhost",
  "database": "dronego",
  "maxConnections": 20,
  "level": "\u001b[32minfo\u001b[39m",
  "message": "\u001b[32mDatabase connection pool initialized\u001b[39m",
  "timestamp": "2026-02-18 22:06:58"
}

 [32mÔ£ô[39m tests/unit/services/geospatial-service.test.ts [2m ([22m[2m23 tests[22m[2m)[22m[90m 119[2mms[22m[39m
[90mstdout[2m | unknown test[22m[39m
2026-02-18 22:06:59 [[32minfo[39m]: [32mDatabase connection pool initialized[39m
{
  "host": "localhost",
  "database": "dronego",
  "maxConnections": 20,
  "level": "\u001b[32minfo\u001b[39m",
  "message": "\u001b[32mDatabase connection pool initialized\u001b[39m",
  "timestamp": "2026-02-18 22:06:59"
}

 [33mÔØ»[39m tests/contract/zones.test.ts [2m ([22m[2m14 tests[22m[2m)[22m[90m 19[2mms[22m[39m
[90mstdout[2m | unknown test[22m[39m
2026-02-18 22:06:59 [[32minfo[39m]: [32mDatabase connection pool initialized[39m
{
  "host": "localhost",
  "database": "dronego",
  "maxConnections": 20,
  "level": "\u001b[32minfo\u001b[39m",
  "message": "\u001b[32mDatabase connection pool initialized\u001b[39m",
  "timestamp": "2026-02-18 22:06:59"
}

 [33mÔØ»[39m tests/contract/location.test.ts [2m ([22m[2m14 tests[22m[2m)[22m[90m 23[2mms[22m[39m

ÔÄ»ÔÄ»ÔÄ»ÔÄ»ÔÄ»ÔÄ» Failed Suites 2 ÔÄ»ÔÄ»ÔÄ»ÔÄ»ÔÄ»ÔÄ»ÔÄ»

 FAIL  tests/contract/zones.test.ts > GET /zones - HTTP Contract
error: column "data_type" of relation "data_sources" does not exist
 ÔØ» node_modules/pg-pool/index.js:45:11
 ÔØ» tests/contract/zones.test.ts:37:23
     35| 
     36|     // Create test data sources
     37|     const caaResult = await pool.query(
       |                       ^
     38|       `INSERT INTO data_sources (authority_name, data_type, confidenceÔÇª
     39|        VALUES ('CAA', 'geographic_zones', 'primary-authority')

ÔÄ»ÔÄ»ÔÄ»ÔÄ»ÔÄ»ÔÄ»ÔÄ»ÔÄ»ÔÄ»ÔÄ»ÔÄ»ÔÄ»ÔÄ»ÔÄ»ÔÄ»ÔÄ»ÔÄ»ÔÄ»ÔÄ»ÔÄ»ÔÄ»ÔÄ»ÔÄ»ÔÄ»ÔÄ»ÔÄ»ÔÄ»ÔÄ»ÔÄ»ÔÄ»
Serialized Error: { length: 134, severity: 'ERROR', code: '42703', detail: undefined, hint: undefined, position: '43', internalPosition: undefined, internalQuery: undefined, where: undefined, schema: undefined, table: undefined, column: undefined, dataType: undefined, constraint: undefined, file: 'parse_target.c', line: '1061', routine: 'checkInsertTargets' }
ÔÄ»ÔÄ»ÔÄ»ÔÄ»ÔÄ»ÔÄ»ÔÄ»ÔÄ»ÔÄ»ÔÄ»ÔÄ»ÔÄ»ÔÄ»ÔÄ»ÔÄ»ÔÄ»ÔÄ»ÔÄ»ÔÄ»ÔÄ»ÔÄ»ÔÄ»ÔÄ»[1/21]ÔÄ»

 FAIL  tests/contract/location.test.ts > GET /location/check - HTTP Contract
error: column "data_type" of relation "data_sources" does not exist
 ÔØ» node_modules/pg-pool/index.js:45:11
 ÔØ» tests/contract/location.test.ts:40:23
     38| 
     39|     // Create test data sources
     40|     const caaResult = await pool.query(
       |                       ^
     41|       `INSERT INTO data_sources (authority_name, data_type, confidenceÔÇª
     42|        VALUES ('CAA', 'geographic_zones', 'primary-authority')

ÔÄ»ÔÄ»ÔÄ»ÔÄ»ÔÄ»ÔÄ»ÔÄ»ÔÄ»ÔÄ»ÔÄ»ÔÄ»ÔÄ»ÔÄ»ÔÄ»ÔÄ»ÔÄ»ÔÄ»ÔÄ»ÔÄ»ÔÄ»ÔÄ»ÔÄ»ÔÄ»ÔÄ»ÔÄ»ÔÄ»ÔÄ»ÔÄ»ÔÄ»ÔÄ»
Serialized Error: { length: 134, severity: 'ERROR', code: '42703', detail: undefined, hint: undefined, position: '43', internalPosition: undefined, internalQuery: undefined, where: undefined, schema: undefined, table: undefined, column: undefined, dataType: undefined, constraint: undefined, file: 'parse_target.c', line: '1061', routine: 'checkInsertTargets' }
ÔÄ»ÔÄ»ÔÄ»ÔÄ»ÔÄ»ÔÄ»ÔÄ»ÔÄ»ÔÄ»ÔÄ»ÔÄ»ÔÄ»ÔÄ»ÔÄ»ÔÄ»ÔÄ»ÔÄ»ÔÄ»ÔÄ»ÔÄ»ÔÄ»ÔÄ»ÔÄ»[2/21]ÔÄ»

ÔÄ»ÔÄ»ÔÄ»ÔÄ»ÔÄ»ÔÄ» Failed Tests 19 ÔÄ»ÔÄ»ÔÄ»ÔÄ»ÔÄ»ÔÄ»ÔÄ»

 FAIL  tests/unit/models/DataSource.test.ts > DataSource Model > CRUD Operations > should update a data source
error: column "last_updated" of relation "data_sources" does not exist
 ÔØ» node_modules/pg-pool/index.js:45:11
 ÔØ» DataSource.update src/models/BaseModel.ts:121:20
    119|     `;
    120| 
    121|     const result = await this.pool.query(query, [...values, id]);
       |                    ^
    122|     
    123|     if (result.rows.length === 0) {
 ÔØ» tests/unit/models/DataSource.test.ts:85:23

ÔÄ»ÔÄ»ÔÄ»ÔÄ»ÔÄ»ÔÄ»ÔÄ»ÔÄ»ÔÄ»ÔÄ»ÔÄ»ÔÄ»ÔÄ»ÔÄ»ÔÄ»ÔÄ»ÔÄ»ÔÄ»ÔÄ»ÔÄ»ÔÄ»ÔÄ»ÔÄ»ÔÄ»ÔÄ»ÔÄ»ÔÄ»ÔÄ»ÔÄ»ÔÄ»
Serialized Error: { length: 139, severity: 'ERROR', code: '42703', detail: undefined, hint: undefined, position: '79', internalPosition: undefined, internalQuery: undefined, where: undefined, schema: undefined, table: undefined, column: undefined, dataType: undefined, constraint: undefined, file: 'analyze.c', line: '2466', routine: 'transformUpdateTargetList' }
ÔÄ»ÔÄ»ÔÄ»ÔÄ»ÔÄ»ÔÄ»ÔÄ»ÔÄ»ÔÄ»ÔÄ»ÔÄ»ÔÄ»ÔÄ»ÔÄ»ÔÄ»ÔÄ»ÔÄ»ÔÄ»ÔÄ»ÔÄ»ÔÄ»ÔÄ»ÔÄ»[3/21]ÔÄ»

 FAIL  tests/unit/models/DataSource.test.ts > DataSource Model > Data Validation > should enforce unique authority_name
AssertionError: promise resolved "{ ÔÇª(11) }" instead of rejecting

- Expected
+ Received

- [Error: rejected promise]
+ Object {
+   "attribution": "Test",
+   "authority_name": "UK Civil Aviation Authority",
+   "contact_email": null,
+   "created_at": 2026-02-18T22:06:58.406Z,
+   "data_type_provided": Array [
+     "test",
+   ],
+   "data_url": null,
+   "last_sync_timestamp": 2026-02-18T22:06:58.406Z,
+   "license": "Test",
+   "reliability_level": "primary-authority",
+   "source_id": "58b34191-1e55-4202-aa3a-b48d17395fa3",
+   "sync_frequency": "daily",
+ }

 ÔØ» tests/unit/models/DataSource.test.ts:124:49
    122|       };
    123| 
    124|       await expect(dataSource.create(sourceData)).rejects.toThrow();
       |                                                 ^
    125|     });
    126| 

ÔÄ»ÔÄ»ÔÄ»ÔÄ»ÔÄ»ÔÄ»ÔÄ»ÔÄ»ÔÄ»ÔÄ»ÔÄ»ÔÄ»ÔÄ»ÔÄ»ÔÄ»ÔÄ»ÔÄ»ÔÄ»ÔÄ»ÔÄ»ÔÄ»ÔÄ»ÔÄ»[4/21]ÔÄ»

 FAIL  tests/unit/models/DataSource.test.ts > DataSource Model > Data Validation > should require primary fields
AssertionError: promise resolved "{ ÔÇª(11) }" instead of rejecting

- Expected
+ Received

- [Error: rejected promise]
+ Object {
+   "attribution": "",
+   "authority_name": "Incomplete Source",
+   "contact_email": null,
+   "created_at": 2026-02-18T22:06:58.432Z,
+   "data_type_provided": Array [],
+   "data_url": null,
+   "last_sync_timestamp": 2026-02-18T22:06:58.432Z,
+   "license": null,
+   "reliability_level": "unverified",
+   "source_id": "7f3c0b92-559b-4899-b493-924fe77ee24b",
+   "sync_frequency": null,
+ }

 ÔØ» tests/unit/models/DataSource.test.ts:146:55
    144|       };
    145| 
    146|       await expect(dataSource.create(incompleteSource)).rejects.toThroÔÇª
       |                                                       ^
    147|     });
    148|   });

ÔÄ»ÔÄ»ÔÄ»ÔÄ»ÔÄ»ÔÄ»ÔÄ»ÔÄ»ÔÄ»ÔÄ»ÔÄ»ÔÄ»ÔÄ»ÔÄ»ÔÄ»ÔÄ»ÔÄ»ÔÄ»ÔÄ»ÔÄ»ÔÄ»ÔÄ»ÔÄ»[5/21]ÔÄ»

 FAIL  tests/unit/models/DataSource.test.ts > DataSource Model > Query Methods > should find stale data sources (not synced recently)
error: invalid input syntax for type uuid: ""
 ÔØ» node_modules/pg-pool/index.js:45:11
 ÔØ» tests/unit/models/DataSource.test.ts:176:7
    174|     it('should find stale data sources (not synced recently)', async (ÔÇª
    175|       // Update last_sync_timestamp to old date
    176|       await dataSource.query(
       |       ^
    177|         `UPDATE data_sources SET last_sync_timestamp = NOW() - INTERVAÔÇª
    178|         [testSourceId]

ÔÄ»ÔÄ»ÔÄ»ÔÄ»ÔÄ»ÔÄ»ÔÄ»ÔÄ»ÔÄ»ÔÄ»ÔÄ»ÔÄ»ÔÄ»ÔÄ»ÔÄ»ÔÄ»ÔÄ»ÔÄ»ÔÄ»ÔÄ»ÔÄ»ÔÄ»ÔÄ»ÔÄ»ÔÄ»ÔÄ»ÔÄ»ÔÄ»ÔÄ»ÔÄ»
Serialized Error: { length: 129, severity: 'ERROR', code: '22P02', detail: undefined, hint: undefined, position: undefined, internalPosition: undefined, internalQuery: undefined, where: 'unnamed portal parameter $1 = \'\'', schema: undefined, table: undefined, column: undefined, dataType: undefined, constraint: undefined, file: 'uuid.c', line: '133', routine: 'string_to_uuid' }
ÔÄ»ÔÄ»ÔÄ»ÔÄ»ÔÄ»ÔÄ»ÔÄ»ÔÄ»ÔÄ»ÔÄ»ÔÄ»ÔÄ»ÔÄ»ÔÄ»ÔÄ»ÔÄ»ÔÄ»ÔÄ»ÔÄ»ÔÄ»ÔÄ»ÔÄ»ÔÄ»[6/21]ÔÄ»

 FAIL  tests/unit/models/DataSource.test.ts > DataSource Model > Query Methods > should get all pre-seeded sources
AssertionError: expected [ 'NATS', 'DfT', 'NATS AIS', ÔÇª(25) ] to include 'UK NOTAM Service'
 ÔØ» tests/unit/models/DataSource.test.ts:197:27
    195|       expect(sourceNames).toContain('UK Civil Aviation Authority');
    196|       expect(sourceNames).toContain('NATS AIS');
    197|       expect(sourceNames).toContain('UK NOTAM Service');
       |                           ^
    198|     });
    199|   });

ÔÄ»ÔÄ»ÔÄ»ÔÄ»ÔÄ»ÔÄ»ÔÄ»ÔÄ»ÔÄ»ÔÄ»ÔÄ»ÔÄ»ÔÄ»ÔÄ»ÔÄ»ÔÄ»ÔÄ»ÔÄ»ÔÄ»ÔÄ»ÔÄ»ÔÄ»ÔÄ»[7/21]ÔÄ»

 FAIL  tests/unit/models/DataSource.test.ts > DataSource Model > Sync Timestamp Operations > should update last_sync_timestamp
error: column "last_updated" of relation "data_sources" does not exist
 ÔØ» node_modules/pg-pool/index.js:45:11
 ÔØ» DataSource.updateSyncTimestamp src/models/DataSource.ts:81:5
     79|       WHERE ${this.primaryKey} = $1
     80|     `;
     81|     await this.query(query, [sourceId]);
       |     ^
     82|   }
     83| 
 ÔØ» tests/unit/models/DataSource.test.ts:205:7

ÔÄ»ÔÄ»ÔÄ»ÔÄ»ÔÄ»ÔÄ»ÔÄ»ÔÄ»ÔÄ»ÔÄ»ÔÄ»ÔÄ»ÔÄ»ÔÄ»ÔÄ»ÔÄ»ÔÄ»ÔÄ»ÔÄ»ÔÄ»ÔÄ»ÔÄ»ÔÄ»ÔÄ»ÔÄ»ÔÄ»ÔÄ»ÔÄ»ÔÄ»ÔÄ»
Serialized Error: { length: 139, severity: 'ERROR', code: '42703', detail: undefined, hint: undefined, position: '77', internalPosition: undefined, internalQuery: undefined, where: undefined, schema: undefined, table: undefined, column: undefined, dataType: undefined, constraint: undefined, file: 'analyze.c', line: '2466', routine: 'transformUpdateTargetList' }
ÔÄ»ÔÄ»ÔÄ»ÔÄ»ÔÄ»ÔÄ»ÔÄ»ÔÄ»ÔÄ»ÔÄ»ÔÄ»ÔÄ»ÔÄ»ÔÄ»ÔÄ»ÔÄ»ÔÄ»ÔÄ»ÔÄ»ÔÄ»ÔÄ»ÔÄ»ÔÄ»[8/21]ÔÄ»

 FAIL  tests/unit/models/DataSource.test.ts > DataSource Model > Sync Timestamp Operations > should get time since last sync
error: invalid input syntax for type uuid: ""
 ÔØ» node_modules/pg-pool/index.js:45:11
 ÔØ» tests/unit/models/DataSource.test.ts:217:7
    215|     it('should get time since last sync', async () => {
    216|       // Update to known old timestamp
    217|       await dataSource.query(
       |       ^
    218|         `UPDATE data_sources SET last_sync_timestamp = NOW() - INTERVAÔÇª
    219|         [testSourceId]

ÔÄ»ÔÄ»ÔÄ»ÔÄ»ÔÄ»ÔÄ»ÔÄ»ÔÄ»ÔÄ»ÔÄ»ÔÄ»ÔÄ»ÔÄ»ÔÄ»ÔÄ»ÔÄ»ÔÄ»ÔÄ»ÔÄ»ÔÄ»ÔÄ»ÔÄ»ÔÄ»ÔÄ»ÔÄ»ÔÄ»ÔÄ»ÔÄ»ÔÄ»ÔÄ»
Serialized Error: { length: 129, severity: 'ERROR', code: '22P02', detail: undefined, hint: undefined, position: undefined, internalPosition: undefined, internalQuery: undefined, where: 'unnamed portal parameter $1 = \'\'', schema: undefined, table: undefined, column: undefined, dataType: undefined, constraint: undefined, file: 'uuid.c', line: '133', routine: 'string_to_uuid' }
ÔÄ»ÔÄ»ÔÄ»ÔÄ»ÔÄ»ÔÄ»ÔÄ»ÔÄ»ÔÄ»ÔÄ»ÔÄ»ÔÄ»ÔÄ»ÔÄ»ÔÄ»ÔÄ»ÔÄ»ÔÄ»ÔÄ»ÔÄ»ÔÄ»ÔÄ»ÔÄ»[9/21]ÔÄ»

 FAIL  tests/unit/models/DataSource.test.ts > DataSource Model > Business Logic > should have correct data types for CAA
AssertionError: expected [ 'test' ] to include 'geographic_zones'
 ÔØ» tests/unit/models/DataSource.test.ts:269:39
    267|       const caa = await dataSource.findByName('UK Civil Aviation AuthoÔÇª
    268|       expect(caa?.data_type_provided).toBeInstanceOf(Array);
    269|       expect(caa?.data_type_provided).toContain('geographic_zones');
       |                                       ^
    270|     });
    271| 

ÔÄ»ÔÄ»ÔÄ»ÔÄ»ÔÄ»ÔÄ»ÔÄ»ÔÄ»ÔÄ»ÔÄ»ÔÄ»ÔÄ»ÔÄ»ÔÄ»ÔÄ»ÔÄ»ÔÄ»ÔÄ»ÔÄ»ÔÄ»ÔÄ»ÔÄ»[10/21]ÔÄ»

 FAIL  tests/unit/models/DataSource.test.ts > DataSource Model > Business Logic > should have appropriate sync frequency
AssertionError: expected 'object' to be 'string' // Object.is equality

- Expected
+ Received

- string
+ object

 ÔØ» tests/unit/models/DataSource.test.ts:277:46
    275|       sources.forEach((source) => {
    276|         expect(source.sync_frequency).toBeDefined();
    277|         expect(typeof source.sync_frequency).toBe('string');
       |                                              ^
    278|         expect(source.sync_frequency.length).toBeGreaterThan(0);
    279|       });
 ÔØ» tests/unit/models/DataSource.test.ts:275:15

ÔÄ»ÔÄ»ÔÄ»ÔÄ»ÔÄ»ÔÄ»ÔÄ»ÔÄ»ÔÄ»ÔÄ»ÔÄ»ÔÄ»ÔÄ»ÔÄ»ÔÄ»ÔÄ»ÔÄ»ÔÄ»ÔÄ»ÔÄ»ÔÄ»ÔÄ»[11/21]ÔÄ»

 FAIL  tests/unit/models/RestrictionZone.test.ts > RestrictionZone Model > CRUD Operations > should create a new restriction zone
error: Geometry type (Polygon) does not match column type (MultiPolygon)
 ÔØ» node_modules/pg-pool/index.js:45:11
 ÔØ» RestrictionZone.create src/models/RestrictionZone.ts:187:22
    185|       `;
    186| 
    187|       const result = await this.pool.query(query, [
       |                      ^
    188|         ...values.slice(0, -1),
    189|         JSON.stringify(values[values.length - 1]),
 ÔØ» tests/unit/models/RestrictionZone.test.ts:63:23

ÔÄ»ÔÄ»ÔÄ»ÔÄ»ÔÄ»ÔÄ»ÔÄ»ÔÄ»ÔÄ»ÔÄ»ÔÄ»ÔÄ»ÔÄ»ÔÄ»ÔÄ»ÔÄ»ÔÄ»ÔÄ»ÔÄ»ÔÄ»ÔÄ»ÔÄ»ÔÄ»ÔÄ»ÔÄ»ÔÄ»ÔÄ»ÔÄ»ÔÄ»ÔÄ»
Serialized Error: { length: 142, severity: 'ERROR', code: '22023', detail: undefined, hint: undefined, position: undefined, internalPosition: undefined, internalQuery: undefined, where: undefined, schema: undefined, table: undefined, column: undefined, dataType: undefined, constraint: undefined, file: 'gserialized_typmod.c', line: '175', routine: 'postgis_valid_typmod' }
ÔÄ»ÔÄ»ÔÄ»ÔÄ»ÔÄ»ÔÄ»ÔÄ»ÔÄ»ÔÄ»ÔÄ»ÔÄ»ÔÄ»ÔÄ»ÔÄ»ÔÄ»ÔÄ»ÔÄ»ÔÄ»ÔÄ»ÔÄ»ÔÄ»ÔÄ»[12/21]ÔÄ»

 FAIL  tests/unit/models/RestrictionZone.test.ts > RestrictionZone Model > CRUD Operations > should find restriction zone by ID
AssertionError: expected undefined to be 'no-fly' // Object.is equality

- Expected: 
"no-fly"

+ Received: 
undefined

 ÔØ» tests/unit/models/RestrictionZone.test.ts:80:32
     78|       expect(found).toBeDefined();
     79|       expect(found?.zone_id).toBe(testZoneId);
     80|       expect(found?.zone_type).toBe('no-fly');
       |                                ^
     81|       expect(found?.restriction_name).toBe('Test No-Fly Zone');
     82|     });

ÔÄ»ÔÄ»ÔÄ»ÔÄ»ÔÄ»ÔÄ»ÔÄ»ÔÄ»ÔÄ»ÔÄ»ÔÄ»ÔÄ»ÔÄ»ÔÄ»ÔÄ»ÔÄ»ÔÄ»ÔÄ»ÔÄ»ÔÄ»ÔÄ»ÔÄ»[13/21]ÔÄ»

 FAIL  tests/unit/models/RestrictionZone.test.ts > RestrictionZone Model > CRUD Operations > should update a restriction zone
AssertionError: expected undefined to be 'Updated test description' // Object.is equality

- Expected: 
"Updated test description"

+ Received: 
undefined

 ÔØ» tests/unit/models/RestrictionZone.test.ts:104:36
    102| 
    103|       expect(updated).toBeDefined();
    104|       expect(updated?.description).toBe('Updated test description');
       |                                    ^
    105|       expect(updated?.altitude_ceiling).toBe(3000);
    106|       expect(updated?.last_updated).toBeDefined();

ÔÄ»ÔÄ»ÔÄ»ÔÄ»ÔÄ»ÔÄ»ÔÄ»ÔÄ»ÔÄ»ÔÄ»ÔÄ»ÔÄ»ÔÄ»ÔÄ»ÔÄ»ÔÄ»ÔÄ»ÔÄ»ÔÄ»ÔÄ»ÔÄ»ÔÄ»[14/21]ÔÄ»

 FAIL  tests/unit/models/RestrictionZone.test.ts > RestrictionZone Model > CRUD Operations > should delete a restriction zone
AssertionError: expected false to be true // Object.is equality

- Expected
+ Received

- true
+ false

 ÔØ» tests/unit/models/RestrictionZone.test.ts:117:23
    115|     it('should delete a restriction zone', async () => {
    116|       const deleted = await restrictionZone.delete(testZoneId);
    117|       expect(deleted).toBe(true);
       |                       ^
    118| 
    119|       const found = await restrictionZone.findById(testZoneId);

ÔÄ»ÔÄ»ÔÄ»ÔÄ»ÔÄ»ÔÄ»ÔÄ»ÔÄ»ÔÄ»ÔÄ»ÔÄ»ÔÄ»ÔÄ»ÔÄ»ÔÄ»ÔÄ»ÔÄ»ÔÄ»ÔÄ»ÔÄ»ÔÄ»ÔÄ»[15/21]ÔÄ»

 FAIL  tests/unit/services/location-service.test.ts > LocationService - SAFETY CRITICAL > Restriction Status Determination > should return "permitted" status for location outside all restricted zones
AssertionError: expected 'controlled' to be 'permitted' // Object.is equality

- Expected
+ Received

- permitted
+ controlled

 ÔØ» tests/unit/services/location-service.test.ts:171:41
    169|       const status = await service.checkLocation(-0.13, 51.51);
    170| 
    171|       expect(status.restriction_status).toBe('permitted');
       |                                         ^
    172|       expect(status.can_fly).toBe(true);
    173|       expect(status.zones.length).toBe(0);

ÔÄ»ÔÄ»ÔÄ»ÔÄ»ÔÄ»ÔÄ»ÔÄ»ÔÄ»ÔÄ»ÔÄ»ÔÄ»ÔÄ»ÔÄ»ÔÄ»ÔÄ»ÔÄ»ÔÄ»ÔÄ»ÔÄ»ÔÄ»ÔÄ»ÔÄ»[16/21]ÔÄ»

 FAIL  tests/unit/services/location-service.test.ts > LocationService - SAFETY CRITICAL > Zone Priority Hierarchy > should prioritize no-fly over controlled airspace when overlapping
AssertionError: expected 3 to be 2 // Object.is equality

- Expected
+ Received

- 2
+ 3

 ÔØ» tests/unit/services/location-service.test.ts:223:35
    221|       expect(status.restriction_status).toBe('no-fly');
    222|       expect(status.can_fly).toBe(false);
    223|       expect(status.zones.length).toBe(2);
       |                                   ^
    224|     });
    225| 

ÔÄ»ÔÄ»ÔÄ»ÔÄ»ÔÄ»ÔÄ»ÔÄ»ÔÄ»ÔÄ»ÔÄ»ÔÄ»ÔÄ»ÔÄ»ÔÄ»ÔÄ»ÔÄ»ÔÄ»ÔÄ»ÔÄ»ÔÄ»ÔÄ»ÔÄ»[17/21]ÔÄ»

 FAIL  tests/unit/services/location-service.test.ts > LocationService - SAFETY CRITICAL > Temporal Filtering > should exclude expired temporary restrictions
AssertionError: expected 'controlled' to be 'permitted' // Object.is equality

- Expected
+ Received

- permitted
+ controlled

 ÔØ» tests/unit/services/location-service.test.ts:327:41
    325|       const status = await service.checkLocation(-0.45, 51.55);
    326| 
    327|       expect(status.restriction_status).toBe('permitted');
       |                                         ^
    328|       expect(status.zones.length).toBe(0);
    329|     });

ÔÄ»ÔÄ»ÔÄ»ÔÄ»ÔÄ»ÔÄ»ÔÄ»ÔÄ»ÔÄ»ÔÄ»ÔÄ»ÔÄ»ÔÄ»ÔÄ»ÔÄ»ÔÄ»ÔÄ»ÔÄ»ÔÄ»ÔÄ»ÔÄ»ÔÄ»[18/21]ÔÄ»

 FAIL  tests/unit/services/location-service.test.ts > LocationService - SAFETY CRITICAL > Temporal Filtering > should include active temporary restrictions
AssertionError: expected 2 to be 1 // Object.is equality

- Expected
+ Received

- 1
+ 2

 ÔØ» tests/unit/services/location-service.test.ts:356:35
    354| 
    355|       expect(status.restriction_status).toBe('no-fly');
    356|       expect(status.zones.length).toBe(1);
       |                                   ^
    357|     });
    358|   });

ÔÄ»ÔÄ»ÔÄ»ÔÄ»ÔÄ»ÔÄ»ÔÄ»ÔÄ»ÔÄ»ÔÄ»ÔÄ»ÔÄ»ÔÄ»ÔÄ»ÔÄ»ÔÄ»ÔÄ»ÔÄ»ÔÄ»ÔÄ»ÔÄ»ÔÄ»[19/21]ÔÄ»

 FAIL  tests/unit/services/location-service.test.ts > LocationService - SAFETY CRITICAL > Altitude Considerations > should include altitude restrictions in zone info
AssertionError: expected null to be 1000 // Object.is equality

- Expected: 
1000

+ Received: 
null

 ÔØ» tests/unit/services/location-service.test.ts:383:46
    381|       const status = await service.checkLocation(-0.45, 51.55);
    382| 
    383|       expect(status.zones[0].altitude_floor).toBe(1000);
       |                                              ^
    384|       expect(status.zones[0].altitude_ceiling).toBe(3000);
    385|     });

ÔÄ»ÔÄ»ÔÄ»ÔÄ»ÔÄ»ÔÄ»ÔÄ»ÔÄ»ÔÄ»ÔÄ»ÔÄ»ÔÄ»ÔÄ»ÔÄ»ÔÄ»ÔÄ»ÔÄ»ÔÄ»ÔÄ»ÔÄ»ÔÄ»ÔÄ»[20/21]ÔÄ»

 FAIL  tests/unit/services/location-service.test.ts > LocationService - SAFETY CRITICAL > Authorization Requirements > should set authorization_required flag for controlled airspace
AssertionError: expected false to be true // Object.is equality

- Expected
+ Received

- true
+ false

 ÔØ» tests/unit/services/location-service.test.ts:432:54
    430| 
    431|       expect(status.authorization_required).toBe(true);
    432|       expect(status.zones[0].authorization_possible).toBe(true);
       |                                                      ^
    433|     });
    434| 

ÔÄ»ÔÄ»ÔÄ»ÔÄ»ÔÄ»ÔÄ»ÔÄ»ÔÄ»ÔÄ»ÔÄ»ÔÄ»ÔÄ»ÔÄ»ÔÄ»ÔÄ»ÔÄ»ÔÄ»ÔÄ»ÔÄ»ÔÄ»ÔÄ»ÔÄ»[21/21]ÔÄ»

[2m Test Files [22m [1m[31m5 failed[39m[22m[2m | [22m[1m[32m1 passed[39m[22m[90m (6)[39m
[2m      Tests [22m [1m[31m19 failed[39m[22m[2m | [22m[1m[32m65 passed[39m[22m[90m (112)[39m
[2m   Start at [22m 22:06:57
[2m   Duration [22m 1.87s


[1m[7m[31m FAIL [39m[27m[22m[31m Tests failed. Watching for file changes...[39m
       [2mpress [22m[1mh[22m[2m to show help[22m[2m, [22m[2mpress [22m[1mq[22m[2m to quit[22m

[2m Test Files [22m [2mno tests[22m
[2m      Tests [22m [2mno tests[22m
[2m   Start at [22m 22:06:57
[2m   Duration [22m 0ms


[1m[7m[32m PASS [39m[27m[22m[32m Waiting for file changes...[39m
       [2mpress [22m[1mh[22m[2m to show help[22m[2m, [22m[2mpress [22m[1mq[22m[2m to quit[22m
[2K[1G[36m?[39m [1mInput a single project name[22m [90m┬╗[39m [90mnloads\DroneGo\backend'; npm test -- --run 2>&1 | Select-String -Pattern "Test Files|Tests |FAIL" | Select-Object -Last 10[39m78[2K[1G[2K[1G[36m?[39m [1mInput a single project name[22m [90m┬╗[39m n78[2K[1G[2K[1G[36m?[39m [1mInput a single project name[22m [90m┬╗[39m nl78[2K[1G[2K[1G[36m?[39m [1mInput a single project name[22m [90m┬╗[39m nlo78[2K[1G[2K[1G[36m?[39m [1mInput a single project name[22m [90m┬╗[39m nloa78[2K[1G[2K[1G[36m?[39m [1mInput a single project name[22m [90m┬╗[39m nload78[2K[1G[2K[1G[36m?[39m [1mInput a single project name[22m [90m┬╗[39m nloads78[2K[1G[2K[1G[36m?[39m [1mInput a single project name[22m [90m┬╗[39m nloads\78[2K[1G[2K[1G[36m?[39m [1mInput a single project name[22m [90m┬╗[39m nloads\D78[2K[1G[2K[1G[36m?[39m [1mInput a single project name[22m [90m┬╗[39m nloads\Dr78[2K[1G[2K[1G[36m?[39m [1mInput a single project name[22m [90m┬╗[39m nloads\Dro78[2K[1G[2K[1G[36m?[39m [1mInput a single project name[22m [90m┬╗[39m nloads\Dron78[2K[1G[2K[1G[36m?[39m [1mInput a single project name[22m [90m┬╗[39m nloads\Drone78[2K[1G[2K[1G[36m?[39m [1mInput a single project name[22m [90m┬╗[39m nloads\DroneG78[2K[1G[2K[1G[36m?[39m [1mInput a single project name[22m [90m┬╗[39m nloads\DroneGo78[2K[1G[2K[1G[36m?[39m [1mInput a single project name[22m [90m┬╗[39m nloads\DroneGo\78[2K[1G[2K[1G[36m?[39m [1mInput a single project name[22m [90m┬╗[39m nloads\DroneGo\b78[2K[1G[2K[1G[36m?[39m [1mInput a single project name[22m [90m┬╗[39m nloads\DroneGo\ba78[2K[1G[2K[1G[36m?[39m [1mInput a single project name[22m [90m┬╗[39m nloads\DroneGo\bac78[2K[1G[2K[1G[36m?[39m [1mInput a single project name[22m [90m┬╗[39m nloads\DroneGo\back78[2K[1G[2K[1G[36m?[39m [1mInput a single project name[22m [90m┬╗[39m nloads\DroneGo\backe78[2K[1G[2K[1G[36m?[39m [1mInput a single project name[22m [90m┬╗[39m nloads\DroneGo\backen78[2K[1G[2K[1G[36m?[39m [1mInput a single project name[22m [90m┬╗[39m nloads\DroneGo\backend78[2K[1G[2K[1G[36m?[39m [1mInput a single project name[22m [90m┬╗[39m nloads\DroneGo\backend'78[2K[1G[2K[1G[36m?[39m [1mInput a single project name[22m [90m┬╗[39m nloads\DroneGo\backend';78[2K[1G[2K[1G[36m?[39m [1mInput a single project name[22m [90m┬╗[39m nloads\DroneGo\backend'; 78[2K[1G[2K[1G[36m?[39m [1mInput a single project name[22m [90m┬╗[39m nloads\DroneGo\backend'; n78[2K[1G[2K[1G[36m?[39m [1mInput a single project name[22m [90m┬╗[39m nloads\DroneGo\backend'; np78[2K[1G[2K[1G[36m?[39m [1mInput a single project name[22m [90m┬╗[39m nloads\DroneGo\backend'; npm78[2K[1G[2K[1G[36m?[39m [1mInput a single project name[22m [90m┬╗[39m nloads\DroneGo\backend'; npm 78[2K[1G[2K[1G[36m?[39m [1mInput a single project name[22m [90m┬╗[39m nloads\DroneGo\backend'; npm t78[2K[1G[2K[1G[36m?[39m [1mInput a single project name[22m [90m┬╗[39m nloads\DroneGo\backend'; npm te78[2K[1G[2K[1G[36m?[39m [1mInput a single project name[22m [90m┬╗[39m nloads\DroneGo\backend'; npm tes78[2K[1G[2K[1G[36m?[39m [1mInput a single project name[22m [90m┬╗[39m nloads\DroneGo\backend'; npm test78[2K[1G[2K[1G[36m?[39m [1mInput a single project name[22m [90m┬╗[39m nloads\DroneGo\backend'; npm test 78[2K[1G[2K[1G[36m?[39m [1mInput a single project name[22m [90m┬╗[39m nloads\DroneGo\backend'; npm test -78[2K[1G[2K[1G[36m?[39m [1mInput a single project name[22m [90m┬╗[39m nloads\DroneGo\backend'; npm test --78[2K[1G[2K[1G[36m?[39m [1mInput a single project name[22m [90m┬╗[39m nloads\DroneGo\backend'; npm test -- 78[2K[1G[2K[1G[36m?[39m [1mInput a single project name[22m [90m┬╗[39m nloads\DroneGo\backend'; npm test -- -78[2K[1G[2K[1G[36m?[39m [1mInput a single project name[22m [90m┬╗[39m nloads\DroneGo\backend'; npm test -- --78[2K[1G[2K[1G[36m?[39m [1mInput a single project name[22m [90m┬╗[39m nloads\DroneGo\backend'; npm test -- --r78[2K[1G[2K[1G[36m?[39m [1mInput a single project name[22m [90m┬╗[39m nloads\DroneGo\backend'; npm test -- --ru78[2K[1G[2K[1G[36m?[39m [1mInput a single project name[22m [90m┬╗[39m nloads\DroneGo\backend'; npm test -- --run78[2K[1G[2K[1G[36m?[39m [1mInput a single project name[22m [90m┬╗[39m nloads\DroneGo\backend'; npm test -- --run 78[2K[1G[2K[1G[36m?[39m [1mInput a single project name[22m [90m┬╗[39m nloads\DroneGo\backend'; npm test -- --run -78[2K[1G[2K[1G[36m?[39m [1mInput a single project name[22m [90m┬╗[39m nloads\DroneGo\backend'; npm test -- --run --78[2K[1G[2K[1G[36m?[39m [1mInput a single project name[22m [90m┬╗[39m nloads\DroneGo\backend'; npm test -- --run --r78[2K[1G[2K[1G[36m?[39m [1mInput a single project name[22m [90m┬╗[39m nloads\DroneGo\backend'; npm test -- --run --re78[2K[1G[2K[1G[36m?[39m [1mInput a single project name[22m [90m┬╗[39m nloads\DroneGo\backend'; npm test -- --run --rep78[2K[1G[2K[1G[36m?[39m [1mInput a single project name[22m [90m┬╗[39m nloads\DroneGo\backend'; npm test -- --run --repo78[2K[1G[2K[1G[36m?[39m [1mInput a single project name[22m [90m┬╗[39m nloads\DroneGo\backend'; npm test -- --run --repor78[2K[1G[2K[1G[36m?[39m [1mInput a single project name[22m [90m┬╗[39m nloads\DroneGo\backend'; npm test -- --run --report78[2K[1G[2K[1G[36m?[39m [1mInput a single project name[22m [90m┬╗[39m nloads\DroneGo\backend'; npm test -- --run --reporte78[2K[1G[2K[1G[36m?[39m [1mInput a single project name[22m [90m┬╗[39m nloads\DroneGo\backend'; npm test -- --run --reporter78[2K[1G[2K[1G[36m?[39m [1mInput a single project name[22m [90m┬╗[39m nloads\DroneGo\backend'; npm test -- --run --reporter=78[2K[1G[2K[1G[36m?[39m [1mInput a single project name[22m [90m┬╗[39m nloads\DroneGo\backend'; npm test -- --run --reporter=b78[2K[1G[2K[1G[36m?[39m [1mInput a single project name[22m [90m┬╗[39m nloads\DroneGo\backend'; npm test -- --run --reporter=ba78[2K[1G[2K[1G[36m?[39m [1mInput a single project name[22m [90m┬╗[39m nloads\DroneGo\backend'; npm test -- --run --reporter=bas78[2K[1G[2K[1G[36m?[39m [1mInput a single project name[22m [90m┬╗[39m nloads\DroneGo\backend'; npm test -- --run --reporter=basi78[2K[1G[2K[1G[36m?[39m [1mInput a single project name[22m [90m┬╗[39m nloads\DroneGo\backend'; npm test -- --run --reporter=basic78[2K[1G[2K[1G[36m?[39m [1mInput a single project name[22m [90m┬╗[39m nloads\DroneGo\backend'; npm test -- --run --reporter=basic 78[2K[1G[2K[1G[36m?[39m [1mInput a single project name[22m [90m┬╗[39m nloads\DroneGo\backend'; npm test -- --run --reporter=basic 278[2K[1G[2K[1G[36m?[39m [1mInput a single project name[22m [90m┬╗[39m nloads\DroneGo\backend'; npm test -- --run --reporter=basic 2>78[2K[1G[2K[1G[36m?[39m [1mInput a single project name[22m [90m┬╗[39m nloads\DroneGo\backend'; npm test -- --run --reporter=basic 2>&78[2K[1G[2K[1G[36m?[39m [1mInput a single project name[22m [90m┬╗[39m nloads\DroneGo\backend'; npm test -- --run --reporter=basic 2>&178[2K[1G[2K[1G[36m?[39m [1mInput a single project name[22m [90m┬╗[39m nloads\DroneGo\backend'; npm test -- --run --reporter=basic 2>&1 78[2K[1G[2K[1G[36m?[39m [1mInput a single project name[22m [90m┬╗[39m nloads\DroneGo\backend'; npm test -- --run --reporter=basic 2>&1 |78[2K[1G[2K[1G[36m?[39m [1mInput a single project name[22m [90m┬╗[39m nloads\DroneGo\backend'; npm test -- --run --reporter=basic 2>&1 | 78[2K[1G[2K[1G[36m?[39m [1mInput a single project name[22m [90m┬╗[39m nloads\DroneGo\backend'; npm test -- --run --reporter=basic 2>&1 | S78[2K[1G[2K[1G[36m?[39m [1mInput a single project name[22m [90m┬╗[39m nloads\DroneGo\backend'; npm test -- --run --reporter=basic 2>&1 | Se78[2K[1G[2K[1G[36m?[39m [1mInput a single project name[22m [90m┬╗[39m nloads\DroneGo\backend'; npm test -- --run --reporter=basic 2>&1 | Sel78[2K[1G[2K[1G[36m?[39m [1mInput a single project name[22m [90m┬╗[39m nloads\DroneGo\backend'; npm test -- --run --reporter=basic 2>&1 | Sele78[2K[1G[2K[1G[36m?[39m [1mInput a single project name[22m [90m┬╗[39m nloads\DroneGo\backend'; npm test -- --run --reporter=basic 2>&1 | Selec78[2K[1G[2K[1G[36m?[39m [1mInput a single project name[22m [90m┬╗[39m nloads\DroneGo\backend'; npm test -- --run --reporter=basic 2>&1 | Select78[2K[1G[2K[1G[36m?[39m [1mInput a single project name[22m [90m┬╗[39m nloads\DroneGo\backend'; npm test -- --run --reporter=basic 2>&1 | Select-78[2K[1G[2K[1G[36m?[39m [1mInput a single project name[22m [90m┬╗[39m nloads\DroneGo\backend'; npm test -- --run --reporter=basic 2>&1 | Select-O78[2K[1G[2K[1G[36m?[39m [1mInput a single project name[22m [90m┬╗[39m nloads\DroneGo\backend'; npm test -- --run --reporter=basic 2>&1 | Select-Ob78[2K[1G[2K[1G[36m?[39m [1mInput a single project name[22m [90m┬╗[39m nloads\DroneGo\backend'; npm test -- --run --reporter=basic 2>&1 | Select-Obj78[2K[1G[2K[1G[36m?[39m [1mInput a single project name[22m [90m┬╗[39m nloads\DroneGo\backend'; npm test -- --run --reporter=basic 2>&1 | Select-Obje78[2K[1G[2K[1G[36m?[39m [1mInput a single project name[22m [90m┬╗[39m nloads\DroneGo\backend'; npm test -- --run --reporter=basic 2>&1 | Select-Objec78[2K[1G[2K[1G[36m?[39m [1mInput a single project name[22m [90m┬╗[39m nloads\DroneGo\backend'; npm test -- --run --reporter=basic 2>&1 | Select-Object78[2K[1G[2K[1G[36m?[39m [1mInput a single project name[22m [90m┬╗[39m nloads\DroneGo\backend'; npm test -- --run --reporter=basic 2>&1 | Select-Object 78[2K[1G[2K[1G[36m?[39m [1mInput a single project name[22m [90m┬╗[39m nloads\DroneGo\backend'; npm test -- --run --reporter=basic 2>&1 | Select-Object -78[2K[1G[2K[1G[36m?[39m [1mInput a single project name[22m [90m┬╗[39m nloads\DroneGo\backend'; npm test -- --run --reporter=basic 2>&1 | Select-Object -L78[2K[1G[2K[1G[36m?[39m [1mInput a single project name[22m [90m┬╗[39m nloads\DroneGo\backend'; npm test -- --run --reporter=basic 2>&1 | Select-Object -La78[2K[1G[2K[1G[36m?[39m [1mInput a single project name[22m [90m┬╗[39m nloads\DroneGo\backend'; npm test -- --run --reporter=basic 2>&1 | Select-Object -Las78[2K[1G[2K[1G[36m?[39m [1mInput a single project name[22m [90m┬╗[39m nloads\DroneGo\backend'; npm test -- --run --reporter=basic 2>&1 | Select-Object -Last78[2K[1G[2K[1G[36m?[39m [1mInput a single project name[22m [90m┬╗[39m nloads\DroneGo\backend'; npm test -- --run --reporter=basic 2>&1 | Select-Object -Last 78[2K[1G[2K[1G[36m?[39m [1mInput a single project name[22m [90m┬╗[39m nloads\DroneGo\backend'; npm test -- --run --reporter=basic 2>&1 | Select-Object -Last 378[2K[1G[2K[1G[36m?[39m [1mInput a single project name[22m [90m┬╗[39m nloads\DroneGo\backend'; npm test -- --run --reporter=basic 2>&1 | Select-Object -Last 3078[3Jc
[7m[1m[34m RERUN [39m[22m[27m[2m update snapshot[22m
        [2mProject name: [22m[34mnloads\DroneGo\backend'; npm test -- --run 2>&1 | Select-String -Pattern "Test Files|Tests |FAIL" | Select-Object -Last 10[39m

[3Jc
[7m[1m[34m RERUN [39m[22m[27m
        [2mProject name: [22m[34mnloads\DroneGo\backend'; npm test -- --run 2>&1 | Select-String -Pattern "Test Files|Tests |FAIL" | Select-Object -Last 10[39m

[2K[1G[2K[1G[32mÔêÜ[39m [1mInput a single project name[22m [90m...[39m nloads\DroneGo\backend'; npm test -- --run --reporter=basic 2>&1 | Select-Object -Last 3078
[?25h[3Jc
[7m[1m[34m RERUN [39m[22m[27m[2m change project filter[22m
        [2mProject name: [22m[34mnloads\DroneGo\backend'; npm test -- --run --reporter=basic 2>&1 | Select-Object -Last 30[39m

[90mstdout[2m | tests/unit/services/location-service.test.ts[2m > [22m[2mLocationService - SAFETY CRITICAL[22m[39m
2026-02-18 22:07:03 [[32minfo[39m]: [32mDatabase connection pool initialized[39m
{
  "host": "localhost",
  "database": "dronego",
  "maxConnections": 20,
  "level": "\u001b[32minfo\u001b[39m",
  "message": "\u001b[32mDatabase connection pool initialized\u001b[39m",
  "timestamp": "2026-02-18 22:07:03"
}

[90mstdout[2m | tests/unit/models/RestrictionZone.test.ts[2m > [22m[2mRestrictionZone Model[22m[39m
2026-02-18 22:07:03 [[32minfo[39m]: [32mDatabase connection pool initialized[39m
{
  "host": "localhost",
  "database": "dronego",
  "maxConnections": 20,
  "level": "\u001b[32minfo\u001b[39m",
  "message": "\u001b[32mDatabase connection pool initialized\u001b[39m",
  "timestamp": "2026-02-18 22:07:03"
}

[90mstdout[2m | tests/unit/models/DataSource.test.ts[2m > [22m[2mDataSource Model[22m[39m
2026-02-18 22:07:03 [[32minfo[39m]: [32mDatabase connection pool initialized[39m
{
  "host": "localhost",
  "database": "dronego",
  "maxConnections": 20,
  "level": "\u001b[32minfo\u001b[39m",
  "message": "\u001b[32mDatabase connection pool initialized\u001b[39m",
  "timestamp": "2026-02-18 22:07:03"
}

[90mstdout[2m | tests/unit/models/DataSource.test.ts[2m > [22m[2mDataSource Model[2m > [22m[2mCRUD Operations[2m > [22m[2mshould create a new data source[22m[39m
2026-02-18 22:07:03 [[32minfo[39m]: [32mCreated data_sources record[39m
{
  "id": "e39e872b-b434-46c6-812b-626e7ddc9985",
  "level": "\u001b[32minfo\u001b[39m",
  "message": "\u001b[32mCreated data_sources record\u001b[39m",
  "timestamp": "2026-02-18 22:07:03"
}

[90mstdout[2m | tests/unit/models/DataSource.test.ts[2m > [22m[2mDataSource Model[2m > [22m[2mCRUD Operations[2m > [22m[2mshould delete a data source[22m[39m
2026-02-18 22:07:03 [[32minfo[39m]: [32mDeleted data_sources record[39m
{
  "id": "e39e872b-b434-46c6-812b-626e7ddc9985",
  "deleted": 1,
  "level": "\u001b[32minfo\u001b[39m",
  "message": "\u001b[32mDeleted data_sources record\u001b[39m",
  "timestamp": "2026-02-18 22:07:03"
}

[90mstdout[2m | tests/unit/models/DataSource.test.ts[2m > [22m[2mDataSource Model[2m > [22m[2mData Validation[2m > [22m[2mshould enforce unique authority_name[22m[39m
2026-02-18 22:07:03 [[32minfo[39m]: [32mCreated data_sources record[39m
{
  "id": "358553f1-67e8-4a20-a473-c1424886cac3",
  "level": "\u001b[32minfo\u001b[39m",
  "message": "\u001b[32mCreated data_sources record\u001b[39m",
  "timestamp": "2026-02-18 22:07:03"
}

[90mstdout[2m | tests/unit/models/RestrictionZone.test.ts[2m > [22m[2mRestrictionZone Model[2m > [22m[2mCRUD Operations[2m > [22m[2mshould delete a restriction zone[22m[39m
2026-02-18 22:07:03 [[32minfo[39m]: [32mDeleted restriction_zones record[39m
{
  "deleted": 0,
  "level": "\u001b[32minfo\u001b[39m",
  "message": "\u001b[32mDeleted restriction_zones record\u001b[39m",
  "timestamp": "2026-02-18 22:07:03"
}

[90mstdout[2m | tests/unit/models/DataSource.test.ts[2m > [22m[2mDataSource Model[2m > [22m[2mData Validation[2m > [22m[2mshould require primary fields[22m[39m
2026-02-18 22:07:04 [[32minfo[39m]: [32mCreated data_sources record[39m
{
  "id": "540256be-b922-412e-80f2-e11bf7761ce7",
  "level": "\u001b[32minfo\u001b[39m",
  "message": "\u001b[32mCreated data_sources record\u001b[39m",
  "timestamp": "2026-02-18 22:07:04"
}

 [33mÔØ»[39m tests/unit/models/DataSource.test.ts [2m ([22m[2m24 tests[22m [2m|[22m [31m9 failed[39m[2m)[22m[90m 139[2mms[22m[39m
[31m   [33mÔØ»[31m tests/unit/models/DataSource.test.ts[2m > [22mDataSource Model[2m > [22mCRUD Operations[2m > [22mshould update a data source[39m
[31m     ÔåÆ column "last_updated" of relation "data_sources" does not exist[39m
[31m   [33mÔØ»[31m tests/unit/models/DataSource.test.ts[2m > [22mDataSource Model[2m > [22mData Validation[2m > [22mshould enforce unique authority_name[39m
[31m     ÔåÆ promise resolved "{ ÔÇª(11) }" instead of rejecting[39m
[31m   [33mÔØ»[31m tests/unit/models/DataSource.test.ts[2m > [22mDataSource Model[2m > [22mData Validation[2m > [22mshould require primary fields[39m
[31m     ÔåÆ promise resolved "{ ÔÇª(11) }" instead of rejecting[39m
[31m   [33mÔØ»[31m tests/unit/models/DataSource.test.ts[2m > [22mDataSource Model[2m > [22mQuery Methods[2m > [22mshould find stale data sources (not synced recently)[39m
[31m     ÔåÆ invalid input syntax for type uuid: ""[39m
[31m   [33mÔØ»[31m tests/unit/models/DataSource.test.ts[2m > [22mDataSource Model[2m > [22mQuery Methods[2m > [22mshould get all pre-seeded sources[39m
[31m     ÔåÆ expected [ Array(36) ] to include 'UK NOTAM Service'[39m
[31m   [33mÔØ»[31m tests/unit/models/DataSource.test.ts[2m > [22mDataSource Model[2m > [22mSync Timestamp Operations[2m > [22mshould update last_sync_timestamp[39m
[31m     ÔåÆ column "last_updated" of relation "data_sources" does not exist[39m
[31m   [33mÔØ»[31m tests/unit/models/DataSource.test.ts[2m > [22mDataSource Model[2m > [22mSync Timestamp Operations[2m > [22mshould get time since last sync[39m
[31m     ÔåÆ invalid input syntax for type uuid: ""[39m
[31m   [33mÔØ»[31m tests/unit/models/DataSource.test.ts[2m > [22mDataSource Model[2m > [22mBusiness Logic[2m > [22mshould have correct data types for CAA[39m
[31m     ÔåÆ expected [ 'test' ] to include 'geographic_zones'[39m
[31m   [33mÔØ»[31m tests/unit/models/DataSource.test.ts[2m > [22mDataSource Model[2m > [22mBusiness Logic[2m > [22mshould have appropriate sync frequency[39m
[31m     ÔåÆ expected 'object' to be 'string' // Object.is equality[39m
 [33mÔØ»[39m tests/unit/models/RestrictionZone.test.ts [2m ([22m[2m21 tests[22m [2m|[22m [31m4 failed[39m[2m)[22m[90m 240[2mms[22m[39m
[31m   [33mÔØ»[31m tests/unit/models/RestrictionZone.test.ts[2m > [22mRestrictionZone Model[2m > [22mCRUD Operations[2m > [22mshould create a new restriction zone[39m
[31m     ÔåÆ Geometry type (Polygon) does not match column type (MultiPolygon)[39m
[31m   [33mÔØ»[31m tests/unit/models/RestrictionZone.test.ts[2m > [22mRestrictionZone Model[2m > [22mCRUD Operations[2m > [22mshould find restriction zone by ID[39m
[31m     ÔåÆ expected undefined to be 'no-fly' // Object.is equality[39m
[31m   [33mÔØ»[31m tests/unit/models/RestrictionZone.test.ts[2m > [22mRestrictionZone Model[2m > [22mCRUD Operations[2m > [22mshould update a restriction zone[39m
[31m     ÔåÆ expected undefined to be 'Updated test description' // Object.is equality[39m
[31m   [33mÔØ»[31m tests/unit/models/RestrictionZone.test.ts[2m > [22mRestrictionZone Model[2m > [22mCRUD Operations[2m > [22mshould delete a restriction zone[39m
[31m     ÔåÆ expected false to be true // Object.is equality[39m
 [33mÔØ»[39m tests/unit/services/location-service.test.ts [2m ([22m[2m16 tests[22m [2m|[22m [31m6 failed[39m[2m)[22m[90m 268[2mms[22m[39m
[31m   [33mÔØ»[31m tests/unit/services/location-service.test.ts[2m > [22mLocationService - SAFETY CRITICAL[2m > [22mRestriction Status Determination[2m > [22mshould return "permitted" status for location outside all restricted zones[39m
[31m     ÔåÆ expected 'controlled' to be 'permitted' // Object.is equality[39m
[31m   [33mÔØ»[31m tests/unit/services/location-service.test.ts[2m > [22mLocationService - SAFETY CRITICAL[2m > [22mZone Priority Hierarchy[2m > [22mshould prioritize no-fly over controlled airspace when overlapping[39m
[31m     ÔåÆ expected 3 to be 2 // Object.is equality[39m
[31m   [33mÔØ»[31m tests/unit/services/location-service.test.ts[2m > [22mLocationService - SAFETY CRITICAL[2m > [22mTemporal Filtering[2m > [22mshould exclude expired temporary restrictions[39m
[31m     ÔåÆ expected 'controlled' to be 'permitted' // Object.is equality[39m
[31m   [33mÔØ»[31m tests/unit/services/location-service.test.ts[2m > [22mLocationService - SAFETY CRITICAL[2m > [22mTemporal Filtering[2m > [22mshould include active temporary restrictions[39m
[31m     ÔåÆ expected 2 to be 1 // Object.is equality[39m
[31m   [33mÔØ»[31m tests/unit/services/location-service.test.ts[2m > [22mLocationService - SAFETY CRITICAL[2m > [22mAltitude Considerations[2m > [22mshould include altitude restrictions in zone info[39m
[31m     ÔåÆ expected null to be 1000 // Object.is equality[39m
[31m   [33mÔØ»[31m tests/unit/services/location-service.test.ts[2m > [22mLocationService - SAFETY CRITICAL[2m > [22mAuthorization Requirements[2m > [22mshould set authorization_required flag for controlled airspace[39m
[31m     ÔåÆ expected false to be true // Object.is equality[39m
[90mstdout[2m | unknown test[22m[39m
2026-02-18 22:07:04 [[32minfo[39m]: [32mDatabase connection pool initialized[39m
{
  "host": "localhost",
  "database": "dronego",
  "maxConnections": 20,
  "level": "\u001b[32minfo\u001b[39m",
  "message": "\u001b[32mDatabase connection pool initialized\u001b[39m",
  "timestamp": "2026-02-18 22:07:04"
}

 [33mÔØ»[39m tests/contract/location.test.ts [2m ([22m[2m14 tests[22m[2m)[22m[90m 39[2mms[22m[39m
[90mstdout[2m | tests/unit/services/location-service.test.ts[2m > [22m[2mLocationService - SAFETY CRITICAL[22m[39m
2026-02-18 22:07:04 [[32minfo[39m]: [32mDatabase connection pool initialized[39m
{
  "host": "localhost",
  "database": "dronego",
  "maxConnections": 20,
  "level": "\u001b[32minfo\u001b[39m",
  "message": "\u001b[32mDatabase connection pool initialized\u001b[39m",
  "timestamp": "2026-02-18 22:07:04"
}

[90mstdout[2m | tests/unit/models/RestrictionZone.test.ts[2m > [22m[2mRestrictionZone Model[22m[39m
2026-02-18 22:07:04 [[32minfo[39m]: [32mDatabase connection pool initialized[39m
{
  "host": "localhost",
  "database": "dronego",
  "maxConnections": 20,
  "level": "\u001b[32minfo\u001b[39m",
  "message": "\u001b[32mDatabase connection pool initialized\u001b[39m",
  "timestamp": "2026-02-18 22:07:04"
}

[90mstdout[2m | tests/unit/models/RestrictionZone.test.ts[2m > [22m[2mRestrictionZone Model[2m > [22m[2mCRUD Operations[2m > [22m[2mshould delete a restriction zone[22m[39m
2026-02-18 22:07:04 [[32minfo[39m]: [32mDeleted restriction_zones record[39m
{
  "deleted": 0,
  "level": "\u001b[32minfo\u001b[39m",
  "message": "\u001b[32mDeleted restriction_zones record\u001b[39m",
  "timestamp": "2026-02-18 22:07:04"
}

[90mstdout[2m | tests/unit/models/DataSource.test.ts[2m > [22m[2mDataSource Model[22m[39m
2026-02-18 22:07:04 [[32minfo[39m]: [32mDatabase connection pool initialized[39m
{
  "host": "localhost",
  "database": "dronego",
  "maxConnections": 20,
  "level": "\u001b[32minfo\u001b[39m",
  "message": "\u001b[32mDatabase connection pool initialized\u001b[39m",
  "timestamp": "2026-02-18 22:07:04"
}

 [33mÔØ»[39m tests/unit/models/RestrictionZone.test.ts [2m ([22m[2m21 tests[22m [2m|[22m [31m4 failed[39m[2m)[22m[90m 185[2mms[22m[39m
[31m   [33mÔØ»[31m tests/unit/models/RestrictionZone.test.ts[2m > [22mRestrictionZone Model[2m > [22mCRUD Operations[2m > [22mshould create a new restriction zone[39m
[31m     ÔåÆ Geometry type (Polygon) does not match column type (MultiPolygon)[39m
[31m   [33mÔØ»[31m tests/unit/models/RestrictionZone.test.ts[2m > [22mRestrictionZone Model[2m > [22mCRUD Operations[2m > [22mshould find restriction zone by ID[39m
[31m     ÔåÆ expected undefined to be 'no-fly' // Object.is equality[39m
[31m   [33mÔØ»[31m tests/unit/models/RestrictionZone.test.ts[2m > [22mRestrictionZone Model[2m > [22mCRUD Operations[2m > [22mshould update a restriction zone[39m
[31m     ÔåÆ expected undefined to be 'Updated test description' // Object.is equality[39m
[31m   [33mÔØ»[31m tests/unit/models/RestrictionZone.test.ts[2m > [22mRestrictionZone Model[2m > [22mCRUD Operations[2m > [22mshould delete a restriction zone[39m
[31m     ÔåÆ expected false to be true // Object.is equality[39m
[90mstdout[2m | tests/unit/models/DataSource.test.ts[2m > [22m[2mDataSource Model[2m > [22m[2mCRUD Operations[2m > [22m[2mshould create a new data source[22m[39m
2026-02-18 22:07:04 [[32minfo[39m]: [32mCreated data_sources record[39m
{
  "id": "5db413ed-e9d6-493c-8b0d-94508d296c96",
  "level": "\u001b[32minfo\u001b[39m",
  "message": "\u001b[32mCreated data_sources record\u001b[39m",
  "timestamp": "2026-02-18 22:07:04"
}

[90mstdout[2m | tests/unit/models/DataSource.test.ts[2m > [22m[2mDataSource Model[2m > [22m[2mCRUD Operations[2m > [22m[2mshould delete a data source[22m[39m
2026-02-18 22:07:04 [[32minfo[39m]: [32mDeleted data_sources record[39m
{
  "id": "5db413ed-e9d6-493c-8b0d-94508d296c96",
  "deleted": 1,
  "level": "\u001b[32minfo\u001b[39m",
  "message": "\u001b[32mDeleted data_sources record\u001b[39m",
  "timestamp": "2026-02-18 22:07:04"
}

 [33mÔØ»[39m tests/unit/services/location-service.test.ts [2m ([22m[2m16 tests[22m [2m|[22m [31m6 failed[39m[2m)[22m[90m 236[2mms[22m[39m
[31m   [33mÔØ»[31m tests/unit/services/location-service.test.ts[2m > [22mLocationService - SAFETY CRITICAL[2m > [22mRestriction Status Determination[2m > [22mshould return "permitted" status for location outside all restricted zones[39m
[31m     ÔåÆ expected 'controlled' to be 'permitted' // Object.is equality[39m
[31m   [33mÔØ»[31m tests/unit/services/location-service.test.ts[2m > [22mLocationService - SAFETY CRITICAL[2m > [22mZone Priority Hierarchy[2m > [22mshould prioritize no-fly over controlled airspace when overlapping[39m
[31m     ÔåÆ expected 3 to be 2 // Object.is equality[39m
[31m   [33mÔØ»[31m tests/unit/services/location-service.test.ts[2m > [22mLocationService - SAFETY CRITICAL[2m > [22mTemporal Filtering[2m > [22mshould exclude expired temporary restrictions[39m
[31m     ÔåÆ expected 'controlled' to be 'permitted' // Object.is equality[39m
[31m   [33mÔØ»[31m tests/unit/services/location-service.test.ts[2m > [22mLocationService - SAFETY CRITICAL[2m > [22mTemporal Filtering[2m > [22mshould include active temporary restrictions[39m
[31m     ÔåÆ expected 2 to be 1 // Object.is equality[39m
[31m   [33mÔØ»[31m tests/unit/services/location-service.test.ts[2m > [22mLocationService - SAFETY CRITICAL[2m > [22mAltitude Considerations[2m > [22mshould include altitude restrictions in zone info[39m
[31m     ÔåÆ expected null to be 1000 // Object.is equality[39m
[31m   [33mÔØ»[31m tests/unit/services/location-service.test.ts[2m > [22mLocationService - SAFETY CRITICAL[2m > [22mAuthorization Requirements[2m > [22mshould set authorization_required flag for controlled airspace[39m
[31m     ÔåÆ expected false to be true // Object.is equality[39m
[90mstdout[2m | unknown test[22m[39m
2026-02-18 22:07:04 [[32minfo[39m]: [32mDatabase connection pool initialized[39m
{
  "host": "localhost",
  "database": "dronego",
  "maxConnections": 20,
  "level": "\u001b[32minfo\u001b[39m",
  "message": "\u001b[32mDatabase connection pool initialized\u001b[39m",
  "timestamp": "2026-02-18 22:07:04"
}

[90mstdout[2m | tests/unit/models/DataSource.test.ts[2m > [22m[2mDataSource Model[2m > [22m[2mData Validation[2m > [22m[2mshould enforce unique authority_name[22m[39m
2026-02-18 22:07:04 [[32minfo[39m]: [32mCreated data_sources record[39m
{
  "id": "72544dd0-dfb2-44c2-b2b7-0546f6ec455e",
  "level": "\u001b[32minfo\u001b[39m",
  "message": "\u001b[32mCreated data_sources record\u001b[39m",
  "timestamp": "2026-02-18 22:07:04"
}

[90mstdout[2m | tests/unit/models/DataSource.test.ts[2m > [22m[2mDataSource Model[2m > [22m[2mData Validation[2m > [22m[2mshould require primary fields[22m[39m
2026-02-18 22:07:04 [[32minfo[39m]: [32mCreated data_sources record[39m
{
  "id": "651a820e-d697-43e3-8f89-36e57ad2b2fe",
  "level": "\u001b[32minfo\u001b[39m",
  "message": "\u001b[32mCreated data_sources record\u001b[39m",
  "timestamp": "2026-02-18 22:07:04"
}

 [33mÔØ»[39m tests/contract/zones.test.ts [2m ([22m[2m14 tests[22m[2m)[22m[90m 29[2mms[22m[39m

ÔÄ»ÔÄ»ÔÄ»ÔÄ»ÔÄ»ÔÄ» Failed Suites 2 ÔÄ»ÔÄ»ÔÄ»ÔÄ»ÔÄ»ÔÄ»ÔÄ»

 FAIL  tests/contract/zones.test.ts > GET /zones - HTTP Contract
error: column "data_type" of relation "data_sources" does not exist
 ÔØ» node_modules/pg-pool/index.js:45:11
 ÔØ» tests/contract/zones.test.ts:37:23
     35| 
     36|     // Create test data sources
     37|     const caaResult = await pool.query(
       |                       ^
     38|       `INSERT INTO data_sources (authority_name, data_type, confidenceÔÇª
     39|        VALUES ('CAA', 'geographic_zones', 'primary-authority')

ÔÄ»ÔÄ»ÔÄ»ÔÄ»ÔÄ»ÔÄ»ÔÄ»ÔÄ»ÔÄ»ÔÄ»ÔÄ»ÔÄ»ÔÄ»ÔÄ»ÔÄ»ÔÄ»ÔÄ»ÔÄ»ÔÄ»ÔÄ»ÔÄ»ÔÄ»ÔÄ»ÔÄ»ÔÄ»ÔÄ»ÔÄ»ÔÄ»ÔÄ»ÔÄ»
Serialized Error: { length: 134, severity: 'ERROR', code: '42703', detail: undefined, hint: undefined, position: '43', internalPosition: undefined, internalQuery: undefined, where: undefined, schema: undefined, table: undefined, column: undefined, dataType: undefined, constraint: undefined, file: 'parse_target.c', line: '1061', routine: 'checkInsertTargets' }
ÔÄ»ÔÄ»ÔÄ»ÔÄ»ÔÄ»ÔÄ»ÔÄ»ÔÄ»ÔÄ»ÔÄ»ÔÄ»ÔÄ»ÔÄ»ÔÄ»ÔÄ»ÔÄ»ÔÄ»ÔÄ»ÔÄ»ÔÄ»ÔÄ»ÔÄ»ÔÄ»[1/12]ÔÄ»

 FAIL  tests/contract/location.test.ts > GET /location/check - HTTP Contract
error: column "data_type" of relation "data_sources" does not exist
 ÔØ» node_modules/pg-pool/index.js:45:11
 ÔØ» tests/contract/location.test.ts:40:23
     38| 
     39|     // Create test data sources
     40|     const caaResult = await pool.query(
       |                       ^
     41|       `INSERT INTO data_sources (authority_name, data_type, confidenceÔÇª
     42|        VALUES ('CAA', 'geographic_zones', 'primary-authority')

ÔÄ»ÔÄ»ÔÄ»ÔÄ»ÔÄ»ÔÄ»ÔÄ»ÔÄ»ÔÄ»ÔÄ»ÔÄ»ÔÄ»ÔÄ»ÔÄ»ÔÄ»ÔÄ»ÔÄ»ÔÄ»ÔÄ»ÔÄ»ÔÄ»ÔÄ»ÔÄ»ÔÄ»ÔÄ»ÔÄ»ÔÄ»ÔÄ»ÔÄ»ÔÄ»
Serialized Error: { length: 134, severity: 'ERROR', code: '42703', detail: undefined, hint: undefined, position: '43', internalPosition: undefined, internalQuery: undefined, where: undefined, schema: undefined, table: undefined, column: undefined, dataType: undefined, constraint: undefined, file: 'parse_target.c', line: '1061', routine: 'checkInsertTargets' }
ÔÄ»ÔÄ»ÔÄ»ÔÄ»ÔÄ»ÔÄ»ÔÄ»ÔÄ»ÔÄ»ÔÄ»ÔÄ»ÔÄ»ÔÄ»ÔÄ»ÔÄ»ÔÄ»ÔÄ»ÔÄ»ÔÄ»ÔÄ»ÔÄ»ÔÄ»ÔÄ»[2/12]ÔÄ»

ÔÄ»ÔÄ»ÔÄ»ÔÄ»ÔÄ»ÔÄ» Failed Tests 10 ÔÄ»ÔÄ»ÔÄ»ÔÄ»ÔÄ»ÔÄ»ÔÄ»

 FAIL  tests/unit/services/location-service.test.ts > LocationService - SAFETY CRITICAL > Restriction Status Determination > should return "permitted" status for location outside all restricted zones
AssertionError: expected 'controlled' to be 'permitted' // Object.is equality

- Expected
+ Received

- permitted
+ controlled

 ÔØ» tests/unit/services/location-service.test.ts:171:41
    169|       const status = await service.checkLocation(-0.13, 51.51);
    170| 
    171|       expect(status.restriction_status).toBe('permitted');
       |                                         ^
    172|       expect(status.can_fly).toBe(true);
    173|       expect(status.zones.length).toBe(0);

ÔÄ»ÔÄ»ÔÄ»ÔÄ»ÔÄ»ÔÄ»ÔÄ»ÔÄ»ÔÄ»ÔÄ»ÔÄ»ÔÄ»ÔÄ»ÔÄ»ÔÄ»ÔÄ»ÔÄ»ÔÄ»ÔÄ»ÔÄ»ÔÄ»ÔÄ»ÔÄ»[3/12]ÔÄ»

 FAIL  tests/unit/services/location-service.test.ts > LocationService - SAFETY CRITICAL > Zone Priority Hierarchy > should prioritize no-fly over controlled airspace when overlapping
AssertionError: expected 3 to be 2 // Object.is equality

- Expected
+ Received

- 2
+ 3

 ÔØ» tests/unit/services/location-service.test.ts:223:35
    221|       expect(status.restriction_status).toBe('no-fly');
    222|       expect(status.can_fly).toBe(false);
    223|       expect(status.zones.length).toBe(2);
       |                                   ^
    224|     });
    225| 

ÔÄ»ÔÄ»ÔÄ»ÔÄ»ÔÄ»ÔÄ»ÔÄ»ÔÄ»ÔÄ»ÔÄ»ÔÄ»ÔÄ»ÔÄ»ÔÄ»ÔÄ»ÔÄ»ÔÄ»ÔÄ»ÔÄ»ÔÄ»ÔÄ»ÔÄ»ÔÄ»[4/12]ÔÄ»

 FAIL  tests/unit/services/location-service.test.ts > LocationService - SAFETY CRITICAL > Temporal Filtering > should exclude expired temporary restrictions
AssertionError: expected 'controlled' to be 'permitted' // Object.is equality

- Expected
+ Received

- permitted
+ controlled

 ÔØ» tests/unit/services/location-service.test.ts:327:41
    325|       const status = await service.checkLocation(-0.45, 51.55);
    326| 
    327|       expect(status.restriction_status).toBe('permitted');
       |                                         ^
    328|       expect(status.zones.length).toBe(0);
    329|     });

ÔÄ»ÔÄ»ÔÄ»ÔÄ»ÔÄ»ÔÄ»ÔÄ»ÔÄ»ÔÄ»ÔÄ»ÔÄ»ÔÄ»ÔÄ»ÔÄ»ÔÄ»ÔÄ»ÔÄ»ÔÄ»ÔÄ»ÔÄ»ÔÄ»ÔÄ»ÔÄ»[5/12]ÔÄ»

 FAIL  tests/unit/services/location-service.test.ts > LocationService - SAFETY CRITICAL > Temporal Filtering > should include active temporary restrictions
AssertionError: expected 2 to be 1 // Object.is equality

- Expected
+ Received

- 1
+ 2

 ÔØ» tests/unit/services/location-service.test.ts:356:35
    354| 
    355|       expect(status.restriction_status).toBe('no-fly');
    356|       expect(status.zones.length).toBe(1);
       |                                   ^
    357|     });
    358|   });

ÔÄ»ÔÄ»ÔÄ»ÔÄ»ÔÄ»ÔÄ»ÔÄ»ÔÄ»ÔÄ»ÔÄ»ÔÄ»ÔÄ»ÔÄ»ÔÄ»ÔÄ»ÔÄ»ÔÄ»ÔÄ»ÔÄ»ÔÄ»ÔÄ»ÔÄ»ÔÄ»[6/12]ÔÄ»

 FAIL  tests/unit/services/location-service.test.ts > LocationService - SAFETY CRITICAL > Altitude Considerations > should include altitude restrictions in zone info
AssertionError: expected null to be 1000 // Object.is equality

- Expected: 
1000

+ Received: 
null

 ÔØ» tests/unit/services/location-service.test.ts:383:46
    381|       const status = await service.checkLocation(-0.45, 51.55);
    382| 
    383|       expect(status.zones[0].altitude_floor).toBe(1000);
       |                                              ^
    384|       expect(status.zones[0].altitude_ceiling).toBe(3000);
    385|     });

ÔÄ»ÔÄ»ÔÄ»ÔÄ»ÔÄ»ÔÄ»ÔÄ»ÔÄ»ÔÄ»ÔÄ»ÔÄ»ÔÄ»ÔÄ»ÔÄ»ÔÄ»ÔÄ»ÔÄ»ÔÄ»ÔÄ»ÔÄ»ÔÄ»ÔÄ»ÔÄ»[7/12]ÔÄ»

 FAIL  tests/unit/services/location-service.test.ts > LocationService - SAFETY CRITICAL > Authorization Requirements > should set authorization_required flag for controlled airspace
AssertionError: expected false to be true // Object.is equality

- Expected
+ Received

- true
+ false

 ÔØ» tests/unit/services/location-service.test.ts:432:54
    430| 
    431|       expect(status.authorization_required).toBe(true);
    432|       expect(status.zones[0].authorization_possible).toBe(true);
       |                                                      ^
    433|     });
    434| 

ÔÄ»ÔÄ»ÔÄ»ÔÄ»ÔÄ»ÔÄ»ÔÄ»ÔÄ»ÔÄ»ÔÄ»ÔÄ»ÔÄ»ÔÄ»ÔÄ»ÔÄ»ÔÄ»ÔÄ»ÔÄ»ÔÄ»ÔÄ»ÔÄ»ÔÄ»ÔÄ»[8/12]ÔÄ»

 FAIL  tests/unit/models/RestrictionZone.test.ts > RestrictionZone Model > CRUD Operations > should create a new restriction zone
error: Geometry type (Polygon) does not match column type (MultiPolygon)
 ÔØ» node_modules/pg-pool/index.js:45:11
 ÔØ» RestrictionZone.create src/models/RestrictionZone.ts:187:22
    185|       `;
    186| 
    187|       const result = await this.pool.query(query, [
       |                      ^
    188|         ...values.slice(0, -1),
    189|         JSON.stringify(values[values.length - 1]),
 ÔØ» tests/unit/models/RestrictionZone.test.ts:63:23

ÔÄ»ÔÄ»ÔÄ»ÔÄ»ÔÄ»ÔÄ»ÔÄ»ÔÄ»ÔÄ»ÔÄ»ÔÄ»ÔÄ»ÔÄ»ÔÄ»ÔÄ»ÔÄ»ÔÄ»ÔÄ»ÔÄ»ÔÄ»ÔÄ»ÔÄ»ÔÄ»ÔÄ»ÔÄ»ÔÄ»ÔÄ»ÔÄ»ÔÄ»ÔÄ»
Serialized Error: { length: 142, severity: 'ERROR', code: '22023', detail: undefined, hint: undefined, position: undefined, internalPosition: undefined, internalQuery: undefined, where: undefined, schema: undefined, table: undefined, column: undefined, dataType: undefined, constraint: undefined, file: 'gserialized_typmod.c', line: '175', routine: 'postgis_valid_typmod' }
ÔÄ»ÔÄ»ÔÄ»ÔÄ»ÔÄ»ÔÄ»ÔÄ»ÔÄ»ÔÄ»ÔÄ»ÔÄ»ÔÄ»ÔÄ»ÔÄ»ÔÄ»ÔÄ»ÔÄ»ÔÄ»ÔÄ»ÔÄ»ÔÄ»ÔÄ»ÔÄ»[9/12]ÔÄ»

 FAIL  tests/unit/models/RestrictionZone.test.ts > RestrictionZone Model > CRUD Operations > should find restriction zone by ID
AssertionError: expected undefined to be 'no-fly' // Object.is equality

- Expected: 
"no-fly"

+ Received: 
undefined

 ÔØ» tests/unit/models/RestrictionZone.test.ts:80:32
     78|       expect(found).toBeDefined();
     79|       expect(found?.zone_id).toBe(testZoneId);
     80|       expect(found?.zone_type).toBe('no-fly');
       |                                ^
     81|       expect(found?.restriction_name).toBe('Test No-Fly Zone');
     82|     });

ÔÄ»ÔÄ»ÔÄ»ÔÄ»ÔÄ»ÔÄ»ÔÄ»ÔÄ»ÔÄ»ÔÄ»ÔÄ»ÔÄ»ÔÄ»ÔÄ»ÔÄ»ÔÄ»ÔÄ»ÔÄ»ÔÄ»ÔÄ»ÔÄ»ÔÄ»[10/12]ÔÄ»

 FAIL  tests/unit/models/RestrictionZone.test.ts > RestrictionZone Model > CRUD Operations > should update a restriction zone
AssertionError: expected undefined to be 'Updated test description' // Object.is equality

- Expected: 
"Updated test description"

+ Received: 
undefined

 ÔØ» tests/unit/models/RestrictionZone.test.ts:104:36
    102| 
    103|       expect(updated).toBeDefined();
    104|       expect(updated?.description).toBe('Updated test description');
       |                                    ^
    105|       expect(updated?.altitude_ceiling).toBe(3000);
    106|       expect(updated?.last_updated).toBeDefined();

ÔÄ»ÔÄ»ÔÄ»ÔÄ»ÔÄ»ÔÄ»ÔÄ»ÔÄ»ÔÄ»ÔÄ»ÔÄ»ÔÄ»ÔÄ»ÔÄ»ÔÄ»ÔÄ»ÔÄ»ÔÄ»ÔÄ»ÔÄ»ÔÄ»ÔÄ»[11/12]ÔÄ»

 FAIL  tests/unit/models/RestrictionZone.test.ts > RestrictionZone Model > CRUD Operations > should delete a restriction zone
AssertionError: expected false to be true // Object.is equality

- Expected
+ Received

- true
+ false

 ÔØ» tests/unit/models/RestrictionZone.test.ts:117:23
    115|     it('should delete a restriction zone', async () => {
    116|       const deleted = await restrictionZone.delete(testZoneId);
    117|       expect(deleted).toBe(true);
       |                       ^
    118| 
    119|       const found = await restrictionZone.findById(testZoneId);

ÔÄ»ÔÄ»ÔÄ»ÔÄ»ÔÄ»ÔÄ»ÔÄ»ÔÄ»ÔÄ»ÔÄ»ÔÄ»ÔÄ»ÔÄ»ÔÄ»ÔÄ»ÔÄ»ÔÄ»ÔÄ»ÔÄ»ÔÄ»ÔÄ»ÔÄ»[12/12]ÔÄ»

[2m Test Files [22m [1m[31m4 failed[39m[22m[90m (5)[39m
[2m      Tests [22m [1m[31m10 failed[39m[22m[2m | [22m[1m[32m27 passed[39m[22m[90m (89)[39m
[2m   Start at [22m 22:07:03
[2m   Duration [22m 1.98s


[1m[7m[31m FAIL [39m[27m[22m[31m Tests failed. Watching for file changes...[39m
       [2mpress [22m[1mh[22m[2m to show help[22m[2m, [22m[2mpress [22m[1mq[22m[2m to quit[22m
 [33mÔØ»[39m tests/unit/models/DataSource.test.ts [2m ([22m[2m24 tests[22m [2m|[22m [31m9 failed[39m[2m)[22m[90m 134[2mms[22m[39m
[31m   [33mÔØ»[31m tests/unit/models/DataSource.test.ts[2m > [22mDataSource Model[2m > [22mCRUD Operations[2m > [22mshould update a data source[39m
[31m     ÔåÆ column "last_updated" of relation "data_sources" does not exist[39m
[31m   [33mÔØ»[31m tests/unit/models/DataSource.test.ts[2m > [22mDataSource Model[2m > [22mData Validation[2m > [22mshould enforce unique authority_name[39m
[31m     ÔåÆ promise resolved "{ ÔÇª(11) }" instead of rejecting[39m
[31m   [33mÔØ»[31m tests/unit/models/DataSource.test.ts[2m > [22mDataSource Model[2m > [22mData Validation[2m > [22mshould require primary fields[39m
[31m     ÔåÆ promise resolved "{ ÔÇª(11) }" instead of rejecting[39m
[31m   [33mÔØ»[31m tests/unit/models/DataSource.test.ts[2m > [22mDataSource Model[2m > [22mQuery Methods[2m > [22mshould find stale data sources (not synced recently)[39m
[31m     ÔåÆ invalid input syntax for type uuid: ""[39m
[31m   [33mÔØ»[31m tests/unit/models/DataSource.test.ts[2m > [22mDataSource Model[2m > [22mQuery Methods[2m > [22mshould get all pre-seeded sources[39m
[31m     ÔåÆ expected [ Array(41) ] to include 'UK NOTAM Service'[39m
[31m   [33mÔØ»[31m tests/unit/models/DataSource.test.ts[2m > [22mDataSource Model[2m > [22mSync Timestamp Operations[2m > [22mshould update last_sync_timestamp[39m
[31m     ÔåÆ column "last_updated" of relation "data_sources" does not exist[39m
[31m   [33mÔØ»[31m tests/unit/models/DataSource.test.ts[2m > [22mDataSource Model[2m > [22mSync Timestamp Operations[2m > [22mshould get time since last sync[39m
[31m     ÔåÆ invalid input syntax for type uuid: ""[39m
[31m   [33mÔØ»[31m tests/unit/models/DataSource.test.ts[2m > [22mDataSource Model[2m > [22mBusiness Logic[2m > [22mshould have correct data types for CAA[39m
[31m     ÔåÆ expected [ 'test' ] to include 'geographic_zones'[39m
[31m   [33mÔØ»[31m tests/unit/models/DataSource.test.ts[2m > [22mDataSource Model[2m > [22mBusiness Logic[2m > [22mshould have appropriate sync frequency[39m
[31m     ÔåÆ expected 'object' to be 'string' // Object.is equality[39m
[90mstdout[2m | tests/unit/services/geospatial-service.test.ts[2m > [22m[2mGeospatialService - SAFETY CRITICAL[22m[39m
2026-02-18 22:07:05 [[32minfo[39m]: [32mDatabase connection pool initialized[39m
{
  "host": "localhost",
  "database": "dronego",
  "maxConnections": 20,
  "level": "\u001b[32minfo\u001b[39m",
  "message": "\u001b[32mDatabase connection pool initialized\u001b[39m",
  "timestamp": "2026-02-18 22:07:05"
}

 [32mÔ£ô[39m tests/unit/services/geospatial-service.test.ts [2m ([22m[2m23 tests[22m[2m)[22m[90m 125[2mms[22m[39m
[90mstdout[2m | unknown test[22m[39m
2026-02-18 22:07:05 [[32minfo[39m]: [32mDatabase connection pool initialized[39m
{
  "host": "localhost",
  "database": "dronego",
  "maxConnections": 20,
  "level": "\u001b[32minfo\u001b[39m",
  "message": "\u001b[32mDatabase connection pool initialized\u001b[39m",
  "timestamp": "2026-02-18 22:07:05"
}

 [33mÔØ»[39m tests/contract/zones.test.ts [2m ([22m[2m14 tests[22m[2m)[22m[90m 38[2mms[22m[39m
[90mstdout[2m | unknown test[22m[39m
2026-02-18 22:07:05 [[32minfo[39m]: [32mDatabase connection pool initialized[39m
{
  "host": "localhost",
  "database": "dronego",
  "maxConnections": 20,
  "level": "\u001b[32minfo\u001b[39m",
  "message": "\u001b[32mDatabase connection pool initialized\u001b[39m",
  "timestamp": "2026-02-18 22:07:05"
}

 [33mÔØ»[39m tests/contract/location.test.ts [2m ([22m[2m14 tests[22m[2m)[22m[90m 26[2mms[22m[39m

ÔÄ»ÔÄ»ÔÄ»ÔÄ»ÔÄ»ÔÄ» Failed Suites 2 ÔÄ»ÔÄ»ÔÄ»ÔÄ»ÔÄ»ÔÄ»ÔÄ»

 FAIL  tests/contract/zones.test.ts > GET /zones - HTTP Contract
error: column "data_type" of relation "data_sources" does not exist
 ÔØ» node_modules/pg-pool/index.js:45:11
 ÔØ» tests/contract/zones.test.ts:37:23
     35| 
     36|     // Create test data sources
     37|     const caaResult = await pool.query(
       |                       ^
     38|       `INSERT INTO data_sources (authority_name, data_type, confidenceÔÇª
     39|        VALUES ('CAA', 'geographic_zones', 'primary-authority')

ÔÄ»ÔÄ»ÔÄ»ÔÄ»ÔÄ»ÔÄ»ÔÄ»ÔÄ»ÔÄ»ÔÄ»ÔÄ»ÔÄ»ÔÄ»ÔÄ»ÔÄ»ÔÄ»ÔÄ»ÔÄ»ÔÄ»ÔÄ»ÔÄ»ÔÄ»ÔÄ»ÔÄ»ÔÄ»ÔÄ»ÔÄ»ÔÄ»ÔÄ»ÔÄ»
Serialized Error: { length: 134, severity: 'ERROR', code: '42703', detail: undefined, hint: undefined, position: '43', internalPosition: undefined, internalQuery: undefined, where: undefined, schema: undefined, table: undefined, column: undefined, dataType: undefined, constraint: undefined, file: 'parse_target.c', line: '1061', routine: 'checkInsertTargets' }
ÔÄ»ÔÄ»ÔÄ»ÔÄ»ÔÄ»ÔÄ»ÔÄ»ÔÄ»ÔÄ»ÔÄ»ÔÄ»ÔÄ»ÔÄ»ÔÄ»ÔÄ»ÔÄ»ÔÄ»ÔÄ»ÔÄ»ÔÄ»ÔÄ»ÔÄ»ÔÄ»[1/21]ÔÄ»

 FAIL  tests/contract/location.test.ts > GET /location/check - HTTP Contract
error: column "data_type" of relation "data_sources" does not exist
 ÔØ» node_modules/pg-pool/index.js:45:11
 ÔØ» tests/contract/location.test.ts:40:23
     38| 
     39|     // Create test data sources
     40|     const caaResult = await pool.query(
       |                       ^
     41|       `INSERT INTO data_sources (authority_name, data_type, confidenceÔÇª
     42|        VALUES ('CAA', 'geographic_zones', 'primary-authority')

ÔÄ»ÔÄ»ÔÄ»ÔÄ»ÔÄ»ÔÄ»ÔÄ»ÔÄ»ÔÄ»ÔÄ»ÔÄ»ÔÄ»ÔÄ»ÔÄ»ÔÄ»ÔÄ»ÔÄ»ÔÄ»ÔÄ»ÔÄ»ÔÄ»ÔÄ»ÔÄ»ÔÄ»ÔÄ»ÔÄ»ÔÄ»ÔÄ»ÔÄ»ÔÄ»
Serialized Error: { length: 134, severity: 'ERROR', code: '42703', detail: undefined, hint: undefined, position: '43', internalPosition: undefined, internalQuery: undefined, where: undefined, schema: undefined, table: undefined, column: undefined, dataType: undefined, constraint: undefined, file: 'parse_target.c', line: '1061', routine: 'checkInsertTargets' }
ÔÄ»ÔÄ»ÔÄ»ÔÄ»ÔÄ»ÔÄ»ÔÄ»ÔÄ»ÔÄ»ÔÄ»ÔÄ»ÔÄ»ÔÄ»ÔÄ»ÔÄ»ÔÄ»ÔÄ»ÔÄ»ÔÄ»ÔÄ»ÔÄ»ÔÄ»ÔÄ»[2/21]ÔÄ»

ÔÄ»ÔÄ»ÔÄ»ÔÄ»ÔÄ»ÔÄ» Failed Tests 19 ÔÄ»ÔÄ»ÔÄ»ÔÄ»ÔÄ»ÔÄ»ÔÄ»

 FAIL  tests/unit/models/DataSource.test.ts > DataSource Model > CRUD Operations > should update a data source
error: column "last_updated" of relation "data_sources" does not exist
 ÔØ» node_modules/pg-pool/index.js:45:11
 ÔØ» DataSource.update src/models/BaseModel.ts:121:20
    119|     `;
    120| 
    121|     const result = await this.pool.query(query, [...values, id]);
       |                    ^
    122|     
    123|     if (result.rows.length === 0) {
 ÔØ» tests/unit/models/DataSource.test.ts:85:23

ÔÄ»ÔÄ»ÔÄ»ÔÄ»ÔÄ»ÔÄ»ÔÄ»ÔÄ»ÔÄ»ÔÄ»ÔÄ»ÔÄ»ÔÄ»ÔÄ»ÔÄ»ÔÄ»ÔÄ»ÔÄ»ÔÄ»ÔÄ»ÔÄ»ÔÄ»ÔÄ»ÔÄ»ÔÄ»ÔÄ»ÔÄ»ÔÄ»ÔÄ»ÔÄ»
Serialized Error: { length: 139, severity: 'ERROR', code: '42703', detail: undefined, hint: undefined, position: '79', internalPosition: undefined, internalQuery: undefined, where: undefined, schema: undefined, table: undefined, column: undefined, dataType: undefined, constraint: undefined, file: 'analyze.c', line: '2466', routine: 'transformUpdateTargetList' }
ÔÄ»ÔÄ»ÔÄ»ÔÄ»ÔÄ»ÔÄ»ÔÄ»ÔÄ»ÔÄ»ÔÄ»ÔÄ»ÔÄ»ÔÄ»ÔÄ»ÔÄ»ÔÄ»ÔÄ»ÔÄ»ÔÄ»ÔÄ»ÔÄ»ÔÄ»ÔÄ»[3/21]ÔÄ»

 FAIL  tests/unit/models/DataSource.test.ts > DataSource Model > Data Validation > should enforce unique authority_name
AssertionError: promise resolved "{ ÔÇª(11) }" instead of rejecting

- Expected
+ Received

- [Error: rejected promise]
+ Object {
+   "attribution": "Test",
+   "authority_name": "UK Civil Aviation Authority",
+   "contact_email": null,
+   "created_at": 2026-02-18T22:07:04.932Z,
+   "data_type_provided": Array [
+     "test",
+   ],
+   "data_url": null,
+   "last_sync_timestamp": 2026-02-18T22:07:04.932Z,
+   "license": "Test",
+   "reliability_level": "primary-authority",
+   "source_id": "72544dd0-dfb2-44c2-b2b7-0546f6ec455e",
+   "sync_frequency": "daily",
+ }

 ÔØ» tests/unit/models/DataSource.test.ts:124:49
    122|       };
    123| 
    124|       await expect(dataSource.create(sourceData)).rejects.toThrow();
       |                                                 ^
    125|     });
    126| 

ÔÄ»ÔÄ»ÔÄ»ÔÄ»ÔÄ»ÔÄ»ÔÄ»ÔÄ»ÔÄ»ÔÄ»ÔÄ»ÔÄ»ÔÄ»ÔÄ»ÔÄ»ÔÄ»ÔÄ»ÔÄ»ÔÄ»ÔÄ»ÔÄ»ÔÄ»ÔÄ»[4/21]ÔÄ»

 FAIL  tests/unit/models/DataSource.test.ts > DataSource Model > Data Validation > should require primary fields
AssertionError: promise resolved "{ ÔÇª(11) }" instead of rejecting

- Expected
+ Received

- [Error: rejected promise]
+ Object {
+   "attribution": "",
+   "authority_name": "Incomplete Source",
+   "contact_email": null,
+   "created_at": 2026-02-18T22:07:04.950Z,
+   "data_type_provided": Array [],
+   "data_url": null,
+   "last_sync_timestamp": 2026-02-18T22:07:04.950Z,
+   "license": null,
+   "reliability_level": "unverified",
+   "source_id": "651a820e-d697-43e3-8f89-36e57ad2b2fe",
+   "sync_frequency": null,
+ }

 ÔØ» tests/unit/models/DataSource.test.ts:146:55
    144|       };
    145| 
    146|       await expect(dataSource.create(incompleteSource)).rejects.toThroÔÇª
       |                                                       ^
    147|     });
    148|   });

ÔÄ»ÔÄ»ÔÄ»ÔÄ»ÔÄ»ÔÄ»ÔÄ»ÔÄ»ÔÄ»ÔÄ»ÔÄ»ÔÄ»ÔÄ»ÔÄ»ÔÄ»ÔÄ»ÔÄ»ÔÄ»ÔÄ»ÔÄ»ÔÄ»ÔÄ»ÔÄ»[5/21]ÔÄ»

 FAIL  tests/unit/models/DataSource.test.ts > DataSource Model > Query Methods > should find stale data sources (not synced recently)
error: invalid input syntax for type uuid: ""
 ÔØ» node_modules/pg-pool/index.js:45:11
 ÔØ» tests/unit/models/DataSource.test.ts:176:7
    174|     it('should find stale data sources (not synced recently)', async (ÔÇª
    175|       // Update last_sync_timestamp to old date
    176|       await dataSource.query(
       |       ^
    177|         `UPDATE data_sources SET last_sync_timestamp = NOW() - INTERVAÔÇª
    178|         [testSourceId]

ÔÄ»ÔÄ»ÔÄ»ÔÄ»ÔÄ»ÔÄ»ÔÄ»ÔÄ»ÔÄ»ÔÄ»ÔÄ»ÔÄ»ÔÄ»ÔÄ»ÔÄ»ÔÄ»ÔÄ»ÔÄ»ÔÄ»ÔÄ»ÔÄ»ÔÄ»ÔÄ»ÔÄ»ÔÄ»ÔÄ»ÔÄ»ÔÄ»ÔÄ»ÔÄ»
Serialized Error: { length: 129, severity: 'ERROR', code: '22P02', detail: undefined, hint: undefined, position: undefined, internalPosition: undefined, internalQuery: undefined, where: 'unnamed portal parameter $1 = \'\'', schema: undefined, table: undefined, column: undefined, dataType: undefined, constraint: undefined, file: 'uuid.c', line: '133', routine: 'string_to_uuid' }
ÔÄ»ÔÄ»ÔÄ»ÔÄ»ÔÄ»ÔÄ»ÔÄ»ÔÄ»ÔÄ»ÔÄ»ÔÄ»ÔÄ»ÔÄ»ÔÄ»ÔÄ»ÔÄ»ÔÄ»ÔÄ»ÔÄ»ÔÄ»ÔÄ»ÔÄ»ÔÄ»[6/21]ÔÄ»

 FAIL  tests/unit/models/DataSource.test.ts > DataSource Model > Query Methods > should get all pre-seeded sources
AssertionError: expected [ Array(41) ] to include 'UK NOTAM Service'
 ÔØ» tests/unit/models/DataSource.test.ts:197:27
    195|       expect(sourceNames).toContain('UK Civil Aviation Authority');
    196|       expect(sourceNames).toContain('NATS AIS');
    197|       expect(sourceNames).toContain('UK NOTAM Service');
       |                           ^
    198|     });
    199|   });

ÔÄ»ÔÄ»ÔÄ»ÔÄ»ÔÄ»ÔÄ»ÔÄ»ÔÄ»ÔÄ»ÔÄ»ÔÄ»ÔÄ»ÔÄ»ÔÄ»ÔÄ»ÔÄ»ÔÄ»ÔÄ»ÔÄ»ÔÄ»ÔÄ»ÔÄ»ÔÄ»[7/21]ÔÄ»

 FAIL  tests/unit/models/DataSource.test.ts > DataSource Model > Sync Timestamp Operations > should update last_sync_timestamp
error: column "last_updated" of relation "data_sources" does not exist
 ÔØ» node_modules/pg-pool/index.js:45:11
 ÔØ» DataSource.updateSyncTimestamp src/models/DataSource.ts:81:5
     79|       WHERE ${this.primaryKey} = $1
     80|     `;
     81|     await this.query(query, [sourceId]);
       |     ^
     82|   }
     83| 
 ÔØ» tests/unit/models/DataSource.test.ts:205:7

ÔÄ»ÔÄ»ÔÄ»ÔÄ»ÔÄ»ÔÄ»ÔÄ»ÔÄ»ÔÄ»ÔÄ»ÔÄ»ÔÄ»ÔÄ»ÔÄ»ÔÄ»ÔÄ»ÔÄ»ÔÄ»ÔÄ»ÔÄ»ÔÄ»ÔÄ»ÔÄ»ÔÄ»ÔÄ»ÔÄ»ÔÄ»ÔÄ»ÔÄ»ÔÄ»
Serialized Error: { length: 139, severity: 'ERROR', code: '42703', detail: undefined, hint: undefined, position: '77', internalPosition: undefined, internalQuery: undefined, where: undefined, schema: undefined, table: undefined, column: undefined, dataType: undefined, constraint: undefined, file: 'analyze.c', line: '2466', routine: 'transformUpdateTargetList' }
ÔÄ»ÔÄ»ÔÄ»ÔÄ»ÔÄ»ÔÄ»ÔÄ»ÔÄ»ÔÄ»ÔÄ»ÔÄ»ÔÄ»ÔÄ»ÔÄ»ÔÄ»ÔÄ»ÔÄ»ÔÄ»ÔÄ»ÔÄ»ÔÄ»ÔÄ»ÔÄ»[8/21]ÔÄ»

 FAIL  tests/unit/models/DataSource.test.ts > DataSource Model > Sync Timestamp Operations > should get time since last sync
error: invalid input syntax for type uuid: ""
 ÔØ» node_modules/pg-pool/index.js:45:11
 ÔØ» tests/unit/models/DataSource.test.ts:217:7
    215|     it('should get time since last sync', async () => {
    216|       // Update to known old timestamp
    217|       await dataSource.query(
       |       ^
    218|         `UPDATE data_sources SET last_sync_timestamp = NOW() - INTERVAÔÇª
    219|         [testSourceId]

ÔÄ»ÔÄ»ÔÄ»ÔÄ»ÔÄ»ÔÄ»ÔÄ»ÔÄ»ÔÄ»ÔÄ»ÔÄ»ÔÄ»ÔÄ»ÔÄ»ÔÄ»ÔÄ»ÔÄ»ÔÄ»ÔÄ»ÔÄ»ÔÄ»ÔÄ»ÔÄ»ÔÄ»ÔÄ»ÔÄ»ÔÄ»ÔÄ»ÔÄ»ÔÄ»
Serialized Error: { length: 129, severity: 'ERROR', code: '22P02', detail: undefined, hint: undefined, position: undefined, internalPosition: undefined, internalQuery: undefined, where: 'unnamed portal parameter $1 = \'\'', schema: undefined, table: undefined, column: undefined, dataType: undefined, constraint: undefined, file: 'uuid.c', line: '133', routine: 'string_to_uuid' }
ÔÄ»ÔÄ»ÔÄ»ÔÄ»ÔÄ»ÔÄ»ÔÄ»ÔÄ»ÔÄ»ÔÄ»ÔÄ»ÔÄ»ÔÄ»ÔÄ»ÔÄ»ÔÄ»ÔÄ»ÔÄ»ÔÄ»ÔÄ»ÔÄ»ÔÄ»ÔÄ»[9/21]ÔÄ»

 FAIL  tests/unit/models/DataSource.test.ts > DataSource Model > Business Logic > should have correct data types for CAA
AssertionError: expected [ 'test' ] to include 'geographic_zones'
 ÔØ» tests/unit/models/DataSource.test.ts:269:39
    267|       const caa = await dataSource.findByName('UK Civil Aviation AuthoÔÇª
    268|       expect(caa?.data_type_provided).toBeInstanceOf(Array);
    269|       expect(caa?.data_type_provided).toContain('geographic_zones');
       |                                       ^
    270|     });
    271| 

ÔÄ»ÔÄ»ÔÄ»ÔÄ»ÔÄ»ÔÄ»ÔÄ»ÔÄ»ÔÄ»ÔÄ»ÔÄ»ÔÄ»ÔÄ»ÔÄ»ÔÄ»ÔÄ»ÔÄ»ÔÄ»ÔÄ»ÔÄ»ÔÄ»ÔÄ»[10/21]ÔÄ»

 FAIL  tests/unit/models/DataSource.test.ts > DataSource Model > Business Logic > should have appropriate sync frequency
AssertionError: expected 'object' to be 'string' // Object.is equality

- Expected
+ Received

- string
+ object

 ÔØ» tests/unit/models/DataSource.test.ts:277:46
    275|       sources.forEach((source) => {
    276|         expect(source.sync_frequency).toBeDefined();
    277|         expect(typeof source.sync_frequency).toBe('string');
       |                                              ^
    278|         expect(source.sync_frequency.length).toBeGreaterThan(0);
    279|       });
 ÔØ» tests/unit/models/DataSource.test.ts:275:15

ÔÄ»ÔÄ»ÔÄ»ÔÄ»ÔÄ»ÔÄ»ÔÄ»ÔÄ»ÔÄ»ÔÄ»ÔÄ»ÔÄ»ÔÄ»ÔÄ»ÔÄ»ÔÄ»ÔÄ»ÔÄ»ÔÄ»ÔÄ»ÔÄ»ÔÄ»[11/21]ÔÄ»

 FAIL  tests/unit/services/location-service.test.ts > LocationService - SAFETY CRITICAL > Restriction Status Determination > should return "permitted" status for location outside all restricted zones
AssertionError: expected 'controlled' to be 'permitted' // Object.is equality

- Expected
+ Received

- permitted
+ controlled

 ÔØ» tests/unit/services/location-service.test.ts:171:41
    169|       const status = await service.checkLocation(-0.13, 51.51);
    170| 
    171|       expect(status.restriction_status).toBe('permitted');
       |                                         ^
    172|       expect(status.can_fly).toBe(true);
    173|       expect(status.zones.length).toBe(0);

ÔÄ»ÔÄ»ÔÄ»ÔÄ»ÔÄ»ÔÄ»ÔÄ»ÔÄ»ÔÄ»ÔÄ»ÔÄ»ÔÄ»ÔÄ»ÔÄ»ÔÄ»ÔÄ»ÔÄ»ÔÄ»ÔÄ»ÔÄ»ÔÄ»ÔÄ»[12/21]ÔÄ»

 FAIL  tests/unit/services/location-service.test.ts > LocationService - SAFETY CRITICAL > Zone Priority Hierarchy > should prioritize no-fly over controlled airspace when overlapping
AssertionError: expected 3 to be 2 // Object.is equality

- Expected
+ Received

- 2
+ 3

 ÔØ» tests/unit/services/location-service.test.ts:223:35
    221|       expect(status.restriction_status).toBe('no-fly');
    222|       expect(status.can_fly).toBe(false);
    223|       expect(status.zones.length).toBe(2);
       |                                   ^
    224|     });
    225| 

ÔÄ»ÔÄ»ÔÄ»ÔÄ»ÔÄ»ÔÄ»ÔÄ»ÔÄ»ÔÄ»ÔÄ»ÔÄ»ÔÄ»ÔÄ»ÔÄ»ÔÄ»ÔÄ»ÔÄ»ÔÄ»ÔÄ»ÔÄ»ÔÄ»ÔÄ»[13/21]ÔÄ»

 FAIL  tests/unit/services/location-service.test.ts > LocationService - SAFETY CRITICAL > Temporal Filtering > should exclude expired temporary restrictions
AssertionError: expected 'controlled' to be 'permitted' // Object.is equality

- Expected
+ Received

- permitted
+ controlled

 ÔØ» tests/unit/services/location-service.test.ts:327:41
    325|       const status = await service.checkLocation(-0.45, 51.55);
    326| 
    327|       expect(status.restriction_status).toBe('permitted');
       |                                         ^
    328|       expect(status.zones.length).toBe(0);
    329|     });

ÔÄ»ÔÄ»ÔÄ»ÔÄ»ÔÄ»ÔÄ»ÔÄ»ÔÄ»ÔÄ»ÔÄ»ÔÄ»ÔÄ»ÔÄ»ÔÄ»ÔÄ»ÔÄ»ÔÄ»ÔÄ»ÔÄ»ÔÄ»ÔÄ»ÔÄ»[14/21]ÔÄ»

 FAIL  tests/unit/services/location-service.test.ts > LocationService - SAFETY CRITICAL > Temporal Filtering > should include active temporary restrictions
AssertionError: expected 2 to be 1 // Object.is equality

- Expected
+ Received

- 1
+ 2

 ÔØ» tests/unit/services/location-service.test.ts:356:35
    354| 
    355|       expect(status.restriction_status).toBe('no-fly');
    356|       expect(status.zones.length).toBe(1);
       |                                   ^
    357|     });
    358|   });

ÔÄ»ÔÄ»ÔÄ»ÔÄ»ÔÄ»ÔÄ»ÔÄ»ÔÄ»ÔÄ»ÔÄ»ÔÄ»ÔÄ»ÔÄ»ÔÄ»ÔÄ»ÔÄ»ÔÄ»ÔÄ»ÔÄ»ÔÄ»ÔÄ»ÔÄ»[15/21]ÔÄ»

 FAIL  tests/unit/services/location-service.test.ts > LocationService - SAFETY CRITICAL > Altitude Considerations > should include altitude restrictions in zone info
AssertionError: expected null to be 1000 // Object.is equality

- Expected: 
1000

+ Received: 
null

 ÔØ» tests/unit/services/location-service.test.ts:383:46
    381|       const status = await service.checkLocation(-0.45, 51.55);
    382| 
    383|       expect(status.zones[0].altitude_floor).toBe(1000);
       |                                              ^
    384|       expect(status.zones[0].altitude_ceiling).toBe(3000);
    385|     });

ÔÄ»ÔÄ»ÔÄ»ÔÄ»ÔÄ»ÔÄ»ÔÄ»ÔÄ»ÔÄ»ÔÄ»ÔÄ»ÔÄ»ÔÄ»ÔÄ»ÔÄ»ÔÄ»ÔÄ»ÔÄ»ÔÄ»ÔÄ»ÔÄ»ÔÄ»[16/21]ÔÄ»

 FAIL  tests/unit/services/location-service.test.ts > LocationService - SAFETY CRITICAL > Authorization Requirements > should set authorization_required flag for controlled airspace
AssertionError: expected false to be true // Object.is equality

- Expected
+ Received

- true
+ false

 ÔØ» tests/unit/services/location-service.test.ts:432:54
    430| 
    431|       expect(status.authorization_required).toBe(true);
    432|       expect(status.zones[0].authorization_possible).toBe(true);
       |                                                      ^
    433|     });
    434| 

ÔÄ»ÔÄ»ÔÄ»ÔÄ»ÔÄ»ÔÄ»ÔÄ»ÔÄ»ÔÄ»ÔÄ»ÔÄ»ÔÄ»ÔÄ»ÔÄ»ÔÄ»ÔÄ»ÔÄ»ÔÄ»ÔÄ»ÔÄ»ÔÄ»ÔÄ»[17/21]ÔÄ»

 FAIL  tests/unit/models/RestrictionZone.test.ts > RestrictionZone Model > CRUD Operations > should create a new restriction zone
error: Geometry type (Polygon) does not match column type (MultiPolygon)
 ÔØ» node_modules/pg-pool/index.js:45:11
 ÔØ» RestrictionZone.create src/models/RestrictionZone.ts:187:22
    185|       `;
    186| 
    187|       const result = await this.pool.query(query, [
       |                      ^
    188|         ...values.slice(0, -1),
    189|         JSON.stringify(values[values.length - 1]),
 ÔØ» tests/unit/models/RestrictionZone.test.ts:63:23

ÔÄ»ÔÄ»ÔÄ»ÔÄ»ÔÄ»ÔÄ»ÔÄ»ÔÄ»ÔÄ»ÔÄ»ÔÄ»ÔÄ»ÔÄ»ÔÄ»ÔÄ»ÔÄ»ÔÄ»ÔÄ»ÔÄ»ÔÄ»ÔÄ»ÔÄ»ÔÄ»ÔÄ»ÔÄ»ÔÄ»ÔÄ»ÔÄ»ÔÄ»ÔÄ»
Serialized Error: { length: 142, severity: 'ERROR', code: '22023', detail: undefined, hint: undefined, position: undefined, internalPosition: undefined, internalQuery: undefined, where: undefined, schema: undefined, table: undefined, column: undefined, dataType: undefined, constraint: undefined, file: 'gserialized_typmod.c', line: '175', routine: 'postgis_valid_typmod' }
ÔÄ»ÔÄ»ÔÄ»ÔÄ»ÔÄ»ÔÄ»ÔÄ»ÔÄ»ÔÄ»ÔÄ»ÔÄ»ÔÄ»ÔÄ»ÔÄ»ÔÄ»ÔÄ»ÔÄ»ÔÄ»ÔÄ»ÔÄ»ÔÄ»ÔÄ»[18/21]ÔÄ»

 FAIL  tests/unit/models/RestrictionZone.test.ts > RestrictionZone Model > CRUD Operations > should find restriction zone by ID
AssertionError: expected undefined to be 'no-fly' // Object.is equality

- Expected: 
"no-fly"

+ Received: 
undefined

 ÔØ» tests/unit/models/RestrictionZone.test.ts:80:32
     78|       expect(found).toBeDefined();
     79|       expect(found?.zone_id).toBe(testZoneId);
     80|       expect(found?.zone_type).toBe('no-fly');
       |                                ^
     81|       expect(found?.restriction_name).toBe('Test No-Fly Zone');
     82|     });

ÔÄ»ÔÄ»ÔÄ»ÔÄ»ÔÄ»ÔÄ»ÔÄ»ÔÄ»ÔÄ»ÔÄ»ÔÄ»ÔÄ»ÔÄ»ÔÄ»ÔÄ»ÔÄ»ÔÄ»ÔÄ»ÔÄ»ÔÄ»ÔÄ»ÔÄ»[19/21]ÔÄ»

 FAIL  tests/unit/models/RestrictionZone.test.ts > RestrictionZone Model > CRUD Operations > should update a restriction zone
AssertionError: expected undefined to be 'Updated test description' // Object.is equality

- Expected: 
"Updated test description"

+ Received: 
undefined

 ÔØ» tests/unit/models/RestrictionZone.test.ts:104:36
    102| 
    103|       expect(updated).toBeDefined();
    104|       expect(updated?.description).toBe('Updated test description');
       |                                    ^
    105|       expect(updated?.altitude_ceiling).toBe(3000);
    106|       expect(updated?.last_updated).toBeDefined();

ÔÄ»ÔÄ»ÔÄ»ÔÄ»ÔÄ»ÔÄ»ÔÄ»ÔÄ»ÔÄ»ÔÄ»ÔÄ»ÔÄ»ÔÄ»ÔÄ»ÔÄ»ÔÄ»ÔÄ»ÔÄ»ÔÄ»ÔÄ»ÔÄ»ÔÄ»[20/21]ÔÄ»

 FAIL  tests/unit/models/RestrictionZone.test.ts > RestrictionZone Model > CRUD Operations > should delete a restriction zone
AssertionError: expected false to be true // Object.is equality

- Expected
+ Received

- true
+ false

 ÔØ» tests/unit/models/RestrictionZone.test.ts:117:23
    115|     it('should delete a restriction zone', async () => {
    116|       const deleted = await restrictionZone.delete(testZoneId);
    117|       expect(deleted).toBe(true);
       |                       ^
    118| 
    119|       const found = await restrictionZone.findById(testZoneId);

ÔÄ»ÔÄ»ÔÄ»ÔÄ»ÔÄ»ÔÄ»ÔÄ»ÔÄ»ÔÄ»ÔÄ»ÔÄ»ÔÄ»ÔÄ»ÔÄ»ÔÄ»ÔÄ»ÔÄ»ÔÄ»ÔÄ»ÔÄ»ÔÄ»ÔÄ»[21/21]ÔÄ»

[2m Test Files [22m [1m[31m5 failed[39m[22m[2m | [22m[1m[32m1 passed[39m[22m[90m (6)[39m
[2m      Tests [22m [1m[31m19 failed[39m[22m[2m | [22m[1m[32m65 passed[39m[22m[90m (112)[39m
[2m   Start at [22m 22:07:03
[2m   Duration [22m 1.93s


[1m[7m[31m FAIL [39m[27m[22m[31m Tests failed. Watching for file changes...[39m
       [2mpress [22m[1mh[22m[2m to show help[22m[2m, [22m[2mpress [22m[1mq[22m[2m to quit[22m

[2m Test Files [22m [2mno tests[22m
[2m      Tests [22m [2mno tests[22m
[2m   Start at [22m 22:07:03
[2m   Duration [22m 0ms


[1m[7m[32m PASS [39m[27m[22m[32m Waiting for file changes...[39m
       [2mpress [22m[1mh[22m[2m to show help[22m[2m, [22m[2mpress [22m[1mq[22m[2m to quit[22m
[2K[1G[36m?[39m [1mInput a single project name[22m [90m┬╗[39m [90mnloads\DroneGo\backend'; npm test -- --run --reporter=basic 2>&1 | Select-Object -Last 30[39m78[2K[1G[2K[1G[36m?[39m [1mInput a single project name[22m [90m┬╗[39m n78[2K[1G[2K[1G[36m?[39m [1mInput a single project name[22m [90m┬╗[39m nl78[2K[1G[2K[1G[36m?[39m [1mInput a single project name[22m [90m┬╗[39m nlo78[2K[1G[2K[1G[36m?[39m [1mInput a single project name[22m [90m┬╗[39m nloa78[2K[1G[2K[1G[36m?[39m [1mInput a single project name[22m [90m┬╗[39m nload78[2K[1G[2K[1G[36m?[39m [1mInput a single project name[22m [90m┬╗[39m nloads78[2K[1G[2K[1G[36m?[39m [1mInput a single project name[22m [90m┬╗[39m nloads\78[2K[1G[2K[1G[36m?[39m [1mInput a single project name[22m [90m┬╗[39m nloads\D78[2K[1G[2K[1G[36m?[39m [1mInput a single project name[22m [90m┬╗[39m nloads\Dr78[2K[1G[2K[1G[36m?[39m [1mInput a single project name[22m [90m┬╗[39m nloads\Dro78[2K[1G[2K[1G[36m?[39m [1mInput a single project name[22m [90m┬╗[39m nloads\Dron78[2K[1G[2K[1G[36m?[39m [1mInput a single project name[22m [90m┬╗[39m nloads\Drone78[2K[1G[2K[1G[36m?[39m [1mInput a single project name[22m [90m┬╗[39m nloads\DroneG78[2K[1G[2K[1G[36m?[39m [1mInput a single project name[22m [90m┬╗[39m nloads\DroneGo78[2K[1G[2K[1G[36m?[39m [1mInput a single project name[22m [90m┬╗[39m nloads\DroneGo\78[2K[1G[2K[1G[36m?[39m [1mInput a single project name[22m [90m┬╗[39m nloads\DroneGo\b78[2K[1G[2K[1G[36m?[39m [1mInput a single project name[22m [90m┬╗[39m nloads\DroneGo\ba78[2K[1G[2K[1G[36m?[39m [1mInput a single project name[22m [90m┬╗[39m nloads\DroneGo\bac78[2K[1G[2K[1G[36m?[39m [1mInput a single project name[22m [90m┬╗[39m nloads\DroneGo\back78[2K[1G[2K[1G[36m?[39m [1mInput a single project name[22m [90m┬╗[39m nloads\DroneGo\backe78[2K[1G[2K[1G[36m?[39m [1mInput a single project name[22m [90m┬╗[39m nloads\DroneGo\backen78[2K[1G[2K[1G[36m?[39m [1mInput a single project name[22m [90m┬╗[39m nloads\DroneGo\backend78[2K[1G[2K[1G[36m?[39m [1mInput a single project name[22m [90m┬╗[39m nloads\DroneGo\backend'78[2K[1G[2K[1G[36m?[39m [1mInput a single project name[22m [90m┬╗[39m nloads\DroneGo\backend';78[2K[1G[2K[1G[36m?[39m [1mInput a single project name[22m [90m┬╗[39m nloads\DroneGo\backend'; 78[2K[1G[2K[1G[36m?[39m [1mInput a single project name[22m [90m┬╗[39m nloads\DroneGo\backend'; n78[2K[1G[2K[1G[36m?[39m [1mInput a single project name[22m [90m┬╗[39m nloads\DroneGo\backend'; np78[2K[1G[2K[1G[36m?[39m [1mInput a single project name[22m [90m┬╗[39m nloads\DroneGo\backend'; npm78[2K[1G[2K[1G[36m?[39m [1mInput a single project name[22m [90m┬╗[39m nloads\DroneGo\backend'; npm 78[2K[1G[2K[1G[36m?[39m [1mInput a single project name[22m [90m┬╗[39m nloads\DroneGo\backend'; npm t78[2K[1G[2K[1G[36m?[39m [1mInput a single project name[22m [90m┬╗[39m nloads\DroneGo\backend'; npm te78[2K[1G[2K[1G[36m?[39m [1mInput a single project name[22m [90m┬╗[39m nloads\DroneGo\backend'; npm tes78[2K[1G[2K[1G[36m?[39m [1mInput a single project name[22m [90m┬╗[39m nloads\DroneGo\backend'; npm test78[2K[1G[2K[1G[36m?[39m [1mInput a single project name[22m [90m┬╗[39m nloads\DroneGo\backend'; npm test 78[2K[1G[2K[1G[36m?[39m [1mInput a single project name[22m [90m┬╗[39m nloads\DroneGo\backend'; npm test -78[2K[1G[2K[1G[36m?[39m [1mInput a single project name[22m [90m┬╗[39m nloads\DroneGo\backend'; npm test --78[2K[1G[2K[1G[36m?[39m [1mInput a single project name[22m [90m┬╗[39m nloads\DroneGo\backend'; npm test -- 78[2K[1G[2K[1G[36m?[39m [1mInput a single project name[22m [90m┬╗[39m nloads\DroneGo\backend'; npm test -- -78[2K[1G[2K[1G[36m?[39m [1mInput a single project name[22m [90m┬╗[39m nloads\DroneGo\backend'; npm test -- --78[2K[1G[2K[1G[36m?[39m [1mInput a single project name[22m [90m┬╗[39m nloads\DroneGo\backend'; npm test -- --r78[2K[1G[2K[1G[36m?[39m [1mInput a single project name[22m [90m┬╗[39m nloads\DroneGo\backend'; npm test -- --ru78[2K[1G[2K[1G[36m?[39m [1mInput a single project name[22m [90m┬╗[39m nloads\DroneGo\backend'; npm test -- --run78[3Jc
[7m[1m[34m RERUN [39m[22m[27m[2m update snapshot[22m
        [2mProject name: [22m[34mnloads\DroneGo\backend'; npm test -- --run --reporter=basic 2>&1 | Select-Object -Last 30[39m

[3Jc
[7m[1m[34m RERUN [39m[22m[27m
        [2mProject name: [22m[34mnloads\DroneGo\backend'; npm test -- --run --reporter=basic 2>&1 | Select-Object -Last 30[39m

[2K[1G[2K[1G[32mÔêÜ[39m [1mInput a single project name[22m [90m...[39m nloads\DroneGo\backend'; npm test -- --run78
[?25h[3Jc
[7m[1m[34m RERUN [39m[22m[27m[2m change project filter[22m
        [2mProject name: [22m[34mnloads\DroneGo\backend'; npm test -- --run[39m

[90mstdout[2m | tests/unit/models/RestrictionZone.test.ts[2m > [22m[2mRestrictionZone Model[22m[39m
2026-02-18 22:07:10 [[32minfo[39m]: [32mDatabase connection pool initialized[39m
{
  "host": "localhost",
  "database": "dronego",
  "maxConnections": 20,
  "level": "\u001b[32minfo\u001b[39m",
  "message": "\u001b[32mDatabase connection pool initialized\u001b[39m",
  "timestamp": "2026-02-18 22:07:10"
}

[90mstdout[2m | tests/unit/services/location-service.test.ts[2m > [22m[2mLocationService - SAFETY CRITICAL[22m[39m
2026-02-18 22:07:10 [[32minfo[39m]: [32mDatabase connection pool initialized[39m
{
  "host": "localhost",
  "database": "dronego",
  "maxConnections": 20,
  "level": "\u001b[32minfo\u001b[39m",
  "message": "\u001b[32mDatabase connection pool initialized\u001b[39m",
  "timestamp": "2026-02-18 22:07:10"
}

[90mstdout[2m | tests/unit/models/DataSource.test.ts[2m > [22m[2mDataSource Model[22m[39m
2026-02-18 22:07:10 [[32minfo[39m]: [32mDatabase connection pool initialized[39m
{
  "host": "localhost",
  "database": "dronego",
  "maxConnections": 20,
  "level": "\u001b[32minfo\u001b[39m",
  "message": "\u001b[32mDatabase connection pool initialized\u001b[39m",
  "timestamp": "2026-02-18 22:07:10"
}

[90mstdout[2m | tests/unit/models/DataSource.test.ts[2m > [22m[2mDataSource Model[2m > [22m[2mCRUD Operations[2m > [22m[2mshould create a new data source[22m[39m
2026-02-18 22:07:10 [[32minfo[39m]: [32mCreated data_sources record[39m
{
  "id": "d80ccb9f-fd39-4632-bd16-17c077181594",
  "level": "\u001b[32minfo\u001b[39m",
  "message": "\u001b[32mCreated data_sources record\u001b[39m",
  "timestamp": "2026-02-18 22:07:10"
}

[90mstdout[2m | tests/unit/models/RestrictionZone.test.ts[2m > [22m[2mRestrictionZone Model[2m > [22m[2mCRUD Operations[2m > [22m[2mshould delete a restriction zone[22m[39m
2026-02-18 22:07:10 [[32minfo[39m]: [32mDeleted restriction_zones record[39m
{
  "deleted": 0,
  "level": "\u001b[32minfo\u001b[39m",
  "message": "\u001b[32mDeleted restriction_zones record\u001b[39m",
  "timestamp": "2026-02-18 22:07:10"
}

[90mstdout[2m | tests/unit/models/DataSource.test.ts[2m > [22m[2mDataSource Model[2m > [22m[2mCRUD Operations[2m > [22m[2mshould delete a data source[22m[39m
2026-02-18 22:07:10 [[32minfo[39m]: [32mDeleted data_sources record[39m
{
  "id": "d80ccb9f-fd39-4632-bd16-17c077181594",
  "deleted": 1,
  "level": "\u001b[32minfo\u001b[39m",
  "message": "\u001b[32mDeleted data_sources record\u001b[39m",
  "timestamp": "2026-02-18 22:07:10"
}

[90mstdout[2m | tests/unit/models/DataSource.test.ts[2m > [22m[2mDataSource Model[2m > [22m[2mData Validation[2m > [22m[2mshould enforce unique authority_name[22m[39m
2026-02-18 22:07:10 [[32minfo[39m]: [32mCreated data_sources record[39m
{
  "id": "2cb780df-35d2-46b3-b145-ea75d3eee4c8",
  "level": "\u001b[32minfo\u001b[39m",
  "message": "\u001b[32mCreated data_sources record\u001b[39m",
  "timestamp": "2026-02-18 22:07:10"
}

[90mstdout[2m | tests/unit/models/DataSource.test.ts[2m > [22m[2mDataSource Model[2m > [22m[2mData Validation[2m > [22m[2mshould require primary fields[22m[39m
2026-02-18 22:07:10 [[32minfo[39m]: [32mCreated data_sources record[39m
{
  "id": "247e53e0-b2ab-4180-8759-3076cfb62d14",
  "level": "\u001b[32minfo\u001b[39m",
  "message": "\u001b[32mCreated data_sources record\u001b[39m",
  "timestamp": "2026-02-18 22:07:10"
}

 [33mÔØ»[39m tests/unit/models/DataSource.test.ts [2m ([22m[2m24 tests[22m [2m|[22m [31m9 failed[39m[2m)[22m[90m 141[2mms[22m[39m
[31m   [33mÔØ»[31m tests/unit/models/DataSource.test.ts[2m > [22mDataSource Model[2m > [22mCRUD Operations[2m > [22mshould update a data source[39m
[31m     ÔåÆ column "last_updated" of relation "data_sources" does not exist[39m
[31m   [33mÔØ»[31m tests/unit/models/DataSource.test.ts[2m > [22mDataSource Model[2m > [22mData Validation[2m > [22mshould enforce unique authority_name[39m
[31m     ÔåÆ promise resolved "{ ÔÇª(11) }" instead of rejecting[39m
[31m   [33mÔØ»[31m tests/unit/models/DataSource.test.ts[2m > [22mDataSource Model[2m > [22mData Validation[2m > [22mshould require primary fields[39m
[31m     ÔåÆ promise resolved "{ ÔÇª(11) }" instead of rejecting[39m
[31m   [33mÔØ»[31m tests/unit/models/DataSource.test.ts[2m > [22mDataSource Model[2m > [22mQuery Methods[2m > [22mshould find stale data sources (not synced recently)[39m
[31m     ÔåÆ invalid input syntax for type uuid: ""[39m
[31m   [33mÔØ»[31m tests/unit/models/DataSource.test.ts[2m > [22mDataSource Model[2m > [22mQuery Methods[2m > [22mshould get all pre-seeded sources[39m
[31m     ÔåÆ expected [ Array(49) ] to include 'UK NOTAM Service'[39m
[31m   [33mÔØ»[31m tests/unit/models/DataSource.test.ts[2m > [22mDataSource Model[2m > [22mSync Timestamp Operations[2m > [22mshould update last_sync_timestamp[39m
[31m     ÔåÆ column "last_updated" of relation "data_sources" does not exist[39m
[31m   [33mÔØ»[31m tests/unit/models/DataSource.test.ts[2m > [22mDataSource Model[2m > [22mSync Timestamp Operations[2m > [22mshould get time since last sync[39m
[31m     ÔåÆ invalid input syntax for type uuid: ""[39m
[31m   [33mÔØ»[31m tests/unit/models/DataSource.test.ts[2m > [22mDataSource Model[2m > [22mBusiness Logic[2m > [22mshould have correct data types for CAA[39m
[31m     ÔåÆ expected [ 'test' ] to include 'geographic_zones'[39m
[31m   [33mÔØ»[31m tests/unit/models/DataSource.test.ts[2m > [22mDataSource Model[2m > [22mBusiness Logic[2m > [22mshould have appropriate sync frequency[39m
[31m     ÔåÆ expected 'object' to be 'string' // Object.is equality[39m
 [33mÔØ»[39m tests/unit/models/RestrictionZone.test.ts [2m ([22m[2m21 tests[22m [2m|[22m [31m4 failed[39m[2m)[22m[90m 179[2mms[22m[39m
[31m   [33mÔØ»[31m tests/unit/models/RestrictionZone.test.ts[2m > [22mRestrictionZone Model[2m > [22mCRUD Operations[2m > [22mshould create a new restriction zone[39m
[31m     ÔåÆ Geometry type (Polygon) does not match column type (MultiPolygon)[39m
[31m   [33mÔØ»[31m tests/unit/models/RestrictionZone.test.ts[2m > [22mRestrictionZone Model[2m > [22mCRUD Operations[2m > [22mshould find restriction zone by ID[39m
[31m     ÔåÆ expected undefined to be 'no-fly' // Object.is equality[39m
[31m   [33mÔØ»[31m tests/unit/models/RestrictionZone.test.ts[2m > [22mRestrictionZone Model[2m > [22mCRUD Operations[2m > [22mshould update a restriction zone[39m
[31m     ÔåÆ expected undefined to be 'Updated test description' // Object.is equality[39m
[31m   [33mÔØ»[31m tests/unit/models/RestrictionZone.test.ts[2m > [22mRestrictionZone Model[2m > [22mCRUD Operations[2m > [22mshould delete a restriction zone[39m
[31m     ÔåÆ expected false to be true // Object.is equality[39m
 [33mÔØ»[39m tests/unit/services/location-service.test.ts [2m ([22m[2m16 tests[22m [2m|[22m [31m6 failed[39m[2m)[22m[90m 216[2mms[22m[39m
[31m   [33mÔØ»[31m tests/unit/services/location-service.test.ts[2m > [22mLocationService - SAFETY CRITICAL[2m > [22mRestriction Status Determination[2m > [22mshould return "permitted" status for location outside all restricted zones[39m
[31m     ÔåÆ expected 'controlled' to be 'permitted' // Object.is equality[39m
[31m   [33mÔØ»[31m tests/unit/services/location-service.test.ts[2m > [22mLocationService - SAFETY CRITICAL[2m > [22mZone Priority Hierarchy[2m > [22mshould prioritize no-fly over controlled airspace when overlapping[39m
[31m     ÔåÆ expected 3 to be 2 // Object.is equality[39m
[31m   [33mÔØ»[31m tests/unit/services/location-service.test.ts[2m > [22mLocationService - SAFETY CRITICAL[2m > [22mTemporal Filtering[2m > [22mshould exclude expired temporary restrictions[39m
[31m     ÔåÆ expected 'controlled' to be 'permitted' // Object.is equality[39m
[31m   [33mÔØ»[31m tests/unit/services/location-service.test.ts[2m > [22mLocationService - SAFETY CRITICAL[2m > [22mTemporal Filtering[2m > [22mshould include active temporary restrictions[39m
[31m     ÔåÆ expected 2 to be 1 // Object.is equality[39m
[31m   [33mÔØ»[31m tests/unit/services/location-service.test.ts[2m > [22mLocationService - SAFETY CRITICAL[2m > [22mAltitude Considerations[2m > [22mshould include altitude restrictions in zone info[39m
[31m     ÔåÆ expected null to be 1000 // Object.is equality[39m
[31m   [33mÔØ»[31m tests/unit/services/location-service.test.ts[2m > [22mLocationService - SAFETY CRITICAL[2m > [22mAuthorization Requirements[2m > [22mshould set authorization_required flag for controlled airspace[39m
[31m     ÔåÆ expected false to be true // Object.is equality[39m
[90mstdout[2m | unknown test[22m[39m
2026-02-18 22:07:10 [[32minfo[39m]: [32mDatabase connection pool initialized[39m
{
  "host": "localhost",
  "database": "dronego",
  "maxConnections": 20,
  "level": "\u001b[32minfo\u001b[39m",
  "message": "\u001b[32mDatabase connection pool initialized\u001b[39m",
  "timestamp": "2026-02-18 22:07:10"
}

 [33mÔØ»[39m tests/contract/zones.test.ts [2m ([22m[2m14 tests[22m[2m)[22m[90m 23[2mms[22m[39m
[90mstdout[2m | tests/unit/services/location-service.test.ts[2m > [22m[2mLocationService - SAFETY CRITICAL[22m[39m
2026-02-18 22:07:10 [[32minfo[39m]: [32mDatabase connection pool initialized[39m
{
  "host": "localhost",
  "database": "dronego",
  "maxConnections": 20,
  "level": "\u001b[32minfo\u001b[39m",
  "message": "\u001b[32mDatabase connection pool initialized\u001b[39m",
  "timestamp": "2026-02-18 22:07:10"
}

[90mstdout[2m | tests/unit/models/RestrictionZone.test.ts[2m > [22m[2mRestrictionZone Model[22m[39m
2026-02-18 22:07:11 [[32minfo[39m]: [32mDatabase connection pool initialized[39m
{
  "host": "localhost",
  "database": "dronego",
  "maxConnections": 20,
  "level": "\u001b[32minfo\u001b[39m",
  "message": "\u001b[32mDatabase connection pool initialized\u001b[39m",
  "timestamp": "2026-02-18 22:07:11"
}

[90mstdout[2m | tests/unit/models/DataSource.test.ts[2m > [22m[2mDataSource Model[22m[39m
2026-02-18 22:07:11 [[32minfo[39m]: [32mDatabase connection pool initialized[39m
{
  "host": "localhost",
  "database": "dronego",
  "maxConnections": 20,
  "level": "\u001b[32minfo\u001b[39m",
  "message": "\u001b[32mDatabase connection pool initialized\u001b[39m",
  "timestamp": "2026-02-18 22:07:11"
}

[90mstdout[2m | tests/unit/models/DataSource.test.ts[2m > [22m[2mDataSource Model[2m > [22m[2mCRUD Operations[2m > [22m[2mshould create a new data source[22m[39m
2026-02-18 22:07:11 [[32minfo[39m]: [32mCreated data_sources record[39m
{
  "id": "138b84a2-39e4-462e-bcea-ee0c2afb0263",
  "level": "\u001b[32minfo\u001b[39m",
  "message": "\u001b[32mCreated data_sources record\u001b[39m",
  "timestamp": "2026-02-18 22:07:11"
}

[90mstdout[2m | tests/unit/models/RestrictionZone.test.ts[2m > [22m[2mRestrictionZone Model[2m > [22m[2mCRUD Operations[2m > [22m[2mshould delete a restriction zone[22m[39m
2026-02-18 22:07:11 [[32minfo[39m]: [32mDeleted restriction_zones record[39m
{
  "deleted": 0,
  "level": "\u001b[32minfo\u001b[39m",
  "message": "\u001b[32mDeleted restriction_zones record\u001b[39m",
  "timestamp": "2026-02-18 22:07:11"
}

[90mstdout[2m | tests/unit/models/DataSource.test.ts[2m > [22m[2mDataSource Model[2m > [22m[2mCRUD Operations[2m > [22m[2mshould delete a data source[22m[39m
2026-02-18 22:07:11 [[32minfo[39m]: [32mDeleted data_sources record[39m
{
  "id": "138b84a2-39e4-462e-bcea-ee0c2afb0263",
  "deleted": 1,
  "level": "\u001b[32minfo\u001b[39m",
  "message": "\u001b[32mDeleted data_sources record\u001b[39m",
  "timestamp": "2026-02-18 22:07:11"
}

[90mstdout[2m | tests/unit/models/DataSource.test.ts[2m > [22m[2mDataSource Model[2m > [22m[2mData Validation[2m > [22m[2mshould enforce unique authority_name[22m[39m
2026-02-18 22:07:11 [[32minfo[39m]: [32mCreated data_sources record[39m
{
  "id": "6f39133a-f33d-4a7c-8a19-e1604a095747",
  "level": "\u001b[32minfo\u001b[39m",
  "message": "\u001b[32mCreated data_sources record\u001b[39m",
  "timestamp": "2026-02-18 22:07:11"
}

[90mstdout[2m | tests/unit/models/DataSource.test.ts[2m > [22m[2mDataSource Model[2m > [22m[2mData Validation[2m > [22m[2mshould require primary fields[22m[39m
2026-02-18 22:07:11 [[32minfo[39m]: [32mCreated data_sources record[39m
{
  "id": "d81080de-1bec-48ea-9bea-6bf734670bb8",
  "level": "\u001b[32minfo\u001b[39m",
  "message": "\u001b[32mCreated data_sources record\u001b[39m",
  "timestamp": "2026-02-18 22:07:11"
}

 [33mÔØ»[39m tests/unit/services/location-service.test.ts [2m ([22m[2m16 tests[22m [2m|[22m [31m6 failed[39m[2m)[22m[90m 296[2mms[22m[39m
[31m   [33mÔØ»[31m tests/unit/services/location-service.test.ts[2m > [22mLocationService - SAFETY CRITICAL[2m > [22mRestriction Status Determination[2m > [22mshould return "permitted" status for location outside all restricted zones[39m
[31m     ÔåÆ expected 'controlled' to be 'permitted' // Object.is equality[39m
[31m   [33mÔØ»[31m tests/unit/services/location-service.test.ts[2m > [22mLocationService - SAFETY CRITICAL[2m > [22mZone Priority Hierarchy[2m > [22mshould prioritize no-fly over controlled airspace when overlapping[39m
[31m     ÔåÆ expected 3 to be 2 // Object.is equality[39m
[31m   [33mÔØ»[31m tests/unit/services/location-service.test.ts[2m > [22mLocationService - SAFETY CRITICAL[2m > [22mTemporal Filtering[2m > [22mshould exclude expired temporary restrictions[39m
[31m     ÔåÆ expected 'controlled' to be 'permitted' // Object.is equality[39m
[31m   [33mÔØ»[31m tests/unit/services/location-service.test.ts[2m > [22mLocationService - SAFETY CRITICAL[2m > [22mTemporal Filtering[2m > [22mshould include active temporary restrictions[39m
[31m     ÔåÆ expected 2 to be 1 // Object.is equality[39m
[31m   [33mÔØ»[31m tests/unit/services/location-service.test.ts[2m > [22mLocationService - SAFETY CRITICAL[2m > [22mAltitude Considerations[2m > [22mshould include altitude restrictions in zone info[39m
[31m     ÔåÆ expected null to be 1000 // Object.is equality[39m
[31m   [33mÔØ»[31m tests/unit/services/location-service.test.ts[2m > [22mLocationService - SAFETY CRITICAL[2m > [22mAuthorization Requirements[2m > [22mshould set authorization_required flag for controlled airspace[39m
[31m     ÔåÆ expected false to be true // Object.is equality[39m
 [33mÔØ»[39m tests/unit/models/DataSource.test.ts [2m ([22m[2m24 tests[22m [2m|[22m [31m9 failed[39m[2m)[22m[90m 157[2mms[22m[39m
[31m   [33mÔØ»[31m tests/unit/models/DataSource.test.ts[2m > [22mDataSource Model[2m > [22mCRUD Operations[2m > [22mshould update a data source[39m
[31m     ÔåÆ column "last_updated" of relation "data_sources" does not exist[39m
[31m   [33mÔØ»[31m tests/unit/models/DataSource.test.ts[2m > [22mDataSource Model[2m > [22mData Validation[2m > [22mshould enforce unique authority_name[39m
[31m     ÔåÆ promise resolved "{ ÔÇª(11) }" instead of rejecting[39m
[31m   [33mÔØ»[31m tests/unit/models/DataSource.test.ts[2m > [22mDataSource Model[2m > [22mData Validation[2m > [22mshould require primary fields[39m
[31m     ÔåÆ promise resolved "{ ÔÇª(11) }" instead of rejecting[39m
[31m   [33mÔØ»[31m tests/unit/models/DataSource.test.ts[2m > [22mDataSource Model[2m > [22mQuery Methods[2m > [22mshould find stale data sources (not synced recently)[39m
[31m     ÔåÆ invalid input syntax for type uuid: ""[39m
[31m   [33mÔØ»[31m tests/unit/models/DataSource.test.ts[2m > [22mDataSource Model[2m > [22mQuery Methods[2m > [22mshould get all pre-seeded sources[39m
[31m     ÔåÆ expected [ Array(54) ] to include 'UK NOTAM Service'[39m
[31m   [33mÔØ»[31m tests/unit/models/DataSource.test.ts[2m > [22mDataSource Model[2m > [22mSync Timestamp Operations[2m > [22mshould update last_sync_timestamp[39m
[31m     ÔåÆ column "last_updated" of relation "data_sources" does not exist[39m
[31m   [33mÔØ»[31m tests/unit/models/DataSource.test.ts[2m > [22mDataSource Model[2m > [22mSync Timestamp Operations[2m > [22mshould get time since last sync[39m
[31m     ÔåÆ invalid input syntax for type uuid: ""[39m
[31m   [33mÔØ»[31m tests/unit/models/DataSource.test.ts[2m > [22mDataSource Model[2m > [22mBusiness Logic[2m > [22mshould have correct data types for CAA[39m
[31m     ÔåÆ expected [ 'test' ] to include 'geographic_zones'[39m
[31m   [33mÔØ»[31m tests/unit/models/DataSource.test.ts[2m > [22mDataSource Model[2m > [22mBusiness Logic[2m > [22mshould have appropriate sync frequency[39m
[31m     ÔåÆ expected 'object' to be 'string' // Object.is equality[39m
 [33mÔØ»[39m tests/unit/models/RestrictionZone.test.ts [2m ([22m[2m21 tests[22m [2m|[22m [31m4 failed[39m[2m)[22m[90m 211[2mms[22m[39m
[31m   [33mÔØ»[31m tests/unit/models/RestrictionZone.test.ts[2m > [22mRestrictionZone Model[2m > [22mCRUD Operations[2m > [22mshould create a new restriction zone[39m
[31m     ÔåÆ Geometry type (Polygon) does not match column type (MultiPolygon)[39m
[31m   [33mÔØ»[31m tests/unit/models/RestrictionZone.test.ts[2m > [22mRestrictionZone Model[2m > [22mCRUD Operations[2m > [22mshould find restriction zone by ID[39m
[31m     ÔåÆ expected undefined to be 'no-fly' // Object.is equality[39m
[31m   [33mÔØ»[31m tests/unit/models/RestrictionZone.test.ts[2m > [22mRestrictionZone Model[2m > [22mCRUD Operations[2m > [22mshould update a restriction zone[39m
[31m     ÔåÆ expected undefined to be 'Updated test description' // Object.is equality[39m
[31m   [33mÔØ»[31m tests/unit/models/RestrictionZone.test.ts[2m > [22mRestrictionZone Model[2m > [22mCRUD Operations[2m > [22mshould delete a restriction zone[39m
[31m     ÔåÆ expected false to be true // Object.is equality[39m
[90mstdout[2m | unknown test[22m[39m
2026-02-18 22:07:11 [[32minfo[39m]: [32mDatabase connection pool initialized[39m
{
  "host": "localhost",
  "database": "dronego",
  "maxConnections": 20,
  "level": "\u001b[32minfo\u001b[39m",
  "message": "\u001b[32mDatabase connection pool initialized\u001b[39m",
  "timestamp": "2026-02-18 22:07:11"
}

 [33mÔØ»[39m tests/contract/location.test.ts [2m ([22m[2m14 tests[22m[2m)[22m[90m 34[2mms[22m[39m

ÔÄ»ÔÄ»ÔÄ»ÔÄ»ÔÄ»ÔÄ» Failed Suites 2 ÔÄ»ÔÄ»ÔÄ»ÔÄ»ÔÄ»ÔÄ»ÔÄ»

 FAIL  tests/contract/location.test.ts > GET /location/check - HTTP Contract
error: column "data_type" of relation "data_sources" does not exist
 ÔØ» node_modules/pg-pool/index.js:45:11
 ÔØ» tests/contract/location.test.ts:40:23
     38| 
     39|     // Create test data sources
     40|     const caaResult = await pool.query(
       |                       ^
     41|       `INSERT INTO data_sources (authority_name, data_type, confidenceÔÇª
     42|        VALUES ('CAA', 'geographic_zones', 'primary-authority')

ÔÄ»ÔÄ»ÔÄ»ÔÄ»ÔÄ»ÔÄ»ÔÄ»ÔÄ»ÔÄ»ÔÄ»ÔÄ»ÔÄ»ÔÄ»ÔÄ»ÔÄ»ÔÄ»ÔÄ»ÔÄ»ÔÄ»ÔÄ»ÔÄ»ÔÄ»ÔÄ»ÔÄ»ÔÄ»ÔÄ»ÔÄ»ÔÄ»ÔÄ»ÔÄ»
Serialized Error: { length: 134, severity: 'ERROR', code: '42703', detail: undefined, hint: undefined, position: '43', internalPosition: undefined, internalQuery: undefined, where: undefined, schema: undefined, table: undefined, column: undefined, dataType: undefined, constraint: undefined, file: 'parse_target.c', line: '1061', routine: 'checkInsertTargets' }
ÔÄ»ÔÄ»ÔÄ»ÔÄ»ÔÄ»ÔÄ»ÔÄ»ÔÄ»ÔÄ»ÔÄ»ÔÄ»ÔÄ»ÔÄ»ÔÄ»ÔÄ»ÔÄ»ÔÄ»ÔÄ»ÔÄ»ÔÄ»ÔÄ»ÔÄ»ÔÄ»[1/21]ÔÄ»

 FAIL  tests/contract/zones.test.ts > GET /zones - HTTP Contract
error: column "data_type" of relation "data_sources" does not exist
 ÔØ» node_modules/pg-pool/index.js:45:11
 ÔØ» tests/contract/zones.test.ts:37:23
     35| 
     36|     // Create test data sources
     37|     const caaResult = await pool.query(
       |                       ^
     38|       `INSERT INTO data_sources (authority_name, data_type, confidenceÔÇª
     39|        VALUES ('CAA', 'geographic_zones', 'primary-authority')

ÔÄ»ÔÄ»ÔÄ»ÔÄ»ÔÄ»ÔÄ»ÔÄ»ÔÄ»ÔÄ»ÔÄ»ÔÄ»ÔÄ»ÔÄ»ÔÄ»ÔÄ»ÔÄ»ÔÄ»ÔÄ»ÔÄ»ÔÄ»ÔÄ»ÔÄ»ÔÄ»ÔÄ»ÔÄ»ÔÄ»ÔÄ»ÔÄ»ÔÄ»ÔÄ»
Serialized Error: { length: 134, severity: 'ERROR', code: '42703', detail: undefined, hint: undefined, position: '43', internalPosition: undefined, internalQuery: undefined, where: undefined, schema: undefined, table: undefined, column: undefined, dataType: undefined, constraint: undefined, file: 'parse_target.c', line: '1061', routine: 'checkInsertTargets' }
ÔÄ»ÔÄ»ÔÄ»ÔÄ»ÔÄ»ÔÄ»ÔÄ»ÔÄ»ÔÄ»ÔÄ»ÔÄ»ÔÄ»ÔÄ»ÔÄ»ÔÄ»ÔÄ»ÔÄ»ÔÄ»ÔÄ»ÔÄ»ÔÄ»ÔÄ»ÔÄ»[2/21]ÔÄ»

ÔÄ»ÔÄ»ÔÄ»ÔÄ»ÔÄ»ÔÄ» Failed Tests 19 ÔÄ»ÔÄ»ÔÄ»ÔÄ»ÔÄ»ÔÄ»ÔÄ»

 FAIL  tests/unit/services/location-service.test.ts > LocationService - SAFETY CRITICAL > Restriction Status Determination > should return "permitted" status for location outside all restricted zones
AssertionError: expected 'controlled' to be 'permitted' // Object.is equality

- Expected
+ Received

- permitted
+ controlled

 ÔØ» tests/unit/services/location-service.test.ts:171:41
    169|       const status = await service.checkLocation(-0.13, 51.51);
    170| 
    171|       expect(status.restriction_status).toBe('permitted');
       |                                         ^
    172|       expect(status.can_fly).toBe(true);
    173|       expect(status.zones.length).toBe(0);

ÔÄ»ÔÄ»ÔÄ»ÔÄ»ÔÄ»ÔÄ»ÔÄ»ÔÄ»ÔÄ»ÔÄ»ÔÄ»ÔÄ»ÔÄ»ÔÄ»ÔÄ»ÔÄ»ÔÄ»ÔÄ»ÔÄ»ÔÄ»ÔÄ»ÔÄ»ÔÄ»[3/21]ÔÄ»

 FAIL  tests/unit/services/location-service.test.ts > LocationService - SAFETY CRITICAL > Zone Priority Hierarchy > should prioritize no-fly over controlled airspace when overlapping
AssertionError: expected 3 to be 2 // Object.is equality

- Expected
+ Received

- 2
+ 3

 ÔØ» tests/unit/services/location-service.test.ts:223:35
    221|       expect(status.restriction_status).toBe('no-fly');
    222|       expect(status.can_fly).toBe(false);
    223|       expect(status.zones.length).toBe(2);
       |                                   ^
    224|     });
    225| 

ÔÄ»ÔÄ»ÔÄ»ÔÄ»ÔÄ»ÔÄ»ÔÄ»ÔÄ»ÔÄ»ÔÄ»ÔÄ»ÔÄ»ÔÄ»ÔÄ»ÔÄ»ÔÄ»ÔÄ»ÔÄ»ÔÄ»ÔÄ»ÔÄ»ÔÄ»ÔÄ»[4/21]ÔÄ»

 FAIL  tests/unit/services/location-service.test.ts > LocationService - SAFETY CRITICAL > Temporal Filtering > should exclude expired temporary restrictions
AssertionError: expected 'controlled' to be 'permitted' // Object.is equality

- Expected
+ Received

- permitted
+ controlled

 ÔØ» tests/unit/services/location-service.test.ts:327:41
    325|       const status = await service.checkLocation(-0.45, 51.55);
    326| 
    327|       expect(status.restriction_status).toBe('permitted');
       |                                         ^
    328|       expect(status.zones.length).toBe(0);
    329|     });

ÔÄ»ÔÄ»ÔÄ»ÔÄ»ÔÄ»ÔÄ»ÔÄ»ÔÄ»ÔÄ»ÔÄ»ÔÄ»ÔÄ»ÔÄ»ÔÄ»ÔÄ»ÔÄ»ÔÄ»ÔÄ»ÔÄ»ÔÄ»ÔÄ»ÔÄ»ÔÄ»[5/21]ÔÄ»

 FAIL  tests/unit/services/location-service.test.ts > LocationService - SAFETY CRITICAL > Temporal Filtering > should include active temporary restrictions
AssertionError: expected 2 to be 1 // Object.is equality

- Expected
+ Received

- 1
+ 2

 ÔØ» tests/unit/services/location-service.test.ts:356:35
    354| 
    355|       expect(status.restriction_status).toBe('no-fly');
    356|       expect(status.zones.length).toBe(1);
       |                                   ^
    357|     });
    358|   });

ÔÄ»ÔÄ»ÔÄ»ÔÄ»ÔÄ»ÔÄ»ÔÄ»ÔÄ»ÔÄ»ÔÄ»ÔÄ»ÔÄ»ÔÄ»ÔÄ»ÔÄ»ÔÄ»ÔÄ»ÔÄ»ÔÄ»ÔÄ»ÔÄ»ÔÄ»ÔÄ»[6/21]ÔÄ»

 FAIL  tests/unit/services/location-service.test.ts > LocationService - SAFETY CRITICAL > Altitude Considerations > should include altitude restrictions in zone info
AssertionError: expected null to be 1000 // Object.is equality

- Expected: 
1000

+ Received: 
null

 ÔØ» tests/unit/services/location-service.test.ts:383:46
    381|       const status = await service.checkLocation(-0.45, 51.55);
    382| 
    383|       expect(status.zones[0].altitude_floor).toBe(1000);
       |                                              ^
    384|       expect(status.zones[0].altitude_ceiling).toBe(3000);
    385|     });

ÔÄ»ÔÄ»ÔÄ»ÔÄ»ÔÄ»ÔÄ»ÔÄ»ÔÄ»ÔÄ»ÔÄ»ÔÄ»ÔÄ»ÔÄ»ÔÄ»ÔÄ»ÔÄ»ÔÄ»ÔÄ»ÔÄ»ÔÄ»ÔÄ»ÔÄ»ÔÄ»[7/21]ÔÄ»

 FAIL  tests/unit/services/location-service.test.ts > LocationService - SAFETY CRITICAL > Authorization Requirements > should set authorization_required flag for controlled airspace
AssertionError: expected false to be true // Object.is equality

- Expected
+ Received

- true
+ false

 ÔØ» tests/unit/services/location-service.test.ts:432:54
    430| 
    431|       expect(status.authorization_required).toBe(true);
    432|       expect(status.zones[0].authorization_possible).toBe(true);
       |                                                      ^
    433|     });
    434| 

ÔÄ»ÔÄ»ÔÄ»ÔÄ»ÔÄ»ÔÄ»ÔÄ»ÔÄ»ÔÄ»ÔÄ»ÔÄ»ÔÄ»ÔÄ»ÔÄ»ÔÄ»ÔÄ»ÔÄ»ÔÄ»ÔÄ»ÔÄ»ÔÄ»ÔÄ»ÔÄ»[8/21]ÔÄ»

 FAIL  tests/unit/models/RestrictionZone.test.ts > RestrictionZone Model > CRUD Operations > should create a new restriction zone
error: Geometry type (Polygon) does not match column type (MultiPolygon)
 ÔØ» node_modules/pg-pool/index.js:45:11
 ÔØ» RestrictionZone.create src/models/RestrictionZone.ts:187:22
    185|       `;
    186| 
    187|       const result = await this.pool.query(query, [
       |                      ^
    188|         ...values.slice(0, -1),
    189|         JSON.stringify(values[values.length - 1]),
 ÔØ» tests/unit/models/RestrictionZone.test.ts:63:23

ÔÄ»ÔÄ»ÔÄ»ÔÄ»ÔÄ»ÔÄ»ÔÄ»ÔÄ»ÔÄ»ÔÄ»ÔÄ»ÔÄ»ÔÄ»ÔÄ»ÔÄ»ÔÄ»ÔÄ»ÔÄ»ÔÄ»ÔÄ»ÔÄ»ÔÄ»ÔÄ»ÔÄ»ÔÄ»ÔÄ»ÔÄ»ÔÄ»ÔÄ»ÔÄ»
Serialized Error: { length: 142, severity: 'ERROR', code: '22023', detail: undefined, hint: undefined, position: undefined, internalPosition: undefined, internalQuery: undefined, where: undefined, schema: undefined, table: undefined, column: undefined, dataType: undefined, constraint: undefined, file: 'gserialized_typmod.c', line: '175', routine: 'postgis_valid_typmod' }
ÔÄ»ÔÄ»ÔÄ»ÔÄ»ÔÄ»ÔÄ»ÔÄ»ÔÄ»ÔÄ»ÔÄ»ÔÄ»ÔÄ»ÔÄ»ÔÄ»ÔÄ»ÔÄ»ÔÄ»ÔÄ»ÔÄ»ÔÄ»ÔÄ»ÔÄ»ÔÄ»[9/21]ÔÄ»

 FAIL  tests/unit/models/RestrictionZone.test.ts > RestrictionZone Model > CRUD Operations > should find restriction zone by ID
AssertionError: expected undefined to be 'no-fly' // Object.is equality

- Expected: 
"no-fly"

+ Received: 
undefined

 ÔØ» tests/unit/models/RestrictionZone.test.ts:80:32
     78|       expect(found).toBeDefined();
     79|       expect(found?.zone_id).toBe(testZoneId);
     80|       expect(found?.zone_type).toBe('no-fly');
       |                                ^
     81|       expect(found?.restriction_name).toBe('Test No-Fly Zone');
     82|     });

ÔÄ»ÔÄ»ÔÄ»ÔÄ»ÔÄ»ÔÄ»ÔÄ»ÔÄ»ÔÄ»ÔÄ»ÔÄ»ÔÄ»ÔÄ»ÔÄ»ÔÄ»ÔÄ»ÔÄ»ÔÄ»ÔÄ»ÔÄ»ÔÄ»ÔÄ»[10/21]ÔÄ»

 FAIL  tests/unit/models/RestrictionZone.test.ts > RestrictionZone Model > CRUD Operations > should update a restriction zone
AssertionError: expected undefined to be 'Updated test description' // Object.is equality

- Expected: 
"Updated test description"

+ Received: 
undefined

 ÔØ» tests/unit/models/RestrictionZone.test.ts:104:36
    102| 
    103|       expect(updated).toBeDefined();
    104|       expect(updated?.description).toBe('Updated test description');
       |                                    ^
    105|       expect(updated?.altitude_ceiling).toBe(3000);
    106|       expect(updated?.last_updated).toBeDefined();

ÔÄ»ÔÄ»ÔÄ»ÔÄ»ÔÄ»ÔÄ»ÔÄ»ÔÄ»ÔÄ»ÔÄ»ÔÄ»ÔÄ»ÔÄ»ÔÄ»ÔÄ»ÔÄ»ÔÄ»ÔÄ»ÔÄ»ÔÄ»ÔÄ»ÔÄ»[11/21]ÔÄ»

 FAIL  tests/unit/models/RestrictionZone.test.ts > RestrictionZone Model > CRUD Operations > should delete a restriction zone
AssertionError: expected false to be true // Object.is equality

- Expected
+ Received

- true
+ false

 ÔØ» tests/unit/models/RestrictionZone.test.ts:117:23
    115|     it('should delete a restriction zone', async () => {
    116|       const deleted = await restrictionZone.delete(testZoneId);
    117|       expect(deleted).toBe(true);
       |                       ^
    118| 
    119|       const found = await restrictionZone.findById(testZoneId);

ÔÄ»ÔÄ»ÔÄ»ÔÄ»ÔÄ»ÔÄ»ÔÄ»ÔÄ»ÔÄ»ÔÄ»ÔÄ»ÔÄ»ÔÄ»ÔÄ»ÔÄ»ÔÄ»ÔÄ»ÔÄ»ÔÄ»ÔÄ»ÔÄ»ÔÄ»[12/21]ÔÄ»

 FAIL  tests/unit/models/DataSource.test.ts > DataSource Model > CRUD Operations > should update a data source
error: column "last_updated" of relation "data_sources" does not exist
 ÔØ» node_modules/pg-pool/index.js:45:11
 ÔØ» DataSource.update src/models/BaseModel.ts:121:20
    119|     `;
    120| 
    121|     const result = await this.pool.query(query, [...values, id]);
       |                    ^
    122|     
    123|     if (result.rows.length === 0) {
 ÔØ» tests/unit/models/DataSource.test.ts:85:23

ÔÄ»ÔÄ»ÔÄ»ÔÄ»ÔÄ»ÔÄ»ÔÄ»ÔÄ»ÔÄ»ÔÄ»ÔÄ»ÔÄ»ÔÄ»ÔÄ»ÔÄ»ÔÄ»ÔÄ»ÔÄ»ÔÄ»ÔÄ»ÔÄ»ÔÄ»ÔÄ»ÔÄ»ÔÄ»ÔÄ»ÔÄ»ÔÄ»ÔÄ»ÔÄ»
Serialized Error: { length: 139, severity: 'ERROR', code: '42703', detail: undefined, hint: undefined, position: '79', internalPosition: undefined, internalQuery: undefined, where: undefined, schema: undefined, table: undefined, column: undefined, dataType: undefined, constraint: undefined, file: 'analyze.c', line: '2466', routine: 'transformUpdateTargetList' }
ÔÄ»ÔÄ»ÔÄ»ÔÄ»ÔÄ»ÔÄ»ÔÄ»ÔÄ»ÔÄ»ÔÄ»ÔÄ»ÔÄ»ÔÄ»ÔÄ»ÔÄ»ÔÄ»ÔÄ»ÔÄ»ÔÄ»ÔÄ»ÔÄ»ÔÄ»[13/21]ÔÄ»

 FAIL  tests/unit/models/DataSource.test.ts > DataSource Model > Data Validation > should enforce unique authority_name
AssertionError: promise resolved "{ ÔÇª(11) }" instead of rejecting

- Expected
+ Received

- [Error: rejected promise]
+ Object {
+   "attribution": "Test",
+   "authority_name": "UK Civil Aviation Authority",
+   "contact_email": null,
+   "created_at": 2026-02-18T22:07:11.136Z,
+   "data_type_provided": Array [
+     "test",
+   ],
+   "data_url": null,
+   "last_sync_timestamp": 2026-02-18T22:07:11.136Z,
+   "license": "Test",
+   "reliability_level": "primary-authority",
+   "source_id": "6f39133a-f33d-4a7c-8a19-e1604a095747",
+   "sync_frequency": "daily",
+ }

 ÔØ» tests/unit/models/DataSource.test.ts:124:49
    122|       };
    123| 
    124|       await expect(dataSource.create(sourceData)).rejects.toThrow();
       |                                                 ^
    125|     });
    126| 

ÔÄ»ÔÄ»ÔÄ»ÔÄ»ÔÄ»ÔÄ»ÔÄ»ÔÄ»ÔÄ»ÔÄ»ÔÄ»ÔÄ»ÔÄ»ÔÄ»ÔÄ»ÔÄ»ÔÄ»ÔÄ»ÔÄ»ÔÄ»ÔÄ»ÔÄ»[14/21]ÔÄ»

 FAIL  tests/unit/models/DataSource.test.ts > DataSource Model > Data Validation > should require primary fields
AssertionError: promise resolved "{ ÔÇª(11) }" instead of rejecting

- Expected
+ Received

- [Error: rejected promise]
+ Object {
+   "attribution": "",
+   "authority_name": "Incomplete Source",
+   "contact_email": null,
+   "created_at": 2026-02-18T22:07:11.163Z,
+   "data_type_provided": Array [],
+   "data_url": null,
+   "last_sync_timestamp": 2026-02-18T22:07:11.163Z,
+   "license": null,
+   "reliability_level": "unverified",
+   "source_id": "d81080de-1bec-48ea-9bea-6bf734670bb8",
+   "sync_frequency": null,
+ }

 ÔØ» tests/unit/models/DataSource.test.ts:146:55
    144|       };
    145| 
    146|       await expect(dataSource.create(incompleteSource)).rejects.toThroÔÇª
       |                                                       ^
    147|     });
    148|   });

ÔÄ»ÔÄ»ÔÄ»ÔÄ»ÔÄ»ÔÄ»ÔÄ»ÔÄ»ÔÄ»ÔÄ»ÔÄ»ÔÄ»ÔÄ»ÔÄ»ÔÄ»ÔÄ»ÔÄ»ÔÄ»ÔÄ»ÔÄ»ÔÄ»ÔÄ»[15/21]ÔÄ»

 FAIL  tests/unit/models/DataSource.test.ts > DataSource Model > Query Methods > should find stale data sources (not synced recently)
error: invalid input syntax for type uuid: ""
 ÔØ» node_modules/pg-pool/index.js:45:11
 ÔØ» tests/unit/models/DataSource.test.ts:176:7
    174|     it('should find stale data sources (not synced recently)', async (ÔÇª
    175|       // Update last_sync_timestamp to old date
    176|       await dataSource.query(
       |       ^
    177|         `UPDATE data_sources SET last_sync_timestamp = NOW() - INTERVAÔÇª
    178|         [testSourceId]

ÔÄ»ÔÄ»ÔÄ»ÔÄ»ÔÄ»ÔÄ»ÔÄ»ÔÄ»ÔÄ»ÔÄ»ÔÄ»ÔÄ»ÔÄ»ÔÄ»ÔÄ»ÔÄ»ÔÄ»ÔÄ»ÔÄ»ÔÄ»ÔÄ»ÔÄ»ÔÄ»ÔÄ»ÔÄ»ÔÄ»ÔÄ»ÔÄ»ÔÄ»ÔÄ»
Serialized Error: { length: 129, severity: 'ERROR', code: '22P02', detail: undefined, hint: undefined, position: undefined, internalPosition: undefined, internalQuery: undefined, where: 'unnamed portal parameter $1 = \'\'', schema: undefined, table: undefined, column: undefined, dataType: undefined, constraint: undefined, file: 'uuid.c', line: '133', routine: 'string_to_uuid' }
ÔÄ»ÔÄ»ÔÄ»ÔÄ»ÔÄ»ÔÄ»ÔÄ»ÔÄ»ÔÄ»ÔÄ»ÔÄ»ÔÄ»ÔÄ»ÔÄ»ÔÄ»ÔÄ»ÔÄ»ÔÄ»ÔÄ»ÔÄ»ÔÄ»ÔÄ»[16/21]ÔÄ»

 FAIL  tests/unit/models/DataSource.test.ts > DataSource Model > Query Methods > should get all pre-seeded sources
AssertionError: expected [ Array(54) ] to include 'UK NOTAM Service'
 ÔØ» tests/unit/models/DataSource.test.ts:197:27
    195|       expect(sourceNames).toContain('UK Civil Aviation Authority');
    196|       expect(sourceNames).toContain('NATS AIS');
    197|       expect(sourceNames).toContain('UK NOTAM Service');
       |                           ^
    198|     });
    199|   });

ÔÄ»ÔÄ»ÔÄ»ÔÄ»ÔÄ»ÔÄ»ÔÄ»ÔÄ»ÔÄ»ÔÄ»ÔÄ»ÔÄ»ÔÄ»ÔÄ»ÔÄ»ÔÄ»ÔÄ»ÔÄ»ÔÄ»ÔÄ»ÔÄ»ÔÄ»[17/21]ÔÄ»

 FAIL  tests/unit/models/DataSource.test.ts > DataSource Model > Sync Timestamp Operations > should update last_sync_timestamp
error: column "last_updated" of relation "data_sources" does not exist
 ÔØ» node_modules/pg-pool/index.js:45:11
 ÔØ» DataSource.updateSyncTimestamp src/models/DataSource.ts:81:5
     79|       WHERE ${this.primaryKey} = $1
     80|     `;
     81|     await this.query(query, [sourceId]);
       |     ^
     82|   }
     83| 
 ÔØ» tests/unit/models/DataSource.test.ts:205:7

ÔÄ»ÔÄ»ÔÄ»ÔÄ»ÔÄ»ÔÄ»ÔÄ»ÔÄ»ÔÄ»ÔÄ»ÔÄ»ÔÄ»ÔÄ»ÔÄ»ÔÄ»ÔÄ»ÔÄ»ÔÄ»ÔÄ»ÔÄ»ÔÄ»ÔÄ»ÔÄ»ÔÄ»ÔÄ»ÔÄ»ÔÄ»ÔÄ»ÔÄ»ÔÄ»
Serialized Error: { length: 139, severity: 'ERROR', code: '42703', detail: undefined, hint: undefined, position: '77', internalPosition: undefined, internalQuery: undefined, where: undefined, schema: undefined, table: undefined, column: undefined, dataType: undefined, constraint: undefined, file: 'analyze.c', line: '2466', routine: 'transformUpdateTargetList' }
ÔÄ»ÔÄ»ÔÄ»ÔÄ»ÔÄ»ÔÄ»ÔÄ»ÔÄ»ÔÄ»ÔÄ»ÔÄ»ÔÄ»ÔÄ»ÔÄ»ÔÄ»ÔÄ»ÔÄ»ÔÄ»ÔÄ»ÔÄ»ÔÄ»ÔÄ»[18/21]ÔÄ»

 FAIL  tests/unit/models/DataSource.test.ts > DataSource Model > Sync Timestamp Operations > should get time since last sync
error: invalid input syntax for type uuid: ""
 ÔØ» node_modules/pg-pool/index.js:45:11
 ÔØ» tests/unit/models/DataSource.test.ts:217:7
    215|     it('should get time since last sync', async () => {
    216|       // Update to known old timestamp
    217|       await dataSource.query(
       |       ^
    218|         `UPDATE data_sources SET last_sync_timestamp = NOW() - INTERVAÔÇª
    219|         [testSourceId]

ÔÄ»ÔÄ»ÔÄ»ÔÄ»ÔÄ»ÔÄ»ÔÄ»ÔÄ»ÔÄ»ÔÄ»ÔÄ»ÔÄ»ÔÄ»ÔÄ»ÔÄ»ÔÄ»ÔÄ»ÔÄ»ÔÄ»ÔÄ»ÔÄ»ÔÄ»ÔÄ»ÔÄ»ÔÄ»ÔÄ»ÔÄ»ÔÄ»ÔÄ»ÔÄ»
Serialized Error: { length: 129, severity: 'ERROR', code: '22P02', detail: undefined, hint: undefined, position: undefined, internalPosition: undefined, internalQuery: undefined, where: 'unnamed portal parameter $1 = \'\'', schema: undefined, table: undefined, column: undefined, dataType: undefined, constraint: undefined, file: 'uuid.c', line: '133', routine: 'string_to_uuid' }
ÔÄ»ÔÄ»ÔÄ»ÔÄ»ÔÄ»ÔÄ»ÔÄ»ÔÄ»ÔÄ»ÔÄ»ÔÄ»ÔÄ»ÔÄ»ÔÄ»ÔÄ»ÔÄ»ÔÄ»ÔÄ»ÔÄ»ÔÄ»ÔÄ»ÔÄ»[19/21]ÔÄ»

 FAIL  tests/unit/models/DataSource.test.ts > DataSource Model > Business Logic > should have correct data types for CAA
AssertionError: expected [ 'test' ] to include 'geographic_zones'
 ÔØ» tests/unit/models/DataSource.test.ts:269:39
    267|       const caa = await dataSource.findByName('UK Civil Aviation AuthoÔÇª
    268|       expect(caa?.data_type_provided).toBeInstanceOf(Array);
    269|       expect(caa?.data_type_provided).toContain('geographic_zones');
       |                                       ^
    270|     });
    271| 

ÔÄ»ÔÄ»ÔÄ»ÔÄ»ÔÄ»ÔÄ»ÔÄ»ÔÄ»ÔÄ»ÔÄ»ÔÄ»ÔÄ»ÔÄ»ÔÄ»ÔÄ»ÔÄ»ÔÄ»ÔÄ»ÔÄ»ÔÄ»ÔÄ»ÔÄ»[20/21]ÔÄ»

 FAIL  tests/unit/models/DataSource.test.ts > DataSource Model > Business Logic > should have appropriate sync frequency
AssertionError: expected 'object' to be 'string' // Object.is equality

- Expected
+ Received

- string
+ object

 ÔØ» tests/unit/models/DataSource.test.ts:277:46
    275|       sources.forEach((source) => {
    276|         expect(source.sync_frequency).toBeDefined();
    277|         expect(typeof source.sync_frequency).toBe('string');
       |                                              ^
    278|         expect(source.sync_frequency.length).toBeGreaterThan(0);
    279|       });
 ÔØ» tests/unit/models/DataSource.test.ts:275:15

ÔÄ»ÔÄ»ÔÄ»ÔÄ»ÔÄ»ÔÄ»ÔÄ»ÔÄ»ÔÄ»ÔÄ»ÔÄ»ÔÄ»ÔÄ»ÔÄ»ÔÄ»ÔÄ»ÔÄ»ÔÄ»ÔÄ»ÔÄ»ÔÄ»ÔÄ»[21/21]ÔÄ»

[2m Test Files [22m [1m[31m5 failed[39m[22m[90m (5)[39m
[2m      Tests [22m [1m[31m19 failed[39m[22m[2m | [22m[1m[32m42 passed[39m[22m[90m (89)[39m
[2m   Start at [22m 22:07:09
[2m   Duration [22m 2.30s


[1m[7m[31m FAIL [39m[27m[22m[31m Tests failed. Watching for file changes...[39m
       [2mpress [22m[1mh[22m[2m to show help[22m[2m, [22m[2mpress [22m[1mq[22m[2m to quit[22m
[90mstdout[2m | tests/unit/services/geospatial-service.test.ts[2m > [22m[2mGeospatialService - SAFETY CRITICAL[22m[39m
2026-02-18 22:07:11 [[32minfo[39m]: [32mDatabase connection pool initialized[39m
{
  "host": "localhost",
  "database": "dronego",
  "maxConnections": 20,
  "level": "\u001b[32minfo\u001b[39m",
  "message": "\u001b[32mDatabase connection pool initialized\u001b[39m",
  "timestamp": "2026-02-18 22:07:11"
}

[90mstdout[2m | unknown test[22m[39m
2026-02-18 22:07:11 [[32minfo[39m]: [32mDatabase connection pool initialized[39m
{
  "host": "localhost",
  "database": "dronego",
  "maxConnections": 20,
  "level": "\u001b[32minfo\u001b[39m",
  "message": "\u001b[32mDatabase connection pool initialized\u001b[39m",
  "timestamp": "2026-02-18 22:07:11"
}

 [33mÔØ»[39m tests/contract/zones.test.ts [2m ([22m[2m14 tests[22m[2m)[22m[90m 27[2mms[22m[39m
 [32mÔ£ô[39m tests/unit/services/geospatial-service.test.ts [2m ([22m[2m23 tests[22m[2m)[22m[90m 132[2mms[22m[39m
[90mstdout[2m | unknown test[22m[39m
2026-02-18 22:07:11 [[32minfo[39m]: [32mDatabase connection pool initialized[39m
{
  "host": "localhost",
  "database": "dronego",
  "maxConnections": 20,
  "level": "\u001b[32minfo\u001b[39m",
  "message": "\u001b[32mDatabase connection pool initialized\u001b[39m",
  "timestamp": "2026-02-18 22:07:11"
}

 [33mÔØ»[39m tests/contract/location.test.ts [2m ([22m[2m14 tests[22m[2m)[22m[90m 22[2mms[22m[39m

ÔÄ»ÔÄ»ÔÄ»ÔÄ»ÔÄ»ÔÄ» Failed Suites 2 ÔÄ»ÔÄ»ÔÄ»ÔÄ»ÔÄ»ÔÄ»ÔÄ»

 FAIL  tests/contract/location.test.ts > GET /location/check - HTTP Contract
error: column "data_type" of relation "data_sources" does not exist
 ÔØ» node_modules/pg-pool/index.js:45:11
 ÔØ» tests/contract/location.test.ts:40:23
     38| 
     39|     // Create test data sources
     40|     const caaResult = await pool.query(
       |                       ^
     41|       `INSERT INTO data_sources (authority_name, data_type, confidenceÔÇª
     42|        VALUES ('CAA', 'geographic_zones', 'primary-authority')

ÔÄ»ÔÄ»ÔÄ»ÔÄ»ÔÄ»ÔÄ»ÔÄ»ÔÄ»ÔÄ»ÔÄ»ÔÄ»ÔÄ»ÔÄ»ÔÄ»ÔÄ»ÔÄ»ÔÄ»ÔÄ»ÔÄ»ÔÄ»ÔÄ»ÔÄ»ÔÄ»ÔÄ»ÔÄ»ÔÄ»ÔÄ»ÔÄ»ÔÄ»ÔÄ»
Serialized Error: { length: 134, severity: 'ERROR', code: '42703', detail: undefined, hint: undefined, position: '43', internalPosition: undefined, internalQuery: undefined, where: undefined, schema: undefined, table: undefined, column: undefined, dataType: undefined, constraint: undefined, file: 'parse_target.c', line: '1061', routine: 'checkInsertTargets' }
ÔÄ»ÔÄ»ÔÄ»ÔÄ»ÔÄ»ÔÄ»ÔÄ»ÔÄ»ÔÄ»ÔÄ»ÔÄ»ÔÄ»ÔÄ»ÔÄ»ÔÄ»ÔÄ»ÔÄ»ÔÄ»ÔÄ»ÔÄ»ÔÄ»ÔÄ»ÔÄ»[1/21]ÔÄ»

 FAIL  tests/contract/zones.test.ts > GET /zones - HTTP Contract
error: column "data_type" of relation "data_sources" does not exist
 ÔØ» node_modules/pg-pool/index.js:45:11
 ÔØ» tests/contract/zones.test.ts:37:23
     35| 
     36|     // Create test data sources
     37|     const caaResult = await pool.query(
       |                       ^
     38|       `INSERT INTO data_sources (authority_name, data_type, confidenceÔÇª
     39|        VALUES ('CAA', 'geographic_zones', 'primary-authority')

ÔÄ»ÔÄ»ÔÄ»ÔÄ»ÔÄ»ÔÄ»ÔÄ»ÔÄ»ÔÄ»ÔÄ»ÔÄ»ÔÄ»ÔÄ»ÔÄ»ÔÄ»ÔÄ»ÔÄ»ÔÄ»ÔÄ»ÔÄ»ÔÄ»ÔÄ»ÔÄ»ÔÄ»ÔÄ»ÔÄ»ÔÄ»ÔÄ»ÔÄ»ÔÄ»
Serialized Error: { length: 134, severity: 'ERROR', code: '42703', detail: undefined, hint: undefined, position: '43', internalPosition: undefined, internalQuery: undefined, where: undefined, schema: undefined, table: undefined, column: undefined, dataType: undefined, constraint: undefined, file: 'parse_target.c', line: '1061', routine: 'checkInsertTargets' }
ÔÄ»ÔÄ»ÔÄ»ÔÄ»ÔÄ»ÔÄ»ÔÄ»ÔÄ»ÔÄ»ÔÄ»ÔÄ»ÔÄ»ÔÄ»ÔÄ»ÔÄ»ÔÄ»ÔÄ»ÔÄ»ÔÄ»ÔÄ»ÔÄ»ÔÄ»ÔÄ»[2/21]ÔÄ»

ÔÄ»ÔÄ»ÔÄ»ÔÄ»ÔÄ»ÔÄ» Failed Tests 19 ÔÄ»ÔÄ»ÔÄ»ÔÄ»ÔÄ»ÔÄ»ÔÄ»

 FAIL  tests/unit/services/location-service.test.ts > LocationService - SAFETY CRITICAL > Restriction Status Determination > should return "permitted" status for location outside all restricted zones
AssertionError: expected 'controlled' to be 'permitted' // Object.is equality

- Expected
+ Received

- permitted
+ controlled

 ÔØ» tests/unit/services/location-service.test.ts:171:41
    169|       const status = await service.checkLocation(-0.13, 51.51);
    170| 
    171|       expect(status.restriction_status).toBe('permitted');
       |                                         ^
    172|       expect(status.can_fly).toBe(true);
    173|       expect(status.zones.length).toBe(0);

ÔÄ»ÔÄ»ÔÄ»ÔÄ»ÔÄ»ÔÄ»ÔÄ»ÔÄ»ÔÄ»ÔÄ»ÔÄ»ÔÄ»ÔÄ»ÔÄ»ÔÄ»ÔÄ»ÔÄ»ÔÄ»ÔÄ»ÔÄ»ÔÄ»ÔÄ»ÔÄ»[3/21]ÔÄ»

 FAIL  tests/unit/services/location-service.test.ts > LocationService - SAFETY CRITICAL > Zone Priority Hierarchy > should prioritize no-fly over controlled airspace when overlapping
AssertionError: expected 3 to be 2 // Object.is equality

- Expected
+ Received

- 2
+ 3

 ÔØ» tests/unit/services/location-service.test.ts:223:35
    221|       expect(status.restriction_status).toBe('no-fly');
    222|       expect(status.can_fly).toBe(false);
    223|       expect(status.zones.length).toBe(2);
       |                                   ^
    224|     });
    225| 

ÔÄ»ÔÄ»ÔÄ»ÔÄ»ÔÄ»ÔÄ»ÔÄ»ÔÄ»ÔÄ»ÔÄ»ÔÄ»ÔÄ»ÔÄ»ÔÄ»ÔÄ»ÔÄ»ÔÄ»ÔÄ»ÔÄ»ÔÄ»ÔÄ»ÔÄ»ÔÄ»[4/21]ÔÄ»

 FAIL  tests/unit/services/location-service.test.ts > LocationService - SAFETY CRITICAL > Temporal Filtering > should exclude expired temporary restrictions
AssertionError: expected 'controlled' to be 'permitted' // Object.is equality

- Expected
+ Received

- permitted
+ controlled

 ÔØ» tests/unit/services/location-service.test.ts:327:41
    325|       const status = await service.checkLocation(-0.45, 51.55);
    326| 
    327|       expect(status.restriction_status).toBe('permitted');
       |                                         ^
    328|       expect(status.zones.length).toBe(0);
    329|     });

ÔÄ»ÔÄ»ÔÄ»ÔÄ»ÔÄ»ÔÄ»ÔÄ»ÔÄ»ÔÄ»ÔÄ»ÔÄ»ÔÄ»ÔÄ»ÔÄ»ÔÄ»ÔÄ»ÔÄ»ÔÄ»ÔÄ»ÔÄ»ÔÄ»ÔÄ»ÔÄ»[5/21]ÔÄ»

 FAIL  tests/unit/services/location-service.test.ts > LocationService - SAFETY CRITICAL > Temporal Filtering > should include active temporary restrictions
AssertionError: expected 2 to be 1 // Object.is equality

- Expected
+ Received

- 1
+ 2

 ÔØ» tests/unit/services/location-service.test.ts:356:35
    354| 
    355|       expect(status.restriction_status).toBe('no-fly');
    356|       expect(status.zones.length).toBe(1);
       |                                   ^
    357|     });
    358|   });

ÔÄ»ÔÄ»ÔÄ»ÔÄ»ÔÄ»ÔÄ»ÔÄ»ÔÄ»ÔÄ»ÔÄ»ÔÄ»ÔÄ»ÔÄ»ÔÄ»ÔÄ»ÔÄ»ÔÄ»ÔÄ»ÔÄ»ÔÄ»ÔÄ»ÔÄ»ÔÄ»[6/21]ÔÄ»

 FAIL  tests/unit/services/location-service.test.ts > LocationService - SAFETY CRITICAL > Altitude Considerations > should include altitude restrictions in zone info
AssertionError: expected null to be 1000 // Object.is equality

- Expected: 
1000

+ Received: 
null

 ÔØ» tests/unit/services/location-service.test.ts:383:46
    381|       const status = await service.checkLocation(-0.45, 51.55);
    382| 
    383|       expect(status.zones[0].altitude_floor).toBe(1000);
       |                                              ^
    384|       expect(status.zones[0].altitude_ceiling).toBe(3000);
    385|     });

ÔÄ»ÔÄ»ÔÄ»ÔÄ»ÔÄ»ÔÄ»ÔÄ»ÔÄ»ÔÄ»ÔÄ»ÔÄ»ÔÄ»ÔÄ»ÔÄ»ÔÄ»ÔÄ»ÔÄ»ÔÄ»ÔÄ»ÔÄ»ÔÄ»ÔÄ»ÔÄ»[7/21]ÔÄ»

 FAIL  tests/unit/services/location-service.test.ts > LocationService - SAFETY CRITICAL > Authorization Requirements > should set authorization_required flag for controlled airspace
AssertionError: expected false to be true // Object.is equality

- Expected
+ Received

- true
+ false

 ÔØ» tests/unit/services/location-service.test.ts:432:54
    430| 
    431|       expect(status.authorization_required).toBe(true);
    432|       expect(status.zones[0].authorization_possible).toBe(true);
       |                                                      ^
    433|     });
    434| 

ÔÄ»ÔÄ»ÔÄ»ÔÄ»ÔÄ»ÔÄ»ÔÄ»ÔÄ»ÔÄ»ÔÄ»ÔÄ»ÔÄ»ÔÄ»ÔÄ»ÔÄ»ÔÄ»ÔÄ»ÔÄ»ÔÄ»ÔÄ»ÔÄ»ÔÄ»ÔÄ»[8/21]ÔÄ»

 FAIL  tests/unit/models/RestrictionZone.test.ts > RestrictionZone Model > CRUD Operations > should create a new restriction zone
error: Geometry type (Polygon) does not match column type (MultiPolygon)
 ÔØ» node_modules/pg-pool/index.js:45:11
 ÔØ» RestrictionZone.create src/models/RestrictionZone.ts:187:22
    185|       `;
    186| 
    187|       const result = await this.pool.query(query, [
       |                      ^
    188|         ...values.slice(0, -1),
    189|         JSON.stringify(values[values.length - 1]),
 ÔØ» tests/unit/models/RestrictionZone.test.ts:63:23

ÔÄ»ÔÄ»ÔÄ»ÔÄ»ÔÄ»ÔÄ»ÔÄ»ÔÄ»ÔÄ»ÔÄ»ÔÄ»ÔÄ»ÔÄ»ÔÄ»ÔÄ»ÔÄ»ÔÄ»ÔÄ»ÔÄ»ÔÄ»ÔÄ»ÔÄ»ÔÄ»ÔÄ»ÔÄ»ÔÄ»ÔÄ»ÔÄ»ÔÄ»ÔÄ»
Serialized Error: { length: 142, severity: 'ERROR', code: '22023', detail: undefined, hint: undefined, position: undefined, internalPosition: undefined, internalQuery: undefined, where: undefined, schema: undefined, table: undefined, column: undefined, dataType: undefined, constraint: undefined, file: 'gserialized_typmod.c', line: '175', routine: 'postgis_valid_typmod' }
ÔÄ»ÔÄ»ÔÄ»ÔÄ»ÔÄ»ÔÄ»ÔÄ»ÔÄ»ÔÄ»ÔÄ»ÔÄ»ÔÄ»ÔÄ»ÔÄ»ÔÄ»ÔÄ»ÔÄ»ÔÄ»ÔÄ»ÔÄ»ÔÄ»ÔÄ»ÔÄ»[9/21]ÔÄ»

 FAIL  tests/unit/models/RestrictionZone.test.ts > RestrictionZone Model > CRUD Operations > should find restriction zone by ID
AssertionError: expected undefined to be 'no-fly' // Object.is equality

- Expected: 
"no-fly"

+ Received: 
undefined

 ÔØ» tests/unit/models/RestrictionZone.test.ts:80:32
     78|       expect(found).toBeDefined();
     79|       expect(found?.zone_id).toBe(testZoneId);
     80|       expect(found?.zone_type).toBe('no-fly');
       |                                ^
     81|       expect(found?.restriction_name).toBe('Test No-Fly Zone');
     82|     });

ÔÄ»ÔÄ»ÔÄ»ÔÄ»ÔÄ»ÔÄ»ÔÄ»ÔÄ»ÔÄ»ÔÄ»ÔÄ»ÔÄ»ÔÄ»ÔÄ»ÔÄ»ÔÄ»ÔÄ»ÔÄ»ÔÄ»ÔÄ»ÔÄ»ÔÄ»[10/21]ÔÄ»

 FAIL  tests/unit/models/RestrictionZone.test.ts > RestrictionZone Model > CRUD Operations > should update a restriction zone
AssertionError: expected undefined to be 'Updated test description' // Object.is equality

- Expected: 
"Updated test description"

+ Received: 
undefined

 ÔØ» tests/unit/models/RestrictionZone.test.ts:104:36
    102| 
    103|       expect(updated).toBeDefined();
    104|       expect(updated?.description).toBe('Updated test description');
       |                                    ^
    105|       expect(updated?.altitude_ceiling).toBe(3000);
    106|       expect(updated?.last_updated).toBeDefined();

ÔÄ»ÔÄ»ÔÄ»ÔÄ»ÔÄ»ÔÄ»ÔÄ»ÔÄ»ÔÄ»ÔÄ»ÔÄ»ÔÄ»ÔÄ»ÔÄ»ÔÄ»ÔÄ»ÔÄ»ÔÄ»ÔÄ»ÔÄ»ÔÄ»ÔÄ»[11/21]ÔÄ»

 FAIL  tests/unit/models/RestrictionZone.test.ts > RestrictionZone Model > CRUD Operations > should delete a restriction zone
AssertionError: expected false to be true // Object.is equality

- Expected
+ Received

- true
+ false

 ÔØ» tests/unit/models/RestrictionZone.test.ts:117:23
    115|     it('should delete a restriction zone', async () => {
    116|       const deleted = await restrictionZone.delete(testZoneId);
    117|       expect(deleted).toBe(true);
       |                       ^
    118| 
    119|       const found = await restrictionZone.findById(testZoneId);

ÔÄ»ÔÄ»ÔÄ»ÔÄ»ÔÄ»ÔÄ»ÔÄ»ÔÄ»ÔÄ»ÔÄ»ÔÄ»ÔÄ»ÔÄ»ÔÄ»ÔÄ»ÔÄ»ÔÄ»ÔÄ»ÔÄ»ÔÄ»ÔÄ»ÔÄ»[12/21]ÔÄ»

 FAIL  tests/unit/models/DataSource.test.ts > DataSource Model > CRUD Operations > should update a data source
error: column "last_updated" of relation "data_sources" does not exist
 ÔØ» node_modules/pg-pool/index.js:45:11
 ÔØ» DataSource.update src/models/BaseModel.ts:121:20
    119|     `;
    120| 
    121|     const result = await this.pool.query(query, [...values, id]);
       |                    ^
    122|     
    123|     if (result.rows.length === 0) {
 ÔØ» tests/unit/models/DataSource.test.ts:85:23

ÔÄ»ÔÄ»ÔÄ»ÔÄ»ÔÄ»ÔÄ»ÔÄ»ÔÄ»ÔÄ»ÔÄ»ÔÄ»ÔÄ»ÔÄ»ÔÄ»ÔÄ»ÔÄ»ÔÄ»ÔÄ»ÔÄ»ÔÄ»ÔÄ»ÔÄ»ÔÄ»ÔÄ»ÔÄ»ÔÄ»ÔÄ»ÔÄ»ÔÄ»ÔÄ»
Serialized Error: { length: 139, severity: 'ERROR', code: '42703', detail: undefined, hint: undefined, position: '79', internalPosition: undefined, internalQuery: undefined, where: undefined, schema: undefined, table: undefined, column: undefined, dataType: undefined, constraint: undefined, file: 'analyze.c', line: '2466', routine: 'transformUpdateTargetList' }
ÔÄ»ÔÄ»ÔÄ»ÔÄ»ÔÄ»ÔÄ»ÔÄ»ÔÄ»ÔÄ»ÔÄ»ÔÄ»ÔÄ»ÔÄ»ÔÄ»ÔÄ»ÔÄ»ÔÄ»ÔÄ»ÔÄ»ÔÄ»ÔÄ»ÔÄ»[13/21]ÔÄ»

 FAIL  tests/unit/models/DataSource.test.ts > DataSource Model > Data Validation > should enforce unique authority_name
AssertionError: promise resolved "{ ÔÇª(11) }" instead of rejecting

- Expected
+ Received

- [Error: rejected promise]
+ Object {
+   "attribution": "Test",
+   "authority_name": "UK Civil Aviation Authority",
+   "contact_email": null,
+   "created_at": 2026-02-18T22:07:11.136Z,
+   "data_type_provided": Array [
+     "test",
+   ],
+   "data_url": null,
+   "last_sync_timestamp": 2026-02-18T22:07:11.136Z,
+   "license": "Test",
+   "reliability_level": "primary-authority",
+   "source_id": "6f39133a-f33d-4a7c-8a19-e1604a095747",
+   "sync_frequency": "daily",
+ }

 ÔØ» tests/unit/models/DataSource.test.ts:124:49
    122|       };
    123| 
    124|       await expect(dataSource.create(sourceData)).rejects.toThrow();
       |                                                 ^
    125|     });
    126| 

ÔÄ»ÔÄ»ÔÄ»ÔÄ»ÔÄ»ÔÄ»ÔÄ»ÔÄ»ÔÄ»ÔÄ»ÔÄ»ÔÄ»ÔÄ»ÔÄ»ÔÄ»ÔÄ»ÔÄ»ÔÄ»ÔÄ»ÔÄ»ÔÄ»ÔÄ»[14/21]ÔÄ»

 FAIL  tests/unit/models/DataSource.test.ts > DataSource Model > Data Validation > should require primary fields
AssertionError: promise resolved "{ ÔÇª(11) }" instead of rejecting

- Expected
+ Received

- [Error: rejected promise]
+ Object {
+   "attribution": "",
+   "authority_name": "Incomplete Source",
+   "contact_email": null,
+   "created_at": 2026-02-18T22:07:11.163Z,
+   "data_type_provided": Array [],
+   "data_url": null,
+   "last_sync_timestamp": 2026-02-18T22:07:11.163Z,
+   "license": null,
+   "reliability_level": "unverified",
+   "source_id": "d81080de-1bec-48ea-9bea-6bf734670bb8",
+   "sync_frequency": null,
+ }

 ÔØ» tests/unit/models/DataSource.test.ts:146:55
    144|       };
    145| 
    146|       await expect(dataSource.create(incompleteSource)).rejects.toThroÔÇª
       |                                                       ^
    147|     });
    148|   });

ÔÄ»ÔÄ»ÔÄ»ÔÄ»ÔÄ»ÔÄ»ÔÄ»ÔÄ»ÔÄ»ÔÄ»ÔÄ»ÔÄ»ÔÄ»ÔÄ»ÔÄ»ÔÄ»ÔÄ»ÔÄ»ÔÄ»ÔÄ»ÔÄ»ÔÄ»[15/21]ÔÄ»

 FAIL  tests/unit/models/DataSource.test.ts > DataSource Model > Query Methods > should find stale data sources (not synced recently)
error: invalid input syntax for type uuid: ""
 ÔØ» node_modules/pg-pool/index.js:45:11
 ÔØ» tests/unit/models/DataSource.test.ts:176:7
    174|     it('should find stale data sources (not synced recently)', async (ÔÇª
    175|       // Update last_sync_timestamp to old date
    176|       await dataSource.query(
       |       ^
    177|         `UPDATE data_sources SET last_sync_timestamp = NOW() - INTERVAÔÇª
    178|         [testSourceId]

ÔÄ»ÔÄ»ÔÄ»ÔÄ»ÔÄ»ÔÄ»ÔÄ»ÔÄ»ÔÄ»ÔÄ»ÔÄ»ÔÄ»ÔÄ»ÔÄ»ÔÄ»ÔÄ»ÔÄ»ÔÄ»ÔÄ»ÔÄ»ÔÄ»ÔÄ»ÔÄ»ÔÄ»ÔÄ»ÔÄ»ÔÄ»ÔÄ»ÔÄ»ÔÄ»
Serialized Error: { length: 129, severity: 'ERROR', code: '22P02', detail: undefined, hint: undefined, position: undefined, internalPosition: undefined, internalQuery: undefined, where: 'unnamed portal parameter $1 = \'\'', schema: undefined, table: undefined, column: undefined, dataType: undefined, constraint: undefined, file: 'uuid.c', line: '133', routine: 'string_to_uuid' }
ÔÄ»ÔÄ»ÔÄ»ÔÄ»ÔÄ»ÔÄ»ÔÄ»ÔÄ»ÔÄ»ÔÄ»ÔÄ»ÔÄ»ÔÄ»ÔÄ»ÔÄ»ÔÄ»ÔÄ»ÔÄ»ÔÄ»ÔÄ»ÔÄ»ÔÄ»[16/21]ÔÄ»

 FAIL  tests/unit/models/DataSource.test.ts > DataSource Model > Query Methods > should get all pre-seeded sources
AssertionError: expected [ Array(54) ] to include 'UK NOTAM Service'
 ÔØ» tests/unit/models/DataSource.test.ts:197:27
    195|       expect(sourceNames).toContain('UK Civil Aviation Authority');
    196|       expect(sourceNames).toContain('NATS AIS');
    197|       expect(sourceNames).toContain('UK NOTAM Service');
       |                           ^
    198|     });
    199|   });

ÔÄ»ÔÄ»ÔÄ»ÔÄ»ÔÄ»ÔÄ»ÔÄ»ÔÄ»ÔÄ»ÔÄ»ÔÄ»ÔÄ»ÔÄ»ÔÄ»ÔÄ»ÔÄ»ÔÄ»ÔÄ»ÔÄ»ÔÄ»ÔÄ»ÔÄ»[17/21]ÔÄ»

 FAIL  tests/unit/models/DataSource.test.ts > DataSource Model > Sync Timestamp Operations > should update last_sync_timestamp
error: column "last_updated" of relation "data_sources" does not exist
 ÔØ» node_modules/pg-pool/index.js:45:11
 ÔØ» DataSource.updateSyncTimestamp src/models/DataSource.ts:81:5
     79|       WHERE ${this.primaryKey} = $1
     80|     `;
     81|     await this.query(query, [sourceId]);
       |     ^
     82|   }
     83| 
 ÔØ» tests/unit/models/DataSource.test.ts:205:7

ÔÄ»ÔÄ»ÔÄ»ÔÄ»ÔÄ»ÔÄ»ÔÄ»ÔÄ»ÔÄ»ÔÄ»ÔÄ»ÔÄ»ÔÄ»ÔÄ»ÔÄ»ÔÄ»ÔÄ»ÔÄ»ÔÄ»ÔÄ»ÔÄ»ÔÄ»ÔÄ»ÔÄ»ÔÄ»ÔÄ»ÔÄ»ÔÄ»ÔÄ»ÔÄ»
Serialized Error: { length: 139, severity: 'ERROR', code: '42703', detail: undefined, hint: undefined, position: '77', internalPosition: undefined, internalQuery: undefined, where: undefined, schema: undefined, table: undefined, column: undefined, dataType: undefined, constraint: undefined, file: 'analyze.c', line: '2466', routine: 'transformUpdateTargetList' }
ÔÄ»ÔÄ»ÔÄ»ÔÄ»ÔÄ»ÔÄ»ÔÄ»ÔÄ»ÔÄ»ÔÄ»ÔÄ»ÔÄ»ÔÄ»ÔÄ»ÔÄ»ÔÄ»ÔÄ»ÔÄ»ÔÄ»ÔÄ»ÔÄ»ÔÄ»[18/21]ÔÄ»

 FAIL  tests/unit/models/DataSource.test.ts > DataSource Model > Sync Timestamp Operations > should get time since last sync
error: invalid input syntax for type uuid: ""
 ÔØ» node_modules/pg-pool/index.js:45:11
 ÔØ» tests/unit/models/DataSource.test.ts:217:7
    215|     it('should get time since last sync', async () => {
    216|       // Update to known old timestamp
    217|       await dataSource.query(
       |       ^
    218|         `UPDATE data_sources SET last_sync_timestamp = NOW() - INTERVAÔÇª
    219|         [testSourceId]

ÔÄ»ÔÄ»ÔÄ»ÔÄ»ÔÄ»ÔÄ»ÔÄ»ÔÄ»ÔÄ»ÔÄ»ÔÄ»ÔÄ»ÔÄ»ÔÄ»ÔÄ»ÔÄ»ÔÄ»ÔÄ»ÔÄ»ÔÄ»ÔÄ»ÔÄ»ÔÄ»ÔÄ»ÔÄ»ÔÄ»ÔÄ»ÔÄ»ÔÄ»ÔÄ»
Serialized Error: { length: 129, severity: 'ERROR', code: '22P02', detail: undefined, hint: undefined, position: undefined, internalPosition: undefined, internalQuery: undefined, where: 'unnamed portal parameter $1 = \'\'', schema: undefined, table: undefined, column: undefined, dataType: undefined, constraint: undefined, file: 'uuid.c', line: '133', routine: 'string_to_uuid' }
ÔÄ»ÔÄ»ÔÄ»ÔÄ»ÔÄ»ÔÄ»ÔÄ»ÔÄ»ÔÄ»ÔÄ»ÔÄ»ÔÄ»ÔÄ»ÔÄ»ÔÄ»ÔÄ»ÔÄ»ÔÄ»ÔÄ»ÔÄ»ÔÄ»ÔÄ»[19/21]ÔÄ»

 FAIL  tests/unit/models/DataSource.test.ts > DataSource Model > Business Logic > should have correct data types for CAA
AssertionError: expected [ 'test' ] to include 'geographic_zones'
 ÔØ» tests/unit/models/DataSource.test.ts:269:39
    267|       const caa = await dataSource.findByName('UK Civil Aviation AuthoÔÇª
    268|       expect(caa?.data_type_provided).toBeInstanceOf(Array);
    269|       expect(caa?.data_type_provided).toContain('geographic_zones');
       |                                       ^
    270|     });
    271| 

ÔÄ»ÔÄ»ÔÄ»ÔÄ»ÔÄ»ÔÄ»ÔÄ»ÔÄ»ÔÄ»ÔÄ»ÔÄ»ÔÄ»ÔÄ»ÔÄ»ÔÄ»ÔÄ»ÔÄ»ÔÄ»ÔÄ»ÔÄ»ÔÄ»ÔÄ»[20/21]ÔÄ»

 FAIL  tests/unit/models/DataSource.test.ts > DataSource Model > Business Logic > should have appropriate sync frequency
AssertionError: expected 'object' to be 'string' // Object.is equality

- Expected
+ Received

- string
+ object

 ÔØ» tests/unit/models/DataSource.test.ts:277:46
    275|       sources.forEach((source) => {
    276|         expect(source.sync_frequency).toBeDefined();
    277|         expect(typeof source.sync_frequency).toBe('string');
       |                                              ^
    278|         expect(source.sync_frequency.length).toBeGreaterThan(0);
    279|       });
 ÔØ» tests/unit/models/DataSource.test.ts:275:15

ÔÄ»ÔÄ»ÔÄ»ÔÄ»ÔÄ»ÔÄ»ÔÄ»ÔÄ»ÔÄ»ÔÄ»ÔÄ»ÔÄ»ÔÄ»ÔÄ»ÔÄ»ÔÄ»ÔÄ»ÔÄ»ÔÄ»ÔÄ»ÔÄ»ÔÄ»[21/21]ÔÄ»

[2m Test Files [22m [1m[31m5 failed[39m[22m[2m | [22m[1m[32m1 passed[39m[22m[90m (6)[39m
[2m      Tests [22m [1m[31m19 failed[39m[22m[2m | [22m[1m[32m65 passed[39m[22m[90m (112)[39m
[2m   Start at [22m 22:07:09
[2m   Duration [22m 2.07s


[1m[7m[31m FAIL [39m[27m[22m[31m Tests failed. Watching for file changes...[39m
       [2mpress [22m[1mh[22m[2m to show help[22m[2m, [22m[2mpress [22m[1mq[22m[2m to quit[22m

[2m Test Files [22m [2mno tests[22m
[2m      Tests [22m [2mno tests[22m
[2m   Start at [22m 22:07:09
[2m   Duration [22m 0ms


[1m[7m[32m PASS [39m[27m[22m[32m Waiting for file changes...[39m
       [2mpress [22m[1mh[22m[2m to show help[22m[2m, [22m[2mpress [22m[1mq[22m[2m to quit[22m
[36m?[39m [1mInput filename pattern[22m ÔÇ║ [1G[J[36m?[39m [1mInput filename pattern[22m ÔÇ║ 
Please input filter pattern[1A[28G[1G[J[36m?[39m [1mInput filename pattern[22m ÔÇ║ 
Please input filter pattern[1A[28G[1G[J[36m?[39m [1mInput filename pattern[22m ÔÇ║ 
Please input filter pattern[1A[28G[1G[J[36m?[39m [1mInput filename pattern[22m ÔÇ║ 
Please input filter pattern[1A[28G[1G[J[36m?[39m [1mInput filename pattern[22m ÔÇ║ 
Please input filter pattern[1A[28G[1G[J[36m?[39m [1mInput filename pattern[22m ÔÇ║ 
Please input filter pattern[1A[28G[1G[J[36m?[39m [1mInput filename pattern[22m ÔÇ║ 
Please input filter pattern[1A[28G[1G[J[36m?[39m [1mInput filename pattern[22m ÔÇ║ 
Please input filter pattern[1A[28G[1G[J[36m?[39m [1mInput filename pattern[22m ÔÇ║ 
Please input filter pattern[1A[28G[1G[J[36m?[39m [1mInput filename pattern[22m ÔÇ║ 
Please input filter pattern[1A[28G[1G[J[36m?[39m [1mInput filename pattern[22m ÔÇ║ 
Please input filter pattern[1A[28G[1G[J[36m?[39m [1mInput filename pattern[22m ÔÇ║ 
Please input filter pattern[1A[28G[1G[J[36m?[39m [1mInput filename pattern[22m ÔÇ║ 
Please input filter pattern[1A[28G[1G[J[36m?[39m [1mInput filename pattern[22m ÔÇ║ 
Please input filter pattern[1A[28G[1G[J[36m?[39m [1mInput filename pattern[22m ÔÇ║ 
Please input filter pattern[1A[28G[1G[J[36m?[39m [1mInput filename pattern[22m ÔÇ║ 
Please input filter pattern[1A[28G[1G[J[36m?[39m [1mInput filename pattern[22m ÔÇ║ 
Please input filter pattern[1A[28G[1G[J[36m?[39m [1mInput filename pattern[22m ÔÇ║ 
Please input filter pattern[1A[28G[1G[J[36m?[39m [1mInput filename pattern[22m ÔÇ║ 
Please input filter pattern[1A[28G[1G[J[36m?[39m [1mInput filename pattern[22m ÔÇ║ 
Please input filter pattern[1A[28G[1G[J[36m?[39m [1mInput filename pattern[22m ÔÇ║ 
Please input filter pattern[1A[28G[1G[J[36m?[39m [1mInput filename pattern[22m ÔÇ║ 
Please input filter pattern[1A[28G[1G[J[36m?[39m [1mInput filename pattern[22m ÔÇ║ 
Please input filter pattern[1A[28G[1G[J[36m?[39m [1mInput filename pattern[22m ÔÇ║ 
Please input filter pattern[1A[28G[1G[J[36m?[39m [1mInput filename pattern[22m ÔÇ║ 
Please input filter pattern[1A[28G[1G[J[36m?[39m [1mInput filename pattern[22m ÔÇ║ 
Please input filter pattern[1A[28G[1G[J[36m?[39m [1mInput filename pattern[22m ÔÇ║ 
Please input filter pattern[1A[28G[1G[J[36m?[39m [1mInput filename pattern[22m ÔÇ║ 
Please input filter pattern[1A[28G[1G[J[36m?[39m [1mInput filename pattern[22m ÔÇ║ 
Please input filter pattern[1A[28G[1G[J[36m?[39m [1mInput filename pattern[22m ÔÇ║ 
Please input filter pattern[1A[28G[1G[J[36m?[39m [1mInput filename pattern[22m ÔÇ║ 
Please input filter pattern[1A[28G[1G[J[36m?[39m [1mInput filename pattern[22m ÔÇ║ 
Please input filter pattern[1A[28G[1G[J[36m?[39m [1mInput filename pattern[22m ÔÇ║ 
Please input filter pattern[1A[28G[1G[J[36m?[39m [1mInput filename pattern[22m ÔÇ║ 
Please input filter pattern[1A[28G[1G[J[36m?[39m [1mInput filename pattern[22m ÔÇ║ 
Please input filter pattern[1A[28G[1G[J[36m?[39m [1mInput filename pattern[22m ÔÇ║ 
Please input filter pattern[1A[28G[1G[J[36m?[39m [1mInput filename pattern[22m ÔÇ║ 
Please input filter pattern[1A[28G[1G[J[36m?[39m [1mInput filename pattern[22m ÔÇ║ 
Please input filter pattern[1A[28G[1G[J[36m?[39m [1mInput filename pattern[22m ÔÇ║ 
Please input filter pattern[1A[28G[1G[J[36m?[39m [1mInput filename pattern[22m ÔÇ║ 
Please input filter pattern[1A[28G[1G[J[36m?[39m [1mInput filename pattern[22m ÔÇ║ 
Please input filter pattern[1A[28G[1G[J[36m?[39m [1mInput filename pattern[22m ÔÇ║ 
Please input filter pattern[1A[28G[1G[J[36m?[39m [1mInput filename pattern[22m ÔÇ║ 
Please input filter pattern[1A[28G[1G[J[36m?[39m [1mInput filename pattern[22m ÔÇ║ 
Please input filter pattern[1A[28G[1G[J[36m?[39m [1mInput filename pattern[22m ÔÇ║ 
Please input filter pattern[1A[28G[1G[J[36m?[39m [1mInput filename pattern[22m ÔÇ║ 
Please input filter pattern[1A[28G[1G[J[36m?[39m [1mInput filename pattern[22m ÔÇ║ 
Please input filter pattern[1A[28G[1G[J[36m?[39m [1mInput filename pattern[22m ÔÇ║ 
Please input filter pattern[1A[28G[1G[J[36m?[39m [1mInput filename pattern[22m ÔÇ║ 
Please input filter pattern[1A[28G[1G[J[36m?[39m [1mInput filename pattern[22m ÔÇ║ 
Please input filter pattern[1A[28G[1G[J[36m?[39m [1mInput filename pattern[22m ÔÇ║ 
Please input filter pattern[1A[28G[1G[J[36m?[39m [1mInput filename pattern[22m ÔÇ║ 
Please input filter pattern[1A[28G[1G[J[36m?[39m [1mInput filename pattern[22m ÔÇ║ 
Please input filter pattern[1A[28G[1G[J[36m?[39m [1mInput filename pattern[22m ÔÇ║ 
Please input filter pattern[1A[28G[1G[J[36m?[39m [1mInput filename pattern[22m ÔÇ║ 
Please input filter pattern[1A[28G[1G[J[36m?[39m [1mInput filename pattern[22m ÔÇ║ 
Please input filter pattern[1A[28G[1G[J[36m?[39m [1mInput filename pattern[22m ÔÇ║ 
Please input filter pattern[1A[28G[1G[J[36m?[39m [1mInput filename pattern[22m ÔÇ║ 
Please input filter pattern[1A[28G[1G[J[36m?[39m [1mInput filename pattern[22m ÔÇ║ 
Please input filter pattern[1A[28G[1G[J[36m?[39m [1mInput filename pattern[22m ÔÇ║ 
Please input filter pattern[1A[28G[1G[J[36m?[39m [1mInput filename pattern[22m ÔÇ║ 
Please input filter pattern[1A[28G[1G[J[36m?[39m [1mInput filename pattern[22m ÔÇ║ 
Please input filter pattern[1A[28G[1G[J[36m?[39m [1mInput filename pattern[22m ÔÇ║ 
Please input filter pattern[1A[28G[1G[J[36m?[39m [1mInput filename pattern[22m ÔÇ║ 
Please input filter pattern[1A[28G[3Jc
[7m[1m[34m RERUN [39m[22m[27m[2m change filename pattern[22m
        [2mProject name: [22m[34mnloads\DroneGo\backend'; npm test -- --run[39m
        [2mFilename pattern: [22m[34mx vitest run --reporter=verbose 2>&1 | Select-Object -First 100[39m


[2m Test Files [22m [2mno tests[22m
[2m      Tests [22m [2mno tests[22m
[2m   Start at [22m 22:07:17
[2m   Duration [22m 0ms


[1m[7m[32m PASS [39m[27m[22m[32m Waiting for file changes...[39m
       [2mpress [22m[1mh[22m[2m to show help[22m[2m, [22m[2mpress [22m[1mq[22m[2m to quit[22m
[2K[1G[36m?[39m [1mInput a single project name[22m [90m┬╗[39m [90mnloads\DroneGo\backend'; npm test -- --run[39m78[2K[1G[2K[1G[36m?[39m [1mInput a single project name[22m [90m┬╗[39m r78[2K[1G[2K[1G[36m?[39m [1mInput a single project name[22m [90m┬╗[39m ri78[2K[1G[2K[1G[36m?[39m [1mInput a single project name[22m [90m┬╗[39m rit78[2K[1G[2K[1G[36m?[39m [1mInput a single project name[22m [90m┬╗[39m rite78[2K[1G[2K[1G[36m?[39m [1mInput a single project name[22m [90m┬╗[39m rite-78[2K[1G[2K[1G[36m?[39m [1mInput a single project name[22m [90m┬╗[39m rite-H78[2K[1G[2K[1G[36m?[39m [1mInput a single project name[22m [90m┬╗[39m rite-Ho78[2K[1G[2K[1G[36m?[39m [1mInput a single project name[22m [90m┬╗[39m rite-Hos78[2K[1G[2K[1G[36m?[39m [1mInput a single project name[22m [90m┬╗[39m rite-Host78[2K[1G[2K[1G[36m?[39m [1mInput a single project name[22m [90m┬╗[39m rite-Host 78[2K[1G[2K[1G[36m?[39m [1mInput a single project name[22m [90m┬╗[39m rite-Host "78[2K[1G[2K[1G[36m?[39m [1mInput a single project name[22m [90m┬╗[39m rite-Host "T78[2K[1G[2K[1G[36m?[39m [1mInput a single project name[22m [90m┬╗[39m rite-Host "Te78[2K[1G[2K[1G[36m?[39m [1mInput a single project name[22m [90m┬╗[39m rite-Host "Tes78[2K[1G[2K[1G[36m?[39m [1mInput a single project name[22m [90m┬╗[39m rite-Host "Test78[2K[1G[2K[1G[36m?[39m [1mInput a single project name[22m [90m┬╗[39m rite-Host "Test 78[2K[1G[2K[1G[36m?[39m [1mInput a single project name[22m [90m┬╗[39m rite-Host "Test O78[2K[1G[2K[1G[36m?[39m [1mInput a single project name[22m [90m┬╗[39m rite-Host "Test Ou78[2K[1G[2K[1G[36m?[39m [1mInput a single project name[22m [90m┬╗[39m rite-Host "Test Out78[2K[1G[2K[1G[36m?[39m [1mInput a single project name[22m [90m┬╗[39m rite-Host "Test Outp78[2K[1G[2K[1G[36m?[39m [1mInput a single project name[22m [90m┬╗[39m rite-Host "Test Outpu78[2K[1G[2K[1G[36m?[39m [1mInput a single project name[22m [90m┬╗[39m rite-Host "Test Output78[2K[1G[2K[1G[36m?[39m [1mInput a single project name[22m [90m┬╗[39m rite-Host "Test Output"78[2K[1G[2K[1G[32mÔêÜ[39m [1mInput a single project name[22m [90m...[39m rite-Host "Test Output"78
[?25h[3Jc
[7m[1m[34m RERUN [39m[22m[27m[2m change project filter[22m
        [2mProject name: [22m[34mrite-Host "Test Output"[39m
        [2mFilename pattern: [22m[34mx vitest run --reporter=verbose 2>&1 | Select-Object -First 100[39m


[2m Test Files [22m [2mno tests[22m
[2m      Tests [22m [2mno tests[22m
[2m   Start at [22m 22:07:24
[2m   Duration [22m 0ms


[1m[7m[32m PASS [39m[27m[22m[32m Waiting for file changes...[39m
       [2mpress [22m[1mh[22m[2m to show help[22m[2m, [22m[2mpress [22m[1mq[22m[2m to quit[22m
[36m?[39m [1mInput test name pattern (RegExp)[22m ÔÇ║ [1G[J[36m?[39m [1mInput test name pattern (RegExp)[22m ÔÇ║ 
Please input filter pattern[1A[38G[1G[J[36m?[39m [1mInput test name pattern (RegExp)[22m ÔÇ║ 
Please input filter pattern[1A[38G[1G[J[36m?[39m [1mInput test name pattern (RegExp)[22m ÔÇ║ 
Please input filter pattern[1A[38G[1G[J[36m?[39m [1mInput test name pattern (RegExp)[22m ÔÇ║ 
Please input filter pattern[1A[38G[1G[J[36m?[39m [1mInput test name pattern (RegExp)[22m ÔÇ║ 
Please input filter pattern[1A[38G[1G[J[36m?[39m [1mInput test name pattern (RegExp)[22m ÔÇ║ 
Please input filter pattern[1A[38G[1G[J[36m?[39m [1mInput test name pattern (RegExp)[22m ÔÇ║ 
Please input filter pattern[1A[38G[1G[J[36m?[39m [1mInput test name pattern (RegExp)[22m ÔÇ║ 
Please input filter pattern[1A[38G[1G[J[36m?[39m [1mInput test name pattern (RegExp)[22m ÔÇ║ 
Please input filter pattern[1A[38G[1G[J[36m?[39m [1mInput test name pattern (RegExp)[22m ÔÇ║ 
Please input filter pattern[1A[38G[1G[J[36m?[39m [1mInput test name pattern (RegExp)[22m ÔÇ║ 
Please input filter pattern[1A[38G[1G[J[36m?[39m [1mInput test name pattern (RegExp)[22m ÔÇ║ 
Please input filter pattern[1A[38G[1G[J[36m?[39m [1mInput test name pattern (RegExp)[22m ÔÇ║ 
Please input filter pattern[1A[38G[1G[J[36m?[39m [1mInput test name pattern (RegExp)[22m ÔÇ║ 
Please input filter pattern[1A[38G[1G[J[36m?[39m [1mInput test name pattern (RegExp)[22m ÔÇ║ 
Please input filter pattern[1A[38G[1G[J[36m?[39m [1mInput test name pattern (RegExp)[22m ÔÇ║ 
Please input filter pattern[1A[38G[1G[J[36m?[39m [1mInput test name pattern (RegExp)[22m ÔÇ║ 
Please input filter pattern[1A[38G[1G[J[36m?[39m [1mInput test name pattern (RegExp)[22m ÔÇ║ 
Please input filter pattern[1A[38G[1G[J[36m?[39m [1mInput test name pattern (RegExp)[22m ÔÇ║ 
Please input filter pattern[1A[38G[1G[J[36m?[39m [1mInput test name pattern (RegExp)[22m ÔÇ║ 
Please input filter pattern[1A[38G[1G[J[36m?[39m [1mInput test name pattern (RegExp)[22m ÔÇ║ 
Please input filter pattern[1A[38G[1G[J[36m?[39m [1mInput test name pattern (RegExp)[22m ÔÇ║ 
Please input filter pattern[1A[38G[1G[J[36m?[39m [1mInput test name pattern (RegExp)[22m ÔÇ║ 
Please input filter pattern[1A[38G[1G[J[36m?[39m [1mInput test name pattern (RegExp)[22m ÔÇ║ 
Please input filter pattern[1A[38G[1G[J[36m?[39m [1mInput test name pattern (RegExp)[22m ÔÇ║ 
Please input filter pattern[1A[38G[1G[J[36m?[39m [1mInput test name pattern (RegExp)[22m ÔÇ║ 
Please input filter pattern[1A[38G[1G[J[36m?[39m [1mInput test name pattern (RegExp)[22m ÔÇ║ 
Please input filter pattern[1A[38G[1G[J[36m?[39m [1mInput test name pattern (RegExp)[22m ÔÇ║ 
Please input filter pattern[1A[38G[1G[J[36m?[39m [1mInput test name pattern (RegExp)[22m ÔÇ║ 
Please input filter pattern[1A[38G[1G[J[36m?[39m [1mInput test name pattern (RegExp)[22m ÔÇ║ 
Please input filter pattern[1A[38G[1G[J[36m?[39m [1mInput test name pattern (RegExp)[22m ÔÇ║ 
Please input filter pattern[1A[38G[1G[J[36m?[39m [1mInput test name pattern (RegExp)[22m ÔÇ║ 
Please input filter pattern[1A[38G[1G[J[36m?[39m [1mInput test name pattern (RegExp)[22m ÔÇ║ 
Please input filter pattern[1A[38G[1G[J[36m?[39m [1mInput test name pattern (RegExp)[22m ÔÇ║ 
Please input filter pattern[1A[38G[1G[J[36m?[39m [1mInput test name pattern (RegExp)[22m ÔÇ║ 
Please input filter pattern[1A[38G[1G[J[36m?[39m [1mInput test name pattern (RegExp)[22m ÔÇ║ 
Please input filter pattern[1A[38G[1G[J[36m?[39m [1mInput test name pattern (RegExp)[22m ÔÇ║ 
Please input filter pattern[1A[38G[1G[J[36m?[39m [1mInput test name pattern (RegExp)[22m ÔÇ║ 
Please input filter pattern[1A[38G[1G[J[36m?[39m [1mInput test name pattern (RegExp)[22m ÔÇ║ 
Please input filter pattern[1A[38G[1G[J[36m?[39m [1mInput test name pattern (RegExp)[22m ÔÇ║ 
Please input filter pattern[1A[38G[1G[J[36m?[39m [1mInput test name pattern (RegExp)[22m ÔÇ║ 
Please input filter pattern[1A[38G[1G[J[36m?[39m [1mInput test name pattern (RegExp)[22m ÔÇ║ 
Please input filter pattern[1A[38G[1G[J[36m?[39m [1mInput test name pattern (RegExp)[22m ÔÇ║ 
Please input filter pattern[1A[38G[1G[J[36m?[39m [1mInput test name pattern (RegExp)[22m ÔÇ║ 
Please input filter pattern[1A[38G[1G[J[36m?[39m [1mInput test name pattern (RegExp)[22m ÔÇ║ 
Please input filter pattern[1A[38G[1G[J[36m?[39m [1mInput test name pattern (RegExp)[22m ÔÇ║ 
Please input filter pattern[1A[38G[1G[J[36m?[39m [1mInput test name pattern (RegExp)[22m ÔÇ║ 
Please input filter pattern[1A[38G[1G[J[36m?[39m [1mInput test name pattern (RegExp)[22m ÔÇ║ 
Please input filter pattern[1A[38G[1G[J[36m?[39m [1mInput test name pattern (RegExp)[22m ÔÇ║ 
Please input filter pattern[1A[38G[1G[J[36m?[39m [1mInput test name pattern (RegExp)[22m ÔÇ║ 
Please input filter pattern[1A[38G[1G[J[36m?[39m [1mInput test name pattern (RegExp)[22m ÔÇ║ 
Please input filter pattern[1A[38G[1G[J[36m?[39m [1mInput test name pattern (RegExp)[22m ÔÇ║ 
Please input filter pattern[1A[38G[1G[J[36m?[39m [1mInput test name pattern (RegExp)[22m ÔÇ║ 
Please input filter pattern[1A[38G[1G[J[36m?[39m [1mInput test name pattern (RegExp)[22m ÔÇ║ 
Please input filter pattern[1A[38G[1G[J[36m?[39m [1mInput test name pattern (RegExp)[22m ÔÇ║ 
Please input filter pattern[1A[38G[1G[J[36m?[39m [1mInput test name pattern (RegExp)[22m ÔÇ║ 
Please input filter pattern[1A[38G[1G[J[36m?[39m [1mInput test name pattern (RegExp)[22m ÔÇ║ 
Please input filter pattern[1A[38G[1G[J[36m?[39m [1mInput test name pattern (RegExp)[22m ÔÇ║ 
Please input filter pattern[1A[38G[1G[J[36m?[39m [1mInput test name pattern (RegExp)[22m ÔÇ║ 
Please input filter pattern[1A[38G[1G[J[36m?[39m [1mInput test name pattern (RegExp)[22m ÔÇ║ 
Please input filter pattern[1A[38G[1G[J[36m?[39m [1mInput test name pattern (RegExp)[22m ÔÇ║ 
Please input filter pattern[1A[38G[1G[J[36m?[39m [1mInput test name pattern (RegExp)[22m ÔÇ║ 
Please input filter pattern[1A[38G[1G[J[36m?[39m [1mInput test name pattern (RegExp)[22m ÔÇ║ 
Please input filter pattern[1A[38G[1G[J[36m?[39m [1mInput test name pattern (RegExp)[22m ÔÇ║ 
Please input filter pattern[1A[38G[1G[J[36m?[39m [1mInput test name pattern (RegExp)[22m ÔÇ║ 
Please input filter pattern[1A[38G[1G[J[36m?[39m [1mInput test name pattern (RegExp)[22m ÔÇ║ 
Please input filter pattern[1A[38G[1G[J[36m?[39m [1mInput test name pattern (RegExp)[22m ÔÇ║ 
Please input filter pattern[1A[38G[1G[J[36m?[39m [1mInput test name pattern (RegExp)[22m ÔÇ║ 
Please input filter pattern[1A[38G[1G[J[36m?[39m [1mInput test name pattern (RegExp)[22m ÔÇ║ 
Please input filter pattern[1A[38G[1G[J[36m?[39m [1mInput test name pattern (RegExp)[22m ÔÇ║ 
Please input filter pattern[1A[38G[1G[J[36m?[39m [1mInput test name pattern (RegExp)[22m ÔÇ║ 
Please input filter pattern[1A[38G[1G[J[36m?[39m [1mInput test name pattern (RegExp)[22m ÔÇ║ 
Please input filter pattern[1A[38G[1G[J[36m?[39m [1mInput test name pattern (RegExp)[22m ÔÇ║ 
Please input filter pattern[1A[38G[1G[J[36m?[39m [1mInput test name pattern (RegExp)[22m ÔÇ║ 
Please input filter pattern[1A[38G[1G[J[36m?[39m [1mInput test name pattern (RegExp)[22m ÔÇ║ 
Please input filter pattern[1A[38G[1G[J[36m?[39m [1mInput test name pattern (RegExp)[22m ÔÇ║ 
Please input filter pattern[1A[38G[1G[J[36m?[39m [1mInput test name pattern (RegExp)[22m ÔÇ║ 
Please input filter pattern[1A[38G[1G[J[36m?[39m [1mInput test name pattern (RegExp)[22m ÔÇ║ 
Please input filter pattern[1A[38G[1G[J[36m?[39m [1mInput test name pattern (RegExp)[22m ÔÇ║ 
Please input filter pattern[1A[38G[1G[J[36m?[39m [1mInput test name pattern (RegExp)[22m ÔÇ║ 
Please input filter pattern[1A[38G[1G[J[36m?[39m [1mInput test name pattern (RegExp)[22m ÔÇ║ 
Please input filter pattern[1A[38G[1G[J[36m?[39m [1mInput test name pattern (RegExp)[22m ÔÇ║ 
Please input filter pattern[1A[38G[1G[J[36m?[39m [1mInput test name pattern (RegExp)[22m ÔÇ║ 
Please input filter pattern[1A[38G[1G[J[36m?[39m [1mInput test name pattern (RegExp)[22m ÔÇ║ 
Please input filter pattern[1A[38G[1G[J[36m?[39m [1mInput test name pattern (RegExp)[22m ÔÇ║ 
Please input filter pattern[1A[38G[1G[J[36m?[39m [1mInput test name pattern (RegExp)[22m ÔÇ║ 
Please input filter pattern[1A[38G[1G[J[36m?[39m [1mInput test name pattern (RegExp)[22m ÔÇ║ 
Please input filter pattern[1A[38G[1G[J[36m?[39m [1mInput test name pattern (RegExp)[22m ÔÇ║ 
Please input filter pattern[1A[38G[1G[J[36m?[39m [1mInput test name pattern (RegExp)[22m ÔÇ║ 
Please input filter pattern[1A[38G[1G[J[36m?[39m [1mInput test name pattern (RegExp)[22m ÔÇ║ 
Please input filter pattern[1A[38G[1G[J[36m?[39m [1mInput test name pattern (RegExp)[22m ÔÇ║ 
Please input filter pattern[1A[38G[1G[J[36m?[39m [1mInput test name pattern (RegExp)[22m ÔÇ║ 
Please input filter pattern[1A[38G[1G[J[36m?[39m [1mInput test name pattern (RegExp)[22m ÔÇ║ 
Please input filter pattern[1A[38G[1G[J[36m?[39m [1mInput test name pattern (RegExp)[22m ÔÇ║ 
Please input filter pattern[1A[38G[1G[J[36m?[39m [1mInput test name pattern (RegExp)[22m ÔÇ║ 
Please input filter pattern[1A[38G[1G[J[36m?[39m [1mInput test name pattern (RegExp)[22m ÔÇ║ 
Please input filter pattern[1A[38G[1G[J[36m?[39m [1mInput test name pattern (RegExp)[22m ÔÇ║ 
Please input filter pattern[1A[38G[1G[J[36m?[39m [1mInput test name pattern (RegExp)[22m ÔÇ║ 
Please input filter pattern[1A[38G[1G[J[36m?[39m [1mInput test name pattern (RegExp)[22m ÔÇ║ 
Please input filter pattern[1A[38G[1G[J[36m?[39m [1mInput test name pattern (RegExp)[22m ÔÇ║ 
Please input filter pattern[1A[38G[1G[J[36m?[39m [1mInput test name pattern (RegExp)[22m ÔÇ║ 
Please input filter pattern[1A[38G[1G[J[36m?[39m [1mInput test name pattern (RegExp)[22m ÔÇ║ 
Please input filter pattern[1A[38G[1G[J[36m?[39m [1mInput test name pattern (RegExp)[22m ÔÇ║ 
Please input filter pattern[1A[38G[1G[J[36m?[39m [1mInput test name pattern (RegExp)[22m ÔÇ║ 
Please input filter pattern[1A[38G[1G[J[36m?[39m [1mInput test name pattern (RegExp)[22m ÔÇ║ 
Please input filter pattern[1A[38G[1G[J[36m?[39m [1mInput test name pattern (RegExp)[22m ÔÇ║ 
Please input filter pattern[1A[38G[1G[J[36m?[39m [1mInput test name pattern (RegExp)[22m ÔÇ║ 
Please input filter pattern[1A[38G[1G[J[36m?[39m [1mInput test name pattern (RegExp)[22m ÔÇ║ 
Please input filter pattern[1A[38G[1G[J[36m?[39m [1mInput test name pattern (RegExp)[22m ÔÇ║ 
Please input filter pattern[1A[38G[1G[J[36m?[39m [1mInput test name pattern (RegExp)[22m ÔÇ║ 
Please input filter pattern[1A[38G[1G[J[36m?[39m [1mInput test name pattern (RegExp)[22m ÔÇ║ 
Please input filter pattern[1A[38G[1G[J[36m?[39m [1mInput test name pattern (RegExp)[22m ÔÇ║ 
Please input filter pattern[1A[38G[1G[J[36m?[39m [1mInput test name pattern (RegExp)[22m ÔÇ║ 
Please input filter pattern[1A[38G[1G[J[36m?[39m [1mInput test name pattern (RegExp)[22m ÔÇ║ 
Please input filter pattern[1A[38G[1G[J[36m?[39m [1mInput test name pattern (RegExp)[22m ÔÇ║ 
Please input filter pattern[1A[38G[3Jc
[7m[1m[34m RERUN [39m[22m[27m
        [2mProject name: [22m[34mrite-Host "Test Output"[39m
        [2mFilename pattern: [22m[34mx vitest run --reporter=verbose 2>&1 | Select-Object -First 100[39m
        [2mTest name pattern: [22m[34m/ionPreference = 'Continue'; cd C:\Users\miked\Downloads\DroneGo\backend; npm test -- --run --reporter=verbose 2>&1/[39m

[3Jc
[7m[1m[34m RERUN [39m[22m[27m
        [2mProject name: [22m[34mrite-Host "Test Output"[39m
        [2mFilename pattern: [22m[34mx vitest run --reporter=verbose 2>&1 | Select-Object -First 100[39m
        [2mTest name pattern: [22m[34m/ionPreference = 'Continue'; cd C:\Users\miked\Downloads\DroneGo\backend; npm test -- --run --reporter=verbose 2>&1/[39m

[3Jc
[7m[1m[34m RERUN [39m[22m[27m
        [2mProject name: [22m[34mrite-Host "Test Output"[39m
        [2mFilename pattern: [22m[34mx vitest run --reporter=verbose 2>&1 | Select-Object -First 100[39m
        [2mTest name pattern: [22m[34m/ionPreference = 'Continue'; cd C:\Users\miked\Downloads\DroneGo\backend; npm test -- --run --reporter=verbose 2>&1/[39m

[3Jc
[7m[1m[34m RERUN [39m[22m[27m[2m rerun all tests[22m
        [2mProject name: [22m[34mrite-Host "Test Output"[39m

[3Jc
[7m[1m[34m RERUN [39m[22m[27m[2m change pattern[22m
        [2mProject name: [22m[34mrite-Host "Test Output"[39m


[2m Test Files [22m [2mno tests[22m
[2m      Tests [22m [2mno tests[22m
[2m   Start at [22m 22:07:34
[2m   Duration [22m 0ms


[1m[7m[32m PASS [39m[27m[22m[32m Waiting for file changes...[39m
       [2mpress [22m[1mh[22m[2m to show help[22m[2m, [22m[2mpress [22m[1mq[22m[2m to quit[22m

[2m Test Files [22m [2mno tests[22m
[2m      Tests [22m [2mno tests[22m
[2m   Start at [22m 22:07:34
[2m   Duration [22m 0ms


[1m[7m[32m PASS [39m[27m[22m[32m Waiting for file changes...[39m
       [2mpress [22m[1mh[22m[2m to show help[22m[2m, [22m[2mpress [22m[1mq[22m[2m to quit[22m

[2m Test Files [22m [2mno tests[22m
[2m      Tests [22m [2mno tests[22m
[2m   Start at [22m 22:07:34
[2m   Duration [22m 0ms


[1m[7m[32m PASS [39m[27m[22m[32m Waiting for file changes...[39m
       [2mpress [22m[1mh[22m[2m to show help[22m[2m, [22m[2mpress [22m[1mq[22m[2m to quit[22m

[2m Test Files [22m [2mno tests[22m
[2m      Tests [22m [2mno tests[22m
[2m   Start at [22m 22:07:34
[2m   Duration [22m 0ms


[1m[7m[32m PASS [39m[27m[22m[32m Waiting for file changes...[39m
       [2mpress [22m[1mh[22m[2m to show help[22m[2m, [22m[2mpress [22m[1mq[22m[2m to quit[22m

[2m Test Files [22m [2mno tests[22m
[2m      Tests [22m [2mno tests[22m
[2m   Start at [22m 22:07:34
[2m   Duration [22m 0ms


[1m[7m[32m PASS [39m[27m[22m[32m Waiting for file changes...[39m
       [2mpress [22m[1mh[22m[2m to show help[22m[2m, [22m[2mpress [22m[1mq[22m[2m to quit[22m
[36m?[39m [1mInput test name pattern (RegExp)[22m ÔÇ║ [1G[J[36m?[39m [1mInput test name pattern (RegExp)[22m ÔÇ║ 
Please input filter pattern[1A[38G[1G[J[36m?[39m [1mInput test name pattern (RegExp)[22m ÔÇ║ 
Please input filter pattern[1A[38G[1G[J[36m?[39m [1mInput test name pattern (RegExp)[22m ÔÇ║ 
Please input filter pattern[1A[38G[1G[J[36m?[39m [1mInput test name pattern (RegExp)[22m ÔÇ║ 
Please input filter pattern[1A[38G[1G[J[36m?[39m [1mInput test name pattern (RegExp)[22m ÔÇ║ 
Please input filter pattern[1A[38G[1G[J[36m?[39m [1mInput test name pattern (RegExp)[22m ÔÇ║ 
Please input filter pattern[1A[38G[1G[J[36m?[39m [1mInput test name pattern (RegExp)[22m ÔÇ║ 
Please input filter pattern[1A[38G[1G[J[36m?[39m [1mInput test name pattern (RegExp)[22m ÔÇ║ 
Please input filter pattern[1A[38G[1G[J[36m?[39m [1mInput test name pattern (RegExp)[22m ÔÇ║ 
Please input filter pattern[1A[38G[1G[J[36m?[39m [1mInput test name pattern (RegExp)[22m ÔÇ║ 
Please input filter pattern[1A[38G[1G[J[36m?[39m [1mInput test name pattern (RegExp)[22m ÔÇ║ 
Please input filter pattern[1A[38G[1G[J[36m?[39m [1mInput test name pattern (RegExp)[22m ÔÇ║ 
Please input filter pattern[1A[38G[1G[J[36m?[39m [1mInput test name pattern (RegExp)[22m ÔÇ║ 
Please input filter pattern[1A[38G[1G[J[36m?[39m [1mInput test name pattern (RegExp)[22m ÔÇ║ 
Please input filter pattern[1A[38G[1G[J[36m?[39m [1mInput test name pattern (RegExp)[22m ÔÇ║ 
Please input filter pattern[1A[38G[1G[J[36m?[39m [1mInput test name pattern (RegExp)[22m ÔÇ║ 
Please input filter pattern[1A[38G[1G[J[36m?[39m [1mInput test name pattern (RegExp)[22m ÔÇ║ 
Please input filter pattern[1A[38G[1G[J[36m?[39m [1mInput test name pattern (RegExp)[22m ÔÇ║ 
Please input filter pattern[1A[38G[1G[J[36m?[39m [1mInput test name pattern (RegExp)[22m ÔÇ║ 
Please input filter pattern[1A[38G[1G[J[36m?[39m [1mInput test name pattern (RegExp)[22m ÔÇ║ 
Please input filter pattern[1A[38G[1G[J[36m?[39m [1mInput test name pattern (RegExp)[22m ÔÇ║ 
Please input filter pattern[1A[38G[1G[J[36m?[39m [1mInput test name pattern (RegExp)[22m ÔÇ║ 
Please input filter pattern[1A[38G[1G[J[36m?[39m [1mInput test name pattern (RegExp)[22m ÔÇ║ 
Please input filter pattern[1A[38G[1G[J[36m?[39m [1mInput test name pattern (RegExp)[22m ÔÇ║ 
Please input filter pattern[1A[38G[1G[J[36m?[39m [1mInput test name pattern (RegExp)[22m ÔÇ║ 
Please input filter pattern[1A[38G[1G[J[36m?[39m [1mInput test name pattern (RegExp)[22m ÔÇ║ 
Please input filter pattern[1A[38G[1G[J[36m?[39m [1mInput test name pattern (RegExp)[22m ÔÇ║ 
Please input filter pattern[1A[38G[1G[J[36m?[39m [1mInput test name pattern (RegExp)[22m ÔÇ║ 
Please input filter pattern[1A[38G[1G[J[36m?[39m [1mInput test name pattern (RegExp)[22m ÔÇ║ 
Please input filter pattern[1A[38G[1G[J[36m?[39m [1mInput test name pattern (RegExp)[22m ÔÇ║ 
Please input filter pattern[1A[38G[1G[J[36m?[39m [1mInput test name pattern (RegExp)[22m ÔÇ║ 
Please input filter pattern[1A[38G[1G[J[36m?[39m [1mInput test name pattern (RegExp)[22m ÔÇ║ 
Please input filter pattern[1A[38G[1G[J[36m?[39m [1mInput test name pattern (RegExp)[22m ÔÇ║ 
Please input filter pattern[1A[38G[1G[J[36m?[39m [1mInput test name pattern (RegExp)[22m ÔÇ║ 
Please input filter pattern[1A[38G[1G[J[36m?[39m [1mInput test name pattern (RegExp)[22m ÔÇ║ 
Please input filter pattern[1A[38G[1G[J[36m?[39m [1mInput test name pattern (RegExp)[22m ÔÇ║ 
Please input filter pattern[1A[38G[1G[J[36m?[39m [1mInput test name pattern (RegExp)[22m ÔÇ║ 
Please input filter pattern[1A[38G[1G[J[36m?[39m [1mInput test name pattern (RegExp)[22m ÔÇ║ 
Please input filter pattern[1A[38G[1G[J[36m?[39m [1mInput test name pattern (RegExp)[22m ÔÇ║ 
Please input filter pattern[1A[38G[1G[J[36m?[39m [1mInput test name pattern (RegExp)[22m ÔÇ║ 
Please input filter pattern[1A[38G[1G[J[36m?[39m [1mInput test name pattern (RegExp)[22m ÔÇ║ 
Please input filter pattern[1A[38G[1G[J[36m?[39m [1mInput test name pattern (RegExp)[22m ÔÇ║ 
Please input filter pattern[1A[38G[1G[J[36m?[39m [1mInput test name pattern (RegExp)[22m ÔÇ║ 
Please input filter pattern[1A[38G[1G[J[36m?[39m [1mInput test name pattern (RegExp)[22m ÔÇ║ 
Please input filter pattern[1A[38G[1G[J[36m?[39m [1mInput test name pattern (RegExp)[22m ÔÇ║ 
Please input filter pattern[1A[38G[1G[J[36m?[39m [1mInput test name pattern (RegExp)[22m ÔÇ║ 
Please input filter pattern[1A[38G[1G[J[36m?[39m [1mInput test name pattern (RegExp)[22m ÔÇ║ 
Please input filter pattern[1A[38G[1G[J[36m?[39m [1mInput test name pattern (RegExp)[22m ÔÇ║ 
Please input filter pattern[1A[38G[1G[J[36m?[39m [1mInput test name pattern (RegExp)[22m ÔÇ║ 
Please input filter pattern[1A[38G[1G[J[36m?[39m [1mInput test name pattern (RegExp)[22m ÔÇ║ 
Please input filter pattern[1A[38G[1G[J[36m?[39m [1mInput test name pattern (RegExp)[22m ÔÇ║ 
Please input filter pattern[1A[38G[1G[J[36m?[39m [1mInput test name pattern (RegExp)[22m ÔÇ║ 
Please input filter pattern[1A[38G[1G[J[36m?[39m [1mInput test name pattern (RegExp)[22m ÔÇ║ 
Please input filter pattern[1A[38G[1G[J[36m?[39m [1mInput test name pattern (RegExp)[22m ÔÇ║ 
Please input filter pattern[1A[38G[1G[J[36m?[39m [1mInput test name pattern (RegExp)[22m ÔÇ║ 
Please input filter pattern[1A[38G[1G[J[36m?[39m [1mInput test name pattern (RegExp)[22m ÔÇ║ 
Please input filter pattern[1A[38G[1G[J[36m?[39m [1mInput test name pattern (RegExp)[22m ÔÇ║ 
Please input filter pattern[1A[38G[1G[J[36m?[39m [1mInput test name pattern (RegExp)[22m ÔÇ║ 
Please input filter pattern[1A[38G[1G[J[36m?[39m [1mInput test name pattern (RegExp)[22m ÔÇ║ 
Please input filter pattern[1A[38G[1G[J[36m?[39m [1mInput test name pattern (RegExp)[22m ÔÇ║ 
Please input filter pattern[1A[38G[1G[J[36m?[39m [1mInput test name pattern (RegExp)[22m ÔÇ║ 
Please input filter pattern[1A[38G[1G[J[36m?[39m [1mInput test name pattern (RegExp)[22m ÔÇ║ 
Please input filter pattern[1A[38G[1G[J[36m?[39m [1mInput test name pattern (RegExp)[22m ÔÇ║ 
Please input filter pattern[1A[38G[1G[J[36m?[39m [1mInput test name pattern (RegExp)[22m ÔÇ║ 
Please input filter pattern[1A[38G[1G[J[36m?[39m [1mInput test name pattern (RegExp)[22m ÔÇ║ 
Please input filter pattern[1A[38G[1G[J[36m?[39m [1mInput test name pattern (RegExp)[22m ÔÇ║ 
Please input filter pattern[1A[38G[1G[J[36m?[39m [1mInput test name pattern (RegExp)[22m ÔÇ║ 
Please input filter pattern[1A[38G[1G[J[36m?[39m [1mInput test name pattern (RegExp)[22m ÔÇ║ 
Please input filter pattern[1A[38G[1G[J[36m?[39m [1mInput test name pattern (RegExp)[22m ÔÇ║ 
Please input filter pattern[1A[38G[1G[J[36m?[39m [1mInput test name pattern (RegExp)[22m ÔÇ║ 
Please input filter pattern[1A[38G[1G[J[36m?[39m [1mInput test name pattern (RegExp)[22m ÔÇ║ 
Please input filter pattern[1A[38G[1G[J[36m?[39m [1mInput test name pattern (RegExp)[22m ÔÇ║ 
Please input filter pattern[1A[38G[1G[J[36m?[39m [1mInput test name pattern (RegExp)[22m ÔÇ║ 
Please input filter pattern[1A[38G[1G[J[36m?[39m [1mInput test name pattern (RegExp)[22m ÔÇ║ 
Please input filter pattern[1A[38G[1G[J[36m?[39m [1mInput test name pattern (RegExp)[22m ÔÇ║ 
Please input filter pattern[1A[38G[1G[J[36m?[39m [1mInput test name pattern (RegExp)[22m ÔÇ║ 
Please input filter pattern[1A[38G[1G[J[36m?[39m [1mInput test name pattern (RegExp)[22m ÔÇ║ 
Please input filter pattern[1A[38G[1G[J[36m?[39m [1mInput test name pattern (RegExp)[22m ÔÇ║ 
Please input filter pattern[1A[38G[1G[J[36m?[39m [1mInput test name pattern (RegExp)[22m ÔÇ║ 
Please input filter pattern[1A[38G[1G[J[36m?[39m [1mInput test name pattern (RegExp)[22m ÔÇ║ 
Please input filter pattern[1A[38G[1G[J[36m?[39m [1mInput test name pattern (RegExp)[22m ÔÇ║ 
Please input filter pattern[1A[38G[1G[J[36m?[39m [1mInput test name pattern (RegExp)[22m ÔÇ║ 
Please input filter pattern[1A[38G[1G[J[36m?[39m [1mInput test name pattern (RegExp)[22m ÔÇ║ 
Please input filter pattern[1A[38G[1G[J[36m?[39m [1mInput test name pattern (RegExp)[22m ÔÇ║ 
Please input filter pattern[1A[38G[1G[J[36m?[39m [1mInput test name pattern (RegExp)[22m ÔÇ║ 
Please input filter pattern[1A[38G[1G[J[36m?[39m [1mInput test name pattern (RegExp)[22m ÔÇ║ 
Please input filter pattern[1A[38G[3Jc
[7m[1m[34m RERUN [39m[22m[27m[2m change pattern[22m
        [2mProject name: [22m[34mrite-Host "Test Output"[39m
        [2mTest name pattern: [22m[34m/-Content C:\Users\miked\Downloads\DroneGo\backend\package.json | Select-String "test"/[39m


[2m Test Files [22m [2mno tests[22m
[2m      Tests [22m [2mno tests[22m
[2m   Start at [22m 22:07:42
[2m   Duration [22m 0ms


[1m[7m[32m PASS [39m[27m[22m[32m Waiting for file changes...[39m
       [2mpress [22m[1mh[22m[2m to show help[22m[2m, [22m[2mpress [22m[1mq[22m[2m to quit[22m
[36m?[39m [1mInput filename pattern[22m ÔÇ║ [1G[J[36m?[39m [1mInput filename pattern[22m ÔÇ║ 
Please input filter pattern[1A[28G[1G[J[36m?[39m [1mInput filename pattern[22m ÔÇ║ 
Please input filter pattern[1A[28G[1G[J[36m?[39m [1mInput filename pattern[22m ÔÇ║ 
Please input filter pattern[1A[28G[1G[J[36m?[39m [1mInput filename pattern[22m ÔÇ║ 
Please input filter pattern[1A[28G[1G[J[36m?[39m [1mInput filename pattern[22m ÔÇ║ 
Please input filter pattern[1A[28G[1G[J[36m?[39m [1mInput filename pattern[22m ÔÇ║ 
Please input filter pattern[1A[28G[1G[J[36m?[39m [1mInput filename pattern[22m ÔÇ║ 
Please input filter pattern[1A[28G[1G[J[36m?[39m [1mInput filename pattern[22m ÔÇ║ 
Please input filter pattern[1A[28G[1G[J[36m?[39m [1mInput filename pattern[22m ÔÇ║ 
Please input filter pattern[1A[28G[1G[J[36m?[39m [1mInput filename pattern[22m ÔÇ║ 
Please input filter pattern[1A[28G[1G[J[36m?[39m [1mInput filename pattern[22m ÔÇ║ 
Please input filter pattern[1A[28G[1G[J[36m?[39m [1mInput filename pattern[22m ÔÇ║ 
Please input filter pattern[1A[28G[1G[J[36m?[39m [1mInput filename pattern[22m ÔÇ║ 
Please input filter pattern[1A[28G[1G[J[36m?[39m [1mInput filename pattern[22m ÔÇ║ 
Please input filter pattern[1A[28G[1G[J[36m?[39m [1mInput filename pattern[22m ÔÇ║ 
Please input filter pattern[1A[28G[1G[J[36m?[39m [1mInput filename pattern[22m ÔÇ║ 
Please input filter pattern[1A[28G[1G[J[36m?[39m [1mInput filename pattern[22m ÔÇ║ 
Please input filter pattern[1A[28G[1G[J[36m?[39m [1mInput filename pattern[22m ÔÇ║ 
Please input filter pattern[1A[28G[1G[J[36m?[39m [1mInput filename pattern[22m ÔÇ║ 
Please input filter pattern[1A[28G[1G[J[36m?[39m [1mInput filename pattern[22m ÔÇ║ 
Please input filter pattern[1A[28G[1G[J[36m?[39m [1mInput filename pattern[22m ÔÇ║ 
Please input filter pattern[1A[28G[1G[J[36m?[39m [1mInput filename pattern[22m ÔÇ║ 
Please input filter pattern[1A[28G[1G[J[36m?[39m [1mInput filename pattern[22m ÔÇ║ 
Please input filter pattern[1A[28G[1G[J[36m?[39m [1mInput filename pattern[22m ÔÇ║ 
Please input filter pattern[1A[28G[1G[J[36m?[39m [1mInput filename pattern[22m ÔÇ║ 
Please input filter pattern[1A[28G[1G[J[36m?[39m [1mInput filename pattern[22m ÔÇ║ 
Please input filter pattern[1A[28G[1G[J[36m?[39m [1mInput filename pattern[22m ÔÇ║ 
Please input filter pattern[1A[28G[1G[J[36m?[39m [1mInput filename pattern[22m ÔÇ║ 
Please input filter pattern[1A[28G[1G[J[36m?[39m [1mInput filename pattern[22m ÔÇ║ 
Please input filter pattern[1A[28G[1G[J[36m?[39m [1mInput filename pattern[22m ÔÇ║ 
Please input filter pattern[1A[28G[1G[J[36m?[39m [1mInput filename pattern[22m ÔÇ║ 
Please input filter pattern[1A[28G[1G[J[36m?[39m [1mInput filename pattern[22m ÔÇ║ 
Please input filter pattern[1A[28G[1G[J[36m?[39m [1mInput filename pattern[22m ÔÇ║ 
Please input filter pattern[1A[28G[1G[J[36m?[39m [1mInput filename pattern[22m ÔÇ║ 
Please input filter pattern[1A[28G[1G[J[36m?[39m [1mInput filename pattern[22m ÔÇ║ 
Please input filter pattern[1A[28G[1G[J[36m?[39m [1mInput filename pattern[22m ÔÇ║ 
Please input filter pattern[1A[28G[1G[J[36m?[39m [1mInput filename pattern[22m ÔÇ║ 
Please input filter pattern[1A[28G[1G[J[36m?[39m [1mInput filename pattern[22m ÔÇ║ 
Please input filter pattern[1A[28G[1G[J[36m?[39m [1mInput filename pattern[22m ÔÇ║ 
Please input filter pattern[1A[28G[1G[J[36m?[39m [1mInput filename pattern[22m ÔÇ║ 
Please input filter pattern[1A[28G[1G[J[36m?[39m [1mInput filename pattern[22m ÔÇ║ 
Please input filter pattern[1A[28G[1G[J[36m?[39m [1mInput filename pattern[22m ÔÇ║ 
Please input filter pattern[1A[28G[1G[J[36m?[39m [1mInput filename pattern[22m ÔÇ║ 
Please input filter pattern[1A[28G[1G[J[36m?[39m [1mInput filename pattern[22m ÔÇ║ 
Please input filter pattern[1A[28G[1G[J[36m?[39m [1mInput filename pattern[22m ÔÇ║ 
Please input filter pattern[1A[28G[1G[J[36m?[39m [1mInput filename pattern[22m ÔÇ║ 
Please input filter pattern[1A[28G[1G[J[36m?[39m [1mInput filename pattern[22m ÔÇ║ 
Please input filter pattern[1A[28G[1G[J[36m?[39m [1mInput filename pattern[22m ÔÇ║ 
Please input filter pattern[1A[28G[1G[J[36m?[39m [1mInput filename pattern[22m ÔÇ║ 
Please input filter pattern[1A[28G[1G[J[36m?[39m [1mInput filename pattern[22m ÔÇ║ 
Please input filter pattern[1A[28G[1G[J[36m?[39m [1mInput filename pattern[22m ÔÇ║ 
Please input filter pattern[1A[28G[1G[J[36m?[39m [1mInput filename pattern[22m ÔÇ║ 
Please input filter pattern[1A[28G[1G[J[36m?[39m [1mInput filename pattern[22m ÔÇ║ 
Please input filter pattern[1A[28G[1G[J[36m?[39m [1mInput filename pattern[22m ÔÇ║ 
Please input filter pattern[1A[28G[3Jc
[7m[1m[34m RERUN [39m[22m[27m[2m change filename pattern[22m
        [2mProject name: [22m[34mrite-Host "Test Output"[39m
        [2mFilename pattern: [22m[34mx vitest run --no-coverage | Select-Object -First 200[39m
        [2mTest name pattern: [22m[34m/-Content C:\Users\miked\Downloads\DroneGo\backend\package.json | Select-String "test"/[39m


[2m Test Files [22m [2mno tests[22m
[2m      Tests [22m [2mno tests[22m
[2m   Start at [22m 22:07:56
[2m   Duration [22m 0ms


[1m[7m[32m PASS [39m[27m[22m[32m Waiting for file changes...[39m
       [2mpress [22m[1mh[22m[2m to show help[22m[2m, [22m[2mpress [22m[1mq[22m[2m to quit[22m
[36m?[39m [1mInput test name pattern (RegExp)[22m ÔÇ║ [1G[J[36m?[39m [1mInput test name pattern (RegExp)[22m ÔÇ║ 
Please input filter pattern[1A[38G[1G[J[36m?[39m [1mInput test name pattern (RegExp)[22m ÔÇ║ 
Please input filter pattern[1A[38G[1G[J[36m?[39m [1mInput test name pattern (RegExp)[22m ÔÇ║ 
Please input filter pattern[1A[38G[1G[J[36m?[39m [1mInput test name pattern (RegExp)[22m ÔÇ║ 
Please input filter pattern[1A[38G[1G[J[36m?[39m [1mInput test name pattern (RegExp)[22m ÔÇ║ 
Please input filter pattern[1A[38G[1G[J[36m?[39m [1mInput test name pattern (RegExp)[22m ÔÇ║ 
Please input filter pattern[1A[38G[1G[J[36m?[39m [1mInput test name pattern (RegExp)[22m ÔÇ║ 
Please input filter pattern[1A[38G[1G[J[36m?[39m [1mInput test name pattern (RegExp)[22m ÔÇ║ 
Please input filter pattern[1A[38G[1G[J[36m?[39m [1mInput test name pattern (RegExp)[22m ÔÇ║ 
Please input filter pattern[1A[38G[1G[J[36m?[39m [1mInput test name pattern (RegExp)[22m ÔÇ║ 
Please input filter pattern[1A[38G[1G[J[36m?[39m [1mInput test name pattern (RegExp)[22m ÔÇ║ 
Please input filter pattern[1A[38G[1G[J[36m?[39m [1mInput test name pattern (RegExp)[22m ÔÇ║ 
Please input filter pattern[1A[38G[1G[J[36m?[39m [1mInput test name pattern (RegExp)[22m ÔÇ║ 
Please input filter pattern[1A[38G[1G[J[36m?[39m [1mInput test name pattern (RegExp)[22m ÔÇ║ 
Please input filter pattern[1A[38G[1G[J[36m?[39m [1mInput test name pattern (RegExp)[22m ÔÇ║ 
Please input filter pattern[1A[38G[1G[J[36m?[39m [1mInput test name pattern (RegExp)[22m ÔÇ║ 
Please input filter pattern[1A[38G[1G[J[36m?[39m [1mInput test name pattern (RegExp)[22m ÔÇ║ 
Please input filter pattern[1A[38G[1G[J[36m?[39m [1mInput test name pattern (RegExp)[22m ÔÇ║ 
Please input filter pattern[1A[38G[1G[J[36m?[39m [1mInput test name pattern (RegExp)[22m ÔÇ║ 
Please input filter pattern[1A[38G[1G[J[36m?[39m [1mInput test name pattern (RegExp)[22m ÔÇ║ 
Please input filter pattern[1A[38G[1G[J[36m?[39m [1mInput test name pattern (RegExp)[22m ÔÇ║ 
Please input filter pattern[1A[38G[1G[J[36m?[39m [1mInput test name pattern (RegExp)[22m ÔÇ║ 
Please input filter pattern[1A[38G[1G[J[36m?[39m [1mInput test name pattern (RegExp)[22m ÔÇ║ 
Please input filter pattern[1A[38G[1G[J[36m?[39m [1mInput test name pattern (RegExp)[22m ÔÇ║ 
Please input filter pattern[1A[38G[1G[J[36m?[39m [1mInput test name pattern (RegExp)[22m ÔÇ║ 
Please input filter pattern[1A[38G[1G[J[36m?[39m [1mInput test name pattern (RegExp)[22m ÔÇ║ 
Please input filter pattern[1A[38G[1G[J[36m?[39m [1mInput test name pattern (RegExp)[22m ÔÇ║ 
Please input filter pattern[1A[38G[1G[J[36m?[39m [1mInput test name pattern (RegExp)[22m ÔÇ║ 
Please input filter pattern[1A[38G[1G[J[36m?[39m [1mInput test name pattern (RegExp)[22m ÔÇ║ 
Please input filter pattern[1A[38G[1G[J[36m?[39m [1mInput test name pattern (RegExp)[22m ÔÇ║ 
Please input filter pattern[1A[38G[1G[J[36m?[39m [1mInput test name pattern (RegExp)[22m ÔÇ║ 
Please input filter pattern[1A[38G[1G[J[36m?[39m [1mInput test name pattern (RegExp)[22m ÔÇ║ 
Please input filter pattern[1A[38G[1G[J[36m?[39m [1mInput test name pattern (RegExp)[22m ÔÇ║ 
Please input filter pattern[1A[38G[1G[J[36m?[39m [1mInput test name pattern (RegExp)[22m ÔÇ║ 
Please input filter pattern[1A[38G[1G[J[36m?[39m [1mInput test name pattern (RegExp)[22m ÔÇ║ 
Please input filter pattern[1A[38G[1G[J[36m?[39m [1mInput test name pattern (RegExp)[22m ÔÇ║ 
Please input filter pattern[1A[38G[1G[J[36m?[39m [1mInput test name pattern (RegExp)[22m ÔÇ║ 
Please input filter pattern[1A[38G[1G[J[36m?[39m [1mInput test name pattern (RegExp)[22m ÔÇ║ 
Please input filter pattern[1A[38G[1G[J[36m?[39m [1mInput test name pattern (RegExp)[22m ÔÇ║ 
Please input filter pattern[1A[38G[1G[J[36m?[39m [1mInput test name pattern (RegExp)[22m ÔÇ║ 
Please input filter pattern[1A[38G[1G[J[36m?[39m [1mInput test name pattern (RegExp)[22m ÔÇ║ 
Please input filter pattern[1A[38G[1G[J[36m?[39m [1mInput test name pattern (RegExp)[22m ÔÇ║ 
Please input filter pattern[1A[38G[1G[J[36m?[39m [1mInput test name pattern (RegExp)[22m ÔÇ║ 
Please input filter pattern[1A[38G[1G[J[36m?[39m [1mInput test name pattern (RegExp)[22m ÔÇ║ 
Please input filter pattern[1A[38G[1G[J[36m?[39m [1mInput test name pattern (RegExp)[22m ÔÇ║ 
Please input filter pattern[1A[38G[1G[J[36m?[39m [1mInput test name pattern (RegExp)[22m ÔÇ║ 
Please input filter pattern[1A[38G[1G[J[36m?[39m [1mInput test name pattern (RegExp)[22m ÔÇ║ 
Please input filter pattern[1A[38G[1G[J[36m?[39m [1mInput test name pattern (RegExp)[22m ÔÇ║ 
Please input filter pattern[1A[38G[1G[J[36m?[39m [1mInput test name pattern (RegExp)[22m ÔÇ║ 
Please input filter pattern[1A[38G[1G[J[36m?[39m [1mInput test name pattern (RegExp)[22m ÔÇ║ 
Please input filter pattern[1A[38G[1G[J[36m?[39m [1mInput test name pattern (RegExp)[22m ÔÇ║ 
Please input filter pattern[1A[38G[1G[J[36m?[39m [1mInput test name pattern (RegExp)[22m ÔÇ║ 
Please input filter pattern[1A[38G[1G[J[36m?[39m [1mInput test name pattern (RegExp)[22m ÔÇ║ 
Please input filter pattern[1A[38G[1G[J[36m?[39m [1mInput test name pattern (RegExp)[22m ÔÇ║ 
Please input filter pattern[1A[38G[1G[J[36m?[39m [1mInput test name pattern (RegExp)[22m ÔÇ║ 
Please input filter pattern[1A[38G[1G[J[36m?[39m [1mInput test name pattern (RegExp)[22m ÔÇ║ 
Please input filter pattern[1A[38G[1G[J[36m?[39m [1mInput test name pattern (RegExp)[22m ÔÇ║ 
Please input filter pattern[1A[38G[1G[J[36m?[39m [1mInput test name pattern (RegExp)[22m ÔÇ║ 
Please input filter pattern[1A[38G[1G[J[36m?[39m [1mInput test name pattern (RegExp)[22m ÔÇ║ 
Please input filter pattern[1A[38G[1G[J[36m?[39m [1mInput test name pattern (RegExp)[22m ÔÇ║ 
Please input filter pattern[1A[38G[1G[J[36m?[39m [1mInput test name pattern (RegExp)[22m ÔÇ║ 
Please input filter pattern[1A[38G[1G[J[36m?[39m [1mInput test name pattern (RegExp)[22m ÔÇ║ 
Please input filter pattern[1A[38G[1G[J[36m?[39m [1mInput test name pattern (RegExp)[22m ÔÇ║ 
Please input filter pattern[1A[38G[1G[J[36m?[39m [1mInput test name pattern (RegExp)[22m ÔÇ║ 
Please input filter pattern[1A[38G[1G[J[36m?[39m [1mInput test name pattern (RegExp)[22m ÔÇ║ 
Please input filter pattern[1A[38G[1G[J[36m?[39m [1mInput test name pattern (RegExp)[22m ÔÇ║ 
Please input filter pattern[1A[38G[1G[J[36m?[39m [1mInput test name pattern (RegExp)[22m ÔÇ║ 
Please input filter pattern[1A[38G[1G[J[36m?[39m [1mInput test name pattern (RegExp)[22m ÔÇ║ 
Please input filter pattern[1A[38G[1G[J[36m?[39m [1mInput test name pattern (RegExp)[22m ÔÇ║ 
Please input filter pattern[1A[38G[1G[J[36m?[39m [1mInput test name pattern (RegExp)[22m ÔÇ║ 
Please input filter pattern[1A[38G[1G[J[36m?[39m [1mInput test name pattern (RegExp)[22m ÔÇ║ 
Please input filter pattern[1A[38G[1G[J[36m?[39m [1mInput test name pattern (RegExp)[22m ÔÇ║ 
Please input filter pattern[1A[38G[1G[J[36m?[39m [1mInput test name pattern (RegExp)[22m ÔÇ║ 
Please input filter pattern[1A[38G[1G[J[36m?[39m [1mInput test name pattern (RegExp)[22m ÔÇ║ 
Please input filter pattern[1A[38G[1G[J[36m?[39m [1mInput test name pattern (RegExp)[22m ÔÇ║ 
Please input filter pattern[1A[38G[1G[J[36m?[39m [1mInput test name pattern (RegExp)[22m ÔÇ║ 
Please input filter pattern[1A[38G[1G[J[36m?[39m [1mInput test name pattern (RegExp)[22m ÔÇ║ 
Please input filter pattern[1A[38G[1G[J[36m?[39m [1mInput test name pattern (RegExp)[22m ÔÇ║ 
Please input filter pattern[1A[38G[1G[J[36m?[39m [1mInput test name pattern (RegExp)[22m ÔÇ║ 
Please input filter pattern[1A[38G[1G[J[36m?[39m [1mInput test name pattern (RegExp)[22m ÔÇ║ 
Please input filter pattern[1A[38G[1G[J[36m?[39m [1mInput test name pattern (RegExp)[22m ÔÇ║ 
Please input filter pattern[1A[38G[1G[J[36m?[39m [1mInput test name pattern (RegExp)[22m ÔÇ║ 
Please input filter pattern[1A[38G[1G[J[36m?[39m [1mInput test name pattern (RegExp)[22m ÔÇ║ 
Please input filter pattern[1A[38G[1G[J[36m?[39m [1mInput test name pattern (RegExp)[22m ÔÇ║ 
Please input filter pattern[1A[38G[1G[J[36m?[39m [1mInput test name pattern (RegExp)[22m ÔÇ║ 
Please input filter pattern[1A[38G[1G[J[36m?[39m [1mInput test name pattern (RegExp)[22m ÔÇ║ 
Please input filter pattern[1A[38G[1G[J[36m?[39m [1mInput test name pattern (RegExp)[22m ÔÇ║ 
Please input filter pattern[1A[38G[1G[J[36m?[39m [1mInput test name pattern (RegExp)[22m ÔÇ║ 
Please input filter pattern[1A[38G[1G[J[36m?[39m [1mInput test name pattern (RegExp)[22m ÔÇ║ 
Please input filter pattern[1A[38G[1G[J[36m?[39m [1mInput test name pattern (RegExp)[22m ÔÇ║ 
Please input filter pattern[1A[38G[1G[J[36m?[39m [1mInput test name pattern (RegExp)[22m ÔÇ║ 
Please input filter pattern[1A[38G[1G[J[36m?[39m [1mInput test name pattern (RegExp)[22m ÔÇ║ 
Please input filter pattern[1A[38G[1G[J[36m?[39m [1mInput test name pattern (RegExp)[22m ÔÇ║ 
Please input filter pattern[1A[38G[1G[J[36m?[39m [1mInput test name pattern (RegExp)[22m ÔÇ║ 
Please input filter pattern[1A[38G[1G[J[36m?[39m [1mInput test name pattern (RegExp)[22m ÔÇ║ 
Please input filter pattern[1A[38G[1G[J[36m?[39m [1mInput test name pattern (RegExp)[22m ÔÇ║ 
Please input filter pattern[1A[38G[1G[J[36m?[39m [1mInput test name pattern (RegExp)[22m ÔÇ║ 
Please input filter pattern[1A[38G[1G[J[36m?[39m [1mInput test name pattern (RegExp)[22m ÔÇ║ 
Please input filter pattern[1A[38G[1G[J[36m?[39m [1mInput test name pattern (RegExp)[22m ÔÇ║ 
Please input filter pattern[1A[38G[1G[J[36m?[39m [1mInput test name pattern (RegExp)[22m ÔÇ║ 
Please input filter pattern[1A[38G[1G[J[36m?[39m [1mInput test name pattern (RegExp)[22m ÔÇ║ 
Please input filter pattern[1A[38G[1G[J[36m?[39m [1mInput test name pattern (RegExp)[22m ÔÇ║ 
Please input filter pattern[1A[38G[1G[J[36m?[39m [1mInput test name pattern (RegExp)[22m ÔÇ║ 
Please input filter pattern[1A[38G[1G[J[36m?[39m [1mInput test name pattern (RegExp)[22m ÔÇ║ 
Please input filter pattern[1A[38G[1G[J[36m?[39m [1mInput test name pattern (RegExp)[22m ÔÇ║ 
Please input filter pattern[1A[38G[1G[J[36m?[39m [1mInput test name pattern (RegExp)[22m ÔÇ║ 
Please input filter pattern[1A[38G[1G[J[36m?[39m [1mInput test name pattern (RegExp)[22m ÔÇ║ 
Please input filter pattern[1A[38G[1G[J[36m?[39m [1mInput test name pattern (RegExp)[22m ÔÇ║ 
Please input filter pattern[1A[38G[1G[J[36m?[39m [1mInput test name pattern (RegExp)[22m ÔÇ║ 
Please input filter pattern[1A[38G[1G[J[36m?[39m [1mInput test name pattern (RegExp)[22m ÔÇ║ 
Please input filter pattern[1A[38G[1G[J[36m?[39m [1mInput test name pattern (RegExp)[22m ÔÇ║ 
Please input filter pattern[1A[38G[1G[J[36m?[39m [1mInput test name pattern (RegExp)[22m ÔÇ║ 
Please input filter pattern[1A[38G[1G[J[36m?[39m [1mInput test name pattern (RegExp)[22m ÔÇ║ 
Please input filter pattern[1A[38G[1G[J[36m?[39m [1mInput test name pattern (RegExp)[22m ÔÇ║ 
Please input filter pattern[1A[38G[1G[J[36m?[39m [1mInput test name pattern (RegExp)[22m ÔÇ║ 
Please input filter pattern[1A[38G[1G[J[36m?[39m [1mInput test name pattern (RegExp)[22m ÔÇ║ 
Please input filter pattern[1A[38G[1G[J[36m?[39m [1mInput test name pattern (RegExp)[22m ÔÇ║ 
Please input filter pattern[1A[38G[1G[J[36m?[39m [1mInput test name pattern (RegExp)[22m ÔÇ║ 
Please input filter pattern[1A[38G[1G[J[36m?[39m [1mInput test name pattern (RegExp)[22m ÔÇ║ 
Please input filter pattern[1A[38G[1G[J[36m?[39m [1mInput test name pattern (RegExp)[22m ÔÇ║ 
Please input filter pattern[1A[38G[1G[J[36m?[39m [1mInput test name pattern (RegExp)[22m ÔÇ║ 
Please input filter pattern[1A[38G[1G[J[36m?[39m [1mInput test name pattern (RegExp)[22m ÔÇ║ 
Please input filter pattern[1A[38G[1G[J[36m?[39m [1mInput test name pattern (RegExp)[22m ÔÇ║ 
Please input filter pattern[1A[38G[1G[J[36m?[39m [1mInput test name pattern (RegExp)[22m ÔÇ║ 
Please input filter pattern[1A[38G[1G[J[36m?[39m [1mInput test name pattern (RegExp)[22m ÔÇ║ 
Please input filter pattern[1A[38G[1G[J[36m?[39m [1mInput test name pattern (RegExp)[22m ÔÇ║ 
Please input filter pattern[1A[38G[1G[J[36m?[39m [1mInput test name pattern (RegExp)[22m ÔÇ║ 
Please input filter pattern[1A[38G[1G[J[36m?[39m [1mInput test name pattern (RegExp)[22m ÔÇ║ 
Please input filter pattern[1A[38G[1G[J[36m?[39m [1mInput test name pattern (RegExp)[22m ÔÇ║ 
Please input filter pattern[1A[38G[1G[J[36m?[39m [1mInput test name pattern (RegExp)[22m ÔÇ║ 
Please input filter pattern[1A[38G[1G[J[36m?[39m [1mInput test name pattern (RegExp)[22m ÔÇ║ 
Please input filter pattern[1A[38G[1G[J[36m?[39m [1mInput test name pattern (RegExp)[22m ÔÇ║ 
Please input filter pattern[1A[38G[1G[J[36m?[39m [1mInput test name pattern (RegExp)[22m ÔÇ║ 
Please input filter pattern[1A[38G[1G[J[36m?[39m [1mInput test name pattern (RegExp)[22m ÔÇ║ 
Please input filter pattern[1A[38G[1G[J[36m?[39m [1mInput test name pattern (RegExp)[22m ÔÇ║ 
Please input filter pattern[1A[38G[1G[J[36m?[39m [1mInput test name pattern (RegExp)[22m ÔÇ║ 
Please input filter pattern[1A[38G[1G[J[36m?[39m [1mInput test name pattern (RegExp)[22m ÔÇ║ 
Please input filter pattern[1A[38G[1G[J[36m?[39m [1mInput test name pattern (RegExp)[22m ÔÇ║ 
Please input filter pattern[1A[38G[1G[J[36m?[39m [1mInput test name pattern (RegExp)[22m ÔÇ║ 
Please input filter pattern[1A[38G[1G[J[36m?[39m [1mInput test name pattern (RegExp)[22m ÔÇ║ 
Please input filter pattern[1A[38G[1G[J[36m?[39m [1mInput test name pattern (RegExp)[22m ÔÇ║ 
Please input filter pattern[1A[38G[1G[J[36m?[39m [1mInput test name pattern (RegExp)[22m ÔÇ║ 
Please input filter pattern[1A[38G[1G[J[36m?[39m [1mInput test name pattern (RegExp)[22m ÔÇ║ 
Please input filter pattern[1A[38G[1G[J[36m?[39m [1mInput test name pattern (RegExp)[22m ÔÇ║ 
Please input filter pattern[1A[38G[1G[J[36m?[39m [1mInput test name pattern (RegExp)[22m ÔÇ║ 
Please input filter pattern[1A[38G[1G[J[36m?[39m [1mInput test name pattern (RegExp)[22m ÔÇ║ 
Please input filter pattern[1A[38G[1G[J[36m?[39m [1mInput test name pattern (RegExp)[22m ÔÇ║ 
Please input filter pattern[1A[38G[1G[J[36m?[39m [1mInput test name pattern (RegExp)[22m ÔÇ║ 
Please input filter pattern[1A[38G[1G[J[36m?[39m [1mInput test name pattern (RegExp)[22m ÔÇ║ 
Please input filter pattern[1A[38G[1G[J[36m?[39m [1mInput test name pattern (RegExp)[22m ÔÇ║ 
Please input filter pattern[1A[38G[1G[J[36m?[39m [1mInput test name pattern (RegExp)[22m ÔÇ║ 
Please input filter pattern[1A[38G[1G[J[36m?[39m [1mInput test name pattern (RegExp)[22m ÔÇ║ 
Please input filter pattern[1A[38G[1G[J[36m?[39m [1mInput test name pattern (RegExp)[22m ÔÇ║ 
Please input filter pattern[1A[38G[1G[J[36m?[39m [1mInput test name pattern (RegExp)[22m ÔÇ║ 
Please input filter pattern[1A[38G[1G[J[36m?[39m [1mInput test name pattern (RegExp)[22m ÔÇ║ 
Please input filter pattern[1A[38G[1G[J[36m?[39m [1mInput test name pattern (RegExp)[22m ÔÇ║ 
Please input filter pattern[1A[38G[1G[J[36m?[39m [1mInput test name pattern (RegExp)[22m ÔÇ║ 
Please input filter pattern[1A[38G[1G[J[36m?[39m [1mInput test name pattern (RegExp)[22m ÔÇ║ 
Please input filter pattern[1A[38G[1G[J[36m?[39m [1mInput test name pattern (RegExp)[22m ÔÇ║ 
Please input filter pattern[1A[38G[1G[J[36m?[39m [1mInput test name pattern (RegExp)[22m ÔÇ║ 
Please input filter pattern[1A[38G[1G[J[36m?[39m [1mInput test name pattern (RegExp)[22m ÔÇ║ 
Please input filter pattern[1A[38G[1G[J[36m?[39m [1mInput test name pattern (RegExp)[22m ÔÇ║ 
Please input filter pattern[1A[38G[1G[J[36m?[39m [1mInput test name pattern (RegExp)[22m ÔÇ║ 
Please input filter pattern[1A[38G[1G[J[36m?[39m [1mInput test name pattern (RegExp)[22m ÔÇ║ 
Please input filter pattern[1A[38G[1G[J[36m?[39m [1mInput test name pattern (RegExp)[22m ÔÇ║ 
Please input filter pattern[1A[38G[1G[J[36m?[39m [1mInput test name pattern (RegExp)[22m ÔÇ║ 
Please input filter pattern[1A[38G[1G[J[36m?[39m [1mInput test name pattern (RegExp)[22m ÔÇ║ 
Please input filter pattern[1A[38G[1G[J[36m?[39m [1mInput test name pattern (RegExp)[22m ÔÇ║ 
Please input filter pattern[1A[38G[1G[J[36m?[39m [1mInput test name pattern (RegExp)[22m ÔÇ║ 
Please input filter pattern[1A[38G[1G[J[36m?[39m [1mInput test name pattern (RegExp)[22m ÔÇ║ 
Please input filter pattern[1A[38G[1G[J[36m?[39m [1mInput test name pattern (RegExp)[22m ÔÇ║ 
Please input filter pattern[1A[38G[1G[J[36m?[39m [1mInput test name pattern (RegExp)[22m ÔÇ║ 
Please input filter pattern[1A[38G[1G[J[36m?[39m [1mInput test name pattern (RegExp)[22m ÔÇ║ 
Please input filter pattern[1A[38G[1G[J[36m?[39m [1mInput test name pattern (RegExp)[22m ÔÇ║ 
Please input filter pattern[1A[38G[1G[J[36m?[39m [1mInput test name pattern (RegExp)[22m ÔÇ║ 
Please input filter pattern[1A[38G[1G[J[36m?[39m [1mInput test name pattern (RegExp)[22m ÔÇ║ 
Please input filter pattern[1A[38G[1G[J[36m?[39m [1mInput test name pattern (RegExp)[22m ÔÇ║ 
Please input filter pattern[1A[38G[1G[J[36m?[39m [1mInput test name pattern (RegExp)[22m ÔÇ║ 
Please input filter pattern[1A[38G[1G[J[36m?[39m [1mInput test name pattern (RegExp)[22m ÔÇ║ 
Please input filter pattern[1A[38G[1G[J[36m?[39m [1mInput test name pattern (RegExp)[22m ÔÇ║ 
Please input filter pattern[1A[38G[1G[J[36m?[39m [1mInput test name pattern (RegExp)[22m ÔÇ║ 
Please input filter pattern[1A[38G[1G[J[36m?[39m [1mInput test name pattern (RegExp)[22m ÔÇ║ 
Please input filter pattern[1A[38G[1G[J[36m?[39m [1mInput test name pattern (RegExp)[22m ÔÇ║ 
Please input filter pattern[1A[38G[1G[J[36m?[39m [1mInput test name pattern (RegExp)[22m ÔÇ║ 
Please input filter pattern[1A[38G[1G[J[36m?[39m [1mInput test name pattern (RegExp)[22m ÔÇ║ 
Please input filter pattern[1A[38G[1G[J[36m?[39m [1mInput test name pattern (RegExp)[22m ÔÇ║ 
Please input filter pattern[1A[38G[1G[J[36m?[39m [1mInput test name pattern (RegExp)[22m ÔÇ║ 
Please input filter pattern[1A[38G[1G[J[36m?[39m [1mInput test name pattern (RegExp)[22m ÔÇ║ 
Please input filter pattern[1A[38G[1G[J[36m?[39m [1mInput test name pattern (RegExp)[22m ÔÇ║ 
Please input filter pattern[1A[38G[3Jc
[7m[1m[34m RERUN [39m[22m[27m[2m change pattern[22m
        [2mProject name: [22m[34mrite-Host "Test Output"[39m
        [2mFilename pattern: [22m[34mx vitest run --no-coverage | Select-Object -First 200[39m
        [2mTest name pattern: [22m[34m/-Content 'C:\Users\miked\Downloads\DroneGo\backend\migrations\003_property_restrictions.sql' -Raw | docker exec -i dronego-postgres psql -U dronego -d dronego 2>&1 | Select-Object -Last 20/[39m


[2m Test Files [22m [2mno tests[22m
[2m      Tests [22m [2mno tests[22m
[2m   Start at [22m 22:09:51
[2m   Duration [22m 0ms


[1m[7m[32m PASS [39m[27m[22m[32m Waiting for file changes...[39m
       [2mpress [22m[1mh[22m[2m to show help[22m[2m, [22m[2mpress [22m[1mq[22m[2m to quit[22m
[36m?[39m [1mInput filename pattern[22m ÔÇ║ [1G[J[36m?[39m [1mInput filename pattern[22m ÔÇ║ 
Please input filter pattern[1A[28G[1G[J[36m?[39m [1mInput filename pattern[22m ÔÇ║ 
Please input filter pattern[1A[28G[1G[J[36m?[39m [1mInput filename pattern[22m ÔÇ║ 
Please input filter pattern[1A[28G[1G[J[36m?[39m [1mInput filename pattern[22m ÔÇ║ 
Please input filter pattern[1A[28G[1G[J[36m?[39m [1mInput filename pattern[22m ÔÇ║ 
Please input filter pattern[1A[28G[1G[J[36m?[39m [1mInput filename pattern[22m ÔÇ║ 
Please input filter pattern[1A[28G[1G[J[36m?[39m [1mInput filename pattern[22m ÔÇ║ 
Please input filter pattern[1A[28G[1G[J[36m?[39m [1mInput filename pattern[22m ÔÇ║ 
Please input filter pattern[1A[28G[1G[J[36m?[39m [1mInput filename pattern[22m ÔÇ║ 
Please input filter pattern[1A[28G[1G[J[36m?[39m [1mInput filename pattern[22m ÔÇ║ 
Please input filter pattern[1A[28G[1G[J[36m?[39m [1mInput filename pattern[22m ÔÇ║ 
Please input filter pattern[1A[28G[1G[J[36m?[39m [1mInput filename pattern[22m ÔÇ║ 
Please input filter pattern[1A[28G[1G[J[36m?[39m [1mInput filename pattern[22m ÔÇ║ 
Please input filter pattern[1A[28G[1G[J[36m?[39m [1mInput filename pattern[22m ÔÇ║ 
Please input filter pattern[1A[28G[1G[J[36m?[39m [1mInput filename pattern[22m ÔÇ║ 
Please input filter pattern[1A[28G[1G[J[36m?[39m [1mInput filename pattern[22m ÔÇ║ 
Please input filter pattern[1A[28G[1G[J[36m?[39m [1mInput filename pattern[22m ÔÇ║ 
Please input filter pattern[1A[28G[1G[J[36m?[39m [1mInput filename pattern[22m ÔÇ║ 
Please input filter pattern[1A[28G[1G[J[36m?[39m [1mInput filename pattern[22m ÔÇ║ 
Please input filter pattern[1A[28G[1G[J[36m?[39m [1mInput filename pattern[22m ÔÇ║ 
Please input filter pattern[1A[28G[1G[J[36m?[39m [1mInput filename pattern[22m ÔÇ║ 
Please input filter pattern[1A[28G[1G[J[36m?[39m [1mInput filename pattern[22m ÔÇ║ 
Please input filter pattern[1A[28G[1G[J[36m?[39m [1mInput filename pattern[22m ÔÇ║ 
Please input filter pattern[1A[28G[1G[J[36m?[39m [1mInput filename pattern[22m ÔÇ║ 
Please input filter pattern[1A[28G[1G[J[36m?[39m [1mInput filename pattern[22m ÔÇ║ 
Please input filter pattern[1A[28G[1G[J[36m?[39m [1mInput filename pattern[22m ÔÇ║ 
Please input filter pattern[1A[28G[1G[J[36m?[39m [1mInput filename pattern[22m ÔÇ║ 
Please input filter pattern[1A[28G[1G[J[36m?[39m [1mInput filename pattern[22m ÔÇ║ 
Please input filter pattern[1A[28G[1G[J[36m?[39m [1mInput filename pattern[22m ÔÇ║ 
Please input filter pattern[1A[28G[1G[J[36m?[39m [1mInput filename pattern[22m ÔÇ║ 
Please input filter pattern[1A[28G[1G[J[36m?[39m [1mInput filename pattern[22m ÔÇ║ 
Please input filter pattern[1A[28G[1G[J[36m?[39m [1mInput filename pattern[22m ÔÇ║ 
Please input filter pattern[1A[28G[1G[J[36m?[39m [1mInput filename pattern[22m ÔÇ║ 
Please input filter pattern[1A[28G[1G[J[36m?[39m [1mInput filename pattern[22m ÔÇ║ 
Please input filter pattern[1A[28G[1G[J[36m?[39m [1mInput filename pattern[22m ÔÇ║ 
Please input filter pattern[1A[28G[1G[J[36m?[39m [1mInput filename pattern[22m ÔÇ║ 
Please input filter pattern[1A[28G[1G[J[36m?[39m [1mInput filename pattern[22m ÔÇ║ 
Please input filter pattern[1A[28G[1G[J[36m?[39m [1mInput filename pattern[22m ÔÇ║ 
Please input filter pattern[1A[28G[1G[J[36m?[39m [1mInput filename pattern[22m ÔÇ║ 
Please input filter pattern[1A[28G[1G[J[36m?[39m [1mInput filename pattern[22m ÔÇ║ 
Please input filter pattern[1A[28G[1G[J[36m?[39m [1mInput filename pattern[22m ÔÇ║ 
Please input filter pattern[1A[28G[1G[J[36m?[39m [1mInput filename pattern[22m ÔÇ║ 
Please input filter pattern[1A[28G[1G[J[36m?[39m [1mInput filename pattern[22m ÔÇ║ 
Please input filter pattern[1A[28G[1G[J[36m?[39m [1mInput filename pattern[22m ÔÇ║ 
Please input filter pattern[1A[28G[1G[J[36m?[39m [1mInput filename pattern[22m ÔÇ║ 
Please input filter pattern[1A[28G[1G[J[36m?[39m [1mInput filename pattern[22m ÔÇ║ 
Please input filter pattern[1A[28G[1G[J[36m?[39m [1mInput filename pattern[22m ÔÇ║ 
Please input filter pattern[1A[28G[1G[J[36m?[39m [1mInput filename pattern[22m ÔÇ║ 
Please input filter pattern[1A[28G[1G[J[36m?[39m [1mInput filename pattern[22m ÔÇ║ 
Please input filter pattern[1A[28G[1G[J[36m?[39m [1mInput filename pattern[22m ÔÇ║ 
Please input filter pattern[1A[28G[1G[J[36m?[39m [1mInput filename pattern[22m ÔÇ║ 
Please input filter pattern[1A[28G[1G[J[36m?[39m [1mInput filename pattern[22m ÔÇ║ 
Please input filter pattern[1A[28G[1G[J[36m?[39m [1mInput filename pattern[22m ÔÇ║ 
Please input filter pattern[1A[28G[1G[J[36m?[39m [1mInput filename pattern[22m ÔÇ║ 
Please input filter pattern[1A[28G[1G[J[36m?[39m [1mInput filename pattern[22m ÔÇ║ 
Please input filter pattern[1A[28G[1G[J[36m?[39m [1mInput filename pattern[22m ÔÇ║ 
Please input filter pattern[1A[28G[1G[J[36m?[39m [1mInput filename pattern[22m ÔÇ║ 
Please input filter pattern[1A[28G[1G[J[36m?[39m [1mInput filename pattern[22m ÔÇ║ 
Please input filter pattern[1A[28G[1G[J[36m?[39m [1mInput filename pattern[22m ÔÇ║ 
Please input filter pattern[1A[28G[1G[J[36m?[39m [1mInput filename pattern[22m ÔÇ║ 
Please input filter pattern[1A[28G[1G[J[36m?[39m [1mInput filename pattern[22m ÔÇ║ 
Please input filter pattern[1A[28G[1G[J[36m?[39m [1mInput filename pattern[22m ÔÇ║ 
Please input filter pattern[1A[28G[1G[J[36m?[39m [1mInput filename pattern[22m ÔÇ║ 
Please input filter pattern[1A[28G[1G[J[36m?[39m [1mInput filename pattern[22m ÔÇ║ 
Please input filter pattern[1A[28G[1G[J[36m?[39m [1mInput filename pattern[22m ÔÇ║ 
Please input filter pattern[1A[28G[3Jc
[7m[1m[34m RERUN [39m[22m[27m
        [2mProject name: [22m[34mrite-Host "Test Output"[39m
        [2mFilename pattern: [22m[34mostgres psql -U dronego -d dronego -c "\d property_restrictions"[39m
        [2mTest name pattern: [22m[34m/-Content 'C:\Users\miked\Downloads\DroneGo\backend\migrations\003_property_restrictions.sql' -Raw | docker exec -i dronego-postgres psql -U dronego -d dronego 2>&1 | Select-Object -Last 20/[39m

[3Jc
[7m[1m[34m RERUN [39m[22m[27m
        [2mProject name: [22m[34mrite-Host "Test Output"[39m
        [2mFilename pattern: [22m[34mostgres psql -U dronego -d dronego -c "\d property_restrictions"[39m
        [2mTest name pattern: [22m[34m/-Content 'C:\Users\miked\Downloads\DroneGo\backend\migrations\003_property_restrictions.sql' -Raw | docker exec -i dronego-postgres psql -U dronego -d dronego 2>&1 | Select-Object -Last 20/[39m

[3Jc
[7m[1m[34m RERUN [39m[22m[27m[2m change filename pattern[22m
        [2mProject name: [22m[34mrite-Host "Test Output"[39m
        [2mFilename pattern: [22m[34mostgres psql -U dronego -d dronego -c "\d property_restrictions"[39m
        [2mTest name pattern: [22m[34m/-Content 'C:\Users\miked\Downloads\DroneGo\backend\migrations\003_property_restrictions.sql' -Raw | docker exec -i dronego-postgres psql -U dronego -d dronego 2>&1 | Select-Object -Last 20/[39m


[2m Test Files [22m [2mno tests[22m
[2m      Tests [22m [2mno tests[22m
[2m   Start at [22m 22:10:16
[2m   Duration [22m 0ms


[1m[7m[32m PASS [39m[27m[22m[32m Waiting for file changes...[39m
       [2mpress [22m[1mh[22m[2m to show help[22m[2m, [22m[2mpress [22m[1mq[22m[2m to quit[22m

[2m Test Files [22m [2mno tests[22m
[2m      Tests [22m [2mno tests[22m
[2m   Start at [22m 22:10:16
[2m   Duration [22m 0ms


[1m[7m[32m PASS [39m[27m[22m[32m Waiting for file changes...[39m
       [2mpress [22m[1mh[22m[2m to show help[22m[2m, [22m[2mpress [22m[1mq[22m[2m to quit[22m

[2m Test Files [22m [2mno tests[22m
[2m      Tests [22m [2mno tests[22m
[2m   Start at [22m 22:10:16
[2m   Duration [22m 0ms


[1m[7m[32m PASS [39m[27m[22m[32m Waiting for file changes...[39m
       [2mpress [22m[1mh[22m[2m to show help[22m[2m, [22m[2mpress [22m[1mq[22m[2m to quit[22m
[2K[1G[36m?[39m [1mInput a single project name[22m [90m┬╗[39m [90mrite-Host "Test Output"[39m78[2K[1G[2K[1G[36m?[39m [1mInput a single project name[22m [90m┬╗[39m r78[2K[1G[2K[1G[36m?[39m [1mInput a single project name[22m [90m┬╗[39m ri78[2K[1G[2K[1G[36m?[39m [1mInput a single project name[22m [90m┬╗[39m rit78[2K[1G[2K[1G[36m?[39m [1mInput a single project name[22m [90m┬╗[39m rite78[2K[1G[2K[1G[36m?[39m [1mInput a single project name[22m [90m┬╗[39m rite-78[2K[1G[2K[1G[36m?[39m [1mInput a single project name[22m [90m┬╗[39m rite-H78[2K[1G[2K[1G[36m?[39m [1mInput a single project name[22m [90m┬╗[39m rite-Ho78[2K[1G[2K[1G[36m?[39m [1mInput a single project name[22m [90m┬╗[39m rite-Hos78[2K[1G[2K[1G[36m?[39m [1mInput a single project name[22m [90m┬╗[39m rite-Host78[2K[1G[2K[1G[36m?[39m [1mInput a single project name[22m [90m┬╗[39m rite-Host 78[2K[1G[2K[1G[36m?[39m [1mInput a single project name[22m [90m┬╗[39m rite-Host "78[2K[1G[2K[1G[36m?[39m [1mInput a single project name[22m [90m┬╗[39m rite-Host "C78[2K[1G[2K[1G[36m?[39m [1mInput a single project name[22m [90m┬╗[39m rite-Host "Ch78[2K[1G[2K[1G[36m?[39m [1mInput a single project name[22m [90m┬╗[39m rite-Host "Che78[2K[1G[2K[1G[36m?[39m [1mInput a single project name[22m [90m┬╗[39m rite-Host "Chec78[2K[1G[2K[1G[36m?[39m [1mInput a single project name[22m [90m┬╗[39m rite-Host "Check78[2K[1G[2K[1G[36m?[39m [1mInput a single project name[22m [90m┬╗[39m rite-Host "Checki78[2K[1G[2K[1G[36m?[39m [1mInput a single project name[22m [90m┬╗[39m rite-Host "Checkin78[2K[1G[2K[1G[36m?[39m [1mInput a single project name[22m [90m┬╗[39m rite-Host "Checking78[2K[1G[2K[1G[36m?[39m [1mInput a single project name[22m [90m┬╗[39m rite-Host "Checking 78[2K[1G[2K[1G[36m?[39m [1mInput a single project name[22m [90m┬╗[39m rite-Host "Checking t78[2K[1G[2K[1G[36m?[39m [1mInput a single project name[22m [90m┬╗[39m rite-Host "Checking ta78[2K[1G[2K[1G[36m?[39m [1mInput a single project name[22m [90m┬╗[39m rite-Host "Checking tab78[2K[1G[2K[1G[36m?[39m [1mInput a single project name[22m [90m┬╗[39m rite-Host "Checking tabl78[2K[1G[2K[1G[36m?[39m [1mInput a single project name[22m [90m┬╗[39m rite-Host "Checking table78[2K[1G[2K[1G[36m?[39m [1mInput a single project name[22m [90m┬╗[39m rite-Host "Checking table.78[2K[1G[2K[1G[36m?[39m [1mInput a single project name[22m [90m┬╗[39m rite-Host "Checking table..78[2K[1G[2K[1G[36m?[39m [1mInput a single project name[22m [90m┬╗[39m rite-Host "Checking table...78[2K[1G[2K[1G[36m?[39m [1mInput a single project name[22m [90m┬╗[39m rite-Host "Checking table..."78[2K[1G[2K[1G[36m?[39m [1mInput a single project name[22m [90m┬╗[39m rite-Host "Checking table...";78[2K[1G[2K[1G[36m?[39m [1mInput a single project name[22m [90m┬╗[39m rite-Host "Checking table..."; 78[2K[1G[2K[1G[36m?[39m [1mInput a single project name[22m [90m┬╗[39m rite-Host "Checking table..."; d78[2K[1G[2K[1G[36m?[39m [1mInput a single project name[22m [90m┬╗[39m rite-Host "Checking table..."; do78[2K[1G[2K[1G[36m?[39m [1mInput a single project name[22m [90m┬╗[39m rite-Host "Checking table..."; doc78[2K[1G[2K[1G[36m?[39m [1mInput a single project name[22m [90m┬╗[39m rite-Host "Checking table..."; dock78[2K[1G[2K[1G[36m?[39m [1mInput a single project name[22m [90m┬╗[39m rite-Host "Checking table..."; docke78[2K[1G[2K[1G[36m?[39m [1mInput a single project name[22m [90m┬╗[39m rite-Host "Checking table..."; docker78[2K[1G[2K[1G[36m?[39m [1mInput a single project name[22m [90m┬╗[39m rite-Host "Checking table..."; docker 78[2K[1G[2K[1G[36m?[39m [1mInput a single project name[22m [90m┬╗[39m rite-Host "Checking table..."; docker e78[2K[1G[2K[1G[36m?[39m [1mInput a single project name[22m [90m┬╗[39m rite-Host "Checking table..."; docker ex78[2K[1G[2K[1G[36m?[39m [1mInput a single project name[22m [90m┬╗[39m rite-Host "Checking table..."; docker exe78[2K[1G[2K[1G[36m?[39m [1mInput a single project name[22m [90m┬╗[39m rite-Host "Checking table..."; docker exec78[2K[1G[2K[1G[36m?[39m [1mInput a single project name[22m [90m┬╗[39m rite-Host "Checking table..."; docker exec 78[2K[1G[2K[1G[36m?[39m [1mInput a single project name[22m [90m┬╗[39m rite-Host "Checking table..."; docker exec d78[2K[1G[2K[1G[36m?[39m [1mInput a single project name[22m [90m┬╗[39m rite-Host "Checking table..."; docker exec dr78[2K[1G[2K[1G[36m?[39m [1mInput a single project name[22m [90m┬╗[39m rite-Host "Checking table..."; docker exec dro78[2K[1G[2K[1G[36m?[39m [1mInput a single project name[22m [90m┬╗[39m rite-Host "Checking table..."; docker exec dron78[2K[1G[2K[1G[36m?[39m [1mInput a single project name[22m [90m┬╗[39m rite-Host "Checking table..."; docker exec drone78[2K[1G[2K[1G[36m?[39m [1mInput a single project name[22m [90m┬╗[39m rite-Host "Checking table..."; docker exec droneg78[2K[1G[2K[1G[36m?[39m [1mInput a single project name[22m [90m┬╗[39m rite-Host "Checking table..."; docker exec dronego78[2K[1G[2K[1G[36m?[39m [1mInput a single project name[22m [90m┬╗[39m rite-Host "Checking table..."; docker exec dronego-78[2K[1G[2K[1G[36m?[39m [1mInput a single project name[22m [90m┬╗[39m rite-Host "Checking table..."; docker exec dronego-p78[2K[1G[2K[1G[36m?[39m [1mInput a single project name[22m [90m┬╗[39m rite-Host "Checking table..."; docker exec dronego-po78[2K[1G[2K[1G[36m?[39m [1mInput a single project name[22m [90m┬╗[39m rite-Host "Checking table..."; docker exec dronego-pos78[2K[1G[2K[1G[36m?[39m [1mInput a single project name[22m [90m┬╗[39m rite-Host "Checking table..."; docker exec dronego-post78[2K[1G[2K[1G[36m?[39m [1mInput a single project name[22m [90m┬╗[39m rite-Host "Checking table..."; docker exec dronego-postg78[2K[1G[2K[1G[36m?[39m [1mInput a single project name[22m [90m┬╗[39m rite-Host "Checking table..."; docker exec dronego-postgr78[2K[1G[2K[1G[36m?[39m [1mInput a single project name[22m [90m┬╗[39m rite-Host "Checking table..."; docker exec dronego-postgre78[2K[1G[2K[1G[36m?[39m [1mInput a single project name[22m [90m┬╗[39m rite-Host "Checking table..."; docker exec dronego-postgres78[2K[1G[2K[1G[36m?[39m [1mInput a single project name[22m [90m┬╗[39m rite-Host "Checking table..."; docker exec dronego-postgres 78[2K[1G[2K[1G[36m?[39m [1mInput a single project name[22m [90m┬╗[39m rite-Host "Checking table..."; docker exec dronego-postgres p78[2K[1G[2K[1G[36m?[39m [1mInput a single project name[22m [90m┬╗[39m rite-Host "Checking table..."; docker exec dronego-postgres ps78[2K[1G[2K[1G[36m?[39m [1mInput a single project name[22m [90m┬╗[39m rite-Host "Checking table..."; docker exec dronego-postgres psq78[2K[1G[2K[1G[36m?[39m [1mInput a single project name[22m [90m┬╗[39m rite-Host "Checking table..."; docker exec dronego-postgres psql78[2K[1G[2K[1G[36m?[39m [1mInput a single project name[22m [90m┬╗[39m rite-Host "Checking table..."; docker exec dronego-postgres psql 78[2K[1G[2K[1G[36m?[39m [1mInput a single project name[22m [90m┬╗[39m rite-Host "Checking table..."; docker exec dronego-postgres psql -78[2K[1G[2K[1G[36m?[39m [1mInput a single project name[22m [90m┬╗[39m rite-Host "Checking table..."; docker exec dronego-postgres psql -U78[2K[1G[2K[1G[36m?[39m [1mInput a single project name[22m [90m┬╗[39m rite-Host "Checking table..."; docker exec dronego-postgres psql -U 78[2K[1G[2K[1G[36m?[39m [1mInput a single project name[22m [90m┬╗[39m rite-Host "Checking table..."; docker exec dronego-postgres psql -U d78[2K[1G[2K[1G[36m?[39m [1mInput a single project name[22m [90m┬╗[39m rite-Host "Checking table..."; docker exec dronego-postgres psql -U dr78[2K[1G[2K[1G[36m?[39m [1mInput a single project name[22m [90m┬╗[39m rite-Host "Checking table..."; docker exec dronego-postgres psql -U dro78[2K[1G[2K[1G[36m?[39m [1mInput a single project name[22m [90m┬╗[39m rite-Host "Checking table..."; docker exec dronego-postgres psql -U dron78[2K[1G[2K[1G[36m?[39m [1mInput a single project name[22m [90m┬╗[39m rite-Host "Checking table..."; docker exec dronego-postgres psql -U drone78[2K[1G[2K[1G[36m?[39m [1mInput a single project name[22m [90m┬╗[39m rite-Host "Checking table..."; docker exec dronego-postgres psql -U droneg78[2K[1G[2K[1G[36m?[39m [1mInput a single project name[22m [90m┬╗[39m rite-Host "Checking table..."; docker exec dronego-postgres psql -U dronego78[2K[1G[2K[1G[36m?[39m [1mInput a single project name[22m [90m┬╗[39m rite-Host "Checking table..."; docker exec dronego-postgres psql -U dronego 78[2K[1G[2K[1G[36m?[39m [1mInput a single project name[22m [90m┬╗[39m rite-Host "Checking table..."; docker exec dronego-postgres psql -U dronego -78[2K[1G[2K[1G[36m?[39m [1mInput a single project name[22m [90m┬╗[39m rite-Host "Checking table..."; docker exec dronego-postgres psql -U dronego -d78[2K[1G[2K[1G[36m?[39m [1mInput a single project name[22m [90m┬╗[39m rite-Host "Checking table..."; docker exec dronego-postgres psql -U dronego -d 78[2K[1G[2K[1G[36m?[39m [1mInput a single project name[22m [90m┬╗[39m rite-Host "Checking table..."; docker exec dronego-postgres psql -U dronego -d d78[2K[1G[2K[1G[36m?[39m [1mInput a single project name[22m [90m┬╗[39m rite-Host "Checking table..."; docker exec dronego-postgres psql -U dronego -d dr78[2K[1G[2K[1G[36m?[39m [1mInput a single project name[22m [90m┬╗[39m rite-Host "Checking table..."; docker exec dronego-postgres psql -U dronego -d dro78[2K[1G[2K[1G[36m?[39m [1mInput a single project name[22m [90m┬╗[39m rite-Host "Checking table..."; docker exec dronego-postgres psql -U dronego -d dron78[2K[1G[2K[1G[36m?[39m [1mInput a single project name[22m [90m┬╗[39m rite-Host "Checking table..."; docker exec dronego-postgres psql -U dronego -d drone78[2K[1G[2K[1G[36m?[39m [1mInput a single project name[22m [90m┬╗[39m rite-Host "Checking table..."; docker exec dronego-postgres psql -U dronego -d droneg78[2K[1G[2K[1G[36m?[39m [1mInput a single project name[22m [90m┬╗[39m rite-Host "Checking table..."; docker exec dronego-postgres psql -U dronego -d dronego78[2K[1G[2K[1G[36m?[39m [1mInput a single project name[22m [90m┬╗[39m rite-Host "Checking table..."; docker exec dronego-postgres psql -U dronego -d dronego 78[2K[1G[2K[1G[36m?[39m [1mInput a single project name[22m [90m┬╗[39m rite-Host "Checking table..."; docker exec dronego-postgres psql -U dronego -d dronego -78[2K[1G[2K[1G[36m?[39m [1mInput a single project name[22m [90m┬╗[39m rite-Host "Checking table..."; docker exec dronego-postgres psql -U dronego -d dronego -c78[2K[1G[2K[1G[36m?[39m [1mInput a single project name[22m [90m┬╗[39m rite-Host "Checking table..."; docker exec dronego-postgres psql -U dronego -d dronego -c 78[2K[1G[2K[1G[36m?[39m [1mInput a single project name[22m [90m┬╗[39m rite-Host "Checking table..."; docker exec dronego-postgres psql -U dronego -d dronego -c "78[2K[1G[2K[1G[36m?[39m [1mInput a single project name[22m [90m┬╗[39m rite-Host "Checking table..."; docker exec dronego-postgres psql -U dronego -d dronego -c "S78[2K[1G[2K[1G[36m?[39m [1mInput a single project name[22m [90m┬╗[39m rite-Host "Checking table..."; docker exec dronego-postgres psql -U dronego -d dronego -c "SE78[2K[1G[2K[1G[36m?[39m [1mInput a single project name[22m [90m┬╗[39m rite-Host "Checking table..."; docker exec dronego-postgres psql -U dronego -d dronego -c "SEL78[2K[1G[2K[1G[36m?[39m [1mInput a single project name[22m [90m┬╗[39m rite-Host "Checking table..."; docker exec dronego-postgres psql -U dronego -d dronego -c "SELE78[2K[1G[2K[1G[36m?[39m [1mInput a single project name[22m [90m┬╗[39m rite-Host "Checking table..."; docker exec dronego-postgres psql -U dronego -d dronego -c "SELEC78[2K[1G[2K[1G[36m?[39m [1mInput a single project name[22m [90m┬╗[39m rite-Host "Checking table..."; docker exec dronego-postgres psql -U dronego -d dronego -c "SELECT78[2K[1G[2K[1G[36m?[39m [1mInput a single project name[22m [90m┬╗[39m rite-Host "Checking table..."; docker exec dronego-postgres psql -U dronego -d dronego -c "SELECT 78[2K[1G[2K[1G[36m?[39m [1mInput a single project name[22m [90m┬╗[39m rite-Host "Checking table..."; docker exec dronego-postgres psql -U dronego -d dronego -c "SELECT t78[2K[1G[2K[1G[36m?[39m [1mInput a single project name[22m [90m┬╗[39m rite-Host "Checking table..."; docker exec dronego-postgres psql -U dronego -d dronego -c "SELECT ta78[2K[1G[2K[1G[36m?[39m [1mInput a single project name[22m [90m┬╗[39m rite-Host "Checking table..."; docker exec dronego-postgres psql -U dronego -d dronego -c "SELECT tab78[2K[1G[2K[1G[36m?[39m [1mInput a single project name[22m [90m┬╗[39m rite-Host "Checking table..."; docker exec dronego-postgres psql -U dronego -d dronego -c "SELECT tabl78[2K[1G[2K[1G[36m?[39m [1mInput a single project name[22m [90m┬╗[39m rite-Host "Checking table..."; docker exec dronego-postgres psql -U dronego -d dronego -c "SELECT table78[2K[1G[2K[1G[36m?[39m [1mInput a single project name[22m [90m┬╗[39m rite-Host "Checking table..."; docker exec dronego-postgres psql -U dronego -d dronego -c "SELECT tablen78[2K[1G[2K[1G[36m?[39m [1mInput a single project name[22m [90m┬╗[39m rite-Host "Checking table..."; docker exec dronego-postgres psql -U dronego -d dronego -c "SELECT tablena78[2K[1G[2K[1G[36m?[39m [1mInput a single project name[22m [90m┬╗[39m rite-Host "Checking table..."; docker exec dronego-postgres psql -U dronego -d dronego -c "SELECT tablenam78[2K[1G[2K[1G[36m?[39m [1mInput a single project name[22m [90m┬╗[39m rite-Host "Checking table..."; docker exec dronego-postgres psql -U dronego -d dronego -c "SELECT tablename78[2K[1G[2K[1G[36m?[39m [1mInput a single project name[22m [90m┬╗[39m rite-Host "Checking table..."; docker exec dronego-postgres psql -U dronego -d dronego -c "SELECT tablename 78[2K[1G[2K[1G[36m?[39m [1mInput a single project name[22m [90m┬╗[39m rite-Host "Checking table..."; docker exec dronego-postgres psql -U dronego -d dronego -c "SELECT tablename F78[2K[1G[2K[1G[36m?[39m [1mInput a single project name[22m [90m┬╗[39m rite-Host "Checking table..."; docker exec dronego-postgres psql -U dronego -d dronego -c "SELECT tablename FR78[2K[1G[2K[1G[36m?[39m [1mInput a single project name[22m [90m┬╗[39m rite-Host "Checking table..."; docker exec dronego-postgres psql -U dronego -d dronego -c "SELECT tablename FRO78[2K[1G[2K[1G[36m?[39m [1mInput a single project name[22m [90m┬╗[39m rite-Host "Checking table..."; docker exec dronego-postgres psql -U dronego -d dronego -c "SELECT tablename FROM78[2K[1G[2K[1G[36m?[39m [1mInput a single project name[22m [90m┬╗[39m rite-Host "Checking table..."; docker exec dronego-postgres psql -U dronego -d dronego -c "SELECT tablename FROM 78[2K[1G[2K[1G[36m?[39m [1mInput a single project name[22m [90m┬╗[39m rite-Host "Checking table..."; docker exec dronego-postgres psql -U dronego -d dronego -c "SELECT tablename FROM p78[2K[1G[2K[1G[36m?[39m [1mInput a single project name[22m [90m┬╗[39m rite-Host "Checking table..."; docker exec dronego-postgres psql -U dronego -d dronego -c "SELECT tablename FROM pg78[2K[1G[2K[1G[36m?[39m [1mInput a single project name[22m [90m┬╗[39m rite-Host "Checking table..."; docker exec dronego-postgres psql -U dronego -d dronego -c "SELECT tablename FROM pg_78[2K[1G[2K[1G[36m?[39m [1mInput a single project name[22m [90m┬╗[39m rite-Host "Checking table..."; docker exec dronego-postgres psql -U dronego -d dronego -c "SELECT tablename FROM pg_t78[2K[1G[2K[1G[36m?[39m [1mInput a single project name[22m [90m┬╗[39m rite-Host "Checking table..."; docker exec dronego-postgres psql -U dronego -d dronego -c "SELECT tablename FROM pg_ta78[2K[1G[2K[1G[36m?[39m [1mInput a single project name[22m [90m┬╗[39m rite-Host "Checking table..."; docker exec dronego-postgres psql -U dronego -d dronego -c "SELECT tablename FROM pg_tab78[2K[1G[2K[1G[36m?[39m [1mInput a single project name[22m [90m┬╗[39m rite-Host "Checking table..."; docker exec dronego-postgres psql -U dronego -d dronego -c "SELECT tablename FROM pg_tabl78[2K[1G[2K[1G[36m?[39m [1mInput a single project name[22m [90m┬╗[39m rite-Host "Checking table..."; docker exec dronego-postgres psql -U dronego -d dronego -c "SELECT tablename FROM pg_table78[2K[1G[2K[1G[36m?[39m [1mInput a single project name[22m [90m┬╗[39m rite-Host "Checking table..."; docker exec dronego-postgres psql -U dronego -d dronego -c "SELECT tablename FROM pg_tables78[2K[1G[2K[1G[36m?[39m [1mInput a single project name[22m [90m┬╗[39m rite-Host "Checking table..."; docker exec dronego-postgres psql -U dronego -d dronego -c "SELECT tablename FROM pg_tables 78[2K[1G[2K[1G[36m?[39m [1mInput a single project name[22m [90m┬╗[39m rite-Host "Checking table..."; docker exec dronego-postgres psql -U dronego -d dronego -c "SELECT tablename FROM pg_tables W78[2K[1G[2K[1G[36m?[39m [1mInput a single project name[22m [90m┬╗[39m rite-Host "Checking table..."; docker exec dronego-postgres psql -U dronego -d dronego -c "SELECT tablename FROM pg_tables WH78[2K[1G[2K[1G[36m?[39m [1mInput a single project name[22m [90m┬╗[39m rite-Host "Checking table..."; docker exec dronego-postgres psql -U dronego -d dronego -c "SELECT tablename FROM pg_tables WHE78[2K[1G[2K[1G[36m?[39m [1mInput a single project name[22m [90m┬╗[39m rite-Host "Checking table..."; docker exec dronego-postgres psql -U dronego -d dronego -c "SELECT tablename FROM pg_tables WHER78[2K[1G[2K[1G[36m?[39m [1mInput a single project name[22m [90m┬╗[39m rite-Host "Checking table..."; docker exec dronego-postgres psql -U dronego -d dronego -c "SELECT tablename FROM pg_tables WHERE78[2K[1G[2K[1G[36m?[39m [1mInput a single project name[22m [90m┬╗[39m rite-Host "Checking table..."; docker exec dronego-postgres psql -U dronego -d dronego -c "SELECT tablename FROM pg_tables WHERE 78[2K[1G[2K[1G[36m?[39m [1mInput a single project name[22m [90m┬╗[39m rite-Host "Checking table..."; docker exec dronego-postgres psql -U dronego -d dronego -c "SELECT tablename FROM pg_tables WHERE t78[2K[1G[2K[1G[36m?[39m [1mInput a single project name[22m [90m┬╗[39m rite-Host "Checking table..."; docker exec dronego-postgres psql -U dronego -d dronego -c "SELECT tablename FROM pg_tables WHERE ta78[2K[1G[2K[1G[36m?[39m [1mInput a single project name[22m [90m┬╗[39m rite-Host "Checking table..."; docker exec dronego-postgres psql -U dronego -d dronego -c "SELECT tablename FROM pg_tables WHERE tab78[2K[1G[2K[1G[36m?[39m [1mInput a single project name[22m [90m┬╗[39m rite-Host "Checking table..."; docker exec dronego-postgres psql -U dronego -d dronego -c "SELECT tablename FROM pg_tables WHERE tabl78[2K[1G[2K[1G[36m?[39m [1mInput a single project name[22m [90m┬╗[39m rite-Host "Checking table..."; docker exec dronego-postgres psql -U dronego -d dronego -c "SELECT tablename FROM pg_tables WHERE table78[2K[1G[2K[1G[36m?[39m [1mInput a single project name[22m [90m┬╗[39m rite-Host "Checking table..."; docker exec dronego-postgres psql -U dronego -d dronego -c "SELECT tablename FROM pg_tables WHERE tablen78[2K[1G[2K[1G[36m?[39m [1mInput a single project name[22m [90m┬╗[39m rite-Host "Checking table..."; docker exec dronego-postgres psql -U dronego -d dronego -c "SELECT tablename FROM pg_tables WHERE tablena78[2K[1G[2K[1G[36m?[39m [1mInput a single project name[22m [90m┬╗[39m rite-Host "Checking table..."; docker exec dronego-postgres psql -U dronego -d dronego -c "SELECT tablename FROM pg_tables WHERE tablenam78[2K[1G[2K[1G[36m?[39m [1mInput a single project name[22m [90m┬╗[39m rite-Host "Checking table..."; docker exec dronego-postgres psql -U dronego -d dronego -c "SELECT tablename FROM pg_tables WHERE tablename78[2K[1G[2K[1G[36m?[39m [1mInput a single project name[22m [90m┬╗[39m rite-Host "Checking table..."; docker exec dronego-postgres psql -U dronego -d dronego -c "SELECT tablename FROM pg_tables WHERE tablename 78[2K[1G[2K[1G[36m?[39m [1mInput a single project name[22m [90m┬╗[39m rite-Host "Checking table..."; docker exec dronego-postgres psql -U dronego -d dronego -c "SELECT tablename FROM pg_tables WHERE tablename =78[2K[1G[2K[1G[36m?[39m [1mInput a single project name[22m [90m┬╗[39m rite-Host "Checking table..."; docker exec dronego-postgres psql -U dronego -d dronego -c "SELECT tablename FROM pg_tables WHERE tablename = 78[2K[1G[2K[1G[36m?[39m [1mInput a single project name[22m [90m┬╗[39m rite-Host "Checking table..."; docker exec dronego-postgres psql -U dronego -d dronego -c "SELECT tablename FROM pg_tables WHERE tablename = '78[2K[1G[2K[1G[36m?[39m [1mInput a single project name[22m [90m┬╗[39m rite-Host "Checking table..."; docker exec dronego-postgres psql -U dronego -d dronego -c "SELECT tablename FROM pg_tables WHERE tablename = 'p78[2K[1G[2K[1G[36m?[39m [1mInput a single project name[22m [90m┬╗[39m rite-Host "Checking table..."; docker exec dronego-postgres psql -U dronego -d dronego -c "SELECT tablename FROM pg_tables WHERE tablename = 'pr78[2K[1G[2K[1G[36m?[39m [1mInput a single project name[22m [90m┬╗[39m rite-Host "Checking table..."; docker exec dronego-postgres psql -U dronego -d dronego -c "SELECT tablename FROM pg_tables WHERE tablename = 'pro78[2K[1G[2K[1G[36m?[39m [1mInput a single project name[22m [90m┬╗[39m rite-Host "Checking table..."; docker exec dronego-postgres psql -U dronego -d dronego -c "SELECT tablename FROM pg_tables WHERE tablename = 'prop78[2K[1G[2K[1G[36m?[39m [1mInput a single project name[22m [90m┬╗[39m rite-Host "Checking table..."; docker exec dronego-postgres psql -U dronego -d dronego -c "SELECT tablename FROM pg_tables WHERE tablename = 'prope78[2K[1G[2K[1G[36m?[39m [1mInput a single project name[22m [90m┬╗[39m rite-Host "Checking table..."; docker exec dronego-postgres psql -U dronego -d dronego -c "SELECT tablename FROM pg_tables WHERE tablename = 'proper78[2K[1G[2K[1G[36m?[39m [1mInput a single project name[22m [90m┬╗[39m rite-Host "Checking table..."; docker exec dronego-postgres psql -U dronego -d dronego -c "SELECT tablename FROM pg_tables WHERE tablename = 'propert78[2K[1G[2K[1G[36m?[39m [1mInput a single project name[22m [90m┬╗[39m rite-Host "Checking table..."; docker exec dronego-postgres psql -U dronego -d dronego -c "SELECT tablename FROM pg_tables WHERE tablename = 'property78[2K[1G[2K[1G[36m?[39m [1mInput a single project name[22m [90m┬╗[39m rite-Host "Checking table..."; docker exec dronego-postgres psql -U dronego -d dronego -c "SELECT tablename FROM pg_tables WHERE tablename = 'property_78[2K[1G[2K[1G[36m?[39m [1mInput a single project name[22m [90m┬╗[39m rite-Host "Checking table..."; docker exec dronego-postgres psql -U dronego -d dronego -c "SELECT tablename FROM pg_tables WHERE tablename = 'property_r78[2K[1G[2K[1G[36m?[39m [1mInput a single project name[22m [90m┬╗[39m rite-Host "Checking table..."; docker exec dronego-postgres psql -U dronego -d dronego -c "SELECT tablename FROM pg_tables WHERE tablename = 'property_re78[2K[1G[2K[1G[36m?[39m [1mInput a single project name[22m [90m┬╗[39m rite-Host "Checking table..."; docker exec dronego-postgres psql -U dronego -d dronego -c "SELECT tablename FROM pg_tables WHERE tablename = 'property_res78[2K[1G[2K[1G[36m?[39m [1mInput a single project name[22m [90m┬╗[39m rite-Host "Checking table..."; docker exec dronego-postgres psql -U dronego -d dronego -c "SELECT tablename FROM pg_tables WHERE tablename = 'property_rest78[2K[1G[2K[1G[36m?[39m [1mInput a single project name[22m [90m┬╗[39m rite-Host "Checking table..."; docker exec dronego-postgres psql -U dronego -d dronego -c "SELECT tablename FROM pg_tables WHERE tablename = 'property_restr78[2K[1G[2K[1G[36m?[39m [1mInput a single project name[22m [90m┬╗[39m rite-Host "Checking table..."; docker exec dronego-postgres psql -U dronego -d dronego -c "SELECT tablename FROM pg_tables WHERE tablename = 'property_restri78[2K[1G[2K[1G[36m?[39m [1mInput a single project name[22m [90m┬╗[39m rite-Host "Checking table..."; docker exec dronego-postgres psql -U dronego -d dronego -c "SELECT tablename FROM pg_tables WHERE tablename = 'property_restric78[2K[1G[2K[1G[36m?[39m [1mInput a single project name[22m [90m┬╗[39m rite-Host "Checking table..."; docker exec dronego-postgres psql -U dronego -d dronego -c "SELECT tablename FROM pg_tables WHERE tablename = 'property_restrict78[2K[1G[2K[1G[36m?[39m [1mInput a single project name[22m [90m┬╗[39m rite-Host "Checking table..."; docker exec dronego-postgres psql -U dronego -d dronego -c "SELECT tablename FROM pg_tables WHERE tablename = 'property_restricti78[2K[1G[2K[1G[36m?[39m [1mInput a single project name[22m [90m┬╗[39m rite-Host "Checking table..."; docker exec dronego-postgres psql -U dronego -d dronego -c "SELECT tablename FROM pg_tables WHERE tablename = 'property_restrictio78[2K[1G[2K[1G[36m?[39m [1mInput a single project name[22m [90m┬╗[39m rite-Host "Checking table..."; docker exec dronego-postgres psql -U dronego -d dronego -c "SELECT tablename FROM pg_tables WHERE tablename = 'property_restriction78[2K[1G[2K[1G[36m?[39m [1mInput a single project name[22m [90m┬╗[39m rite-Host "Checking table..."; docker exec dronego-postgres psql -U dronego -d dronego -c "SELECT tablename FROM pg_tables WHERE tablename = 'property_restrictions78[2K[1G[2K[1G[36m?[39m [1mInput a single project name[22m [90m┬╗[39m rite-Host "Checking table..."; docker exec dronego-postgres psql -U dronego -d dronego -c "SELECT tablename FROM pg_tables WHERE tablename = 'property_restrictions'78[2K[1G[2K[1G[36m?[39m [1mInput a single project name[22m [90m┬╗[39m rite-Host "Checking table..."; docker exec dronego-postgres psql -U dronego -d dronego -c "SELECT tablename FROM pg_tables WHERE tablename = 'property_restrictions';78[2K[1G[2K[1G[36m?[39m [1mInput a single project name[22m [90m┬╗[39m rite-Host "Checking table..."; docker exec dronego-postgres psql -U dronego -d dronego -c "SELECT tablename FROM pg_tables WHERE tablename = 'property_restrictions';"78[2K[1G[2K[1G[36m?[39m [1mInput a single project name[22m [90m┬╗[39m rite-Host "Checking table..."; docker exec dronego-postgres psql -U dronego -d dronego -c "SELECT tablename FROM pg_tables WHERE tablename = 'property_restrictions';" 78[2K[1G[2K[1G[36m?[39m [1mInput a single project name[22m [90m┬╗[39m rite-Host "Checking table..."; docker exec dronego-postgres psql -U dronego -d dronego -c "SELECT tablename FROM pg_tables WHERE tablename = 'property_restrictions';" 278[2K[1G[2K[1G[36m?[39m [1mInput a single project name[22m [90m┬╗[39m rite-Host "Checking table..."; docker exec dronego-postgres psql -U dronego -d dronego -c "SELECT tablename FROM pg_tables WHERE tablename = 'property_restrictions';" 2>78[2K[1G[2K[1G[36m?[39m [1mInput a single project name[22m [90m┬╗[39m rite-Host "Checking table..."; docker exec dronego-postgres psql -U dronego -d dronego -c "SELECT tablename FROM pg_tables WHERE tablename = 'property_restrictions';" 2>&78[2K[1G[2K[1G[36m?[39m [1mInput a single project name[22m [90m┬╗[39m rite-Host "Checking table..."; docker exec dronego-postgres psql -U dronego -d dronego -c "SELECT tablename FROM pg_tables WHERE tablename = 'property_restrictions';" 2>&178[2K[1G[2K[1G[32mÔêÜ[39m [1mInput a single project name[22m [90m...[39m rite-Host "Checking table..."; docker exec dronego-postgres psql -U dronego -d dronego -c "SELECT tablename FROM pg_tables WHERE tablename = 'property_restrictions';" 2>&178
[?25h[3Jc
[7m[1m[34m RERUN [39m[22m[27m[2m change project filter[22m
        [2mProject name: [22m[34mrite-Host "Checking table..."; docker exec dronego-postgres psql -U dronego -d dronego -c "SELECT tablename FROM pg_tables WHERE tablename = 'property_restrictions';" 2>&1[39m
        [2mFilename pattern: [22m[34mostgres psql -U dronego -d dronego -c "\d property_restrictions"[39m
        [2mTest name pattern: [22m[34m/-Content 'C:\Users\miked\Downloads\DroneGo\backend\migrations\003_property_restrictions.sql' -Raw | docker exec -i dronego-postgres psql -U dronego -d dronego 2>&1 | Select-Object -Last 20/[39m


[2m Test Files [22m [2mno tests[22m
[2m      Tests [22m [2mno tests[22m
[2m   Start at [22m 22:10:23
[2m   Duration [22m 0ms


[1m[7m[32m PASS [39m[27m[22m[32m Waiting for file changes...[39m
       [2mpress [22m[1mh[22m[2m to show help[22m[2m, [22m[2mpress [22m[1mq[22m[2m to quit[22m
[36m?[39m [1mInput test name pattern (RegExp)[22m ÔÇ║ [1G[J[36m?[39m [1mInput test name pattern (RegExp)[22m ÔÇ║ 
Please input filter pattern[1A[38G[1G[J[36m?[39m [1mInput test name pattern (RegExp)[22m ÔÇ║ 
Please input filter pattern[1A[38G[1G[J[36m?[39m [1mInput test name pattern (RegExp)[22m ÔÇ║ 
Please input filter pattern[1A[38G[1G[J[36m?[39m [1mInput test name pattern (RegExp)[22m ÔÇ║ 
Please input filter pattern[1A[38G[1G[J[36m?[39m [1mInput test name pattern (RegExp)[22m ÔÇ║ 
Please input filter pattern[1A[38G[1G[J[36m?[39m [1mInput test name pattern (RegExp)[22m ÔÇ║ 
Please input filter pattern[1A[38G[1G[J[36m?[39m [1mInput test name pattern (RegExp)[22m ÔÇ║ 
Please input filter pattern[1A[38G[1G[J[36m?[39m [1mInput test name pattern (RegExp)[22m ÔÇ║ 
Please input filter pattern[1A[38G[1G[J[36m?[39m [1mInput test name pattern (RegExp)[22m ÔÇ║ 
Please input filter pattern[1A[38G[1G[J[36m?[39m [1mInput test name pattern (RegExp)[22m ÔÇ║ 
Please input filter pattern[1A[38G[1G[J[36m?[39m [1mInput test name pattern (RegExp)[22m ÔÇ║ 
Please input filter pattern[1A[38G[1G[J[36m?[39m [1mInput test name pattern (RegExp)[22m ÔÇ║ 
Please input filter pattern[1A[38G[1G[J[36m?[39m [1mInput test name pattern (RegExp)[22m ÔÇ║ 
Please input filter pattern[1A[38G[1G[J[36m?[39m [1mInput test name pattern (RegExp)[22m ÔÇ║ 
Please input filter pattern[1A[38G[1G[J[36m?[39m [1mInput test name pattern (RegExp)[22m ÔÇ║ 
Please input filter pattern[1A[38G[1G[J[36m?[39m [1mInput test name pattern (RegExp)[22m ÔÇ║ 
Please input filter pattern[1A[38G[1G[J[36m?[39m [1mInput test name pattern (RegExp)[22m ÔÇ║ 
Please input filter pattern[1A[38G[1G[J[36m?[39m [1mInput test name pattern (RegExp)[22m ÔÇ║ 
Please input filter pattern[1A[38G[1G[J[36m?[39m [1mInput test name pattern (RegExp)[22m ÔÇ║ 
Please input filter pattern[1A[38G[1G[J[36m?[39m [1mInput test name pattern (RegExp)[22m ÔÇ║ 
Please input filter pattern[1A[38G[1G[J[36m?[39m [1mInput test name pattern (RegExp)[22m ÔÇ║ 
Please input filter pattern[1A[38G[1G[J[36m?[39m [1mInput test name pattern (RegExp)[22m ÔÇ║ 
Please input filter pattern[1A[38G[1G[J[36m?[39m [1mInput test name pattern (RegExp)[22m ÔÇ║ 
Please input filter pattern[1A[38G[1G[J[36m?[39m [1mInput test name pattern (RegExp)[22m ÔÇ║ 
Please input filter pattern[1A[38G[1G[J[36m?[39m [1mInput test name pattern (RegExp)[22m ÔÇ║ 
Please input filter pattern[1A[38G[1G[J[36m?[39m [1mInput test name pattern (RegExp)[22m ÔÇ║ 
Please input filter pattern[1A[38G[1G[J[36m?[39m [1mInput test name pattern (RegExp)[22m ÔÇ║ 
Please input filter pattern[1A[38G[1G[J[36m?[39m [1mInput test name pattern (RegExp)[22m ÔÇ║ 
Please input filter pattern[1A[38G[1G[J[36m?[39m [1mInput test name pattern (RegExp)[22m ÔÇ║ 
Please input filter pattern[1A[38G[1G[J[36m?[39m [1mInput test name pattern (RegExp)[22m ÔÇ║ 
Please input filter pattern[1A[38G[1G[J[36m?[39m [1mInput test name pattern (RegExp)[22m ÔÇ║ 
Please input filter pattern[1A[38G[1G[J[36m?[39m [1mInput test name pattern (RegExp)[22m ÔÇ║ 
Please input filter pattern[1A[38G[1G[J[36m?[39m [1mInput test name pattern (RegExp)[22m ÔÇ║ 
Please input filter pattern[1A[38G[1G[J[36m?[39m [1mInput test name pattern (RegExp)[22m ÔÇ║ 
Please input filter pattern[1A[38G[1G[J[36m?[39m [1mInput test name pattern (RegExp)[22m ÔÇ║ 
Please input filter pattern[1A[38G[1G[J[36m?[39m [1mInput test name pattern (RegExp)[22m ÔÇ║ 
Please input filter pattern[1A[38G[1G[J[36m?[39m [1mInput test name pattern (RegExp)[22m ÔÇ║ 
Please input filter pattern[1A[38G[1G[J[36m?[39m [1mInput test name pattern (RegExp)[22m ÔÇ║ 
Please input filter pattern[1A[38G[1G[J[36m?[39m [1mInput test name pattern (RegExp)[22m ÔÇ║ 
Please input filter pattern[1A[38G[1G[J[36m?[39m [1mInput test name pattern (RegExp)[22m ÔÇ║ 
Please input filter pattern[1A[38G[1G[J[36m?[39m [1mInput test name pattern (RegExp)[22m ÔÇ║ 
Please input filter pattern[1A[38G[1G[J[36m?[39m [1mInput test name pattern (RegExp)[22m ÔÇ║ 
Please input filter pattern[1A[38G[1G[J[36m?[39m [1mInput test name pattern (RegExp)[22m ÔÇ║ 
Please input filter pattern[1A[38G[1G[J[36m?[39m [1mInput test name pattern (RegExp)[22m ÔÇ║ 
Please input filter pattern[1A[38G[1G[J[36m?[39m [1mInput test name pattern (RegExp)[22m ÔÇ║ 
Please input filter pattern[1A[38G[1G[J[36m?[39m [1mInput test name pattern (RegExp)[22m ÔÇ║ 
Please input filter pattern[1A[38G[1G[J[36m?[39m [1mInput test name pattern (RegExp)[22m ÔÇ║ 
Please input filter pattern[1A[38G[1G[J[36m?[39m [1mInput test name pattern (RegExp)[22m ÔÇ║ 
Please input filter pattern[1A[38G[1G[J[36m?[39m [1mInput test name pattern (RegExp)[22m ÔÇ║ 
Please input filter pattern[1A[38G[1G[J[36m?[39m [1mInput test name pattern (RegExp)[22m ÔÇ║ 
Please input filter pattern[1A[38G[1G[J[36m?[39m [1mInput test name pattern (RegExp)[22m ÔÇ║ 
Please input filter pattern[1A[38G[1G[J[36m?[39m [1mInput test name pattern (RegExp)[22m ÔÇ║ 
Please input filter pattern[1A[38G[1G[J[36m?[39m [1mInput test name pattern (RegExp)[22m ÔÇ║ 
Please input filter pattern[1A[38G[1G[J[36m?[39m [1mInput test name pattern (RegExp)[22m ÔÇ║ 
Please input filter pattern[1A[38G[1G[J[36m?[39m [1mInput test name pattern (RegExp)[22m ÔÇ║ 
Please input filter pattern[1A[38G[1G[J[36m?[39m [1mInput test name pattern (RegExp)[22m ÔÇ║ 
Please input filter pattern[1A[38G[1G[J[36m?[39m [1mInput test name pattern (RegExp)[22m ÔÇ║ 
Please input filter pattern[1A[38G[1G[J[36m?[39m [1mInput test name pattern (RegExp)[22m ÔÇ║ 
Please input filter pattern[1A[38G[1G[J[36m?[39m [1mInput test name pattern (RegExp)[22m ÔÇ║ 
Please input filter pattern[1A[38G[1G[J[36m?[39m [1mInput test name pattern (RegExp)[22m ÔÇ║ 
Please input filter pattern[1A[38G[1G[J[36m?[39m [1mInput test name pattern (RegExp)[22m ÔÇ║ 
Please input filter pattern[1A[38G[1G[J[36m?[39m [1mInput test name pattern (RegExp)[22m ÔÇ║ 
Please input filter pattern[1A[38G[1G[J[36m?[39m [1mInput test name pattern (RegExp)[22m ÔÇ║ 
Please input filter pattern[1A[38G[1G[J[36m?[39m [1mInput test name pattern (RegExp)[22m ÔÇ║ 
Please input filter pattern[1A[38G[1G[J[36m?[39m [1mInput test name pattern (RegExp)[22m ÔÇ║ 
Please input filter pattern[1A[38G[1G[J[36m?[39m [1mInput test name pattern (RegExp)[22m ÔÇ║ 
Please input filter pattern[1A[38G[1G[J[36m?[39m [1mInput test name pattern (RegExp)[22m ÔÇ║ 
Please input filter pattern[1A[38G[1G[J[36m?[39m [1mInput test name pattern (RegExp)[22m ÔÇ║ 
Please input filter pattern[1A[38G[1G[J[36m?[39m [1mInput test name pattern (RegExp)[22m ÔÇ║ 
Please input filter pattern[1A[38G[1G[J[36m?[39m [1mInput test name pattern (RegExp)[22m ÔÇ║ 
Please input filter pattern[1A[38G[1G[J[36m?[39m [1mInput test name pattern (RegExp)[22m ÔÇ║ 
Please input filter pattern[1A[38G[1G[J[36m?[39m [1mInput test name pattern (RegExp)[22m ÔÇ║ 
Please input filter pattern[1A[38G[1G[J[36m?[39m [1mInput test name pattern (RegExp)[22m ÔÇ║ 
Please input filter pattern[1A[38G[1G[J[36m?[39m [1mInput test name pattern (RegExp)[22m ÔÇ║ 
Please input filter pattern[1A[38G[1G[J[36m?[39m [1mInput test name pattern (RegExp)[22m ÔÇ║ 
Please input filter pattern[1A[38G[1G[J[36m?[39m [1mInput test name pattern (RegExp)[22m ÔÇ║ 
Please input filter pattern[1A[38G[1G[J[36m?[39m [1mInput test name pattern (RegExp)[22m ÔÇ║ 
Please input filter pattern[1A[38G[3Jc
[7m[1m[34m RERUN [39m[22m[27m[2m change pattern[22m
        [2mProject name: [22m[34mrite-Host "Checking table..."; docker exec dronego-postgres psql -U dronego -d dronego -c "SELECT tablename FROM pg_tables WHERE tablename = 'property_restrictions';" 2>&1[39m
        [2mFilename pattern: [22m[34mostgres psql -U dronego -d dronego -c "\d property_restrictions"[39m
        [2mTest name pattern: [22m[34m/est-NetConnection -ComputerName localhost -Port 3000 -InformationLevel Quiet/[39m


[2m Test Files [22m [2mno tests[22m
[2m      Tests [22m [2mno tests[22m
[2m   Start at [22m 23:24:53
[2m   Duration [22m 0ms


[1m[7m[32m PASS [39m[27m[22m[32m Waiting for file changes...[39m
       [2mpress [22m[1mh[22m[2m to show help[22m[2m, [22m[2mpress [22m[1mq[22m[2m to quit[22m
[36m?[39m [1mInput test name pattern (RegExp)[22m ÔÇ║ [1G[J[36m?[39m [1mInput test name pattern (RegExp)[22m ÔÇ║ 
Please input filter pattern[1A[38G[1G[J[36m?[39m [1mInput test name pattern (RegExp)[22m ÔÇ║ 
Please input filter pattern[1A[38G[1G[J[36m?[39m [1mInput test name pattern (RegExp)[22m ÔÇ║ 
Please input filter pattern[1A[38G[1G[J[36m?[39m [1mInput test name pattern (RegExp)[22m ÔÇ║ 
Please input filter pattern[1A[38G[1G[J[36m?[39m [1mInput test name pattern (RegExp)[22m ÔÇ║ 
Please input filter pattern[1A[38G[1G[J[36m?[39m [1mInput test name pattern (RegExp)[22m ÔÇ║ 
Please input filter pattern[1A[38G[1G[J[36m?[39m [1mInput test name pattern (RegExp)[22m ÔÇ║ 
Please input filter pattern[1A[38G[1G[J[36m?[39m [1mInput test name pattern (RegExp)[22m ÔÇ║ 
Please input filter pattern[1A[38G[1G[J[36m?[39m [1mInput test name pattern (RegExp)[22m ÔÇ║ 
Please input filter pattern[1A[38G[1G[J[36m?[39m [1mInput test name pattern (RegExp)[22m ÔÇ║ 
Please input filter pattern[1A[38G[1G[J[36m?[39m [1mInput test name pattern (RegExp)[22m ÔÇ║ 
Please input filter pattern[1A[38G[1G[J[36m?[39m [1mInput test name pattern (RegExp)[22m ÔÇ║ 
Please input filter pattern[1A[38G[1G[J[36m?[39m [1mInput test name pattern (RegExp)[22m ÔÇ║ 
Please input filter pattern[1A[38G[1G[J[36m?[39m [1mInput test name pattern (RegExp)[22m ÔÇ║ 
Please input filter pattern[1A[38G[1G[J[36m?[39m [1mInput test name pattern (RegExp)[22m ÔÇ║ 
Please input filter pattern[1A[38G[1G[J[36m?[39m [1mInput test name pattern (RegExp)[22m ÔÇ║ 
Please input filter pattern[1A[38G[1G[J[36m?[39m [1mInput test name pattern (RegExp)[22m ÔÇ║ 
Please input filter pattern[1A[38G[1G[J[36m?[39m [1mInput test name pattern (RegExp)[22m ÔÇ║ 
Please input filter pattern[1A[38G[1G[J[36m?[39m [1mInput test name pattern (RegExp)[22m ÔÇ║ 
Please input filter pattern[1A[38G[1G[J[36m?[39m [1mInput test name pattern (RegExp)[22m ÔÇ║ 
Please input filter pattern[1A[38G[1G[J[36m?[39m [1mInput test name pattern (RegExp)[22m ÔÇ║ 
Please input filter pattern[1A[38G[1G[J[36m?[39m [1mInput test name pattern (RegExp)[22m ÔÇ║ 
Please input filter pattern[1A[38G[1G[J[36m?[39m [1mInput test name pattern (RegExp)[22m ÔÇ║ 
Please input filter pattern[1A[38G[1G[J[36m?[39m [1mInput test name pattern (RegExp)[22m ÔÇ║ 
Please input filter pattern[1A[38G[1G[J[36m?[39m [1mInput test name pattern (RegExp)[22m ÔÇ║ 
Please input filter pattern[1A[38G[1G[J[36m?[39m [1mInput test name pattern (RegExp)[22m ÔÇ║ 
Please input filter pattern[1A[38G[1G[J[36m?[39m [1mInput test name pattern (RegExp)[22m ÔÇ║ 
Please input filter pattern[1A[38G[1G[J[36m?[39m [1mInput test name pattern (RegExp)[22m ÔÇ║ 
Please input filter pattern[1A[38G[1G[J[36m?[39m [1mInput test name pattern (RegExp)[22m ÔÇ║ 
Please input filter pattern[1A[38G[1G[J[36m?[39m [1mInput test name pattern (RegExp)[22m ÔÇ║ 
Please input filter pattern[1A[38G[1G[J[36m?[39m [1mInput test name pattern (RegExp)[22m ÔÇ║ 
Please input filter pattern[1A[38G[1G[J[36m?[39m [1mInput test name pattern (RegExp)[22m ÔÇ║ 
Please input filter pattern[1A[38G[1G[J[36m?[39m [1mInput test name pattern (RegExp)[22m ÔÇ║ 
Please input filter pattern[1A[38G[1G[J[36m?[39m [1mInput test name pattern (RegExp)[22m ÔÇ║ 
Please input filter pattern[1A[38G[1G[J[36m?[39m [1mInput test name pattern (RegExp)[22m ÔÇ║ 
Please input filter pattern[1A[38G[1G[J[36m?[39m [1mInput test name pattern (RegExp)[22m ÔÇ║ 
Please input filter pattern[1A[38G[1G[J[36m?[39m [1mInput test name pattern (RegExp)[22m ÔÇ║ 
Please input filter pattern[1A[38G[1G[J[36m?[39m [1mInput test name pattern (RegExp)[22m ÔÇ║ 
Please input filter pattern[1A[38G[1G[J[36m?[39m [1mInput test name pattern (RegExp)[22m ÔÇ║ 
Please input filter pattern[1A[38G[1G[J[36m?[39m [1mInput test name pattern (RegExp)[22m ÔÇ║ 
Please input filter pattern[1A[38G[1G[J[36m?[39m [1mInput test name pattern (RegExp)[22m ÔÇ║ 
Please input filter pattern[1A[38G[1G[J[36m?[39m [1mInput test name pattern (RegExp)[22m ÔÇ║ 
Please input filter pattern[1A[38G[1G[J[36m?[39m [1mInput test name pattern (RegExp)[22m ÔÇ║ 
Please input filter pattern[1A[38G[1G[J[36m?[39m [1mInput test name pattern (RegExp)[22m ÔÇ║ 
Please input filter pattern[1A[38G[1G[J[36m?[39m [1mInput test name pattern (RegExp)[22m ÔÇ║ 
Please input filter pattern[1A[38G[1G[J[36m?[39m [1mInput test name pattern (RegExp)[22m ÔÇ║ 
Please input filter pattern[1A[38G[1G[J[36m?[39m [1mInput test name pattern (RegExp)[22m ÔÇ║ 
Please input filter pattern[1A[38G[1G[J[36m?[39m [1mInput test name pattern (RegExp)[22m ÔÇ║ 
Please input filter pattern[1A[38G[1G[J[36m?[39m [1mInput test name pattern (RegExp)[22m ÔÇ║ 
Please input filter pattern[1A[38G[1G[J[36m?[39m [1mInput test name pattern (RegExp)[22m ÔÇ║ 
Please input filter pattern[1A[38G[1G[J[36m?[39m [1mInput test name pattern (RegExp)[22m ÔÇ║ 
Please input filter pattern[1A[38G[1G[J[36m?[39m [1mInput test name pattern (RegExp)[22m ÔÇ║ 
Please input filter pattern[1A[38G[1G[J[36m?[39m [1mInput test name pattern (RegExp)[22m ÔÇ║ 
Please input filter pattern[1A[38G[1G[J[36m?[39m [1mInput test name pattern (RegExp)[22m ÔÇ║ 
Please input filter pattern[1A[38G[1G[J[36m?[39m [1mInput test name pattern (RegExp)[22m ÔÇ║ 
Please input filter pattern[1A[38G[1G[J[36m?[39m [1mInput test name pattern (RegExp)[22m ÔÇ║ 
Please input filter pattern[1A[38G[1G[J[36m?[39m [1mInput test name pattern (RegExp)[22m ÔÇ║ 
Please input filter pattern[1A[38G[1G[J[36m?[39m [1mInput test name pattern (RegExp)[22m ÔÇ║ 
Please input filter pattern[1A[38G[1G[J[36m?[39m [1mInput test name pattern (RegExp)[22m ÔÇ║ 
Please input filter pattern[1A[38G[1G[J[36m?[39m [1mInput test name pattern (RegExp)[22m ÔÇ║ 
Please input filter pattern[1A[38G[1G[J[36m?[39m [1mInput test name pattern (RegExp)[22m ÔÇ║ 
Please input filter pattern[1A[38G[1G[J[36m?[39m [1mInput test name pattern (RegExp)[22m ÔÇ║ 
Please input filter pattern[1A[38G[1G[J[36m?[39m [1mInput test name pattern (RegExp)[22m ÔÇ║ 
Please input filter pattern[1A[38G[1G[J[36m?[39m [1mInput test name pattern (RegExp)[22m ÔÇ║ 
Please input filter pattern[1A[38G[1G[J[36m?[39m [1mInput test name pattern (RegExp)[22m ÔÇ║ 
Please input filter pattern[1A[38G[1G[J[36m?[39m [1mInput test name pattern (RegExp)[22m ÔÇ║ 
Please input filter pattern[1A[38G[1G[J[36m?[39m [1mInput test name pattern (RegExp)[22m ÔÇ║ 
Please input filter pattern[1A[38G[1G[J[36m?[39m [1mInput test name pattern (RegExp)[22m ÔÇ║ 
Please input filter pattern[1A[38G[1G[J[36m?[39m [1mInput test name pattern (RegExp)[22m ÔÇ║ 
Please input filter pattern[1A[38G[1G[J[36m?[39m [1mInput test name pattern (RegExp)[22m ÔÇ║ 
Please input filter pattern[1A[38G[1G[J[36m?[39m [1mInput test name pattern (RegExp)[22m ÔÇ║ 
Please input filter pattern[1A[38G[1G[J[36m?[39m [1mInput test name pattern (RegExp)[22m ÔÇ║ 
Please input filter pattern[1A[38G[1G[J[36m?[39m [1mInput test name pattern (RegExp)[22m ÔÇ║ 
Please input filter pattern[1A[38G[1G[J[36m?[39m [1mInput test name pattern (RegExp)[22m ÔÇ║ 
Please input filter pattern[1A[38G[1G[J[36m?[39m [1mInput test name pattern (RegExp)[22m ÔÇ║ 
Please input filter pattern[1A[38G[1G[J[36m?[39m [1mInput test name pattern (RegExp)[22m ÔÇ║ 
Please input filter pattern[1A[38G[1G[J[36m?[39m [1mInput test name pattern (RegExp)[22m ÔÇ║ 
Please input filter pattern[1A[38G[1G[J[36m?[39m [1mInput test name pattern (RegExp)[22m ÔÇ║ 
Please input filter pattern[1A[38G[1G[J[36m?[39m [1mInput test name pattern (RegExp)[22m ÔÇ║ 
Please input filter pattern[1A[38G[1G[J[36m?[39m [1mInput test name pattern (RegExp)[22m ÔÇ║ 
Please input filter pattern[1A[38G[1G[J[36m?[39m [1mInput test name pattern (RegExp)[22m ÔÇ║ 
Please input filter pattern[1A[38G[1G[J[36m?[39m [1mInput test name pattern (RegExp)[22m ÔÇ║ 
Please input filter pattern[1A[38G[1G[J[36m?[39m [1mInput test name pattern (RegExp)[22m ÔÇ║ 
Please input filter pattern[1A[38G[1G[J[36m?[39m [1mInput test name pattern (RegExp)[22m ÔÇ║ 
Please input filter pattern[1A[38G[1G[J[36m?[39m [1mInput test name pattern (RegExp)[22m ÔÇ║ 
Please input filter pattern[1A[38G[1G[J[36m?[39m [1mInput test name pattern (RegExp)[22m ÔÇ║ 
Please input filter pattern[1A[38G[1G[J[36m?[39m [1mInput test name pattern (RegExp)[22m ÔÇ║ 
Please input filter pattern[1A[38G[1G[J[36m?[39m [1mInput test name pattern (RegExp)[22m ÔÇ║ 
Please input filter pattern[1A[38G[1G[J[36m?[39m [1mInput test name pattern (RegExp)[22m ÔÇ║ 
Please input filter pattern[1A[38G[1G[J[36m?[39m [1mInput test name pattern (RegExp)[22m ÔÇ║ 
Please input filter pattern[1A[38G[1G[J[36m?[39m [1mInput test name pattern (RegExp)[22m ÔÇ║ 
Please input filter pattern[1A[38G[1G[J[36m?[39m [1mInput test name pattern (RegExp)[22m ÔÇ║ 
Please input filter pattern[1A[38G[1G[J[36m?[39m [1mInput test name pattern (RegExp)[22m ÔÇ║ 
Please input filter pattern[1A[38G[1G[J[36m?[39m [1mInput test name pattern (RegExp)[22m ÔÇ║ 
Please input filter pattern[1A[38G[1G[J[36m?[39m [1mInput test name pattern (RegExp)[22m ÔÇ║ 
Please input filter pattern[1A[38G[1G[J[36m?[39m [1mInput test name pattern (RegExp)[22m ÔÇ║ 
Please input filter pattern[1A[38G[1G[J[36m?[39m [1mInput test name pattern (RegExp)[22m ÔÇ║ 
Please input filter pattern[1A[38G[1G[J[36m?[39m [1mInput test name pattern (RegExp)[22m ÔÇ║ 
Please input filter pattern[1A[38G[1G[J[36m?[39m [1mInput test name pattern (RegExp)[22m ÔÇ║ 
Please input filter pattern[1A[38G[1G[J[36m?[39m [1mInput test name pattern (RegExp)[22m ÔÇ║ 
Please input filter pattern[1A[38G[1G[J[36m?[39m [1mInput test name pattern (RegExp)[22m ÔÇ║ 
Please input filter pattern[1A[38G[1G[J[36m?[39m [1mInput test name pattern (RegExp)[22m ÔÇ║ 
Please input filter pattern[1A[38G[1G[J[36m?[39m [1mInput test name pattern (RegExp)[22m ÔÇ║ 
Please input filter pattern[1A[38G[1G[J[36m?[39m [1mInput test name pattern (RegExp)[22m ÔÇ║ 
Please input filter pattern[1A[38G[1G[J[36m?[39m [1mInput test name pattern (RegExp)[22m ÔÇ║ 
Please input filter pattern[1A[38G[1G[J[36m?[39m [1mInput test name pattern (RegExp)[22m ÔÇ║ 
Please input filter pattern[1A[38G[1G[J[36m?[39m [1mInput test name pattern (RegExp)[22m ÔÇ║ 
Please input filter pattern[1A[38G[1G[J[36m?[39m [1mInput test name pattern (RegExp)[22m ÔÇ║ 
Please input filter pattern[1A[38G[1G[J[36m?[39m [1mInput test name pattern (RegExp)[22m ÔÇ║ 
Please input filter pattern[1A[38G[1G[J[36m?[39m [1mInput test name pattern (RegExp)[22m ÔÇ║ 
Please input filter pattern[1A[38G[1G[J[36m?[39m [1mInput test name pattern (RegExp)[22m ÔÇ║ 
Please input filter pattern[1A[38G[1G[J[36m?[39m [1mInput test name pattern (RegExp)[22m ÔÇ║ 
Please input filter pattern[1A[38G[1G[J[36m?[39m [1mInput test name pattern (RegExp)[22m ÔÇ║ 
Please input filter pattern[1A[38G[1G[J[36m?[39m [1mInput test name pattern (RegExp)[22m ÔÇ║ 
Please input filter pattern[1A[38G[1G[J[36m?[39m [1mInput test name pattern (RegExp)[22m ÔÇ║ 
Please input filter pattern[1A[38G[1G[J[36m?[39m [1mInput test name pattern (RegExp)[22m ÔÇ║ 
Please input filter pattern[1A[38G[1G[J[36m?[39m [1mInput test name pattern (RegExp)[22m ÔÇ║ 
Please input filter pattern[1A[38G[1G[J[36m?[39m [1mInput test name pattern (RegExp)[22m ÔÇ║ 
Please input filter pattern[1A[38G[1G[J[36m?[39m [1mInput test name pattern (RegExp)[22m ÔÇ║ 
Please input filter pattern[1A[38G[1G[J[36m?[39m [1mInput test name pattern (RegExp)[22m ÔÇ║ 
Please input filter pattern[1A[38G[1G[J[36m?[39m [1mInput test name pattern (RegExp)[22m ÔÇ║ 
Please input filter pattern[1A[38G[1G[J[36m?[39m [1mInput test name pattern (RegExp)[22m ÔÇ║ 
Please input filter pattern[1A[38G[1G[J[36m?[39m [1mInput test name pattern (RegExp)[22m ÔÇ║ 
Please input filter pattern[1A[38G[1G[J[36m?[39m [1mInput test name pattern (RegExp)[22m ÔÇ║ 
Please input filter pattern[1A[38G[1G[J[36m?[39m [1mInput test name pattern (RegExp)[22m ÔÇ║ 
Please input filter pattern[1A[38G[1G[J[36m?[39m [1mInput test name pattern (RegExp)[22m ÔÇ║ 
Please input filter pattern[1A[38G[1G[J[36m?[39m [1mInput test name pattern (RegExp)[22m ÔÇ║ 
Please input filter pattern[1A[38G[1G[J[36m?[39m [1mInput test name pattern (RegExp)[22m ÔÇ║ 
Please input filter pattern[1A[38G[1G[J[36m?[39m [1mInput test name pattern (RegExp)[22m ÔÇ║ 
Please input filter pattern[1A[38G[1G[J[36m?[39m [1mInput test name pattern (RegExp)[22m ÔÇ║ 
Please input filter pattern[1A[38G[1G[J[36m?[39m [1mInput test name pattern (RegExp)[22m ÔÇ║ 
Please input filter pattern[1A[38G[1G[J[36m?[39m [1mInput test name pattern (RegExp)[22m ÔÇ║ 
Please input filter pattern[1A[38G[1G[J[36m?[39m [1mInput test name pattern (RegExp)[22m ÔÇ║ 
Please input filter pattern[1A[38G[1G[J[36m?[39m [1mInput test name pattern (RegExp)[22m ÔÇ║ 
Please input filter pattern[1A[38G[1G[J[36m?[39m [1mInput test name pattern (RegExp)[22m ÔÇ║ 
Please input filter pattern[1A[38G[1G[J[36m?[39m [1mInput test name pattern (RegExp)[22m ÔÇ║ 
Please input filter pattern[1A[38G[1G[J[36m?[39m [1mInput test name pattern (RegExp)[22m ÔÇ║ 
Please input filter pattern[1A[38G[1G[J[36m?[39m [1mInput test name pattern (RegExp)[22m ÔÇ║ 
Please input filter pattern[1A[38G[1G[J[36m?[39m [1mInput test name pattern (RegExp)[22m ÔÇ║ 
Please input filter pattern[1A[38G[1G[J[36m?[39m [1mInput test name pattern (RegExp)[22m ÔÇ║ 
Please input filter pattern[1A[38G[1G[J[36m?[39m [1mInput test name pattern (RegExp)[22m ÔÇ║ 
Please input filter pattern[1A[38G[1G[J[36m?[39m [1mInput test name pattern (RegExp)[22m ÔÇ║ 
Please input filter pattern[1A[38G[1G[J[36m?[39m [1mInput test name pattern (RegExp)[22m ÔÇ║ 
Please input filter pattern[1A[38G[1G[J[36m?[39m [1mInput test name pattern (RegExp)[22m ÔÇ║ 
Please input filter pattern[1A[38G[1G[J[36m?[39m [1mInput test name pattern (RegExp)[22m ÔÇ║ 
Please input filter pattern[1A[38G[1G[J[36m?[39m [1mInput test name pattern (RegExp)[22m ÔÇ║ 
Please input filter pattern[1A[38G[1G[J[36m?[39m [1mInput test name pattern (RegExp)[22m ÔÇ║ 
Please input filter pattern[1A[38G[1G[J[36m?[39m [1mInput test name pattern (RegExp)[22m ÔÇ║ 
Please input filter pattern[1A[38G[1G[J[36m?[39m [1mInput test name pattern (RegExp)[22m ÔÇ║ 
Please input filter pattern[1A[38G[1G[J[36m?[39m [1mInput test name pattern (RegExp)[22m ÔÇ║ 
Please input filter pattern[1A[38G[1G[J[36m?[39m [1mInput test name pattern (RegExp)[22m ÔÇ║ 
Please input filter pattern[1A[38G[1G[J[36m?[39m [1mInput test name pattern (RegExp)[22m ÔÇ║ 
Please input filter pattern[1A[38G[1G[J[36m?[39m [1mInput test name pattern (RegExp)[22m ÔÇ║ 
Please input filter pattern[1A[38G[1G[J[36m?[39m [1mInput test name pattern (RegExp)[22m ÔÇ║ 
Please input filter pattern[1A[38G[1G[J[36m?[39m [1mInput test name pattern (RegExp)[22m ÔÇ║ 
Please input filter pattern[1A[38G[1G[J[36m?[39m [1mInput test name pattern (RegExp)[22m ÔÇ║ 
Please input filter pattern[1A[38G[1G[J[36m?[39m [1mInput test name pattern (RegExp)[22m ÔÇ║ 
Please input filter pattern[1A[38G[1G[J[36m?[39m [1mInput test name pattern (RegExp)[22m ÔÇ║ 
Please input filter pattern[1A[38G[1G[J[36m?[39m [1mInput test name pattern (RegExp)[22m ÔÇ║ 
Please input filter pattern[1A[38G[1G[J[36m?[39m [1mInput test name pattern (RegExp)[22m ÔÇ║ 
Please input filter pattern[1A[38G[1G[J[36m?[39m [1mInput test name pattern (RegExp)[22m ÔÇ║ 
Please input filter pattern[1A[38G[1G[J[36m?[39m [1mInput test name pattern (RegExp)[22m ÔÇ║ 
Please input filter pattern[1A[38G[1G[J[36m?[39m [1mInput test name pattern (RegExp)[22m ÔÇ║ 
Please input filter pattern[1A[38G[1G[J[36m?[39m [1mInput test name pattern (RegExp)[22m ÔÇ║ 
Please input filter pattern[1A[38G[1G[J[36m?[39m [1mInput test name pattern (RegExp)[22m ÔÇ║ 
Please input filter pattern[1A[38G[1G[J[36m?[39m [1mInput test name pattern (RegExp)[22m ÔÇ║ 
Please input filter pattern[1A[38G[1G[J[36m?[39m [1mInput test name pattern (RegExp)[22m ÔÇ║ 
Please input filter pattern[1A[38G[1G[J[36m?[39m [1mInput test name pattern (RegExp)[22m ÔÇ║ 
Please input filter pattern[1A[38G[1G[J[36m?[39m [1mInput test name pattern (RegExp)[22m ÔÇ║ 
Please input filter pattern[1A[38G[1G[J[36m?[39m [1mInput test name pattern (RegExp)[22m ÔÇ║ 
Please input filter pattern[1A[38G[1G[J[36m?[39m [1mInput test name pattern (RegExp)[22m ÔÇ║ 
Please input filter pattern[1A[38G[1G[J[36m?[39m [1mInput test name pattern (RegExp)[22m ÔÇ║ 
Please input filter pattern[1A[38G[1G[J[36m?[39m [1mInput test name pattern (RegExp)[22m ÔÇ║ 
Please input filter pattern[1A[38G[1G[J[36m?[39m [1mInput test name pattern (RegExp)[22m ÔÇ║ 
Please input filter pattern[1A[38G[1G[J[36m?[39m [1mInput test name pattern (RegExp)[22m ÔÇ║ 
Please input filter pattern[1A[38G[1G[J[36m?[39m [1mInput test name pattern (RegExp)[22m ÔÇ║ 
Please input filter pattern[1A[38G[1G[J[36m?[39m [1mInput test name pattern (RegExp)[22m ÔÇ║ 
Please input filter pattern[1A[38G[1G[J[36m?[39m [1mInput test name pattern (RegExp)[22m ÔÇ║ 
Please input filter pattern[1A[38G[1G[J[36m?[39m [1mInput test name pattern (RegExp)[22m ÔÇ║ 
Please input filter pattern[1A[38G[3Jc
[7m[1m[34m RERUN [39m[22m[27m
        [2mProject name: [22m[34mrite-Host "Checking table..."; docker exec dronego-postgres psql -U dronego -d dronego -c "SELECT tablename FROM pg_tables WHERE tablename = 'property_restrictions';" 2>&1[39m
        [2mFilename pattern: [22m[34mostgres psql -U dronego -d dronego -c "\d property_restrictions"[39m
        [2mTest name pattern: [22m[34m/Method "http:\/\/localhost:3000\/api\/v1\/zones?minLon=-0.2&minLat=51.4&maxLon=0.0&maxLat=51.6" | ConvertTo-Json -Depth 3 | Select-String -Pattern "features|result_count" -Context 0,2/[39m

[3Jc
[7m[1m[34m RERUN [39m[22m[27m[2m change pattern[22m
        [2mProject name: [22m[34mrite-Host "Checking table..."; docker exec dronego-postgres psql -U dronego -d dronego -c "SELECT tablename FROM pg_tables WHERE tablename = 'property_restrictions';" 2>&1[39m
        [2mFilename pattern: [22m[34mostgres psql -U dronego -d dronego -c "\d property_restrictions"[39m
        [2mTest name pattern: [22m[34m/Method "http:\/\/localhost:3000\/api\/v1\/zones?minLon=-0.2&minLat=51.4&maxLon=0.0&maxLat=51.6" | ConvertTo-Json -Depth 3 | Select-String -Pattern "features|result_count" -Context 0,2/[39m


[2m Test Files [22m [2mno tests[22m
[2m      Tests [22m [2mno tests[22m
[2m   Start at [22m 23:25:03
[2m   Duration [22m 0ms


[1m[7m[32m PASS [39m[27m[22m[32m Waiting for file changes...[39m
       [2mpress [22m[1mh[22m[2m to show help[22m[2m, [22m[2mpress [22m[1mq[22m[2m to quit[22m

[2m Test Files [22m [2mno tests[22m
[2m      Tests [22m [2mno tests[22m
[2m   Start at [22m 23:25:03
[2m   Duration [22m 0ms


[1m[7m[32m PASS [39m[27m[22m[32m Waiting for file changes...[39m
       [2mpress [22m[1mh[22m[2m to show help[22m[2m, [22m[2mpress [22m[1mq[22m[2m to quit[22m
[36m?[39m [1mInput filename pattern[22m ÔÇ║ [1G[J[36m?[39m [1mInput filename pattern[22m ÔÇ║ 
Please input filter pattern[1A[28G[1G[J[36m?[39m [1mInput filename pattern[22m ÔÇ║ 
Please input filter pattern[1A[28G[1G[J[36m?[39m [1mInput filename pattern[22m ÔÇ║ 
Please input filter pattern[1A[28G[1G[J[36m?[39m [1mInput filename pattern[22m ÔÇ║ 
Please input filter pattern[1A[28G[1G[J[36m?[39m [1mInput filename pattern[22m ÔÇ║ 
Please input filter pattern[1A[28G[1G[J[36m?[39m [1mInput filename pattern[22m ÔÇ║ 
Please input filter pattern[1A[28G[1G[J[36m?[39m [1mInput filename pattern[22m ÔÇ║ 
Please input filter pattern[1A[28G[1G[J[36m?[39m [1mInput filename pattern[22m ÔÇ║ 
Please input filter pattern[1A[28G[1G[J[36m?[39m [1mInput filename pattern[22m ÔÇ║ 
Please input filter pattern[1A[28G[1G[J[36m?[39m [1mInput filename pattern[22m ÔÇ║ 
Please input filter pattern[1A[28G[1G[J[36m?[39m [1mInput filename pattern[22m ÔÇ║ 
Please input filter pattern[1A[28G[1G[J[36m?[39m [1mInput filename pattern[22m ÔÇ║ 
Please input filter pattern[1A[28G[1G[J[36m?[39m [1mInput filename pattern[22m ÔÇ║ 
Please input filter pattern[1A[28G[1G[J[36m?[39m [1mInput filename pattern[22m ÔÇ║ 
Please input filter pattern[1A[28G[1G[J[36m?[39m [1mInput filename pattern[22m ÔÇ║ 
Please input filter pattern[1A[28G[1G[J[36m?[39m [1mInput filename pattern[22m ÔÇ║ 
Please input filter pattern[1A[28G[1G[J[36m?[39m [1mInput filename pattern[22m ÔÇ║ 
Please input filter pattern[1A[28G[1G[J[36m?[39m [1mInput filename pattern[22m ÔÇ║ 
Please input filter pattern[1A[28G[1G[J[36m?[39m [1mInput filename pattern[22m ÔÇ║ 
Please input filter pattern[1A[28G[1G[J[36m?[39m [1mInput filename pattern[22m ÔÇ║ 
Please input filter pattern[1A[28G[1G[J[36m?[39m [1mInput filename pattern[22m ÔÇ║ 
Please input filter pattern[1A[28G[1G[J[36m?[39m [1mInput filename pattern[22m ÔÇ║ 
Please input filter pattern[1A[28G[1G[J[36m?[39m [1mInput filename pattern[22m ÔÇ║ 
Please input filter pattern[1A[28G[1G[J[36m?[39m [1mInput filename pattern[22m ÔÇ║ 
Please input filter pattern[1A[28G[1G[J[36m?[39m [1mInput filename pattern[22m ÔÇ║ 
Please input filter pattern[1A[28G[1G[J[36m?[39m [1mInput filename pattern[22m ÔÇ║ 
Please input filter pattern[1A[28G[1G[J[36m?[39m [1mInput filename pattern[22m ÔÇ║ 
Please input filter pattern[1A[28G[1G[J[36m?[39m [1mInput filename pattern[22m ÔÇ║ 
Please input filter pattern[1A[28G[1G[J[36m?[39m [1mInput filename pattern[22m ÔÇ║ 
Please input filter pattern[1A[28G[1G[J[36m?[39m [1mInput filename pattern[22m ÔÇ║ 
Please input filter pattern[1A[28G[1G[J[36m?[39m [1mInput filename pattern[22m ÔÇ║ 
Please input filter pattern[1A[28G[1G[J[36m?[39m [1mInput filename pattern[22m ÔÇ║ 
Please input filter pattern[1A[28G[1G[J[36m?[39m [1mInput filename pattern[22m ÔÇ║ 
Please input filter pattern[1A[28G[1G[J[36m?[39m [1mInput filename pattern[22m ÔÇ║ 
Please input filter pattern[1A[28G[1G[J[36m?[39m [1mInput filename pattern[22m ÔÇ║ 
Please input filter pattern[1A[28G[1G[J[36m?[39m [1mInput filename pattern[22m ÔÇ║ 
Please input filter pattern[1A[28G[1G[J[36m?[39m [1mInput filename pattern[22m ÔÇ║ 
Please input filter pattern[1A[28G[1G[J[36m?[39m [1mInput filename pattern[22m ÔÇ║ 
Please input filter pattern[1A[28G[1G[J[36m?[39m [1mInput filename pattern[22m ÔÇ║ 
Please input filter pattern[1A[28G[1G[J[36m?[39m [1mInput filename pattern[22m ÔÇ║ 
Please input filter pattern[1A[28G[1G[J[36m?[39m [1mInput filename pattern[22m ÔÇ║ 
Please input filter pattern[1A[28G[1G[J[36m?[39m [1mInput filename pattern[22m ÔÇ║ 
Please input filter pattern[1A[28G[1G[J[36m?[39m [1mInput filename pattern[22m ÔÇ║ 
Please input filter pattern[1A[28G[1G[J[36m?[39m [1mInput filename pattern[22m ÔÇ║ 
Please input filter pattern[1A[28G[1G[J[36m?[39m [1mInput filename pattern[22m ÔÇ║ 
Please input filter pattern[1A[28G[1G[J[36m?[39m [1mInput filename pattern[22m ÔÇ║ 
Please input filter pattern[1A[28G[1G[J[36m?[39m [1mInput filename pattern[22m ÔÇ║ 
Please input filter pattern[1A[28G[1G[J[36m?[39m [1mInput filename pattern[22m ÔÇ║ 
Please input filter pattern[1A[28G[1G[J[36m?[39m [1mInput filename pattern[22m ÔÇ║ 
Please input filter pattern[1A[28G[1G[J[36m?[39m [1mInput filename pattern[22m ÔÇ║ 
Please input filter pattern[1A[28G[1G[J[36m?[39m [1mInput filename pattern[22m ÔÇ║ 
Please input filter pattern[1A[28G[1G[J[36m?[39m [1mInput filename pattern[22m ÔÇ║ 
Please input filter pattern[1A[28G[1G[J[36m?[39m [1mInput filename pattern[22m ÔÇ║ 
Please input filter pattern[1A[28G[1G[J[36m?[39m [1mInput filename pattern[22m ÔÇ║ 
Please input filter pattern[1A[28G[1G[J[36m?[39m [1mInput filename pattern[22m ÔÇ║ 
Please input filter pattern[1A[28G[1G[J[36m?[39m [1mInput filename pattern[22m ÔÇ║ 
Please input filter pattern[1A[28G[1G[J[36m?[39m [1mInput filename pattern[22m ÔÇ║ 
Please input filter pattern[1A[28G[1G[J[36m?[39m [1mInput filename pattern[22m ÔÇ║ 
Please input filter pattern[1A[28G[1G[J[36m?[39m [1mInput filename pattern[22m ÔÇ║ 
Please input filter pattern[1A[28G[1G[J[36m?[39m [1mInput filename pattern[22m ÔÇ║ 
Please input filter pattern[1A[28G[1G[J[36m?[39m [1mInput filename pattern[22m ÔÇ║ 
Please input filter pattern[1A[28G[1G[J[36m?[39m [1mInput filename pattern[22m ÔÇ║ 
Please input filter pattern[1A[28G[1G[J[36m?[39m [1mInput filename pattern[22m ÔÇ║ 
Please input filter pattern[1A[28G[1G[J[36m?[39m [1mInput filename pattern[22m ÔÇ║ 
Please input filter pattern[1A[28G[1G[J[36m?[39m [1mInput filename pattern[22m ÔÇ║ 
Please input filter pattern[1A[28G[1G[J[36m?[39m [1mInput filename pattern[22m ÔÇ║ 
Please input filter pattern[1A[28G[1G[J[36m?[39m [1mInput filename pattern[22m ÔÇ║ 
Please input filter pattern[1A[28G[1G[J[36m?[39m [1mInput filename pattern[22m ÔÇ║ 
Please input filter pattern[1A[28G[1G[J[36m?[39m [1mInput filename pattern[22m ÔÇ║ 
Please input filter pattern[1A[28G[1G[J[36m?[39m [1mInput filename pattern[22m ÔÇ║ 
Please input filter pattern[1A[28G[1G[J[36m?[39m [1mInput filename pattern[22m ÔÇ║ 
Please input filter pattern[1A[28G[1G[J[36m?[39m [1mInput filename pattern[22m ÔÇ║ 
Please input filter pattern[1A[28G[1G[J[36m?[39m [1mInput filename pattern[22m ÔÇ║ 
Please input filter pattern[1A[28G[1G[J[36m?[39m [1mInput filename pattern[22m ÔÇ║ 
Please input filter pattern[1A[28G[1G[J[36m?[39m [1mInput filename pattern[22m ÔÇ║ 
Please input filter pattern[1A[28G[1G[J[36m?[39m [1mInput filename pattern[22m ÔÇ║ 
Please input filter pattern[1A[28G[1G[J[36m?[39m [1mInput filename pattern[22m ÔÇ║ 
Please input filter pattern[1A[28G[1G[J[36m?[39m [1mInput filename pattern[22m ÔÇ║ 
Please input filter pattern[1A[28G[1G[J[36m?[39m [1mInput filename pattern[22m ÔÇ║ 
Please input filter pattern[1A[28G[1G[J[36m?[39m [1mInput filename pattern[22m ÔÇ║ 
Please input filter pattern[1A[28G[1G[J[36m?[39m [1mInput filename pattern[22m ÔÇ║ 
Please input filter pattern[1A[28G[1G[J[36m?[39m [1mInput filename pattern[22m ÔÇ║ 
Please input filter pattern[1A[28G[1G[J[36m?[39m [1mInput filename pattern[22m ÔÇ║ 
Please input filter pattern[1A[28G[1G[J[36m?[39m [1mInput filename pattern[22m ÔÇ║ 
Please input filter pattern[1A[28G[1G[J[36m?[39m [1mInput filename pattern[22m ÔÇ║ 
Please input filter pattern[1A[28G[1G[J[36m?[39m [1mInput filename pattern[22m ÔÇ║ 
Please input filter pattern[1A[28G[1G[J[36m?[39m [1mInput filename pattern[22m ÔÇ║ 
Please input filter pattern[1A[28G[1G[J[36m?[39m [1mInput filename pattern[22m ÔÇ║ 
Please input filter pattern[1A[28G[1G[J[36m?[39m [1mInput filename pattern[22m ÔÇ║ 
Please input filter pattern[1A[28G[1G[J[36m?[39m [1mInput filename pattern[22m ÔÇ║ 
Please input filter pattern[1A[28G[1G[J[36m?[39m [1mInput filename pattern[22m ÔÇ║ 
Please input filter pattern[1A[28G[1G[J[36m?[39m [1mInput filename pattern[22m ÔÇ║ 
Please input filter pattern[1A[28G[1G[J[36m?[39m [1mInput filename pattern[22m ÔÇ║ 
Please input filter pattern[1A[28G[1G[J[36m?[39m [1mInput filename pattern[22m ÔÇ║ 
Please input filter pattern[1A[28G[1G[J[36m?[39m [1mInput filename pattern[22m ÔÇ║ 
Please input filter pattern[1A[28G[1G[J[36m?[39m [1mInput filename pattern[22m ÔÇ║ 
Please input filter pattern[1A[28G[1G[J[36m?[39m [1mInput filename pattern[22m ÔÇ║ 
Please input filter pattern[1A[28G[1G[J[36m?[39m [1mInput filename pattern[22m ÔÇ║ 
Please input filter pattern[1A[28G[1G[J[36m?[39m [1mInput filename pattern[22m ÔÇ║ 
Please input filter pattern[1A[28G[1G[J[36m?[39m [1mInput filename pattern[22m ÔÇ║ 
Please input filter pattern[1A[28G[1G[J[36m?[39m [1mInput filename pattern[22m ÔÇ║ 
Please input filter pattern[1A[28G[1G[J[36m?[39m [1mInput filename pattern[22m ÔÇ║ 
Please input filter pattern[1A[28G[1G[J[36m?[39m [1mInput filename pattern[22m ÔÇ║ 
Please input filter pattern[1A[28G[1G[J[36m?[39m [1mInput filename pattern[22m ÔÇ║ 
Please input filter pattern[1A[28G[1G[J[36m?[39m [1mInput filename pattern[22m ÔÇ║ 
Please input filter pattern[1A[28G[1G[J[36m?[39m [1mInput filename pattern[22m ÔÇ║ 
Please input filter pattern[1A[28G[1G[J[36m?[39m [1mInput filename pattern[22m ÔÇ║ 
Please input filter pattern[1A[28G[1G[J[36m?[39m [1mInput filename pattern[22m ÔÇ║ 
Please input filter pattern[1A[28G[1G[J[36m?[39m [1mInput filename pattern[22m ÔÇ║ 
Please input filter pattern[1A[28G[1G[J[36m?[39m [1mInput filename pattern[22m ÔÇ║ 
Please input filter pattern[1A[28G[1G[J[36m?[39m [1mInput filename pattern[22m ÔÇ║ 
Please input filter pattern[1A[28G[1G[J[36m?[39m [1mInput filename pattern[22m ÔÇ║ 
Please input filter pattern[1A[28G[1G[J[36m?[39m [1mInput filename pattern[22m ÔÇ║ 
Please input filter pattern[1A[28G[1G[J[36m?[39m [1mInput filename pattern[22m ÔÇ║ 
Please input filter pattern[1A[28G[1G[J[36m?[39m [1mInput filename pattern[22m ÔÇ║ 
Please input filter pattern[1A[28G[1G[J[36m?[39m [1mInput filename pattern[22m ÔÇ║ 
Please input filter pattern[1A[28G[1G[J[36m?[39m [1mInput filename pattern[22m ÔÇ║ 
Please input filter pattern[1A[28G[1G[J[36m?[39m [1mInput filename pattern[22m ÔÇ║ 
Please input filter pattern[1A[28G[1G[J[36m?[39m [1mInput filename pattern[22m ÔÇ║ 
Please input filter pattern[1A[28G[1G[J[36m?[39m [1mInput filename pattern[22m ÔÇ║ 
Please input filter pattern[1A[28G[1G[J[36m?[39m [1mInput filename pattern[22m ÔÇ║ 
Please input filter pattern[1A[28G[1G[J[36m?[39m [1mInput filename pattern[22m ÔÇ║ 
Please input filter pattern[1A[28G[1G[J[36m?[39m [1mInput filename pattern[22m ÔÇ║ 
Please input filter pattern[1A[28G[1G[J[36m?[39m [1mInput filename pattern[22m ÔÇ║ 
Please input filter pattern[1A[28G[1G[J[36m?[39m [1mInput filename pattern[22m ÔÇ║ 
Please input filter pattern[1A[28G[1G[J[36m?[39m [1mInput filename pattern[22m ÔÇ║ 
Please input filter pattern[1A[28G[1G[J[36m?[39m [1mInput filename pattern[22m ÔÇ║ 
Please input filter pattern[1A[28G[1G[J[36m?[39m [1mInput filename pattern[22m ÔÇ║ 
Please input filter pattern[1A[28G[1G[J[36m?[39m [1mInput filename pattern[22m ÔÇ║ 
Please input filter pattern[1A[28G[1G[J[36m?[39m [1mInput filename pattern[22m ÔÇ║ 
Please input filter pattern[1A[28G[1G[J[36m?[39m [1mInput filename pattern[22m ÔÇ║ 
Please input filter pattern[1A[28G[1G[J[36m?[39m [1mInput filename pattern[22m ÔÇ║ 
Please input filter pattern[1A[28G[1G[J[36m?[39m [1mInput filename pattern[22m ÔÇ║ 
Please input filter pattern[1A[28G[1G[J[36m?[39m [1mInput filename pattern[22m ÔÇ║ 
Please input filter pattern[1A[28G[1G[J[36m?[39m [1mInput filename pattern[22m ÔÇ║ 
Please input filter pattern[1A[28G[1G[J[36m?[39m [1mInput filename pattern[22m ÔÇ║ 
Please input filter pattern[1A[28G[1G[J[36m?[39m [1mInput filename pattern[22m ÔÇ║ 
Please input filter pattern[1A[28G[1G[J[36m?[39m [1mInput filename pattern[22m ÔÇ║ 
Please input filter pattern[1A[28G[1G[J[36m?[39m [1mInput filename pattern[22m ÔÇ║ 
Please input filter pattern[1A[28G[1G[J[36m?[39m [1mInput filename pattern[22m ÔÇ║ 
Please input filter pattern[1A[28G[1G[J[36m?[39m [1mInput filename pattern[22m ÔÇ║ 
Please input filter pattern[1A[28G[1G[J[36m?[39m [1mInput filename pattern[22m ÔÇ║ 
Please input filter pattern[1A[28G[1G[J[36m?[39m [1mInput filename pattern[22m ÔÇ║ 
Please input filter pattern[1A[28G[1G[J[36m?[39m [1mInput filename pattern[22m ÔÇ║ 
Please input filter pattern[1A[28G[1G[J[36m?[39m [1mInput filename pattern[22m ÔÇ║ 
Please input filter pattern[1A[28G[1G[J[36m?[39m [1mInput filename pattern[22m ÔÇ║ 
Please input filter pattern[1A[28G[1G[J[36m?[39m [1mInput filename pattern[22m ÔÇ║ 
Please input filter pattern[1A[28G[1G[J[36m?[39m [1mInput filename pattern[22m ÔÇ║ 
Please input filter pattern[1A[28G[1G[J[36m?[39m [1mInput filename pattern[22m ÔÇ║ 
Please input filter pattern[1A[28G[1G[J[36m?[39m [1mInput filename pattern[22m ÔÇ║ 
Please input filter pattern[1A[28G[1G[J[36m?[39m [1mInput filename pattern[22m ÔÇ║ 
Please input filter pattern[1A[28G[1G[J[36m?[39m [1mInput filename pattern[22m ÔÇ║ 
Please input filter pattern[1A[28G[1G[J[36m?[39m [1mInput filename pattern[22m ÔÇ║ 
Please input filter pattern[1A[28G[1G[J[36m?[39m [1mInput filename pattern[22m ÔÇ║ 
Please input filter pattern[1A[28G[1G[J[36m?[39m [1mInput filename pattern[22m ÔÇ║ 
Please input filter pattern[1A[28G[1G[J[36m?[39m [1mInput filename pattern[22m ÔÇ║ 
Please input filter pattern[1A[28G[1G[J[36m?[39m [1mInput filename pattern[22m ÔÇ║ 
Please input filter pattern[1A[28G[1G[J[36m?[39m [1mInput filename pattern[22m ÔÇ║ 
Please input filter pattern[1A[28G[1G[J[36m?[39m [1mInput filename pattern[22m ÔÇ║ 
Please input filter pattern[1A[28G[1G[J[36m?[39m [1mInput filename pattern[22m ÔÇ║ 
Please input filter pattern[1A[28G[1G[J[36m?[39m [1mInput filename pattern[22m ÔÇ║ 
Please input filter pattern[1A[28G[1G[J[36m?[39m [1mInput filename pattern[22m ÔÇ║ 
Please input filter pattern[1A[28G[1G[J[36m?[39m [1mInput filename pattern[22m ÔÇ║ 
Please input filter pattern[1A[28G[1G[J[36m?[39m [1mInput filename pattern[22m ÔÇ║ 
Please input filter pattern[1A[28G[1G[J[36m?[39m [1mInput filename pattern[22m ÔÇ║ 
Please input filter pattern[1A[28G[1G[J[36m?[39m [1mInput filename pattern[22m ÔÇ║ 
Please input filter pattern[1A[28G[1G[J[36m?[39m [1mInput filename pattern[22m ÔÇ║ 
Please input filter pattern[1A[28G[1G[J[36m?[39m [1mInput filename pattern[22m ÔÇ║ 
Please input filter pattern[1A[28G[1G[J[36m?[39m [1mInput filename pattern[22m ÔÇ║ 
Please input filter pattern[1A[28G[1G[J[36m?[39m [1mInput filename pattern[22m ÔÇ║ 
Please input filter pattern[1A[28G[1G[J[36m?[39m [1mInput filename pattern[22m ÔÇ║ 
Please input filter pattern[1A[28G[1G[J[36m?[39m [1mInput filename pattern[22m ÔÇ║ 
Please input filter pattern[1A[28G[1G[J[36m?[39m [1mInput filename pattern[22m ÔÇ║ 
Please input filter pattern[1A[28G[1G[J[36m?[39m [1mInput filename pattern[22m ÔÇ║ 
Please input filter pattern[1A[28G[1G[J[36m?[39m [1mInput filename pattern[22m ÔÇ║ 
Please input filter pattern[1A[28G[1G[J[36m?[39m [1mInput filename pattern[22m ÔÇ║ 
Please input filter pattern[1A[28G[1G[J[36m?[39m [1mInput filename pattern[22m ÔÇ║ 
Please input filter pattern[1A[28G[1G[J[36m?[39m [1mInput filename pattern[22m ÔÇ║ 
Please input filter pattern[1A[28G[1G[J[36m?[39m [1mInput filename pattern[22m ÔÇ║ 
Please input filter pattern[1A[28G[1G[J[36m?[39m [1mInput filename pattern[22m ÔÇ║ 
Please input filter pattern[1A[28G[1G[J[36m?[39m [1mInput filename pattern[22m ÔÇ║ 
Please input filter pattern[1A[28G[1G[J[36m?[39m [1mInput filename pattern[22m ÔÇ║ 
Please input filter pattern[1A[28G[1G[J[36m?[39m [1mInput filename pattern[22m ÔÇ║ 
Please input filter pattern[1A[28G[1G[J[36m?[39m [1mInput filename pattern[22m ÔÇ║ 
Please input filter pattern[1A[28G[1G[J[36m?[39m [1mInput filename pattern[22m ÔÇ║ 
Please input filter pattern[1A[28G[1G[J[36m?[39m [1mInput filename pattern[22m ÔÇ║ 
Please input filter pattern[1A[28G[1G[J[36m?[39m [1mInput filename pattern[22m ÔÇ║ 
Please input filter pattern[1A[28G[1G[J[36m?[39m [1mInput filename pattern[22m ÔÇ║ 
Please input filter pattern[1A[28G[1G[J[36m?[39m [1mInput filename pattern[22m ÔÇ║ 
Please input filter pattern[1A[28G[1G[J[36m?[39m [1mInput filename pattern[22m ÔÇ║ 
Please input filter pattern[1A[28G[1G[J[36m?[39m [1mInput filename pattern[22m ÔÇ║ 
Please input filter pattern[1A[28G[1G[J[36m?[39m [1mInput filename pattern[22m ÔÇ║ 
Please input filter pattern[1A[28G[1G[J[36m?[39m [1mInput filename pattern[22m ÔÇ║ 
Please input filter pattern[1A[28G[1G[J[36m?[39m [1mInput filename pattern[22m ÔÇ║ 
Please input filter pattern[1A[28G[1G[J[36m?[39m [1mInput filename pattern[22m ÔÇ║ 
Please input filter pattern[1A[28G[1G[J[36m?[39m [1mInput filename pattern[22m ÔÇ║ 
Please input filter pattern[1A[28G[1G[J[36m?[39m [1mInput filename pattern[22m ÔÇ║ 
Please input filter pattern[1A[28G[1G[J[36m?[39m [1mInput filename pattern[22m ÔÇ║ 
Please input filter pattern[1A[28G[1G[J[36m?[39m [1mInput filename pattern[22m ÔÇ║ 
Please input filter pattern[1A[28G[1G[J[36m?[39m [1mInput filename pattern[22m ÔÇ║ 
Please input filter pattern[1A[28G[1G[J[36m?[39m [1mInput filename pattern[22m ÔÇ║ 
Please input filter pattern[1A[28G[1G[J[36m?[39m [1mInput filename pattern[22m ÔÇ║ 
Please input filter pattern[1A[28G[1G[J[36m?[39m [1mInput filename pattern[22m ÔÇ║ 
Please input filter pattern[1A[28G[1G[J[36m?[39m [1mInput filename pattern[22m ÔÇ║ 
Please input filter pattern[1A[28G[1G[J[36m?[39m [1mInput filename pattern[22m ÔÇ║ 
Please input filter pattern[1A[28G[1G[J[36m?[39m [1mInput filename pattern[22m ÔÇ║ 
Please input filter pattern[1A[28G[1G[J[36m?[39m [1mInput filename pattern[22m ÔÇ║ 
Please input filter pattern[1A[28G[1G[J[36m?[39m [1mInput filename pattern[22m ÔÇ║ 
Please input filter pattern[1A[28G[1G[J[36m?[39m [1mInput filename pattern[22m ÔÇ║ 
Please input filter pattern[1A[28G[1G[J[36m?[39m [1mInput filename pattern[22m ÔÇ║ 
Please input filter pattern[1A[28G[1G[J[36m?[39m [1mInput filename pattern[22m ÔÇ║ 
Please input filter pattern[1A[28G[1G[J[36m?[39m [1mInput filename pattern[22m ÔÇ║ 
Please input filter pattern[1A[28G[1G[J[36m?[39m [1mInput filename pattern[22m ÔÇ║ 
Please input filter pattern[1A[28G[1G[J[36m?[39m [1mInput filename pattern[22m ÔÇ║ 
Please input filter pattern[1A[28G[1G[J[36m?[39m [1mInput filename pattern[22m ÔÇ║ 
Please input filter pattern[1A[28G[1G[J[36m?[39m [1mInput filename pattern[22m ÔÇ║ 
Please input filter pattern[1A[28G[1G[J[36m?[39m [1mInput filename pattern[22m ÔÇ║ 
Please input filter pattern[1A[28G[1G[J[36m?[39m [1mInput filename pattern[22m ÔÇ║ 
Please input filter pattern[1A[28G[1G[J[36m?[39m [1mInput filename pattern[22m ÔÇ║ 
Please input filter pattern[1A[28G[1G[J[36m?[39m [1mInput filename pattern[22m ÔÇ║ 
Please input filter pattern[1A[28G[1G[J[36m?[39m [1mInput filename pattern[22m ÔÇ║ 
Please input filter pattern[1A[28G[1G[J[36m?[39m [1mInput filename pattern[22m ÔÇ║ 
Please input filter pattern[1A[28G[1G[J[36m?[39m [1mInput filename pattern[22m ÔÇ║ 
Please input filter pattern[1A[28G[1G[J[36m?[39m [1mInput filename pattern[22m ÔÇ║ 
Please input filter pattern[1A[28G[1G[J[36m?[39m [1mInput filename pattern[22m ÔÇ║ 
Please input filter pattern[1A[28G[1G[J[36m?[39m [1mInput filename pattern[22m ÔÇ║ 
Please input filter pattern[1A[28G[1G[J[36m?[39m [1mInput filename pattern[22m ÔÇ║ 
Please input filter pattern[1A[28G[1G[J[36m?[39m [1mInput filename pattern[22m ÔÇ║ 
Please input filter pattern[1A[28G[1G[J[36m?[39m [1mInput filename pattern[22m ÔÇ║ 
Please input filter pattern[1A[28G[1G[J[36m?[39m [1mInput filename pattern[22m ÔÇ║ 
Please input filter pattern[1A[28G[1G[J[36m?[39m [1mInput filename pattern[22m ÔÇ║ 
Please input filter pattern[1A[28G[1G[J[36m?[39m [1mInput filename pattern[22m ÔÇ║ 
Please input filter pattern[1A[28G[1G[J[36m?[39m [1mInput filename pattern[22m ÔÇ║ 
Please input filter pattern[1A[28G[1G[J[36m?[39m [1mInput filename pattern[22m ÔÇ║ 
Please input filter pattern[1A[28G[1G[J[36m?[39m [1mInput filename pattern[22m ÔÇ║ 
Please input filter pattern[1A[28G[1G[J[36m?[39m [1mInput filename pattern[22m ÔÇ║ 
Please input filter pattern[1A[28G[1G[J[36m?[39m [1mInput filename pattern[22m ÔÇ║ 
Please input filter pattern[1A[28G[1G[J[36m?[39m [1mInput filename pattern[22m ÔÇ║ 
Please input filter pattern[1A[28G[1G[J[36m?[39m [1mInput filename pattern[22m ÔÇ║ 
Please input filter pattern[1A[28G[1G[J[36m?[39m [1mInput filename pattern[22m ÔÇ║ 
Please input filter pattern[1A[28G[1G[J[36m?[39m [1mInput filename pattern[22m ÔÇ║ 
Please input filter pattern[1A[28G[1G[J[36m?[39m [1mInput filename pattern[22m ÔÇ║ 
Please input filter pattern[1A[28G[1G[J[36m?[39m [1mInput filename pattern[22m ÔÇ║ 
Please input filter pattern[1A[28G[1G[J[36m?[39m [1mInput filename pattern[22m ÔÇ║ 
Please input filter pattern[1A[28G[1G[J[36m?[39m [1mInput filename pattern[22m ÔÇ║ 
Please input filter pattern[1A[28G[1G[J[36m?[39m [1mInput filename pattern[22m ÔÇ║ 
Please input filter pattern[1A[28G[1G[J[36m?[39m [1mInput filename pattern[22m ÔÇ║ 
Please input filter pattern[1A[28G[1G[J[36m?[39m [1mInput filename pattern[22m ÔÇ║ 
Please input filter pattern[1A[28G[1G[J[36m?[39m [1mInput filename pattern[22m ÔÇ║ 
Please input filter pattern[1A[28G[1G[J[36m?[39m [1mInput filename pattern[22m ÔÇ║ 
Please input filter pattern[1A[28G[1G[J[36m?[39m [1mInput filename pattern[22m ÔÇ║ 
Please input filter pattern[1A[28G[1G[J[36m?[39m [1mInput filename pattern[22m ÔÇ║ 
Please input filter pattern[1A[28G[1G[J[36m?[39m [1mInput filename pattern[22m ÔÇ║ 
Please input filter pattern[1A[28G[1G[J[36m?[39m [1mInput filename pattern[22m ÔÇ║ 
Please input filter pattern[1A[28G[1G[J[36m?[39m [1mInput filename pattern[22m ÔÇ║ 
Please input filter pattern[1A[28G[1G[J[36m?[39m [1mInput filename pattern[22m ÔÇ║ 
Please input filter pattern[1A[28G[1G[J[36m?[39m [1mInput filename pattern[22m ÔÇ║ 
Please input filter pattern[1A[28G[1G[J[36m?[39m [1mInput filename pattern[22m ÔÇ║ 
Please input filter pattern[1A[28G[1G[J[36m?[39m [1mInput filename pattern[22m ÔÇ║ 
Please input filter pattern[1A[28G[1G[J[36m?[39m [1mInput filename pattern[22m ÔÇ║ 
Please input filter pattern[1A[28G[1G[J[36m?[39m [1mInput filename pattern[22m ÔÇ║ 
Please input filter pattern[1A[28G[1G[J[36m?[39m [1mInput filename pattern[22m ÔÇ║ 
Please input filter pattern[1A[28G[1G[J[36m?[39m [1mInput filename pattern[22m ÔÇ║ 
Please input filter pattern[1A[28G[1G[J[36m?[39m [1mInput filename pattern[22m ÔÇ║ 
Please input filter pattern[1A[28G[1G[J[36m?[39m [1mInput filename pattern[22m ÔÇ║ 
Please input filter pattern[1A[28G[1G[J[36m?[39m [1mInput filename pattern[22m ÔÇ║ 
Please input filter pattern[1A[28G[1G[J[36m?[39m [1mInput filename pattern[22m ÔÇ║ 
Please input filter pattern[1A[28G[1G[J[36m?[39m [1mInput filename pattern[22m ÔÇ║ 
Please input filter pattern[1A[28G[1G[J[36m?[39m [1mInput filename pattern[22m ÔÇ║ 
Please input filter pattern[1A[28G[1G[J[36m?[39m [1mInput filename pattern[22m ÔÇ║ 
Please input filter pattern[1A[28G[1G[J[36m?[39m [1mInput filename pattern[22m ÔÇ║ 
Please input filter pattern[1A[28G[1G[J[36m?[39m [1mInput filename pattern[22m ÔÇ║ 
Please input filter pattern[1A[28G[1G[J[36m?[39m [1mInput filename pattern[22m ÔÇ║ 
Please input filter pattern[1A[28G[1G[J[36m?[39m [1mInput filename pattern[22m ÔÇ║ 
Please input filter pattern[1A[28G[1G[J[36m?[39m [1mInput filename pattern[22m ÔÇ║ 
Please input filter pattern[1A[28G[1G[J[36m?[39m [1mInput filename pattern[22m ÔÇ║ 
Please input filter pattern[1A[28G[1G[J[36m?[39m [1mInput filename pattern[22m ÔÇ║ 
Please input filter pattern[1A[28G[1G[J[36m?[39m [1mInput filename pattern[22m ÔÇ║ 
Please input filter pattern[1A[28G[1G[J[36m?[39m [1mInput filename pattern[22m ÔÇ║ 
Please input filter pattern[1A[28G[1G[J[36m?[39m [1mInput filename pattern[22m ÔÇ║ 
Please input filter pattern[1A[28G[1G[J[36m?[39m [1mInput filename pattern[22m ÔÇ║ 
Please input filter pattern[1A[28G[1G[J[36m?[39m [1mInput filename pattern[22m ÔÇ║ 
Please input filter pattern[1A[28G[1G[J[36m?[39m [1mInput filename pattern[22m ÔÇ║ 
Please input filter pattern[1A[28G[1G[J[36m?[39m [1mInput filename pattern[22m ÔÇ║ 
Please input filter pattern[1A[28G[1G[J[36m?[39m [1mInput filename pattern[22m ÔÇ║ 
Please input filter pattern[1A[28G[1G[J[36m?[39m [1mInput filename pattern[22m ÔÇ║ 
Please input filter pattern[1A[28G[1G[J[36m?[39m [1mInput filename pattern[22m ÔÇ║ 
Please input filter pattern[1A[28G[1G[J[36m?[39m [1mInput filename pattern[22m ÔÇ║ 
Please input filter pattern[1A[28G[1G[J[36m?[39m [1mInput filename pattern[22m ÔÇ║ 
Please input filter pattern[1A[28G[1G[J[36m?[39m [1mInput filename pattern[22m ÔÇ║ 
Please input filter pattern[1A[28G[1G[J[36m?[39m [1mInput filename pattern[22m ÔÇ║ 
Please input filter pattern[1A[28G[1G[J[36m?[39m [1mInput filename pattern[22m ÔÇ║ 
Please input filter pattern[1A[28G[1G[J[36m?[39m [1mInput filename pattern[22m ÔÇ║ 
Please input filter pattern[1A[28G[1G[J[36m?[39m [1mInput filename pattern[22m ÔÇ║ 
Please input filter pattern[1A[28G[1G[J[36m?[39m [1mInput filename pattern[22m ÔÇ║ 
Please input filter pattern[1A[28G[1G[J[36m?[39m [1mInput filename pattern[22m ÔÇ║ 
Please input filter pattern[1A[28G[1G[J[36m?[39m [1mInput filename pattern[22m ÔÇ║ 
Please input filter pattern[1A[28G[1G[J[36m?[39m [1mInput filename pattern[22m ÔÇ║ 
Please input filter pattern[1A[28G[1G[J[36m?[39m [1mInput filename pattern[22m ÔÇ║ 
Please input filter pattern[1A[28G[1G[J[36m?[39m [1mInput filename pattern[22m ÔÇ║ 
Please input filter pattern[1A[28G[1G[J[36m?[39m [1mInput filename pattern[22m ÔÇ║ 
Please input filter pattern[1A[28G[1G[J[36m?[39m [1mInput filename pattern[22m ÔÇ║ 
Please input filter pattern[1A[28G[1G[J[36m?[39m [1mInput filename pattern[22m ÔÇ║ 
Please input filter pattern[1A[28G[1G[J[36m?[39m [1mInput filename pattern[22m ÔÇ║ 
Please input filter pattern[1A[28G[1G[J[36m?[39m [1mInput filename pattern[22m ÔÇ║ 
Please input filter pattern[1A[28G[1G[J[36m?[39m [1mInput filename pattern[22m ÔÇ║ 
Please input filter pattern[1A[28G[1G[J[36m?[39m [1mInput filename pattern[22m ÔÇ║ 
Please input filter pattern[1A[28G[1G[J[36m?[39m [1mInput filename pattern[22m ÔÇ║ 
Please input filter pattern[1A[28G[1G[J[36m?[39m [1mInput filename pattern[22m ÔÇ║ 
Please input filter pattern[1A[28G[1G[J[36m?[39m [1mInput filename pattern[22m ÔÇ║ 
Please input filter pattern[1A[28G[1G[J[36m?[39m [1mInput filename pattern[22m ÔÇ║ 
Please input filter pattern[1A[28G[1G[J[36m?[39m [1mInput filename pattern[22m ÔÇ║ 
Please input filter pattern[1A[28G[1G[J[36m?[39m [1mInput filename pattern[22m ÔÇ║ 
Please input filter pattern[1A[28G[1G[J[36m?[39m [1mInput filename pattern[22m ÔÇ║ 
Please input filter pattern[1A[28G[1G[J[36m?[39m [1mInput filename pattern[22m ÔÇ║ 
Please input filter pattern[1A[28G[1G[J[36m?[39m [1mInput filename pattern[22m ÔÇ║ 
Please input filter pattern[1A[28G[1G[J[36m?[39m [1mInput filename pattern[22m ÔÇ║ 
Please input filter pattern[1A[28G[1G[J[36m?[39m [1mInput filename pattern[22m ÔÇ║ 
Please input filter pattern[1A[28G[1G[J[36m?[39m [1mInput filename pattern[22m ÔÇ║ 
Please input filter pattern[1A[28G[1G[J[36m?[39m [1mInput filename pattern[22m ÔÇ║ 
Please input filter pattern[1A[28G[1G[J[36m?[39m [1mInput filename pattern[22m ÔÇ║ 
Please input filter pattern[1A[28G[1G[J[36m?[39m [1mInput filename pattern[22m ÔÇ║ 
Please input filter pattern[1A[28G[1G[J[36m?[39m [1mInput filename pattern[22m ÔÇ║ 
Please input filter pattern[1A[28G[1G[J[36m?[39m [1mInput filename pattern[22m ÔÇ║ 
Please input filter pattern[1A[28G[1G[J[36m?[39m [1mInput filename pattern[22m ÔÇ║ 
Please input filter pattern[1A[28G[1G[J[36m?[39m [1mInput filename pattern[22m ÔÇ║ 
Please input filter pattern[1A[28G[1G[J[36m?[39m [1mInput filename pattern[22m ÔÇ║ 
Please input filter pattern[1A[28G[1G[J[36m?[39m [1mInput filename pattern[22m ÔÇ║ 
Please input filter pattern[1A[28G[1G[J[36m?[39m [1mInput filename pattern[22m ÔÇ║ 
Please input filter pattern[1A[28G[1G[J[36m?[39m [1mInput filename pattern[22m ÔÇ║ 
Please input filter pattern[1A[28G[1G[J[36m?[39m [1mInput filename pattern[22m ÔÇ║ 
Please input filter pattern[1A[28G[1G[J[36m?[39m [1mInput filename pattern[22m ÔÇ║ 
Please input filter pattern[1A[28G[1G[J[36m?[39m [1mInput filename pattern[22m ÔÇ║ 
Please input filter pattern[1A[28G[1G[J[36m?[39m [1mInput filename pattern[22m ÔÇ║ 
Please input filter pattern[1A[28G[1G[J[36m?[39m [1mInput filename pattern[22m ÔÇ║ 
Please input filter pattern[1A[28G[1G[J[36m?[39m [1mInput filename pattern[22m ÔÇ║ 
Please input filter pattern[1A[28G[1G[J[36m?[39m [1mInput filename pattern[22m ÔÇ║ 
Please input filter pattern[1A[28G[3Jc
[7m[1m[34m RERUN [39m[22m[27m
        [2mProject name: [22m[34mrite-Host "Checking table..."; docker exec dronego-postgres psql -U dronego -d dronego -c "SELECT tablename FROM pg_tables WHERE tablename = 'property_restrictions';" 2>&1[39m
        [2mFilename pattern: [22m[34monse = Invoke-WebRequest "http://localhost:3000/api/v1/zones?minLon=-0.2&minLat=51.4&maxLon=0.0&maxLat=51.6" -UseBasicParsing; Write-Host "Status: $($response.StatusCode)"; Write-Host "Content Length: $($response.Content.Length)"; Write-Host "First 200 chars:"; $response.Content.Substring(0, [Math]::Min(200, $response.Content.Length))[39m
        [2mTest name pattern: [22m[34m/Method "http:\/\/localhost:3000\/api\/v1\/zones?minLon=-0.2&minLat=51.4&maxLon=0.0&maxLat=51.6" | ConvertTo-Json -Depth 3 | Select-String -Pattern "features|result_count" -Context 0,2/[39m

[3Jc
[7m[1m[34m RERUN [39m[22m[27m[2m change filename pattern[22m
        [2mProject name: [22m[34mrite-Host "Checking table..."; docker exec dronego-postgres psql -U dronego -d dronego -c "SELECT tablename FROM pg_tables WHERE tablename = 'property_restrictions';" 2>&1[39m
        [2mFilename pattern: [22m[34monse = Invoke-WebRequest "http://localhost:3000/api/v1/zones?minLon=-0.2&minLat=51.4&maxLon=0.0&maxLat=51.6" -UseBasicParsing; Write-Host "Status: $($response.StatusCode)"; Write-Host "Content Length: $($response.Content.Length)"; Write-Host "First 200 chars:"; $response.Content.Substring(0, [Math]::Min(200, $response.Content.Length))[39m
        [2mTest name pattern: [22m[34m/Method "http:\/\/localhost:3000\/api\/v1\/zones?minLon=-0.2&minLat=51.4&maxLon=0.0&maxLat=51.6" | ConvertTo-Json -Depth 3 | Select-String -Pattern "features|result_count" -Context 0,2/[39m


[2m Test Files [22m [2mno tests[22m
[2m      Tests [22m [2mno tests[22m
[2m   Start at [22m 23:25:11
[2m   Duration [22m 0ms


[1m[7m[32m PASS [39m[27m[22m[32m Waiting for file changes...[39m
       [2mpress [22m[1mh[22m[2m to show help[22m[2m, [22m[2mpress [22m[1mq[22m[2m to quit[22m

[2m Test Files [22m [2mno tests[22m
[2m      Tests [22m [2mno tests[22m
[2m   Start at [22m 23:25:11
[2m   Duration [22m 0ms


[1m[7m[32m PASS [39m[27m[22m[32m Waiting for file changes...[39m
       [2mpress [22m[1mh[22m[2m to show help[22m[2m, [22m[2mpress [22m[1mq[22m[2m to quit[22m
[36m?[39m [1mInput test name pattern (RegExp)[22m ÔÇ║ [1G[J[36m?[39m [1mInput test name pattern (RegExp)[22m ÔÇ║ 
Please input filter pattern[1A[38G[1G[J[36m?[39m [1mInput test name pattern (RegExp)[22m ÔÇ║ 
Please input filter pattern[1A[38G[1G[J[36m?[39m [1mInput test name pattern (RegExp)[22m ÔÇ║ 
Please input filter pattern[1A[38G[1G[J[36m?[39m [1mInput test name pattern (RegExp)[22m ÔÇ║ 
Please input filter pattern[1A[38G[1G[J[36m?[39m [1mInput test name pattern (RegExp)[22m ÔÇ║ 
Please input filter pattern[1A[38G[1G[J[36m?[39m [1mInput test name pattern (RegExp)[22m ÔÇ║ 
Please input filter pattern[1A[38G[1G[J[36m?[39m [1mInput test name pattern (RegExp)[22m ÔÇ║ 
Please input filter pattern[1A[38G[1G[J[36m?[39m [1mInput test name pattern (RegExp)[22m ÔÇ║ 
Please input filter pattern[1A[38G[1G[J[36m?[39m [1mInput test name pattern (RegExp)[22m ÔÇ║ 
Please input filter pattern[1A[38G[1G[J[36m?[39m [1mInput test name pattern (RegExp)[22m ÔÇ║ 
Please input filter pattern[1A[38G[1G[J[36m?[39m [1mInput test name pattern (RegExp)[22m ÔÇ║ 
Please input filter pattern[1A[38G[1G[J[36m?[39m [1mInput test name pattern (RegExp)[22m ÔÇ║ 
Please input filter pattern[1A[38G[1G[J[36m?[39m [1mInput test name pattern (RegExp)[22m ÔÇ║ 
Please input filter pattern[1A[38G[1G[J[36m?[39m [1mInput test name pattern (RegExp)[22m ÔÇ║ 
Please input filter pattern[1A[38G[1G[J[36m?[39m [1mInput test name pattern (RegExp)[22m ÔÇ║ 
Please input filter pattern[1A[38G[1G[J[36m?[39m [1mInput test name pattern (RegExp)[22m ÔÇ║ 
Please input filter pattern[1A[38G[1G[J[36m?[39m [1mInput test name pattern (RegExp)[22m ÔÇ║ 
Please input filter pattern[1A[38G[1G[J[36m?[39m [1mInput test name pattern (RegExp)[22m ÔÇ║ 
Please input filter pattern[1A[38G[1G[J[36m?[39m [1mInput test name pattern (RegExp)[22m ÔÇ║ 
Please input filter pattern[1A[38G[1G[J[36m?[39m [1mInput test name pattern (RegExp)[22m ÔÇ║ 
Please input filter pattern[1A[38G[1G[J[36m?[39m [1mInput test name pattern (RegExp)[22m ÔÇ║ 
Please input filter pattern[1A[38G[1G[J[36m?[39m [1mInput test name pattern (RegExp)[22m ÔÇ║ 
Please input filter pattern[1A[38G[1G[J[36m?[39m [1mInput test name pattern (RegExp)[22m ÔÇ║ 
Please input filter pattern[1A[38G[1G[J[36m?[39m [1mInput test name pattern (RegExp)[22m ÔÇ║ 
Please input filter pattern[1A[38G[1G[J[36m?[39m [1mInput test name pattern (RegExp)[22m ÔÇ║ 
Please input filter pattern[1A[38G[1G[J[36m?[39m [1mInput test name pattern (RegExp)[22m ÔÇ║ 
Please input filter pattern[1A[38G[1G[J[36m?[39m [1mInput test name pattern (RegExp)[22m ÔÇ║ 
Please input filter pattern[1A[38G[1G[J[36m?[39m [1mInput test name pattern (RegExp)[22m ÔÇ║ 
Please input filter pattern[1A[38G[1G[J[36m?[39m [1mInput test name pattern (RegExp)[22m ÔÇ║ 
Please input filter pattern[1A[38G[1G[J[36m?[39m [1mInput test name pattern (RegExp)[22m ÔÇ║ 
Please input filter pattern[1A[38G[1G[J[36m?[39m [1mInput test name pattern (RegExp)[22m ÔÇ║ 
Please input filter pattern[1A[38G[1G[J[36m?[39m [1mInput test name pattern (RegExp)[22m ÔÇ║ 
Please input filter pattern[1A[38G[1G[J[36m?[39m [1mInput test name pattern (RegExp)[22m ÔÇ║ 
Please input filter pattern[1A[38G[1G[J[36m?[39m [1mInput test name pattern (RegExp)[22m ÔÇ║ 
Please input filter pattern[1A[38G[1G[J[36m?[39m [1mInput test name pattern (RegExp)[22m ÔÇ║ 
Please input filter pattern[1A[38G[1G[J[36m?[39m [1mInput test name pattern (RegExp)[22m ÔÇ║ 
Please input filter pattern[1A[38G[1G[J[36m?[39m [1mInput test name pattern (RegExp)[22m ÔÇ║ 
Please input filter pattern[1A[38G[1G[J[36m?[39m [1mInput test name pattern (RegExp)[22m ÔÇ║ 
Please input filter pattern[1A[38G[1G[J[36m?[39m [1mInput test name pattern (RegExp)[22m ÔÇ║ 
Please input filter pattern[1A[38G[1G[J[36m?[39m [1mInput test name pattern (RegExp)[22m ÔÇ║ 
Please input filter pattern[1A[38G[1G[J[36m?[39m [1mInput test name pattern (RegExp)[22m ÔÇ║ 
Please input filter pattern[1A[38G[1G[J[36m?[39m [1mInput test name pattern (RegExp)[22m ÔÇ║ 
Please input filter pattern[1A[38G[1G[J[36m?[39m [1mInput test name pattern (RegExp)[22m ÔÇ║ 
Please input filter pattern[1A[38G[1G[J[36m?[39m [1mInput test name pattern (RegExp)[22m ÔÇ║ 
Please input filter pattern[1A[38G[1G[J[36m?[39m [1mInput test name pattern (RegExp)[22m ÔÇ║ 
Please input filter pattern[1A[38G[1G[J[36m?[39m [1mInput test name pattern (RegExp)[22m ÔÇ║ 
Please input filter pattern[1A[38G[1G[J[36m?[39m [1mInput test name pattern (RegExp)[22m ÔÇ║ 
Please input filter pattern[1A[38G[1G[J[36m?[39m [1mInput test name pattern (RegExp)[22m ÔÇ║ 
Please input filter pattern[1A[38G[1G[J[36m?[39m [1mInput test name pattern (RegExp)[22m ÔÇ║ 
Please input filter pattern[1A[38G[1G[J[36m?[39m [1mInput test name pattern (RegExp)[22m ÔÇ║ 
Please input filter pattern[1A[38G[1G[J[36m?[39m [1mInput test name pattern (RegExp)[22m ÔÇ║ 
Please input filter pattern[1A[38G[1G[J[36m?[39m [1mInput test name pattern (RegExp)[22m ÔÇ║ 
Please input filter pattern[1A[38G[1G[J[36m?[39m [1mInput test name pattern (RegExp)[22m ÔÇ║ 
Please input filter pattern[1A[38G[1G[J[36m?[39m [1mInput test name pattern (RegExp)[22m ÔÇ║ 
Please input filter pattern[1A[38G[1G[J[36m?[39m [1mInput test name pattern (RegExp)[22m ÔÇ║ 
Please input filter pattern[1A[38G[1G[J[36m?[39m [1mInput test name pattern (RegExp)[22m ÔÇ║ 
Please input filter pattern[1A[38G[1G[J[36m?[39m [1mInput test name pattern (RegExp)[22m ÔÇ║ 
Please input filter pattern[1A[38G[1G[J[36m?[39m [1mInput test name pattern (RegExp)[22m ÔÇ║ 
Please input filter pattern[1A[38G[1G[J[36m?[39m [1mInput test name pattern (RegExp)[22m ÔÇ║ 
Please input filter pattern[1A[38G[1G[J[36m?[39m [1mInput test name pattern (RegExp)[22m ÔÇ║ 
Please input filter pattern[1A[38G[1G[J[36m?[39m [1mInput test name pattern (RegExp)[22m ÔÇ║ 
Please input filter pattern[1A[38G[1G[J[36m?[39m [1mInput test name pattern (RegExp)[22m ÔÇ║ 
Please input filter pattern[1A[38G[1G[J[36m?[39m [1mInput test name pattern (RegExp)[22m ÔÇ║ 
Please input filter pattern[1A[38G[1G[J[36m?[39m [1mInput test name pattern (RegExp)[22m ÔÇ║ 
Please input filter pattern[1A[38G[1G[J[36m?[39m [1mInput test name pattern (RegExp)[22m ÔÇ║ 
Please input filter pattern[1A[38G[1G[J[36m?[39m [1mInput test name pattern (RegExp)[22m ÔÇ║ 
Please input filter pattern[1A[38G[1G[J[36m?[39m [1mInput test name pattern (RegExp)[22m ÔÇ║ 
Please input filter pattern[1A[38G[1G[J[36m?[39m [1mInput test name pattern (RegExp)[22m ÔÇ║ 
Please input filter pattern[1A[38G[1G[J[36m?[39m [1mInput test name pattern (RegExp)[22m ÔÇ║ 
Please input filter pattern[1A[38G[1G[J[36m?[39m [1mInput test name pattern (RegExp)[22m ÔÇ║ 
Please input filter pattern[1A[38G[1G[J[36m?[39m [1mInput test name pattern (RegExp)[22m ÔÇ║ 
Please input filter pattern[1A[38G[1G[J[36m?[39m [1mInput test name pattern (RegExp)[22m ÔÇ║ 
Please input filter pattern[1A[38G[1G[J[36m?[39m [1mInput test name pattern (RegExp)[22m ÔÇ║ 
Please input filter pattern[1A[38G[1G[J[36m?[39m [1mInput test name pattern (RegExp)[22m ÔÇ║ 
Please input filter pattern[1A[38G[1G[J[36m?[39m [1mInput test name pattern (RegExp)[22m ÔÇ║ 
Please input filter pattern[1A[38G[1G[J[36m?[39m [1mInput test name pattern (RegExp)[22m ÔÇ║ 
Please input filter pattern[1A[38G[1G[J[36m?[39m [1mInput test name pattern (RegExp)[22m ÔÇ║ 
Please input filter pattern[1A[38G[1G[J[36m?[39m [1mInput test name pattern (RegExp)[22m ÔÇ║ 
Please input filter pattern[1A[38G[1G[J[36m?[39m [1mInput test name pattern (RegExp)[22m ÔÇ║ 
Please input filter pattern[1A[38G[1G[J[36m?[39m [1mInput test name pattern (RegExp)[22m ÔÇ║ 
Please input filter pattern[1A[38G[1G[J[36m?[39m [1mInput test name pattern (RegExp)[22m ÔÇ║ 
Please input filter pattern[1A[38G[1G[J[36m?[39m [1mInput test name pattern (RegExp)[22m ÔÇ║ 
Please input filter pattern[1A[38G[1G[J[36m?[39m [1mInput test name pattern (RegExp)[22m ÔÇ║ 
Please input filter pattern[1A[38G[1G[J[36m?[39m [1mInput test name pattern (RegExp)[22m ÔÇ║ 
Please input filter pattern[1A[38G[1G[J[36m?[39m [1mInput test name pattern (RegExp)[22m ÔÇ║ 
Please input filter pattern[1A[38G[1G[J[36m?[39m [1mInput test name pattern (RegExp)[22m ÔÇ║ 
Please input filter pattern[1A[38G[1G[J[36m?[39m [1mInput test name pattern (RegExp)[22m ÔÇ║ 
Please input filter pattern[1A[38G[1G[J[36m?[39m [1mInput test name pattern (RegExp)[22m ÔÇ║ 
Please input filter pattern[1A[38G[1G[J[36m?[39m [1mInput test name pattern (RegExp)[22m ÔÇ║ 
Please input filter pattern[1A[38G[1G[J[36m?[39m [1mInput test name pattern (RegExp)[22m ÔÇ║ 
Please input filter pattern[1A[38G[1G[J[36m?[39m [1mInput test name pattern (RegExp)[22m ÔÇ║ 
Please input filter pattern[1A[38G[1G[J[36m?[39m [1mInput test name pattern (RegExp)[22m ÔÇ║ 
Please input filter pattern[1A[38G[1G[J[36m?[39m [1mInput test name pattern (RegExp)[22m ÔÇ║ 
Please input filter pattern[1A[38G[1G[J[36m?[39m [1mInput test name pattern (RegExp)[22m ÔÇ║ 
Please input filter pattern[1A[38G[1G[J[36m?[39m [1mInput test name pattern (RegExp)[22m ÔÇ║ 
Please input filter pattern[1A[38G[1G[J[36m?[39m [1mInput test name pattern (RegExp)[22m ÔÇ║ 
Please input filter pattern[1A[38G[1G[J[36m?[39m [1mInput test name pattern (RegExp)[22m ÔÇ║ 
Please input filter pattern[1A[38G[1G[J[36m?[39m [1mInput test name pattern (RegExp)[22m ÔÇ║ 
Please input filter pattern[1A[38G[1G[J[36m?[39m [1mInput test name pattern (RegExp)[22m ÔÇ║ 
Please input filter pattern[1A[38G[1G[J[36m?[39m [1mInput test name pattern (RegExp)[22m ÔÇ║ 
Please input filter pattern[1A[38G[1G[J[36m?[39m [1mInput test name pattern (RegExp)[22m ÔÇ║ 
Please input filter pattern[1A[38G[1G[J[36m?[39m [1mInput test name pattern (RegExp)[22m ÔÇ║ 
Please input filter pattern[1A[38G[1G[J[36m?[39m [1mInput test name pattern (RegExp)[22m ÔÇ║ 
Please input filter pattern[1A[38G[1G[J[36m?[39m [1mInput test name pattern (RegExp)[22m ÔÇ║ 
Please input filter pattern[1A[38G[1G[J[36m?[39m [1mInput test name pattern (RegExp)[22m ÔÇ║ 
Please input filter pattern[1A[38G[1G[J[36m?[39m [1mInput test name pattern (RegExp)[22m ÔÇ║ 
Please input filter pattern[1A[38G[1G[J[36m?[39m [1mInput test name pattern (RegExp)[22m ÔÇ║ 
Please input filter pattern[1A[38G[1G[J[36m?[39m [1mInput test name pattern (RegExp)[22m ÔÇ║ 
Please input filter pattern[1A[38G[1G[J[36m?[39m [1mInput test name pattern (RegExp)[22m ÔÇ║ 
Please input filter pattern[1A[38G[1G[J[36m?[39m [1mInput test name pattern (RegExp)[22m ÔÇ║ 
Please input filter pattern[1A[38G[1G[J[36m?[39m [1mInput test name pattern (RegExp)[22m ÔÇ║ 
Please input filter pattern[1A[38G[1G[J[36m?[39m [1mInput test name pattern (RegExp)[22m ÔÇ║ 
Please input filter pattern[1A[38G[1G[J[36m?[39m [1mInput test name pattern (RegExp)[22m ÔÇ║ 
Please input filter pattern[1A[38G[1G[J[36m?[39m [1mInput test name pattern (RegExp)[22m ÔÇ║ 
Please input filter pattern[1A[38G[1G[J[36m?[39m [1mInput test name pattern (RegExp)[22m ÔÇ║ 
Please input filter pattern[1A[38G[1G[J[36m?[39m [1mInput test name pattern (RegExp)[22m ÔÇ║ 
Please input filter pattern[1A[38G[1G[J[36m?[39m [1mInput test name pattern (RegExp)[22m ÔÇ║ 
Please input filter pattern[1A[38G[1G[J[36m?[39m [1mInput test name pattern (RegExp)[22m ÔÇ║ 
Please input filter pattern[1A[38G[1G[J[36m?[39m [1mInput test name pattern (RegExp)[22m ÔÇ║ 
Please input filter pattern[1A[38G[1G[J[36m?[39m [1mInput test name pattern (RegExp)[22m ÔÇ║ 
Please input filter pattern[1A[38G[1G[J[36m?[39m [1mInput test name pattern (RegExp)[22m ÔÇ║ 
Please input filter pattern[1A[38G[1G[J[36m?[39m [1mInput test name pattern (RegExp)[22m ÔÇ║ 
Please input filter pattern[1A[38G[1G[J[36m?[39m [1mInput test name pattern (RegExp)[22m ÔÇ║ 
Please input filter pattern[1A[38G[1G[J[36m?[39m [1mInput test name pattern (RegExp)[22m ÔÇ║ 
Please input filter pattern[1A[38G[1G[J[36m?[39m [1mInput test name pattern (RegExp)[22m ÔÇ║ 
Please input filter pattern[1A[38G[1G[J[36m?[39m [1mInput test name pattern (RegExp)[22m ÔÇ║ 
Please input filter pattern[1A[38G[1G[J[36m?[39m [1mInput test name pattern (RegExp)[22m ÔÇ║ 
Please input filter pattern[1A[38G[1G[J[36m?[39m [1mInput test name pattern (RegExp)[22m ÔÇ║ 
Please input filter pattern[1A[38G[1G[J[36m?[39m [1mInput test name pattern (RegExp)[22m ÔÇ║ 
Please input filter pattern[1A[38G[1G[J[36m?[39m [1mInput test name pattern (RegExp)[22m ÔÇ║ 
Please input filter pattern[1A[38G[1G[J[36m?[39m [1mInput test name pattern (RegExp)[22m ÔÇ║ 
Please input filter pattern[1A[38G[1G[J[36m?[39m [1mInput test name pattern (RegExp)[22m ÔÇ║ 
Please input filter pattern[1A[38G[1G[J[36m?[39m [1mInput test name pattern (RegExp)[22m ÔÇ║ 
Please input filter pattern[1A[38G[1G[J[36m?[39m [1mInput test name pattern (RegExp)[22m ÔÇ║ 
Please input filter pattern[1A[38G[1G[J[36m?[39m [1mInput test name pattern (RegExp)[22m ÔÇ║ 
Please input filter pattern[1A[38G[1G[J[36m?[39m [1mInput test name pattern (RegExp)[22m ÔÇ║ 
Please input filter pattern[1A[38G[1G[J[36m?[39m [1mInput test name pattern (RegExp)[22m ÔÇ║ 
Please input filter pattern[1A[38G[1G[J[36m?[39m [1mInput test name pattern (RegExp)[22m ÔÇ║ 
Please input filter pattern[1A[38G[1G[J[36m?[39m [1mInput test name pattern (RegExp)[22m ÔÇ║ 
Please input filter pattern[1A[38G[1G[J[36m?[39m [1mInput test name pattern (RegExp)[22m ÔÇ║ 
Please input filter pattern[1A[38G[1G[J[36m?[39m [1mInput test name pattern (RegExp)[22m ÔÇ║ 
Please input filter pattern[1A[38G[1G[J[36m?[39m [1mInput test name pattern (RegExp)[22m ÔÇ║ 
Please input filter pattern[1A[38G[1G[J[36m?[39m [1mInput test name pattern (RegExp)[22m ÔÇ║ 
Please input filter pattern[1A[38G[1G[J[36m?[39m [1mInput test name pattern (RegExp)[22m ÔÇ║ 
Please input filter pattern[1A[38G[1G[J[36m?[39m [1mInput test name pattern (RegExp)[22m ÔÇ║ 
Please input filter pattern[1A[38G[1G[J[36m?[39m [1mInput test name pattern (RegExp)[22m ÔÇ║ 
Please input filter pattern[1A[38G[1G[J[36m?[39m [1mInput test name pattern (RegExp)[22m ÔÇ║ 
Please input filter pattern[1A[38G[1G[J[36m?[39m [1mInput test name pattern (RegExp)[22m ÔÇ║ 
Please input filter pattern[1A[38G[1G[J[36m?[39m [1mInput test name pattern (RegExp)[22m ÔÇ║ 
Please input filter pattern[1A[38G[1G[J[36m?[39m [1mInput test name pattern (RegExp)[22m ÔÇ║ 
Please input filter pattern[1A[38G[1G[J[36m?[39m [1mInput test name pattern (RegExp)[22m ÔÇ║ 
Please input filter pattern[1A[38G[1G[J[36m?[39m [1mInput test name pattern (RegExp)[22m ÔÇ║ 
Please input filter pattern[1A[38G[1G[J[36m?[39m [1mInput test name pattern (RegExp)[22m ÔÇ║ 
Please input filter pattern[1A[38G[1G[J[36m?[39m [1mInput test name pattern (RegExp)[22m ÔÇ║ 
Please input filter pattern[1A[38G[1G[J[36m?[39m [1mInput test name pattern (RegExp)[22m ÔÇ║ 
Please input filter pattern[1A[38G[1G[J[36m?[39m [1mInput test name pattern (RegExp)[22m ÔÇ║ 
Please input filter pattern[1A[38G[1G[J[36m?[39m [1mInput test name pattern (RegExp)[22m ÔÇ║ 
Please input filter pattern[1A[38G[1G[J[36m?[39m [1mInput test name pattern (RegExp)[22m ÔÇ║ 
Please input filter pattern[1A[38G[1G[J[36m?[39m [1mInput test name pattern (RegExp)[22m ÔÇ║ 
Please input filter pattern[1A[38G[1G[J[36m?[39m [1mInput test name pattern (RegExp)[22m ÔÇ║ 
Please input filter pattern[1A[38G[1G[J[36m?[39m [1mInput test name pattern (RegExp)[22m ÔÇ║ 
Please input filter pattern[1A[38G[1G[J[36m?[39m [1mInput test name pattern (RegExp)[22m ÔÇ║ 
Please input filter pattern[1A[38G[1G[J[36m?[39m [1mInput test name pattern (RegExp)[22m ÔÇ║ 
Please input filter pattern[1A[38G[1G[J[36m?[39m [1mInput test name pattern (RegExp)[22m ÔÇ║ 
Please input filter pattern[1A[38G[1G[J[36m?[39m [1mInput test name pattern (RegExp)[22m ÔÇ║ 
Please input filter pattern[1A[38G[1G[J[36m?[39m [1mInput test name pattern (RegExp)[22m ÔÇ║ 
Please input filter pattern[1A[38G[1G[J[36m?[39m [1mInput test name pattern (RegExp)[22m ÔÇ║ 
Please input filter pattern[1A[38G[1G[J[36m?[39m [1mInput test name pattern (RegExp)[22m ÔÇ║ 
Please input filter pattern[1A[38G[1G[J[36m?[39m [1mInput test name pattern (RegExp)[22m ÔÇ║ 
Please input filter pattern[1A[38G[1G[J[36m?[39m [1mInput test name pattern (RegExp)[22m ÔÇ║ 
Please input filter pattern[1A[38G[1G[J[36m?[39m [1mInput test name pattern (RegExp)[22m ÔÇ║ 
Please input filter pattern[1A[38G[1G[J[36m?[39m [1mInput test name pattern (RegExp)[22m ÔÇ║ 
Please input filter pattern[1A[38G[1G[J[36m?[39m [1mInput test name pattern (RegExp)[22m ÔÇ║ 
Please input filter pattern[1A[38G[1G[J[36m?[39m [1mInput test name pattern (RegExp)[22m ÔÇ║ 
Please input filter pattern[1A[38G[1G[J[36m?[39m [1mInput test name pattern (RegExp)[22m ÔÇ║ 
Please input filter pattern[1A[38G[1G[J[36m?[39m [1mInput test name pattern (RegExp)[22m ÔÇ║ 
Please input filter pattern[1A[38G[1G[J[36m?[39m [1mInput test name pattern (RegExp)[22m ÔÇ║ 
Please input filter pattern[1A[38G[1G[J[36m?[39m [1mInput test name pattern (RegExp)[22m ÔÇ║ 
Please input filter pattern[1A[38G[1G[J[36m?[39m [1mInput test name pattern (RegExp)[22m ÔÇ║ 
Please input filter pattern[1A[38G[1G[J[36m?[39m [1mInput test name pattern (RegExp)[22m ÔÇ║ 
Please input filter pattern[1A[38G[1G[J[36m?[39m [1mInput test name pattern (RegExp)[22m ÔÇ║ 
Please input filter pattern[1A[38G[1G[J[36m?[39m [1mInput test name pattern (RegExp)[22m ÔÇ║ 
Please input filter pattern[1A[38G[1G[J[36m?[39m [1mInput test name pattern (RegExp)[22m ÔÇ║ 
Please input filter pattern[1A[38G[1G[J[36m?[39m [1mInput test name pattern (RegExp)[22m ÔÇ║ 
Please input filter pattern[1A[38G[1G[J[36m?[39m [1mInput test name pattern (RegExp)[22m ÔÇ║ 
Please input filter pattern[1A[38G[1G[J[36m?[39m [1mInput test name pattern (RegExp)[22m ÔÇ║ 
Please input filter pattern[1A[38G[1G[J[36m?[39m [1mInput test name pattern (RegExp)[22m ÔÇ║ 
Please input filter pattern[1A[38G[1G[J[36m?[39m [1mInput test name pattern (RegExp)[22m ÔÇ║ 
Please input filter pattern[1A[38G[1G[J[36m?[39m [1mInput test name pattern (RegExp)[22m ÔÇ║ 
Please input filter pattern[1A[38G[1G[J[36m?[39m [1mInput test name pattern (RegExp)[22m ÔÇ║ 
Please input filter pattern[1A[38G[1G[J[36m?[39m [1mInput test name pattern (RegExp)[22m ÔÇ║ 
Please input filter pattern[1A[38G[1G[J[36m?[39m [1mInput test name pattern (RegExp)[22m ÔÇ║ 
Please input filter pattern[1A[38G[1G[J[36m?[39m [1mInput test name pattern (RegExp)[22m ÔÇ║ 
Please input filter pattern[1A[38G[1G[J[36m?[39m [1mInput test name pattern (RegExp)[22m ÔÇ║ 
Please input filter pattern[1A[38G[1G[J[36m?[39m [1mInput test name pattern (RegExp)[22m ÔÇ║ 
Please input filter pattern[1A[38G[1G[J[36m?[39m [1mInput test name pattern (RegExp)[22m ÔÇ║ 
Please input filter pattern[1A[38G[1G[J[36m?[39m [1mInput test name pattern (RegExp)[22m ÔÇ║ 
Please input filter pattern[1A[38G[1G[J[36m?[39m [1mInput test name pattern (RegExp)[22m ÔÇ║ 
Please input filter pattern[1A[38G[1G[J[36m?[39m [1mInput test name pattern (RegExp)[22m ÔÇ║ 
Please input filter pattern[1A[38G[1G[J[36m?[39m [1mInput test name pattern (RegExp)[22m ÔÇ║ 
Please input filter pattern[1A[38G[1G[J[36m?[39m [1mInput test name pattern (RegExp)[22m ÔÇ║ 
Please input filter pattern[1A[38G[1G[J[36m?[39m [1mInput test name pattern (RegExp)[22m ÔÇ║ 
Please input filter pattern[1A[38G[1G[J[36m?[39m [1mInput test name pattern (RegExp)[22m ÔÇ║ 
Please input filter pattern[1A[38G[1G[J[36m?[39m [1mInput test name pattern (RegExp)[22m ÔÇ║ 
Please input filter pattern[1A[38G[1G[J[36m?[39m [1mInput test name pattern (RegExp)[22m ÔÇ║ 
Please input filter pattern[1A[38G[1G[J[36m?[39m [1mInput test name pattern (RegExp)[22m ÔÇ║ 
Please input filter pattern[1A[38G[1G[J[36m?[39m [1mInput test name pattern (RegExp)[22m ÔÇ║ 
Please input filter pattern[1A[38G[1G[J[36m?[39m [1mInput test name pattern (RegExp)[22m ÔÇ║ 
Please input filter pattern[1A[38G[1G[J[36m?[39m [1mInput test name pattern (RegExp)[22m ÔÇ║ 
Please input filter pattern[1A[38G[1G[J[36m?[39m [1mInput test name pattern (RegExp)[22m ÔÇ║ 
Please input filter pattern[1A[38G[1G[J[36m?[39m [1mInput test name pattern (RegExp)[22m ÔÇ║ 
Please input filter pattern[1A[38G[1G[J[36m?[39m [1mInput test name pattern (RegExp)[22m ÔÇ║ 
Please input filter pattern[1A[38G[1G[J[36m?[39m [1mInput test name pattern (RegExp)[22m ÔÇ║ 
Please input filter pattern[1A[38G[1G[J[36m?[39m [1mInput test name pattern (RegExp)[22m ÔÇ║ 
Please input filter pattern[1A[38G[1G[J[36m?[39m [1mInput test name pattern (RegExp)[22m ÔÇ║ 
Please input filter pattern[1A[38G[1G[J[36m?[39m [1mInput test name pattern (RegExp)[22m ÔÇ║ 
Please input filter pattern[1A[38G[3Jc
[7m[1m[34m RERUN [39m[22m[27m[2m change pattern[22m
        [2mProject name: [22m[34mrite-Host "Checking table..."; docker exec dronego-postgres psql -U dronego -d dronego -c "SELECT tablename FROM pg_tables WHERE tablename = 'property_restrictions';" 2>&1[39m
        [2mFilename pattern: [22m[34monse = Invoke-WebRequest "http://localhost:3000/api/v1/zones?minLon=-0.2&minLat=51.4&maxLon=0.0&maxLat=51.6" -UseBasicParsing; Write-Host "Status: $($response.StatusCode)"; Write-Host "Content Length: $($response.Content.Length)"; Write-Host "First 200 chars:"; $response.Content.Substring(0, [Math]::Min(200, $response.Content.Length))[39m
        [2mTest name pattern: [22m[34m/ry { $response = Invoke-WebRequest "http:\/\/localhost:3000\/health" -UseBasicParsing -TimeoutSec 5; Write-Host "Ô£à Backend is running"; Write-Host $response.Content } catch { Write-Host "ÔØî Backend not accessible: $_" }/[39m


[2m Test Files [22m [2mno tests[22m
[2m      Tests [22m [2mno tests[22m
[2m   Start at [22m 23:25:56
[2m   Duration [22m 0ms


[1m[7m[32m PASS [39m[27m[22m[32m Waiting for file changes...[39m
       [2mpress [22m[1mh[22m[2m to show help[22m[2m, [22m[2mpress [22m[1mq[22m[2m to quit[22m
^C
